210.18.55.34 - - [30/May/2026:06:56:18 +0530] "GET /api/v2/data/dump HTTP/1.1" 200 15847879 "https://app.example.com" "okhttp/4.12.0" rt=11.474
122.177.99.45 - api-client [30/May/2026:06:56:43 +0530] "GET /api/v2/users/1234/settings HTTP/1.1" 200 44533 "https://dashboard.example.com" "Mozilla/5.0 (Windows NT 10.0; Win64; x64) AppleWebKit/537.36 (KHTML, like Gecko) Chrome/124.0.0.0 Safari/537.36" rt=1.382
49.205.34.78 - - [30/May/2026:08:13:53 +0530] "GET /api/v2/orders HTTP/1.1" 200 3147 "https://dashboard.example.com" "okhttp/4.12.0" rt=0.906
72.14.192.10 - - [30/May/2026:08:57:08 +0530] "GET / HTTP/1.1" 200 75002 "https://app.example.com" "axios/1.6.7" rt=0.615
72.14.192.10 - - [30/May/2026:10:00:00 +0530] "GET /api/v2/users HT
122.177.99.45 - - [30/May/2026:11:55:55 +0530] "GET /api/v2/users/1234/settings HTTP/1.1" 200 2850 "https://dashboard.example.com" "Mozilla/5.0 (Linux; Android 14; Pixel 8) AppleWebKit/537.36 (KHTML, like Gecko) Chrome/124.0.6367.82 Mobile Safari/537.36" rt=1.437
125.63.44.12 - - [30/May/2026:13:06:52 +0530] "GET / HTTP/1.1" 200 16800 "https://api.example.com/docs" "Mozilla/5.0 (Macintosh; Intel Mac OS X 14_4) AppleWebKit/605.1.15 (KHTML, like Gecko) Version/17.4 Safari/605.1.15" rt=1.310
49.205.34.78 - - [30/May/2026:14:05:53 +0530] "PUT /api/v2/notifications HTTP/1.1" 301 104 "-" "axios/1.6.7" rt=1.351
219.91.134.67 - - [30/May/2026:14:39:52 +0530] "POST /static/vendors.js HTTP/1.1" 201 19812 "-" "okhttp/4.12.0" rt=0.864
1.186.34.56 - - [30/May/2026:15:13:30 +0530] "DELETE /api/v2/payments HTTP/1.1" 200 77894 "-" "axios/1.6.7" rt=0.977
61.246.78.34 - - [30/May/2026:18:04:38 +0530] "POST /api/v2/auth/token HTTP/1.1" 200 73497 "https://dashboard.example.com" "Mozilla/5.0 (X11; Ubuntu; Linux x86_64; rv:125.0) Gecko/20100101 Firefox/125.0" rt=0.660
180.151.34.78 - api-client [30/May/2026:19:16:33 +0530] "PUT /api/v2/orders HTTP/1.1" 200 25207 "https://api.example.com/docs" "Mozilla/5.0 (Linux; Android 14; Pixel 8) AppleWebKit/537.36 (KHTML, like Gecko) Chrome/124.0.6367.82 Mobile Safari/537.36" rt=0.630
122.177.99.45 - - [30/May/2026:20:02:25 +0530] "POST /assets/fonts/inter.woff2 HTTP/1.1" 200 11625 "https://api.example.com/docs" "Mozilla/5.0 (Windows NT 10.0; Win64; x64) AppleWebKit/537.36 (KHTML, like Gecko) Chrome/124.0.0.0 Safari/537.36" rt=0.414
180.151.34.78 - - [30/May/2026:20:37:52 +0530] "POST /api/v2/analytics/summary HTTP/1.1" 201 35609 "https://dashboard.example.com" "Mozilla/5.0 (Macintosh; Intel Mac OS X 14_4) AppleWebKit/605.1.15 (KHTML, like Gecko) Version/17.4 Safari/605.1.15" rt=1.345
36.255.89.23 - api-client [30/May/2026:21:08:32 +0530] "PUT /api/v2/analytics/summary HTTP/1.1" 301 258 "https://dashboard.example.com" "Mozilla/5.0 (Linux; Android 14; Pixel 8) AppleWebKit/537.36 (KHTML, like Gecko) Chrome/124.0.6367.82 Mobile Safari/537.36" rt=0.527
110.234.52.100 - - [30/May/2026:21:59:37 +0530] "GET /api/v2/orders/history HTTP/1.1" 204 33 "https://app.example.com" "axios/1.6.7" rt=0.255
125.63.44.12 - - [30/May/2026:23:25:10 +0530] "POST /api/v2/auth/token HTTP/1.1" 200 50903 "https://dashboard.example.com" "Mozilla/5.0 (Windows NT 10.0; Win64; x64) AppleWebKit/537.36 (KHTML, like Gecko) Chrome/124.0.0.0 Safari/537.36" rt=0.798
61.246.78.34 - - [31/May/2026:00:21:02 +0530] "POST /api/v2/products/search HTTP/1.1" 201 31393 "https://dashboard.example.com" "Mozilla/5.0 (Windows NT 10.0; Win64; x64) AppleWebKit/537.36 (KHTML, like Gecko) Chrome/124.0.0.0 Safari/537.36" rt=1.076
180.151.34.78 - - [31/May/2026:00:27:04 +0530] "OPTIONS / HTTP/1.1" 201 52569 "-" "axios/1.6.7" rt=0.634
122.177.99.45 - - [31/May/2026:01:17:36 +0530] "HEAD /api/v2/cart HTTP/1.1" 304 478 "https://github.com" "axios/1.6.7" rt=0.677
72.14.192.10 - - [31/May/2026:01:40:09 +0530] "HEAD /static/bundle.js HTTP/1.1" 304 220 "https://www.google.com/" "okhttp/4.12.0" rt=0.445
210.18.55.34 - - [31/May/2026:02:35:52 +0530] "GET /api/v2/cart HTTP/1.1" 200 16409 "https://dashboard.example.com" "Mozilla/5.0 (X11; Ubuntu; Linux x86_64; rv:125.0) Gecko/20100101 Firefox/125.0" rt=0.536
162.142.125.24 - - [31/May/2026:03:10:18 +0530] "GET /.htaccess HTTP/1.1" 403 166 "-" "curl/7.88.1" rt=0.276
185.156.73.54 - - [31/May/2026:03:39:34 +0530] "GET /api/v2/internal HTTP/1.1" 404 442 "-" "sqlmap/1.8.2#stable (https://sqlmap.org)" rt=0.169
210.18.55.34 - - [31/May/2026:04:12:39 +0530] "OPTIONS /api/v2/products/search HTTP/1.1" 304 481 "https://dashboard.example.com" "okhttp/4.12.0" rt=0.677
210.18.55.34 - - [31/May/2026:05:00:05 +0530] "GET /assets/fonts/inter.woff2 HTTP/1.1" 200 42695 "https://api.example.com/docs" "Mozilla/5.0 (Macintosh; Intel Mac OS X 14_4) AppleWebKit/605.1.15 (KHTML, like Gecko) Version/17.4 Safari/605.1.15" rt=1.198
27.56.145.23 - - [31/May/2026:05:08:13 +0530] "GET /health HTTP/1.1" 200 9780 "https://github.com" "axios/1.6.7" rt=0.592
110.234.52.100 - - [31/May/2026:06:59:34 +0530] "HEAD /metrics HTTP/1.1" 200 67404 "https://api.example.com/docs" "okhttp/4.12.0" rt=0.532
185.156.73.54 - - [31/May/2026:07:42:15 +0530] "GET /admin HTTP/1.1" 404 609 "-" "python-requests/2.31.0" rt=0.255
72.14.192.10 - - [31/May/2026:09:26:46 +0530] "HEAD /api/v2/feed HTTP/1.1" 204 495 "https://app.example.com" "okhttp/4.12.0" rt=0.986
122.177.99.45 - - [31/May/2026:09:47:21 +0530] "POST /api/v2/feed HTTP/1.1" 204 397 "https://api.example.com/docs" "Mozilla/5.0 (Macintosh; Intel Mac OS X 14_4) AppleWebKit/605.1.15 (KHTML, like Gecko) Version/17.4 Safari/605.1.15" rt=0.668
117.96.78.45 - - [31/May/2026:10:02:49 +0530] "GET /api/v2/notifications HTTP/1.1" 200 9152 "https://www.google.com/" "axios/1.6.7" rt=1.251
72.14.192.10 - - [31/May/2026:10:34:36 +0530] "GET /api/v2/reports/financial HTTP/1.1" 200 44825458 "https://app.example.com" "okhttp/4.12.0" rt=10.759
103.195.201.34 - - [31/May/2026:12:53:55 +0530] "GET /api/v2/search?q=phone HTTP/1.1" 204 46 "https://api.example.com/docs" "Mozilla/5.0 (Linux; Android 14; Pixel 8) AppleWebKit/537.36 (KHTML, like Gecko) Chrome/124.0.6367.82 Mobile Safari/537.36" rt=0.491
72.14.192.10 - api-client [31/May/2026:13:14:50 +0530] "DELETE /ws/notifications HTTP/1.1" 200 25121 "https://api.example.com/docs" "axios/1.6.7" rt=0.595
210.18.55.34 - - [31/May/2026:13:58:16 +0530] "HEAD /assets/fonts/inter.woff2 HTTP/1.1" 204 202 "https://github.com" "axios/1.6.7" rt=0.931
175.101.120.56 - - [31/May/2026:15:57:02 +0530] "POST /api/v2/auth/token HTTP/1.1" 201 50771 "https://github.com" "Mozilla/5.0 (X11; Ubuntu; Linux x86_64; rv:125.0) Gecko/20100101 Firefox/125.0" rt=0.948
49.205.34.78 - - [31/May/2026:16:32:54 +0530] "DELETE /api/v2/products HTTP/1.1" 200 8494 "https://www.google.com/" "Mozilla/5.0 (Windows NT 10.0; Win64; x64) AppleWebKit/537.36 (KHTML, like Gecko) Chrome/124.0.0.0 Safari/537.36" rt=0.479
74.125.224.89 - api-client [31/May/2026:16:34:00 +0530] "PUT /api/v2/users/profile HTTP/1.1" 200 44378 "https://api.example.com/docs" "axios/1.6.7" rt=0.877
103.195.201.34 - - [31/May/2026:17:39:23 +0530] "PUT /api/v2/trending HTTP/1.1" 200 59395 "https://api.example.com/docs" "Mozilla/5.0 (Macintosh; Intel Mac OS X 14_4) AppleWebKit/605.1.15 (KHTML, like Gecko) Version/17.4 Safari/605.1.15" rt=0.127
72.14.192.10 - - [31/May/2026:18:01:41 +0530] "GET /api/v2/data/dump HTTP/1.1" 200 63876986 "https://app.example.com" "Mozilla/5.0 (Linux; Android 14; Pixel 8) AppleWebKit/537.36 (KHTML, like Gecko) Chrome/124.0.6367.82 Mobile Safari/537.36" rt=6.555
122.177.99.45 - - [31/May/2026:19:21:34 +0530] "DELETE /static/style.css HTTP/1.1" 200 66154 "https://app.example.com" "okhttp/4.12.0" rt=0.166
117.96.78.45 - - [31/May/2026:21:14:53 +0530] "GET /api/v2/users/1234/settings HTTP/1.1" 201 68306 "https://github.com" "okhttp/4.12.0" rt=0.681
180.151.34.78 - api-client [01/Jun/2026:00:34:52 +0530] "GET /static/vendors.js HTTP/1.1" 200 29113 "https://github.com" "axios/1.6.7" rt=0.399
103.195.201.34 - - [01/Jun/2026:00:57:12 +0530] "GET /ws/notifications HTTP/1.1" 204 583 "https://dashboard.example.com" "okhttp/4.12.0" rt=0.510
74.125.224.89 - - [01/Jun/2026:01:22:21 +0530] "GET /api/v2/trending HTTP/1.1" 200 21349 "https://dashboard.example.com" "Mozilla/5.0 (Macintosh; Intel Mac OS X 14_4) AppleWebKit/605.1.15 (KHTML, like Gecko) Version/17.4 Safari/605.1.15" rt=0.226
210.18.55.34 - - [01/Jun/2026:01:39:22 +0530] "POST /api/v2/analytics/raw HTTP/1.1" 200 43033335 "https://www.google.com/" "Mozilla/5.0 (Linux; Android 14; Pixel 8) AppleWebKit/537.36 (KHTML, like Gecko) Chrome/124.0.6367.82 Mobile Safari/537.36" rt=11.144
49.205.34.78 - - [01/Jun/2026:03:33:04 +0530] "HEAD /assets/fonts/inter.woff2 HTTP/1.1" 304 556 "https://app.example.com" "Mozilla/5.0 (Windows NT 10.0; Win64; x64) AppleWebKit/537.36 (KHTML, like Gecko) Chrome/124.0.0.0 Safari/537.36" rt=0.787
49.205.34.78 - - [01/Jun/2026:04:03:34 +0530] "GET /api/v2/trending HTTP/1.1" 301 401 "https://dashboard.example.com" "Mozilla/5.0 (Macintosh; Intel Mac OS X 14_4) AppleWebKit/605.1.15 (KHTML, like Gecko) Version/17.4 Safari/605.1.15" rt=1.275
72.14.192.10 - - [01/Jun/2026:04:37:27 +0530] "POST /api/v2/products HTTP/1.1" 200 51164 "-" "Mozilla/5.0 (Windows NT 10.0; Win64; x64) AppleWebKit/537.36 (KHTML, like Gecko) Chrome/124.0.0.0 Safari/537.36" rt=1.265
223.226.45.12 - - [01/Jun/2026:05:14:12 +0530] "DELETE /static/bundle.js HTTP/1.1" 204 120 "https://github.com" "Mozilla/5.0 (Windows NT 10.0; Win64; x64) AppleWebKit/537.36 (KHTML, like Gecko) Chrome/124.0.0.0 Safari/537.36" rt=0.063
167.94.138.35 - - [01/Jun/2026:05:53:55 +0530] "GET /manager/html HTTP/1.1" 404 405 "-" "Go-http-client/1.1" rt=0.269
49.205.34.78 - - [01/Jun/2026:06:03:05 +0530] "PUT /api/v2/search?q=laptop HTTP/1.1" 204 234 "https://app.example.com" "Mozilla/5.0 (Linux; Android 14; Pixel 8) AppleWebKit/537.36 (KHTML, like Gecko) Chrome/124.0.6367.82 Mobile Safari/537.36" rt=0.091
219.91.134.67 - api-client [01/Jun/2026:07:19:46 +0530] "GET /ready HTTP/1.1" 200 50452 "https://www.google.com/" "Mozilla/5.0 (Macintosh; Intel Mac OS X 14_4) AppleWebKit/605.1.15 (KHTML, like Gecko) Version/17.4 Safari/605.1.15" rt=0.525
72.14.192.10 - - [01/Jun/2026:07:27:17 +0530] "PUT /api/v2/analytics/raw HTTP/1.1" 200 72496807 "https://dashboard.example.com" "axios/1.6.7" rt=11.505
125.63.44.12 - - [01/Jun/2026:07:31:23 +0530] "POST /assets/fonts/inter.woff2 HTTP/1.1" 201 79759 "https://app.example.com" "okhttp/4.12.0" rt=0.855
185.156.73.54 - - [01/Jun/2026:07:47:19 +0530] "GET /.htaccess HTTP/1.1" 404 411 "-" "curl/7.88.1" rt=0.456
219.91.134.67 - - [01/Jun/2026:07:55:29 +0530] "POST /api/v2/products HTTP/1.1" 304 494 "https://www.google.com/" "Mozilla/5.0 (X11; Ubuntu; Linux x86_64; rv:125.0) Gecko/20100101 Firefox/125.0" rt=1.408
122.177.99.45 - api-client [01/Jun/2026:07:59:49 +0530] "POST /assets/fonts/inter.woff2 HTTP/1.1" 204 760 "https://app.example.com" "okhttp/4.12.0" rt=1.291
180.151.34.78 - - [01/Jun/2026:08:27:29 +0530] "GET /health HTTP/1.1" 200 6255 "-" "okhttp/4.12.0" rt=0.046
61.246.78.34 - - [01/Jun/2026:08:37:36 +0530] "HEAD /api/v2/cart HTTP/1.1" 204 398 "-" "Mozilla/5.0 (Macintosh; Intel Mac OS X 14_4) AppleWebKit/605.1.15 (KHTML, like Gecko) Version/17.4 Safari/605.1.15" rt=0.440
210.18.55.34 - - [01/Jun/2026:08:59:54 +0530] "GET /api/v2/export/users HTTP/1.1" 200 60833491 "-" "okhttp/4.12.0" rt=5.257
162.142.125.24 - - [01/Jun/2026:09:20:26 +0530] "GET /actuator/beans HTTP/1.1" 404 687 "-" "curl/7.88.1" rt=0.148
167.94.138.35 - - [01/Jun/2026:09:28:33 +0530] "GET /.htaccess HTTP/1.1" 404 184 "-" "Nikto/2.1.6" rt=0.077
1.186.34.56 - api-client [01/Jun/2026:09:38:41 +0530] "HEAD /api/v2/analytics/summary HTTP/1.1" 200 14263 "-" "axios/1.6.7" rt=0.901
109.201.133.195 - - [01/Jun/2026:10:20:04 +0530] "GET /.git/HEAD HTTP/1.1" 403 2542 "-" "sqlmap/1.8.2#stable (https://sqlmap.org)" rt=0.456
109.201.133.195 - - [01/Jun/2026:10:20:07 +0530] "POST /api/v2/search?q=<script>alert(1)</script> HTTP/1.1" 404 870 "-" "sqlmap/1.8.2#stable (https://sqlmap.org)" rt=1.685
109.201.133.195 - - [01/Jun/2026:10:20:20 +0530] "GET /actuator/env HTTP/1.1" 403 541 "-" "Mozilla/5.0 (Windows NT 10.0; Win64; x64) AppleWebKit/537.36 (KHTML, like Gecko) Chrome/124.0.0.0 Safari/537.36" rt=0.830
109.201.133.195 - - [01/Jun/2026:10:20:26 +0530] "GET /actuator/env HTTP/1.1" 200 731 "-" "Nikto/2.1.6" rt=0.461
109.201.133.195 - - [01/Jun/2026:10:20:45 +0530] "GET /api/v2/products?filter=1 UNION SELECT table_name FROM information_schema.tables-- HTTP/1.1" 400 2714 "-" "sqlmap/1.8.2#stable (https://sqlmap.org)" rt=1.481
109.201.133.195 - - [01/Jun/2026:10:21:27 +0530] "POST /wp-config.php HTTP/1.1" 403 3440 "-" "Nikto/2.1.6" rt=1.002
109.201.133.195 - - [01/Jun/2026:10:22:01 +0530] "GET /admin/ HTTP/1.1" 422 692 "-" "sqlmap/1.8.2#stable (https://sqlmap.org)" rt=0.488
109.201.133.195 - - [01/Jun/2026:10:22:32 +0530] "POST /api/v2/users?id=1 AND SLEEP(5)-- HTTP/1.1" 400 344 "-" "sqlmap/1.8.2#stable (https://sqlmap.org)" rt=1.962
109.201.133.195 - - [01/Jun/2026:10:22:32 +0530] "GET /api/v2/redirect?url=javascript:alert(document.domain) HTTP/1.1" 422 515 "-" "Nikto/2.1.6" rt=1.285
109.201.133.195 - - [01/Jun/2026:10:22:42 +0530] "GET /actuator/env HTTP/1.1" 403 1586 "-" "Nikto/2.1.6" rt=1.468
109.201.133.195 - - [01/Jun/2026:10:23:05 +0530] "GET /api/v2/config?debug=../../../../etc/passwd HTTP/1.1" 404 3969 "-" "sqlmap/1.8.2#stable (https://sqlmap.org)" rt=0.863
109.201.133.195 - - [01/Jun/2026:10:23:11 +0530] "POST /api/v2/exec?cmd=id HTTP/1.1" 400 2839 "-" "Nikto/2.1.6" rt=0.531
109.201.133.195 - - [01/Jun/2026:10:23:30 +0530] "GET /api/v2/exec?cmd=id HTTP/1.1" 200 2959 "-" "Nikto/2.1.6" rt=1.153
109.201.133.195 - - [01/Jun/2026:10:24:08 +0530] "GET /.env HTTP/1.1" 422 1897 "-" "Nikto/2.1.6" rt=0.937
109.201.133.195 - - [01/Jun/2026:10:24:14 +0530] "POST /api/v2/orders?id=1; DROP TABLE orders-- HTTP/1.1" 404 541 "-" "Nikto/2.1.6" rt=1.715
109.201.133.195 - - [01/Jun/2026:10:24:30 +0530] "POST /api/v2/orders?id=1; DROP TABLE orders-- HTTP/1.1" 403 3351 "-" "Mozilla/5.0 (Windows NT 10.0; Win64; x64) AppleWebKit/537.36 (KHTML, like Gecko) Chrome/124.0.0.0 Safari/537.36" rt=1.393
167.94.138.35 - - [01/Jun/2026:11:01:10 +0530] "GET /v1/secret/data HTTP/1.1" 404 323 "-" "Nikto/2.1.6" rt=0.293
223.226.45.12 - api-client [01/Jun/2026:11:16:20 +0530] "OPTIONS /api/v2/payments HTTP/1.1" 200 29247 "https://www.google.com/" "Mozilla/5.0 (Windows NT 10.0; Win64; x64) AppleWebKit/537.36 (KHTML, like Gecko) Chrome/124.0.0.0 Safari/537.36" rt=0.917
210.18.55.34 - - [01/Jun/2026:11:35:04 +0530] "GET /api/v2/auth/token HTTP/1.1" 200 57526 "-" "Mozilla/5.0 (Windows NT 10.0; Win64; x64) AppleWebKit/537.36 (KHTML, like Gecko) Chrome/124.0.0.0 Safari/537.36" rt=0.256
72.14.192.10 - - [01/Jun/2026:11:47:22 +0530] "POST /api/v2/payments HTTP/1.1" 201 77477 "https://dashboard.example.com" "Mozilla/5.0 (Linux; Android 14; Pixel 8) AppleWebKit/537.36 (KHTML, like Gecko) Chrome/124.0.6367.82 Mobile Safari/537.36" rt=1.439
210.18.55.34 - api-client [01/Jun/2026:13:35:41 +0530] "GET /static/vendors.js HTTP/1.1" 200 11157 "https://app.example.com" "Mozilla/5.0 (X11; Ubuntu; Linux x86_64; rv:125.0) Gecko/20100101 Firefox/125.0" rt=1.034
72.14.192.10 - api-client [01/Jun/2026:15:59:26 +0530] "GET /static/bundle.js HTTP/1.1" 204 453 "https://github.com" "okhttp/4.12.0" rt=1.057
110.234.52.100 - - [01/Jun/2026:16:02:21 +0530] "GET /api/v2/users/5678/avatar HTTP/1.1" 200 10159 "https://www.google.com/" "Mozilla/5.0 (X11; Ubuntu; Linux x86_64; rv:125.0) Gecko/20100101 Firefox/125.0" rt=0.445
103.195.201.34 - - [01/Jun/2026:16:55:40 +0530] "GET /api/v2/search?q=laptop HTTP/1.1" 200 40969 "https://app.example.com" "axios/1.6.7" rt=0.725
117.96.78.45 - - [01/Jun/2026:17:14:11 +0530] "POST /api/v2/users HTTP/1.1" 201 38935 "https://www.google.com/" "Mozilla/5.0 (Windows NT 10.0; Win64; x64) AppleWebKit/537.36 (KHTML, like Gecko) Chrome/124.0.0.0 Safari/537.36" rt=0.471
110.234.52.100 - - [01/Jun/2026:17:25:16 +0530] "POST /health HTTP/1.1" 200 24217 "https://api.example.com/docs" "axios/1.6.7" rt=0.006
223.226.45.12 - api-client [01/Jun/2026:17:49:57 +0530] "GET /api/v2/notifications HTTP/1.1" 200 36221 "-" "Mozilla/5.0 (Windows NT 10.0; Win64; x64) AppleWebKit/537.36 (KHTML, like Gecko) Chrome/124.0.0.0 Safari/537.36" rt=0.689
175.101.120.56 - - [01/Jun/2026:19:10:38 +0530] "HEAD /ws/notifications HTTP/1.1" 200 31939 "https://dashboard.example.com" "Mozilla/5.0 (X11; Ubuntu; Linux x86_64; rv:125.0) Gecko/20100101 Firefox/125.0" rt=0.145
180.151.34.78 - - [01/Jun/2026:22:54:21 +0530] "GET /api/v2/feed HTTP/1.1" 304 468 "https://github.com" "Mozilla/5.0 (Linux; Android 14; Pixel 8) AppleWebKit/537.36 (KHTML, like Gecko) Chrome/124.0.6367.82 Mobile Safari/537.36" rt=1.156
223.226.45.12 - - [02/Jun/2026:00:20:17 +0530] "GET /api/v2/search?q=laptop HTTP/1.1" 200 23976 "https://api.example.com/docs" "Mozilla/5.0 (Windows NT 10.0; Win64; x64) AppleWebKit/537.36 (KHTML, like Gecko) Chrome/124.0.0.0 Safari/537.36" rt=0.944
72.14.192.10 - - [02/Jun/2026:00:40:09 +0530] "POST /api/v2/trending HTTP/1.1" 201 52630 "https://app.example.com" "Mozilla/5.0 (X11; Ubuntu; Linux x86_64; rv:125.0) Gecko/20100101 Firefox/125.0" rt=0.622
74.125.224.89 - - [02/Jun/2026:02:02:01 +0530] "DELETE /api/v2/notifications HTTP/1.1" 201 46167 "https://api.example.com/docs" "Mozilla/5.0 (Linux; Android 14; Pixel 8) AppleWebKit/537.36 (KHTML, like Gecko) Chrome/124.0.6367.82 Mobile Safari/537.36" rt=1.286
180.151.34.78 - api-client [02/Jun/2026:02:18:47 +0530] "DELETE /api/v2/search?q=phone HTTP/1.1" 200 79906 "https://app.example.com" "Mozilla/5.0 (Macintosh; Intel Mac OS X 14_4) AppleWebKit/605.1.15 (KHTML, like Gecko) Version/17.4 Safari/605.1.15" rt=0.084
103.7.112.45 - - [02/Jun/2026:02:38:13 +0530] "GET /static/style.css HTTP/1.1" 200 54379 "https://dashboard.example.com" "Mozilla/5.0 (Macintosh; Intel Mac OS X 14_4) AppleWebKit/605.1.15 (KHTML, like Gecko) Version/17.4 Safari/605.1.15" rt=0.242
180.151.34.78 - - [02/Jun/2026:03:01:28 +0530] "POST /api/v2/users/profile HTTP/1.1" 200 19410 "https://dashboard.example.com" "Mozilla/5.0 (X11; Ubuntu; Linux x86_64; rv:125.0) Gecko/20100101 Firefox/125.0" rt=0.347
180.151.34.78 - - [02/Jun/2026:03:18:47 +0530] "OPTIONS /api/v2/admin/stats HTTP/1.1" 200 15647 "https://github.com" "Mozilla/5.0 (Windows NT 10.0; Win64; x64) AppleWebKit/537.36 (KHTML, like Gecko) Chrome/124.0.0.0 Safari/537.36" rt=0.740
49.205.34.78 - - [02/Jun/2026:04:40:46 +0530] "DELETE /api/v2/products/search HTTP/1.1" 304 76 "https://api.example.com/docs" "Mozilla/5.0 (Macintosh; Intel Mac OS X 14_4) AppleWebKit/605.1.15 (KHTML, like Gecko) Version/17.4 Safari/605.1.15" rt=0.873
103.195.201.34 - - [02/Jun/2026:06:08:39 +0530] "PUT /api/v2/products/search HTTP/1.1" 301 752 "https://app.example.com" "Mozilla/5.0 (Macintosh; Intel Mac OS X 14_4) AppleWebKit/605.1.15 (KHTML, like Gecko) Version/17.4 Safari/605.1.15" rt=0.985
167.94.138.35 - - [02/Jun/2026:08:26:55 +0530] "GET /.env HTTP/1.1" 404 118 "-" "python-requests/2.31.0" rt=0.491
72.14.192.10 - - [02/Jun/2026:08:38:48 +0530] "POST /api/v2/backup/snapshot HTTP/1.1" 200 70859948 "https://dashboard.example.com" "Mozilla/5.0 (Windows NT 10.0; Win64; x64) AppleWebKit/537.36 (KHTML, like Gecko) Chrome/124.0.0.0 Safari/537.36" rt=11.190
180.151.34.78 - - [02/Jun/2026:09:04:39 +0530] "GET /api/v2/cart HTTP/1.1" 200 63415 "https://www.google.com/" "okhttp/4.12.0" rt=0.779
210.18.55.34 - - [02/Jun/2026:10:09:19 +0530] "POST /api/v2/reports/financial HTTP/1.1" 200 60790610 "https://www.google.com/" "Mozilla/5.0 (Windows NT 10.0; Win64; x64) AppleWebKit/537.36 (KHTML, like Gecko) Chrome/124.0.0.0 Safari/537.36" rt=11.951
27.56.145.23 - - [02/Jun/2026:10:22:40 +0530] "OPTIONS /assets/fonts/inter.woff2 HTTP/1.1" 200 27973 "https://dashboard.example.com" "okhttp/4.12.0" rt=1.209
125.63.44.12 - - [02/Jun/2026:10:34:34 +0530] "PUT /api/v2/orders/history HTTP/1.1" 200 45469 "https://dashboard.example.com" "Mozilla/5.0 (Windows NT 10.0; Win64; x64) AppleWebKit/537.36 (KHTML, like Gecko) Chrome/124.0.0.0 Safari/537.36" rt=1.042
210.18.55.34 - - [02/Jun/2026:10:43:32 +0530] "OPTIONS /assets/fonts/inter.woff2 HTTP/1.1" 201 30983 "https://dashboard.example.com" "axios/1.6.7" rt=0.968
210.18.55.34 - - [02/Jun/2026:11:02:45 +0530] "OPTIONS /api/v2/users HTTP/1.1" 200 53414 "-" "Mozilla/5.0 (Macintosh; Intel Mac OS X 14_4) AppleWebKit/605.1.15 (KHTML, like Gecko) Version/17.4 Safari/605.1.15" rt=0.764
103.7.112.45 - - [02/Jun/2026:12:19:28 +0530] "GET /api/v2/orders/history HTTP/1.1" 200 10341 "https://www.google.com/" "Mozilla/5.0 (X11; Ubuntu; Linux x86_64; rv:125.0) Gecko/20100101 Firefox/125.0" rt=0.444
117.96.78.45 - - [02/Jun/2026:13:17:19 +0530] "GET /api/v2/admin/stats HTTP/1.1" 204 262 "-" "Mozilla/5.0 (Windows NT 10.0; Win64; x64) AppleWebKit/537.36 (KHTML, like Gecko) Chrome/124.0.0.0 Safari/537.36" rt=1.403
175.101.120.56 - - [02/Jun/2026:14:19:31 +0530] "DELETE /static/style.css HTTP/1.1" 201 40650 "-" "Mozilla/5.0 (X11; Ubuntu; Linux x86_64; rv:125.0) Gecko/20100101 Firefox/125.0" rt=1.427
175.101.120.56 - - [02/Jun/2026:15:53:30 +0530] "GET /api/v2/notifications HTTP/1.1" 200 43568 "https://app.example.com" "Mozilla/5.0 (Macintosh; Intel Mac OS X 14_4) AppleWebKit/605.1.15 (KHTML, like Gecko) Version/17.4 Safari/605.1.15" rt=0.198
1.186.34.56 - - [02/Jun/2026:16:04:16 +0530] "HEAD /api/v2/config HTTP/1.1" 200 79448 "https://api.example.com/docs" "axios/1.6.7" rt=1.487
175.101.120.56 - - [02/Jun/2026:17:28:55 +0530] "GET /health HTTP/1.1" 201 2912 "https://api.example.com/docs" "Mozilla/5.0 (Macintosh; Intel Mac OS X 14_4) AppleWebKit/605.1.15 (KHTML, like Gecko) Version/17.4 Safari/605.1.15" rt=1.120
122.177.99.45 - - [02/Jun/2026:17:37:25 +0530] "GET /api/v2/config HTTP/1.1" 304 323 "https://dashboard.example.com" "okhttp/4.12.0" rt=0.919
72.14.192.10 - - [02/Jun/2026:17:55:45 +0530] "POST /api/v2/export/users HTTP/1.1" 200 38869181 "https://dashboard.example.com" "axios/1.6.7" rt=5.763
36.255.89.23 - api-client [02/Jun/2026:18:51:48 +0530] "GET /api/v2/payments HTTP/1.1" 200 79832 "-" "okhttp/4.12.0" rt=0.265
175.101.120.56 - - [02/Jun/2026:19:03:36 +0530] "GET /api/v2/users/profile HTTP/1.1" 204 79 "https://www.google.com/" "axios/1.6.7" rt=1.175
110.234.52.100 - - [02/Jun/2026:19:28:43 +0530] "OPTIONS / HTTP/1.1" 200 20326 "https://www.google.com/" "Mozilla/5.0 (Macintosh; Intel Mac OS X 14_4) AppleWebKit/605.1.15 (KHTML, like Gecko) Version/17.4 Safari/605.1.15" rt=0.965
122.177.99.45 - - [02/Jun/2026:21:18:06 +0530] "GET / HTTP/1.1" 204 293 "https://app.example.com" "Mozilla/5.0 (Macintosh; Intel Mac OS X 14_4) AppleWebKit/605.1.15 (KHTML, like Gecko) Version/17.4 Safari/605.1.15" rt=1.497
74.125.224.89 - - [02/Jun/2026:21:19:44 +0530] "OPTIONS /api/v2/users/5678/avatar HTTP/1.1" 301 92 "https://app.example.com" "axios/1.6.7" rt=0.004
180.151.34.78 - - [02/Jun/2026:22:25:08 +0530] "OPTIONS /api/v2/products HTTP/1.1" 201 55804 "-" "Mozilla/5.0 (Linux; Android 14; Pixel 8) AppleWebKit/537.36 (KHTML, like Gecko) Chrome/124.0.6367.82 Mobile Safari/537.36" rt=1.235
72.14.192.10 - - [02/Jun/2026:22:28:15 +0530] "GET /api/v2/data/dump HTTP/1.1" 200 29467585 "-" "Mozilla/5.0 (Windows NT 10.0; Win64; x64) AppleWebKit/537.36 (KHTML, like Gecko) Chrome/124.0.0.0 Safari/537.36" rt=5.201
61.246.78.34 - - [03/Jun/2026:01:26:29 +0530] "GET /api/v2/orders/history HTTP/1.1" 200 38133 "https://dashboard.example.com" "Mozilla/5.0 (Linux; Android 14; Pixel 8) AppleWebKit/537.36 (KHTML, like Gecko) Chrome/124.0.6367.82 Mobile Safari/537.36" rt=1.082
122.177.99.45 - api-client [03/Jun/2026:01:28:01 +0530] "PUT /static/bundle.js HTTP/1.1" 200 42457 "https://dashboard.example.com" "Mozilla/5.0 (X11; Ubuntu; Linux x86_64; rv:125.0) Gecko/20100101 Firefox/125.0" rt=1.450
49.205.34.78 - - [03/Jun/2026:02:58:17 +0530] "HEAD /api/v2/users/1234/settings HTTP/1.1" 200 79474 "-" "Mozilla/5.0 (Linux; Android 14; Pixel 8) AppleWebKit/537.36 (KHTML, like Gecko) Chrome/124.0.6367.82 Mobile Safari/537.36" rt=1.351
110.234.52.100 - - [03/Jun/2026:03:50:36 +0530] "OPTIONS /api/v2/notifications HTTP/1.1" 200 14138 "-" "Mozilla/5.0 (Windows NT 10.0; Win64; x64) AppleWebKit/537.36 (KHTML, like Gecko) Chrome/124.0.0.0 Safari/537.36" rt=1.178
36.255.89.23 - - [03/Jun/2026:04:03:09 +0530] "PUT /api/v2/trending HTTP/1.1" 301 719 "https://www.google.com/" "Mozilla/5.0 (Macintosh; Intel Mac OS X 14_4) AppleWebKit/605.1.15 (KHTML, like Gecko) Version/17.4 Safari/605.1.15" rt=0.968
223.226.45.12 - - [03/Jun/2026:06:52:24 +0530] "HEAD /api/v2/orders HTTP/1.1" 200 37386 "https://api.example.com/docs" "Mozilla/5.0 (Macintosh; Intel Mac OS X 14_4) AppleWebKit/605.1.15 (KHTML, like Gecko) Version/17.4 Safari/605.1.15" rt=0.844
210.18.55.34 - api-client [03/Jun/2026:07:25:31 +0530] "POST /api/v2/admin/stats HTTP/1.1" 200 46935 "-" "Mozilla/5.0 (X11; Ubuntu; Linux x86_64; rv:125.0) Gecko/20100101 Firefox/125.0" rt=0.850
36.255.89.23 - - [03/Jun/2026:07:44:57 +0530] "DELETE /assets/fonts/inter.woff2 HTTP/1.1" 301 534 "https://github.com" "Mozilla/5.0 (Windows NT 10.0; Win64; x64) AppleWebKit/537.36 (KHTML, like Gecko) Chrome/124.0.0.0 Safari/537.36" rt=0.117
223.226.45.12 - api-client [03/Jun/2026:09:34:27 +0530] "OPTIONS /api/v2/users/5678/avatar HTTP/1.1" 200 336 "https://api.example.com/docs" "axios/1.6.7" rt=0.982
27.56.145.23 - - [03/Jun/2026:09:53:50 +0530] "GET /static/vendors.js HTTP/1.1" 200 19647 "https://www.google.com/" "Mozilla/5.0 (Windows NT 10.0; Win64; x64) AppleWebKit/537.36 (KHTML, like Gecko) Chrome/124.0.0.0 Safari/537.36" rt=1.497
36.255.89.23 - - [03/Jun/2026:10:06:41 +0530] "PUT /ws/notifications HTTP/1.1" 304 464 "https://api.example.com/docs" "Mozilla/5.0 (Linux; Android 14; Pixel 8) AppleWebKit/537.36 (KHTML, like Gecko) Chrome/124.0.6367.82 Mobile Safari/537.36" rt=0.670
125.63.44.12 - - [03/Jun/2026:10:34:02 +0530] "DELETE /static/style.css HTTP/1.1" 301 120 "https://dashboard.example.com" "Mozilla/5.0 (X11; Ubuntu; Linux x86_64; rv:125.0) Gecko/20100101 Firefox/125.0" rt=1.033
27.56.145.23 - - [03/Jun/2026:13:49:03 +0530] "GET / HTTP/1.1" 200 24744 "-" "axios/1.6.7" rt=1.360
122.177.99.45 - - [03/Jun/2026:15:17:06 +0530] "HEAD /assets/images/banner.webp HTTP/1.1" 200 34275 "https://www.google.com/" "Mozilla/5.0 (Macintosh; Intel Mac OS X 14_4) AppleWebKit/605.1.15 (KHTML, like Gecko) Version/17.4 Safari/605.1.15" rt=0.516
185.156.73.54 - - [03/Jun/2026:17:19:06 +0530] "GET /admin HTTP/1.1" 404 614 "-" "curl/7.88.1" rt=0.075
180.151.34.78 - - [03/Jun/2026:21:14:48 +0530] "OPTIONS /api/v2/admin/stats HTTP/1.1" 304 753 "https://api.example.com/docs" "okhttp/4.12.0" rt=0.944
122.177.99.45 - - [03/Jun/2026:21:31:18 +0530] "GET /api/v2/notifications HTTP/1.1" 200 3673 "https://api.example.com/docs" "Mozilla/5.0 (Linux; Android 14; Pixel 8) AppleWebKit/537.36 (KHTML, like Gecko) Chrome/124.0.6367.82 Mobile Safari/537.36" rt=1.066
122.177.99.45 - - [03/Jun/2026:22:08:26 +0530] "GET /api/v2/products HTTP/1.1" 304 663 "https://app.example.com" "Mozilla/5.0 (X11; Ubuntu; Linux x86_64; rv:125.0) Gecko/20100101 Firefox/125.0" rt=0.973
125.63.44.12 - api-client [03/Jun/2026:22:19:49 +0530] "HEAD /api/v2/payments HTTP/1.1" 200 40617 "https://github.com" "Mozilla/5.0 (Windows NT 10.0; Win64; x64) AppleWebKit/537.36 (KHTML, like Gecko) Chrome/124.0.0.0 Safari/537.36" rt=0.851
5.188.206.14 - - [04/Jun/2026:01:15:01 +0530] "POST /api/v2/auth/token HTTP/1.1" 401 347 "-" "Mozilla/5.0 (Macintosh; Intel Mac OS X 14_4) AppleWebKit/605.1.15 (KHTML, like Gecko) Version/17.4 Safari/605.1.15" rt=0.266
5.188.206.14 - - [04/Jun/2026:01:15:04 +0530] "POST /api/v2/auth/token HTTP/1.1" 403 146 "-" "Mozilla/5.0 (Linux; Android 14; Pixel 8) AppleWebKit/537.36 (KHTML, like Gecko) Chrome/124.0.6367.82 Mobile Safari/537.36" rt=0.093
5.188.206.14 - - [04/Jun/2026:01:15:04 +0530] "POST /api/v2/auth/token HTTP/1.1" 422 214 "-" "python-requests/2.31.0" rt=0.293
5.188.206.14 - - [04/Jun/2026:01:15:06 +0530] "POST /api/v2/auth/token HTTP/1.1" 401 280 "-" "Mozilla/5.0 (Linux; Android 14; Pixel 8) AppleWebKit/537.36 (KHTML, like Gecko) Chrome/124.0.6367.82 Mobile Safari/537.36" rt=0.098
5.188.206.14 - - [04/Jun/2026:01:15:10 +0530] "POST /api/v2/auth/token HTTP/1.1" 422 477 "-" "python-requests/2.31.0" rt=0.054
5.188.206.14 - - [04/Jun/2026:01:15:21 +0530] "POST /api/v2/auth/token HTTP/1.1" 401 304 "-" "Mozilla/5.0 (Windows NT 10.0; Win64; x64) AppleWebKit/537.36 (KHTML, like Gecko) Chrome/124.0.0.0 Safari/537.36" rt=0.184
5.188.206.14 - - [04/Jun/2026:01:15:24 +0530] "POST /api/v2/auth/token HTTP/1.1" 401 433 "-" "okhttp/4.12.0" rt=0.096
5.188.206.14 - - [04/Jun/2026:01:15:27 +0530] "POST /api/v2/auth/token HTTP/1.1" 422 374 "-" "okhttp/4.12.0" rt=0.072
5.188.206.14 - - [04/Jun/2026:01:15:27 +0530] "POST /api/v2/auth/token HTTP/1.1" 401 168 "-" "python-requests/2.31.0" rt=0.131
5.188.206.14 - - [04/Jun/2026:01:15:29 +0530] "POST /api/v2/auth/token HTTP/1.1" 401 321 "-" "Mozilla/5.0 (Macintosh; Intel Mac OS X 14_4) AppleWebKit/605.1.15 (KHTML, like Gecko) Version/17.4 Safari/605.1.15" rt=0.239
5.188.206.14 - - [04/Jun/2026:01:15:31 +0530] "POST /api/v2/auth/token HTTP/1.1" 401 473 "-" "Mozilla/5.0 (Macintosh; Intel Mac OS X 14_4) AppleWebKit/605.1.15 (KHTML, like Gecko) Version/17.4 Safari/605.1.15" rt=0.088
5.188.206.14 - - [04/Jun/2026:01:15:31 +0530] "POST /api/v2/auth/token HTTP/1.1" 401 337 "-" "python-requests/2.31.0" rt=0.077
5.188.206.14 - - [04/Jun/2026:01:15:32 +0530] "POST /api/v2/auth/token HTTP/1.1" 401 465 "-" "Mozilla/5.0 (Linux; Android 14; Pixel 8) AppleWebKit/537.36 (KHTML, like Gecko) Chrome/124.0.6367.82 Mobile Safari/537.36" rt=0.080
5.188.206.14 - - [04/Jun/2026:01:15:33 +0530] "POST /api/v2/auth/token HTTP/1.1" 401 391 "-" "Mozilla/5.0 (X11; Ubuntu; Linux x86_64; rv:125.0) Gecko/20100101 Firefox/125.0" rt=0.019
5.188.206.14 - - [04/Jun/2026:01:15:34 +0530] "POST /api/v2/auth/token HTTP/1.1" 403 225 "-" "python-requests/2.31.0" rt=0.233
5.188.206.14 - - [04/Jun/2026:01:15:35 +0530] "POST /api/v2/auth/token HTTP/1.1" 401 394 "-" "Mozilla/5.0 (Macintosh; Intel Mac OS X 14_4) AppleWebKit/605.1.15 (KHTML, like Gecko) Version/17.4 Safari/605.1.15" rt=0.114
5.188.206.14 - - [04/Jun/2026:01:15:36 +0530] "POST /api/v2/auth/token HTTP/1.1" 422 208 "-" "axios/1.6.7" rt=0.261
5.188.206.14 - - [04/Jun/2026:01:15:38 +0530] "POST /api/v2/auth/token HTTP/1.1" 422 402 "-" "Mozilla/5.0 (Linux; Android 14; Pixel 8) AppleWebKit/537.36 (KHTML, like Gecko) Chrome/124.0.6367.82 Mobile Safari/537.36" rt=0.216
5.188.206.14 - - [04/Jun/2026:01:15:39 +0530] "POST /api/v2/auth/token HTTP/1.1" 422 427 "-" "okhttp/4.12.0" rt=0.033
5.188.206.14 - - [04/Jun/2026:01:15:39 +0530] "POST /api/v2/auth/token HTTP/1.1" 422 365 "-" "axios/1.6.7" rt=0.113
5.188.206.14 - - [04/Jun/2026:01:15:40 +0530] "POST /api/v2/auth/token HTTP/1.1" 422 373 "-" "Mozilla/5.0 (Linux; Android 14; Pixel 8) AppleWebKit/537.36 (KHTML, like Gecko) Chrome/124.0.6367.82 Mobile Safari/537.36" rt=0.092
5.188.206.14 - - [04/Jun/2026:01:15:41 +0530] "POST /api/v2/auth/token HTTP/1.1" 401 253 "-" "python-requests/2.31.0" rt=0.180
5.188.206.14 - - [04/Jun/2026:01:15:42 +0530] "POST /api/v2/auth/token HTTP/1.1" 401 193 "-" "Mozilla/5.0 (X11; Ubuntu; Linux x86_64; rv:125.0) Gecko/20100101 Firefox/125.0" rt=0.012
5.188.206.14 - - [04/Jun/2026:01:15:47 +0530] "POST /api/v2/auth/token HTTP/1.1" 401 349 "-" "Mozilla/5.0 (Linux; Android 14; Pixel 8) AppleWebKit/537.36 (KHTML, like Gecko) Chrome/124.0.6367.82 Mobile Safari/537.36" rt=0.281
5.188.206.14 - - [04/Jun/2026:01:15:49 +0530] "POST /api/v2/auth/token HTTP/1.1" 422 488 "-" "Mozilla/5.0 (Macintosh; Intel Mac OS X 14_4) AppleWebKit/605.1.15 (KHTML, like Gecko) Version/17.4 Safari/605.1.15" rt=0.043
5.188.206.14 - - [04/Jun/2026:01:15:54 +0530] "POST /api/v2/auth/token HTTP/1.1" 403 444 "-" "Mozilla/5.0 (X11; Ubuntu; Linux x86_64; rv:125.0) Gecko/20100101 Firefox/125.0" rt=0.218
5.188.206.14 - - [04/Jun/2026:01:15:55 +0530] "POST /api/v2/auth/token HTTP/1.1" 401 182 "-" "okhttp/4.12.0" rt=0.153
5.188.206.14 - - [04/Jun/2026:01:15:55 +0530] "POST /api/v2/auth/token HTTP/1.1" 401 304 "-" "axios/1.6.7" rt=0.278
219.91.134.67 - - [04/Jun/2026:01:27:16 +0530] "GET /api/v2/auth/token HTTP/1.1" 200 10567 "https://app.example.com" "axios/1.6.7" rt=1.230
180.151.34.78 - - [04/Jun/2026:01:52:30 +0530] "HEAD /static/vendors.js HTTP/1.1" 200 699 "https://www.google.com/" "Mozilla/5.0 (X11; Ubuntu; Linux x86_64; rv:125.0) Gecko/20100101 Firefox/125.0" rt=1.348
122.177.99.45 - api-client [04/Jun/2026:02:34:46 +0530] "OPTIONS /api/v2/admin/stats HTTP/1.1" 200 40702 "https://api.example.com/docs" "Mozilla/5.0 (Macintosh; Intel Mac OS X 14_4) AppleWebKit/605.1.15 (KHTML, like Gecko) Version/17.4 Safari/605.1.15" rt=1.258
74.125.224.89 - api-client [04/Jun/2026:02:55:38 +0530] "GET /api/v2/products HTTP/1.1" 200 74855 "https://www.google.com/" "axios/1.6.7" rt=0.540
49.205.34.78 - - [04/Jun/2026:03:46:20 +0530] "POST /ready HTTP/1.1" 200 15617 "https://app.example.com" "Mozilla/5.0 (Macintosh; Intel Mac OS X 14_4) AppleWebKit/605.1.15 (KHTML, like Gecko) Version/17.4 Safari/605.1.15" rt=0.880
223.226.45.12 - api-client [04/Jun/2026:03:46:55 +0530] "DELETE / HTTP/1.1" 200 29021 "https://api.example.com/docs" "okhttp/4.12.0" rt=1.378
103.7.112.45 - api-client [04/Jun/2026:03:55:04 +0530] "HEAD /api/v2/users/1234/settings HTTP/1.1" 200 20977 "-" "Mozilla/5.0 (X11; Ubuntu; Linux x86_64; rv:125.0) Gecko/20100101 Firefox/125.0" rt=0.345
219.91.134.67 - - [04/Jun/2026:04:53:34 +0530] "POST /api/v2/users/1234/settings HTTP/1.1" 200 68295 "https://www.google.com/" "okhttp/4.12.0" rt=0.873
61.246.78.34 - api-client [04/Jun/2026:05:46:08 +0530] "GET /api/v2/users/5678/avatar HTTP/1.1" 304 619 "https://dashboard.example.com" "Mozilla/5.0 (X11; Ubuntu; Linux x86_64; rv:125.0) Gecko/20100101 Firefox/125.0" rt=1.441
223.226.45.12 - api-client [04/Jun/2026:06:11:05 +0530] "POST /api/v2/auth/token HTTP/1.1" 304 14 "https://dashboard.example.com" "Mozilla/5.0 (X11; Ubuntu; Linux x86_64; rv:125.0) Gecko/20100101 Firefox/125.0" rt=0.191
110.234.52.100 - - [04/Jun/2026:06:20:57 +0530] "HEAD /metrics HTTP/1.1" 200 52550 "https://github.com" "Mozilla/5.0 (Macintosh; Intel Mac OS X 14_4) AppleWebKit/605.1.15 (KHTML, like Gecko) Version/17.4 Safari/605.1.15" rt=0.710
74.125.224.89 - api-client [04/Jun/2026:06:34:15 +0530] "POST /assets/images/banner.webp HTTP/1.1" 304 198 "https://api.example.com/docs" "Mozilla/5.0 (X11; Ubuntu; Linux x86_64; rv:125.0) Gecko/20100101 Firefox/125.0" rt=0.543
49.205.34.78 - - [04/Jun/2026:08:23:16 +0530] "GET /api/v2/orders/history HTTP/1.1" 200 431 "-" "okhttp/4.12.0" rt=0.914
185.156.73.54 - - [04/Jun/2026:09:11:18 +0530] "GET /database.sql HTTP/1.1" 403 761 "-" "Go-http-client/1.1" rt=0.329
1.186.34.56 - api-client [04/Jun/2026:10:12:26 +0530] "OPTIONS /api/v2/analytics/summary HTTP/1.1" 200 10709 "https://app.example.com" "Mozilla/5.0 (Macintosh; Intel Mac OS X 14_4) AppleWebKit/605.1.15 (KHTML, like Gecko) Version/17.4 Safari/605.1.15" rt=0.560
210.18.55.34 - - [04/Jun/2026:10:23:56 +0530] "HEAD /api/v2/config HTTP/1.1" 201 4089 "https://www.google.com/" "Mozilla/5.0 (X11; Ubuntu; Linux x86_64; rv:125.0) Gecko/20100101 Firefox/125.0" rt=0.345
162.142.125.24 - - [04/Jun/2026:11:19:16 +0530] "GET /secret HTTP/1.1" 301 618 "-" "Go-http-client/1.1" rt=0.477
49.205.34.78 - - [04/Jun/2026:11:34:51 +0530] "HEAD /api/v2/trending HTTP/1.1" 201 6357 "https://www.google.com/" "Mozilla/5.0 (Macintosh; Intel Mac OS X 14_4) AppleWebKit/605.1.15 (KHTML, like Gecko) Version/17.4 Safari/605.1.15" rt=0.024
180.151.34.78 - api-client [04/Jun/2026:13:03:25 +0530] "GET /api/v2/trending HTTP/1.1" 200 3165 "https://www.google.com/" "okhttp/4.12.0" rt=1.012
36.255.89.23 - - [04/Jun/2026:13:48:57 +0530] "OPTIONS /api/v2/cart HTTP/1.1" 200 63011 "https://api.example.com/docs" "axios/1.6.7" rt=0.758
180.151.34.78 - - [04/Jun/2026:14:23:57 +0530] "HEAD /api/v2/users/profile HTTP/1.1" 301 196 "https://www.google.com/" "okhttp/4.12.0" rt=0.406
122.177.99.45 - - [04/Jun/2026:14:45:01 +0530] "GET /api/v2/orders HTTP/1.1" 200 62615 "https://api.example.com/docs" "axios/1.6.7" rt=0.163
72.14.192.10 - - [04/Jun/2026:15:33:28 +0530] "POST /api/v2/reports/financial HTTP/1.1" 200 74708359 "https://dashboard.example.com" "axios/1.6.7" rt=5.217
223.226.45.12 - - [04/Jun/2026:17:33:59 +0530] "HEAD /health HTTP/1.1" 200 59671 "https://www.google.com/" "Mozilla/5.0 (Windows NT 10.0; Win64; x64) AppleWebKit/537.36 (KHTML, like Gecko) Chrome/124.0.0.0 Safari/537.36" rt=1.448
122.177.99.45 - - [04/Jun/2026:17:40:36 +0530] "POST /api/v2/users/profile HTTP/1.1" 200 12515 "-" "Mozilla/5.0 (X11; Ubuntu; Linux x86_64; rv:125.0) Gecko/20100101 Firefox/125.0" rt=1.257
210.18.55.34 - - [04/Jun/2026:17:41:28 +0530] "GET /api/v2/backup/snapshot HTTP/1.1" 200 16292735 "https://api.example.com/docs" "Mozilla/5.0 (Macintosh; Intel Mac OS X 14_4) AppleWebKit/605.1.15 (KHTML, like Gecko) Version/17.4 Safari/605.1.15" rt=7.700
162.142.125.24 - - [04/Jun/2026:17:44:21 +0530] "GET /database.sql HTTP/1.1" 404 794 "-" "Go-http-client/1.1" rt=0.495
210.18.55.34 - - [04/Jun/2026:19:32:32 +0530] "PUT /api/v2/data/dump HTTP/1.1" 200 77831965 "https://dashboard.example.com" "Mozilla/5.0 (Linux; Android 14; Pixel 8) AppleWebKit/537.36 (KHTML, like Gecko) Chrome/124.0.6367.82 Mobile Safari/537.36" rt=11.162
167.94.138.35 - - [04/Jun/2026:20:35:20 +0530] "GET /secret HTTP/1.1" 404 757 "-" "Go-http-client/1.1" rt=0.047
27.56.145.23 - - [04/Jun/2026:21:23:45 +0530] "HEAD /api/v2/users HTTP/1.1" 200 3022 "https://app.example.com" "Mozilla/5.0 (Windows NT 10.0; Win64; x64) AppleWebKit/537.36 (KHTML, like Gecko) Chrome/124.0.0.0 Safari/537.36" rt=0.334
219.91.134.67 - - [04/Jun/2026:21:34:29 +0530] "HEAD /static/style.css HTTP/1.1" 200 17914 "https://dashboard.example.com" "Mozilla/5.0 (Windows NT 10.0; Win64; x64) AppleWebKit/537.36 (KHTML, like Gecko) Chrome/124.0.0.0 Safari/537.36" rt=0.258
180.151.34.78 - - [04/Jun/2026:22:50:11 +0530] "OPTIONS /api/v2/feed HTTP/1.1" 201 42107 "https://github.com" "Mozilla/5.0 (X11; Ubuntu; Linux x86_64; rv:125.0) Gecko/20100101 Firefox/125.0" rt=0.918
110.234.52.100 - - [04/Jun/2026:22:55:15 +0530] "PUT /api/v2/search?q=phone HTTP/1.1" 304 450 "-" "Mozilla/5.0 (Macintosh; Intel Mac OS X 14_4) AppleWebKit/605.1.15 (KHTML, like Gecko) Version/17.4 Safari/605.1.15" rt=0.544
72.14.192.10 - api-client [04/Jun/2026:23:16:07 +0530] "GET /metrics HTTP/1.1" 304 113 "https://api.example.com/docs" "Mozilla/5.0 (X11; Ubuntu; Linux x86_64; rv:125.0) Gecko/20100101 Firefox/125.0" rt=1.466
125.63.44.12 - - [04/Jun/2026:23:26:26 +0530] "GET /api/v2/users/1234/settings HTTP/1.1" 200 43757 "https://api.example.com/docs" "axios/1.6.7" rt=0.009
49.205.34.78 - - [05/Jun/2026:00:03:47 +0530] "POST /api/v2/products HTTP/1.1" 200 32755 "https://api.example.com/docs" "Mozilla/5.0 (Linux; Android 14; Pixel 8) AppleWebKit/537.36 (KHTML, like Gecko) Chrome/124.0.6367.82 Mobile Safari/537.36" rt=1.237
74.125.224.89 - api-client [05/Jun/2026:01:23:29 +0530] "HEAD /assets/fonts/inter.woff2 HTTP/1.1" 200 33087 "https://www.google.com/" "okhttp/4.12.0" rt=0.747
117.96.78.45 - - [05/Jun/2026:01:37:45 +0530] "OPTIONS /api/v2/search?q=laptop HTTP/1.1" 204 1 "https://api.example.com/docs" "Mozilla/5.0 (Macintosh; Intel Mac OS X 14_4) AppleWebKit/605.1.15 (KHTML, like Gecko) Version/17.4 Safari/605.1.15" rt=0.667
72.14.192.10 - - [05/Jun/2026:03:23:28 +0530] "GET /api/v2/users/profile HTTP/1.1" 200 21095 "https://app.example.com" "axios/1.6.7" rt=0.384
74.125.224.89 - api-client [05/Jun/2026:04:10:35 +0530] "POST /api/v2/analytics/summary HTTP/1.1" 201 33033 "https://api.example.com/docs" "Mozilla/5.0 (X11; Ubuntu; Linux x86_64; rv:125.0) Gecko/20100101 Firefox/125.0" rt=1.466
74.125.224.89 - - [05/Jun/2026:04:13:04 +0530] "DELETE /api/v2/cart HTTP/1.1" 200 38310 "https://api.example.com/docs" "axios/1.6.7" rt=1.269
223.226.45.12 - - [05/Jun/2026:06:46:48 +0530] "POST /api/v2/products HTTP/1.1" 304 602 "https://api.example.com/docs" "Mozilla/5.0 (X11; Ubuntu; Linux x86_64; rv:125.0) Gecko/20100101 Firefox/125.0" rt=0.134
27.56.145.23 - - [05/Jun/2026:06:55:32 +0530] "GET /api/v2/config HTTP/1.1" 200 58900 "https://www.google.com/" "okhttp/4.12.0" rt=0.426
36.255.89.23 - - [05/Jun/2026:07:56:34 +0530] "GET /assets/images/banner.webp HTTP/1.1" 200 2986 "https://www.google.com/" "Mozilla/5.0 (Linux; Android 14; Pixel 8) AppleWebKit/537.36 (KHTML, like Gecko) Chrome/124.0.6367.82 Mobile Safari/537.36" rt=0.704
1.186.34.56 - - [05/Jun/2026:08:19:40 +0530] "GET /api/v2/search?q=phone HTTP/1.1" 200 17025 "https://github.com" "Mozilla/5.0 (X11; Ubuntu; Linux x86_64; rv:125.0) Gecko/20100101 Firefox/125.0" rt=0.210
103.7.112.45 - - [05/Jun/2026:08:38:00 +0530] "POST /api/v2/trending HTTP/1.1" 204 447 "https://dashboard.example.com" "Mozilla/5.0 (Linux; Android 14; Pixel 8) AppleWebKit/537.36 (KHTML, like Gecko) Chrome/124.0.6367.82 Mobile Safari/537.36" rt=1.423
167.94.138.35 - - [05/Jun/2026:08:55:13 +0530] "GET /secret HTTP/1.1" 404 590 "-" "python-requests/2.31.0" rt=0.185
162.142.125.24 - - [05/Jun/2026:09:48:36 +0530] "GET /config.json HTTP/1.1" 404 711 "-" "curl/7.88.1" rt=0.231
219.91.134.67 - api-client [05/Jun/2026:10:58:59 +0530] "HEAD /api/v2/users/5678/avatar HTTP/1.1" 201 40418 "https://app.example.com" "axios/1.6.7" rt=1.296
180.151.34.78 - - [05/Jun/2026:11:09:56 +0530] "POST /api/v2/cart HTTP/1.1" 301 742 "https://app.example.com" "Mozilla/5.0 (Windows NT 10.0; Win64; x64) AppleWebKit/537.36 (KHTML, like Gecko) Chrome/124.0.0.0 Safari/537.36" rt=0.539
103.195.201.34 - api-client [05/Jun/2026:11:28:56 +0530] "DELETE / HTTP/1.1" 204 49 "https://dashboard.example.com" "Mozilla/5.0 (X11; Ubuntu; Linux x86_64; rv:125.0) Gecko/20100101 Firefox/125.0" rt=0.046
27.56.145.23 - - [05/Jun/2026:12:13:11 +0530] "GET /api/v2/products HTTP/1.1" 301 73 "https://dashboard.example.com" "Mozilla/5.0 (Linux; Android 14; Pixel 8) AppleWebKit/537.36 (KHTML, like Gecko) Chrome/124.0.6367.82 Mobile Safari/537.36" rt=0.800
110.234.52.100 - - [05/Jun/2026:12:22:33 +0530] "POST /api/v2/users/profile HTTP/1.1" 304 692 "https://app.example.com" "okhttp/4.12.0" rt=0.925
36.255.89.23 - - [05/Jun/2026:12:27:37 +0530] "GET /api/v2/search?q=phone HTTP/1.1" 304 10 "-" "Mozilla/5.0 (Linux; Android 14; Pixel 8) AppleWebKit/537.36 (KHTML, like Gecko) Chrome/124.0.6367.82 Mobile Safari/537.36" rt=0.691
223.226.45.12 - - [05/Jun/2026:12:43:40 +0530] "HEAD /api/v2/analytics/summary HTTP/1.1" 301 781 "https://www.google.com/" "okhttp/4.12.0" rt=0.661
61.246.78.34 - - [05/Jun/2026:13:02:14 +0530] "GET /static/bundle.js HTTP/1.1" 200 61934 "https://app.example.com" "Mozilla/5.0 (Windows NT 10.0; Win64; x64) AppleWebKit/537.36 (KHTML, like Gecko) Chrome/124.0.0.0 Safari/537.36" rt=0.175
27.56.145.23 - - [05/Jun/2026:13:42:55 +0530] "GET /api/v2/auth/token HTTP/1.1" 201 17844 "https://www.google.com/" "Mozilla/5.0 (Windows NT 10.0; Win64; x64) AppleWebKit/537.36 (KHTML, like Gecko) Chrome/124.0.0.0 Safari/537.36" rt=1.379
27.56.145.23 - api-client [05/Jun/2026:14:09:04 +0530] "GET /ready HTTP/1.1" 200 25929 "https://www.google.com/" "Mozilla/5.0 (Macintosh; Intel Mac OS X 14_4) AppleWebKit/605.1.15 (KHTML, like Gecko) Version/17.4 Safari/605.1.15" rt=0.024
27.56.145.23 - api-client [05/Jun/2026:16:09:18 +0530] "HEAD /static/vendors.js HTTP/1.1" 301 633 "https://app.example.com" "Mozilla/5.0 (X11; Ubuntu; Linux x86_64; rv:125.0) Gecko/20100101 Firefox/125.0" rt=0.022
125.63.44.12 - - [05/Jun/2026:16:44:17 +0530] "GET /metrics HTTP/1.1" 204 542 "https://api.example.com/docs" "Mozilla/5.0 (X11; Ubuntu; Linux x86_64; rv:125.0) Gecko/20100101 Firefox/125.0" rt=0.252
27.56.145.23 - - [05/Jun/2026:17:08:54 +0530] "GET /api/v2/auth/token HTTP/1.1" 200 33415 "https://app.example.com" "Mozilla/5.0 (Linux; Android 14; Pixel 8) AppleWebKit/537.36 (KHTML, like Gecko) Chrome/124.0.6367.82 Mobile Safari/537.36" rt=1.113
61.246.78.34 - - [05/Jun/2026:17:33:10 +0530] "GET /api/v2/products HTTP/1.1" 204 536 "https://app.example.com" "axios/1.6.7" rt=0.456
219.91.134.67 - - [05/Jun/2026:18:15:59 +0530] "DELETE /api/v2/products HTTP/1.1" 301 556 "https://api.example.com/docs" "Mozilla/5.0 (Linux; Android 14; Pixel 8) AppleWebKit/537.36 (KHTML, like Gecko) Chrome/124.0.6367.82 Mobile Safari/537.36" rt=0.887
185.156.73.54 - - [05/Jun/2026:18:57:02 +0530] "GET /wp-admin/ HTTP/1.1" 404 441 "-" "Go-http-client/1.1" rt=0.102
122.177.99.45 - - [05/Jun/2026:19:42:54 +0530] "HEAD /api/v2/notifications HTTP/1.1" 200 62712 "https://app.example.com" "axios/1.6.7" rt=1.026
167.94.138.35 - - [05/Jun/2026:19:53:28 +0530] "GET /phpmyadmin/ HTTP/1.1" 404 557 "-" "Go-http-client/1.1" rt=0.203
210.18.55.34 - - [05/Jun/2026:23:19:30 +0530] "PUT /api/v2/backup/snapshot HTTP/1.1" 200 26005747 "https://www.google.com/" "okhttp/4.12.0" rt=5.976
219.91.134.67 - - [05/Jun/2026:23:36:49 +0530] "HEAD /assets/fonts/inter.woff2 HTTP/1.1" 304 443 "https://api.example.com/docs" "Mozilla/5.0 (Windows NT 10.0; Win64; x64) AppleWebKit/537.36 (KHTML, like Gecko) Chrome/124.0.0.0 Safari/537.36" rt=0.562
175.101.120.56 - - [06/Jun/2026:00:30:23 +0530] "POST / HTTP/1.1" 200 69709 "https://app.example.com" "Mozilla/5.0 (Linux; Android 14; Pixel 8) AppleWebKit/537.36 (KHTML, like Gecko) Chrome/124.0.6367.82 Mobile Safari/537.36" rt=0.172
185.156.73.54 - - [06/Jun/2026:01:57:51 +0530] "GET /admin HTTP/1.1" 404 754 "-" "sqlmap/1.8.2#stable (https://sqlmap.org)" rt=0.395
1.186.34.56 - api-client [06/Jun/2026:02:28:34 +0530] "HEAD /api/v2/notifications HTTP/1.1" 200 16426 "https://app.example.com" "Mozilla/5.0 (Windows NT 10.0; Win64; x64) AppleWebKit/537.36 (KHTML, like Gecko) Chrome/124.0.0.0 Safari/537.36" rt=1.205
122.177.99.45 - - [06/Jun/2026:03:56:00 +0530] "HEAD /api/v2/config HTTP/1.1" 301 521 "https://dashboard.example.com" "Mozilla/5.0 (Linux; Android 14; Pixel 8) AppleWebKit/537.36 (KHTML, like Gecko) Chrome/124.0.6367.82 Mobile Safari/537.36" rt=0.171
72.14.192.10 - - [06/Jun/2026:04:01:25 +0530] "GET /api/v2/reports/financial HTTP/1.1" 200 63218739 "https://dashboard.example.com" "Mozilla/5.0 (Windows NT 10.0; Win64; x64) AppleWebKit/537.36 (KHTML, like Gecko) Chrome/124.0.0.0 Safari/537.36" rt=2.108
210.18.55.34 - - [06/Jun/2026:04:52:45 +0530] "POST /api/v2/backup/snapshot HTTP/1.1" 200 18404626 "-" "Mozilla/5.0 (X11; Ubuntu; Linux x86_64; rv:125.0) Gecko/20100101 Firefox/125.0" rt=8.514
210.18.55.34 - - [06/Jun/2026:05:11:04 +0530] "POST /api/v2/users/5678/avatar HTTP/1.1" 204 28 "https://api.example.com/docs" "Mozilla/5.0 (Macintosh; Intel Mac OS X 14_4) AppleWebKit/605.1.15 (KHTML, like Gecko) Version/17.4 Safari/605.1.15" rt=1.314
210.18.55.34 - - [06/Jun/2026:08:42:52 +0530] "GET /api/v2/products/search HTTP/1.1" 201 77195 "https://github.com" "Mozilla/5.0 (Windows NT 10.0; Win64; x64) AppleWebKit/537.36 (KHTML, like Gecko) Chrome/124.0.0.0 Safari/537.36" rt=0.492
1.186.34.56 - - [06/Jun/2026:10:44:12 +0530] "POST /ready HTTP/1.1" 301 631 "https://dashboard.example.com" "okhttp/4.12.0" rt=0.725
125.63.44.12 - - [06/Jun/2026:11:27:29 +0530] "DELETE /assets/images/banner.webp HTTP/1.1" 201 23444 "https://github.com" "Mozilla/5.0 (Linux; Android 14; Pixel 8) AppleWebKit/537.36 (KHTML, like Gecko) Chrome/124.0.6367.82 Mobile Safari/537.36" rt=1.036
122.177.99.45 - api-client [06/Jun/2026:12:07:15 +0530] "POST /api/v2/products HTTP/1.1" 200 66671 "-" "axios/1.6.7" rt=1.048
185.156.73.54 - - [06/Jun/2026:13:36:57 +0530] "GET /api/v2/swagger.json HTTP/1.1" 404 347 "-" "Nikto/2.1.6" rt=0.173
210.18.55.34 - - [06/Jun/2026:14:00:00 +0530]
125.63.44.12 - api-client [06/Jun/2026:14:08:43 +0530] "POST /static/vendors.js HTTP/1.1" 200 49390 "https://www.google.com/" "Mozilla/5.0 (X11; Ubuntu; Linux x86_64; rv:125.0) Gecko/20100101 Firefox/125.0" rt=1.020
167.94.138.35 - - [06/Jun/2026:14:19:26 +0530] "GET /.htaccess HTTP/1.1" 200 444 "-" "Go-http-client/1.1" rt=0.384
36.255.89.23 - - [06/Jun/2026:15:50:05 +0530] "HEAD /health HTTP/1.1" 200 44763 "https://dashboard.example.com" "Mozilla/5.0 (X11; Ubuntu; Linux x86_64; rv:125.0) Gecko/20100101 Firefox/125.0" rt=0.152
103.7.112.45 - - [06/Jun/2026:19:12:08 +0530] "GET /api/v2/analytics/summary HTTP/1.1" 200 3307 "https://github.com" "Mozilla/5.0 (Linux; Android 14; Pixel 8) AppleWebKit/537.36 (KHTML, like Gecko) Chrome/124.0.6367.82 Mobile Safari/537.36" rt=0.416
49.205.34.78 - - [06/Jun/2026:20:01:33 +0530] "GET /static/style.css HTTP/1.1" 301 532 "https://api.example.com/docs" "Mozilla/5.0 (Linux; Android 14; Pixel 8) AppleWebKit/537.36 (KHTML, like Gecko) Chrome/124.0.6367.82 Mobile Safari/537.36" rt=1.082
103.7.112.45 - api-client [06/Jun/2026:20:33:59 +0530] "POST /api/v2/cart HTTP/1.1" 304 547 "https://api.example.com/docs" "axios/1.6.7" rt=1.245
61.246.78.34 - - [06/Jun/2026:22:09:39 +0530] "POST /api/v2/config HTTP/1.1" 200 26606 "https://dashboard.example.com" "Mozilla/5.0 (X11; Ubuntu; Linux x86_64; rv:125.0) Gecko/20100101 Firefox/125.0" rt=1.360
110.234.52.100 - - [06/Jun/2026:23:14:43 +0530] "GET /api/v2/auth/token HTTP/1.1" 304 117 "-" "Mozilla/5.0 (Windows NT 10.0; Win64; x64) AppleWebKit/537.36 (KHTML, like Gecko) Chrome/124.0.0.0 Safari/537.36" rt=1.293
122.177.99.45 - - [07/Jun/2026:00:17:04 +0530] "OPTIONS /api/v2/users/1234/settings HTTP/1.1" 200 76651 "-" "Mozilla/5.0 (Linux; Android 14; Pixel 8) AppleWebKit/537.36 (KHTML, like Gecko) Chrome/124.0.6367.82 Mobile Safari/537.36" rt=0.313
72.14.192.10 - api-client [07/Jun/2026:00:26:47 +0530] "PUT /api/v2/notifications HTTP/1.1" 304 732 "https://app.example.com" "Mozilla/5.0 (Macintosh; Intel Mac OS X 14_4) AppleWebKit/605.1.15 (KHTML, like Gecko) Version/17.4 Safari/605.1.15" rt=1.487
103.7.112.45 - - [07/Jun/2026:01:13:44 +0530] "GET /api/v2/users/profile HTTP/1.1" 200 20769 "-" "Mozilla/5.0 (Windows NT 10.0; Win64; x64) AppleWebKit/537.36 (KHTML, like Gecko) Chrome/124.0.0.0 Safari/537.36" rt=1.436
