45.123.67.89 - - [24/May/2026:00:47:15 +0530] "GET /register HTTP/1.1" 200 85696 "https://www.google.com/" "Mozilla/5.0 (Linux; Android 13; Pixel 7) AppleWebKit/537.36 (KHTML, like Gecko) Chrome/120.0.6099.144 Mobile Safari/537.36"
115.240.89.12 - - [24/May/2026:01:29:33 +0530] "GET /api/v1/users/me HTTP/1.1" 200 55504 "https://github.com" "Mozilla/5.0 (Macintosh; Intel Mac OS X 14_2) AppleWebKit/605.1.15 (KHTML, like Gecko) Version/17.2 Safari/605.1.15"
89.248.167.131 - - [24/May/2026:05:54:56 +0530] "GET /server-status HTTP/1.1" 200 581 "-" "zgrab/0.x"
203.192.45.23 - - [24/May/2026:08:22:40 +0530] "GET /static/css/bootstrap.min.css HTTP/1.1" 200 30507 "https://www.google.com/search?q=your+site" "Mozilla/5.0 (Windows NT 10.0; Win64; x64) AppleWebKit/537.36 (KHTML, like Gecko) Chrome/120.0.0.0 Safari/537.36"
202.131.4.78 - - [24/May/2026:08:22:54 +0530] "GET /static/js/vendor.js HTTP/1.1" 200 41905 "-" "Mozilla/5.0 (X11; Linux x86_64; rv:109.0) Gecko/20100101 Firefox/121.0"
115.240.89.12 - - [24/May/2026:08:33:37 +0530] "POST /static/css/main.css HTTP/1.1" 301 674 "https://www.reddit.com/r/programming" "Mozilla/5.0 (iPhone; CPU iPhone OS 17_2 like Mac OS X) AppleWebKit/605.1.15 (KHTML, like Gecko) Version/17.2 Mobile/15E148 Safari/604.1"
45.123.67.89 - dev-user [24/May/2026:12:28:42 +0530] "GET /api/v1/settings HTTP/1.1" 200 26025 "https://www.reddit.com/r/programming" "Mozilla/5.0 (Windows NT 10.0; Win64; x64) AppleWebKit/537.36 (KHTML, like Gecko) Chrome/120.0.0.0 Safari/537.36"
115.240.89.12 - - [24/May/2026:13:55:50 +0530] "GET /api/v1/orders HTTP/1.1" 200 17633 "https://github.com" "Mozilla/5.0 (Macintosh; Intel Mac OS X 14_2) AppleWebKit/605.1.15 (KHTML, like Gecko) Version/17.2 Safari/605.1.15"
45.123.67.89 - - [24/May/2026:14:24:17 +0530] "OPTIONS /static/css/bootstrap.min.css HTTP/1.1" 304 215 "https://www.google.com/" "Mozilla/5.0 (X11; Linux x86_64; rv:109.0) Gecko/20100101 Firefox/121.0"
49.36.78.145 - - [24/May/2026:14:51:14 +0530] "HEAD /contact HTTP/1.1" 200 75755 "https://www.google.com/" "Mozilla/5.0 (X11; Linux x86_64; rv:109.0) Gecko/20100101 Firefox/121.0"
89.248.167.131 - - [24/May/2026:16:17:34 +0530] "GET /actuator HTTP/1.1" 404 296 "-" "Nikto/2.1.6"
111.221.45.10 - - [24/May/2026:17:11:38 +0530] "GET /api/v1/search HTTP/1.1" 200 22298 "https://github.com" "Mozilla/5.0 (X11; Linux x86_64; rv:109.0) Gecko/20100101 Firefox/121.0"
117.55.34.78 - - [24/May/2026:18:53:51 +0530] "GET /blog/post-4 HTTP/1.1" 304 402 "https://www.google.com/" "Mozilla/5.0 (Macintosh; Intel Mac OS X 14_2) AppleWebKit/605.1.15 (KHTML, like Gecko) Version/17.2 Safari/605.1.15"
115.240.89.12 - - [24/May/2026:19:17:48 +0530] "GET /blog/post-3 HTTP/1.1" 304 946 "https://www.reddit.com/r/programming" "Mozilla/5.0 (Macintosh; Intel Mac OS X 14_2) AppleWebKit/605.1.15 (KHTML, like Gecko) Version/17.2 Safari/605.1.15"
103.21.244.10 - - [24/May/2026:21:40:27 +0530] "PUT /api/v1/reports/download HTTP/1.1" 200 43711298 "https://www.google.com/" "Mozilla/5.0 (X11; Linux x86_64; rv:109.0) Gecko/20100101 Firefox/121.0"
103.55.44.67 - dev-user [24/May/2026:21:50:07 +0530] "GET /api/v1/search HTTP/1.1" 200 41533 "https://github.com" "Mozilla/5.0 (iPhone; CPU iPhone OS 17_2 like Mac OS X) AppleWebKit/605.1.15 (KHTML, like Gecko) Version/17.2 Mobile/15E148 Safari/604.1"
103.21.244.10 - - [24/May/2026:22:08:28 +0530] "GET /register HTTP/1.1" 200 72432 "https://www.reddit.com/r/programming" "Mozilla/5.0 (iPhone; CPU iPhone OS 17_2 like Mac OS X) AppleWebKit/605.1.15 (KHTML, like Gecko) Version/17.2 Mobile/15E148 Safari/604.1"
182.73.106.45 - - [24/May/2026:22:35:50 +0530] "GET /about HTTP/1.1" 200 24871 "-" "Mozilla/5.0 (Windows NT 10.0; Win64; x64) AppleWebKit/537.36 (KHTML, like Gecko) Chrome/120.0.0.0 Safari/537.36"
157.32.18.201 - - [25/May/2026:01:21:51 +0530] "GET /profile HTTP/1.1" 200 29060 "https://www.google.com/search?q=your+site" "Mozilla/5.0 (iPhone; CPU iPhone OS 17_2 like Mac OS X) AppleWebKit/605.1.15 (KHTML, like Gecko) Version/17.2 Mobile/15E148 Safari/604.1"
45.95.168.189 - - [25/May/2026:02:16:15 +0530] "GET /.env HTTP/1.1" 404 556 "-" "sqlmap/1.7.9#stable (https://sqlmap.org)"
115.240.89.12 - - [25/May/2026:02:18:48 +0530] "OPTIONS /robots.txt HTTP/1.1" 200 89254 "https://t.co/abc123" "Mozilla/5.0 (Macintosh; Intel Mac OS X 14_2) AppleWebKit/605.1.15 (KHTML, like Gecko) Version/17.2 Safari/605.1.15"
91.240.118.88 - - [25/May/2026:02:30:08 +0530] "POST /login HTTP/1.1" 401 434 "-" "Mozilla/5.0 (Macintosh; Intel Mac OS X 14_2) AppleWebKit/605.1.15 (KHTML, like Gecko) Version/17.2 Safari/605.1.15"
91.240.118.88 - - [25/May/2026:02:30:10 +0530] "POST /login HTTP/1.1" 401 245 "-" "Mozilla/5.0 (Macintosh; Intel Mac OS X 14_2) AppleWebKit/605.1.15 (KHTML, like Gecko) Version/17.2 Safari/605.1.15"
91.240.118.88 - - [25/May/2026:02:30:11 +0530] "POST /login HTTP/1.1" 401 356 "-" "Mozilla/5.0 (X11; Linux x86_64; rv:109.0) Gecko/20100101 Firefox/121.0"
91.240.118.88 - - [25/May/2026:02:30:17 +0530] "POST /login HTTP/1.1" 401 420 "-" "Mozilla/5.0 (Linux; Android 13; Pixel 7) AppleWebKit/537.36 (KHTML, like Gecko) Chrome/120.0.6099.144 Mobile Safari/537.36"
91.240.118.88 - - [25/May/2026:02:30:17 +0530] "POST /login HTTP/1.1" 401 177 "-" "Mozilla/5.0 (Linux; Android 13; Pixel 7) AppleWebKit/537.36 (KHTML, like Gecko) Chrome/120.0.6099.144 Mobile Safari/537.36"
91.240.118.88 - - [25/May/2026:02:30:19 +0530] "POST /login HTTP/1.1" 401 600 "-" "Mozilla/5.0 (iPhone; CPU iPhone OS 17_2 like Mac OS X) AppleWebKit/605.1.15 (KHTML, like Gecko) Version/17.2 Mobile/15E148 Safari/604.1"
91.240.118.88 - - [25/May/2026:02:30:23 +0530] "POST /login HTTP/1.1" 401 109 "-" "Mozilla/5.0 (Linux; Android 13; Pixel 7) AppleWebKit/537.36 (KHTML, like Gecko) Chrome/120.0.6099.144 Mobile Safari/537.36"
91.240.118.88 - - [25/May/2026:02:30:24 +0530] "POST /login HTTP/1.1" 401 583 "-" "Mozilla/5.0 (iPhone; CPU iPhone OS 17_2 like Mac OS X) AppleWebKit/605.1.15 (KHTML, like Gecko) Version/17.2 Mobile/15E148 Safari/604.1"
91.240.118.88 - - [25/May/2026:02:30:24 +0530] "POST /login HTTP/1.1" 200 591 "-" "python-requests/2.28.2"
91.240.118.88 - - [25/May/2026:02:30:25 +0530] "POST /login HTTP/1.1" 401 109 "-" "Mozilla/5.0 (Linux; Android 13; Pixel 7) AppleWebKit/537.36 (KHTML, like Gecko) Chrome/120.0.6099.144 Mobile Safari/537.36"
91.240.118.88 - - [25/May/2026:02:30:25 +0530] "POST /login HTTP/1.1" 401 144 "-" "python-requests/2.28.2"
91.240.118.88 - - [25/May/2026:02:30:29 +0530] "POST /login HTTP/1.1" 401 134 "-" "Mozilla/5.0 (X11; Linux x86_64; rv:109.0) Gecko/20100101 Firefox/121.0"
91.240.118.88 - - [25/May/2026:02:30:31 +0530] "POST /login HTTP/1.1" 200 372 "-" "Mozilla/5.0 (Windows NT 10.0; Win64; x64) AppleWebKit/537.36 (KHTML, like Gecko) Chrome/120.0.0.0 Safari/537.36"
91.240.118.88 - - [25/May/2026:02:30:32 +0530] "POST /login HTTP/1.1" 401 562 "-" "Mozilla/5.0 (Linux; Android 13; Pixel 7) AppleWebKit/537.36 (KHTML, like Gecko) Chrome/120.0.6099.144 Mobile Safari/537.36"
91.240.118.88 - - [25/May/2026:02:30:33 +0530] "POST /login HTTP/1.1" 401 380 "-" "Mozilla/5.0 (X11; Linux x86_64; rv:109.0) Gecko/20100101 Firefox/121.0"
91.240.118.88 - - [25/May/2026:02:30:33 +0530] "POST /login HTTP/1.1" 401 270 "-" "Mozilla/5.0 (X11; Linux x86_64; rv:109.0) Gecko/20100101 Firefox/121.0"
91.240.118.88 - - [25/May/2026:02:30:35 +0530] "POST /login HTTP/1.1" 401 120 "-" "Mozilla/5.0 (Macintosh; Intel Mac OS X 14_2) AppleWebKit/605.1.15 (KHTML, like Gecko) Version/17.2 Safari/605.1.15"
91.240.118.88 - - [25/May/2026:02:30:36 +0530] "POST /login HTTP/1.1" 401 318 "-" "Mozilla/5.0 (Linux; Android 13; Pixel 7) AppleWebKit/537.36 (KHTML, like Gecko) Chrome/120.0.6099.144 Mobile Safari/537.36"
91.240.118.88 - - [25/May/2026:02:30:37 +0530] "POST /login HTTP/1.1" 200 450 "-" "Mozilla/5.0 (Macintosh; Intel Mac OS X 14_2) AppleWebKit/605.1.15 (KHTML, like Gecko) Version/17.2 Safari/605.1.15"
91.240.118.88 - - [25/May/2026:02:30:38 +0530] "POST /login HTTP/1.1" 401 329 "-" "Mozilla/5.0 (iPhone; CPU iPhone OS 17_2 like Mac OS X) AppleWebKit/605.1.15 (KHTML, like Gecko) Version/17.2 Mobile/15E148 Safari/604.1"
91.240.118.88 - - [25/May/2026:02:30:39 +0530] "POST /login HTTP/1.1" 401 455 "-" "python-requests/2.28.2"
91.240.118.88 - - [25/May/2026:02:30:39 +0530] "POST /login HTTP/1.1" 401 313 "-" "Mozilla/5.0 (Macintosh; Intel Mac OS X 14_2) AppleWebKit/605.1.15 (KHTML, like Gecko) Version/17.2 Safari/605.1.15"
91.240.118.88 - - [25/May/2026:02:30:42 +0530] "POST /login HTTP/1.1" 401 292 "-" "Mozilla/5.0 (iPhone; CPU iPhone OS 17_2 like Mac OS X) AppleWebKit/605.1.15 (KHTML, like Gecko) Version/17.2 Mobile/15E148 Safari/604.1"
91.240.118.88 - - [25/May/2026:02:30:42 +0530] "POST /login HTTP/1.1" 200 122 "-" "Mozilla/5.0 (Linux; Android 13; Pixel 7) AppleWebKit/537.36 (KHTML, like Gecko) Chrome/120.0.6099.144 Mobile Safari/537.36"
91.240.118.88 - - [25/May/2026:02:30:42 +0530] "POST /login HTTP/1.1" 401 439 "-" "python-requests/2.28.2"
91.240.118.88 - - [25/May/2026:02:30:43 +0530] "POST /login HTTP/1.1" 401 281 "-" "python-requests/2.28.2"
91.240.118.88 - - [25/May/2026:02:30:50 +0530] "POST /login HTTP/1.1" 200 238 "-" "Mozilla/5.0 (Windows NT 10.0; Win64; x64) AppleWebKit/537.36 (KHTML, like Gecko) Chrome/120.0.0.0 Safari/537.36"
91.240.118.88 - - [25/May/2026:02:30:55 +0530] "POST /login HTTP/1.1" 403 218 "-" "Mozilla/5.0 (X11; Linux x86_64; rv:109.0) Gecko/20100101 Firefox/121.0"
117.55.34.78 - - [25/May/2026:04:27:27 +0530] "GET /dashboard HTTP/1.1" 200 80620 "https://github.com" "Mozilla/5.0 (Windows NT 10.0; Win64; x64) AppleWebKit/537.36 (KHTML, like Gecko) Chrome/120.0.0.0 Safari/537.36"
115.240.89.12 - - [25/May/2026:05:08:22 +0530] "HEAD /profile HTTP/1.1" 200 29756 "https://t.co/abc123" "Mozilla/5.0 (Macintosh; Intel Mac OS X 14_2) AppleWebKit/605.1.15 (KHTML, like Gecko) Version/17.2 Safari/605.1.15"
117.55.34.78 - - [25/May/2026:05:39:27 +0530] "HEAD /blog/post-2 HTTP/1.1" 200 34503 "https://github.com" "Mozilla/5.0 (X11; Linux x86_64; rv:109.0) Gecko/20100101 Firefox/121.0"
111.221.45.10 - - [25/May/2026:06:35:16 +0530] "POST /api/v1/search HTTP/1.1" 200 4294 "-" "Mozilla/5.0 (Macintosh; Intel Mac OS X 14_2) AppleWebKit/605.1.15 (KHTML, like Gecko) Version/17.2 Safari/605.1.15"
14.139.123.45 - - [25/May/2026:06:43:02 +0530] "OPTIONS /api/v1/users/me HTTP/1.1" 200 14122 "https://www.reddit.com/r/programming" "Mozilla/5.0 (Linux; Android 13; Pixel 7) AppleWebKit/537.36 (KHTML, like Gecko) Chrome/120.0.6099.144 Mobile Safari/537.36"
27.96.78.12 - - [25/May/2026:07:04:22 +0530] "GET /about HTTP/1.1" 304 614 "https://www.google.com/" "Mozilla/5.0 (Linux; Android 13; Pixel 7) AppleWebKit/537.36 (KHTML, like Gecko) Chrome/120.0.6099.144 Mobile Safari/537.36"
45.95.168.189 - - [25/May/2026:07:16:15 +0530] "GET /wp-admin/ HTTP/1.1" 404 407 "-" "python-requests/2.28.2"
115.240.89.12 - - [25/May/2026:09:38:07 +0530] "HEAD /static/js/jquery.min.js HTTP/1.1" 200 21258 "https://www.reddit.com/r/programming" "Mozilla/5.0 (Linux; Android 13; Pixel 7) AppleWebKit/537.36 (KHTML, like Gecko) Chrome/120.0.6099.144 Mobile Safari/537.36"
115.240.89.12 - - [25/May/2026:10:12:09 +0530] "GET /fonts/roboto.woff2 HTTP/1.1" 304 378 "https://www.google.com/search?q=your+site" "Mozilla/5.0 (iPhone; CPU iPhone OS 17_2 like Mac OS X) AppleWebKit/605.1.15 (KHTML, like Gecko) Version/17.2 Mobile/15E148 Safari/604.1"
103.21.244.10 - - [25/May/2026:10:37:49 +0530] "GET /api/v1/export HTTP/1.1" 200 9578748 "https://t.co/abc123" "Mozilla/5.0 (X11; Linux x86_64; rv:109.0) Gecko/20100101 Firefox/121.0"
14.139.123.45 - - [25/May/2026:12:09:09 +0530] "GET /register HTTP/1.1" 200 81939 "https://www.google.com/" "Mozilla/5.0 (Macintosh; Intel Mac OS X 14_2) AppleWebKit/605.1.15 (KHTML, like Gecko) Version/17.2 Safari/605.1.15"
203.192.45.23 - - [25/May/2026:12:46:56 +0530] "POST /static/css/bootstrap.min.css HTTP/1.1" 200 25506 "https://github.com" "Mozilla/5.0 (Windows NT 10.0; Win64; x64) AppleWebKit/537.36 (KHTML, like Gecko) Chrome/120.0.0.0 Safari/537.36"
103.21.244.10 - - [25/May/2026:12:48:53 +0530] "POST /api/v1/export HTTP/1.1" 200 30744965 "-" "Mozilla/5.0 (X11; Linux x86_64; rv:109.0) Gecko/20100101 Firefox/121.0"
111.221.45.10 - - [25/May/2026:13:56:17 +0530] "POST /favicon.ico HTTP/1.1" 304 981 "https://github.com" "Mozilla/5.0 (Macintosh; Intel Mac OS X 14_2) AppleWebKit/605.1.15 (KHTML, like Gecko) Version/17.2 Safari/605.1.15"
89.248.167.131 - - [25/May/2026:14:06:53 +0530] "GET /secret HTTP/1.1" 404 376 "-" "zgrab/0.x"
203.192.45.23 - - [25/May/2026:14:31:50 +0530] "GET /about HTTP/1.1" 301 821 "-" "Mozilla/5.0 (Macintosh; Intel Mac OS X 14_2) AppleWebKit/605.1.15 (KHTML, like Gecko) Version/17.2 Safari/605.1.15"
202.131.4.78 - - [25/May/2026:15:24:27 +0530] "OPTIONS /api/v1/settings HTTP/1.1" 200 88084 "https://www.google.com/search?q=your+site" "Mozilla/5.0 (Windows NT 10.0; Win64; x64) AppleWebKit/537.36 (KHTML, like Gecko) Chrome/120.0.0.0 Safari/537.36"
49.36.78.145 - - [25/May/2026:16:23:06 +0530] "GET /static/js/jquery.min.js HTTP/1.1" 200 68344 "-" "Mozilla/5.0 (Macintosh; Intel Mac OS X 14_2) AppleWebKit/605.1.15 (KHTML, like Gecko) Version/17.2 Safari/605.1.15"
89.248.167.131 - - [25/May/2026:16:24:56 +0530] "GET /private HTTP/1.1" 200 481 "-" "python-requests/2.28.2"
45.123.67.89 - - [25/May/2026:19:05:21 +0530] "GET /register HTTP/1.1" 200 26644 "-" "Mozilla/5.0 (Windows NT 10.0; Win64; x64) AppleWebKit/537.36 (KHTML, like Gecko) Chrome/120.0.0.0 Safari/537.36"
157.32.18.201 - dev-user [25/May/2026:19:39:04 +0530] "GET /sitemap.xml HTTP/1.1" 200 44414 "https://github.com" "Mozilla/5.0 (Linux; Android 13; Pixel 7) AppleWebKit/537.36 (KHTML, like Gecko) Chrome/120.0.6099.144 Mobile Safari/537.36"
117.55.34.78 - - [26/May/2026:00:44:02 +0530] "GET /favicon.ico HTTP/1.1" 200 47398 "https://t.co/abc123" "Mozilla/5.0 (Macintosh; Intel Mac OS X 14_2) AppleWebKit/605.1.15 (KHTML, like Gecko) Version/17.2 Safari/605.1.15"
103.21.244.10 - - [26/May/2026:01:12:15 +0530] "POST /api/v1/export HTTP/1.1" 200 8712950 "-" "Mozilla/5.0 (Windows NT 10.0; Win64; x64) AppleWebKit/537.36 (KHTML, like Gecko) Chrome/120.0.0.0 Safari/537.36"
202.131.4.78 - - [26/May/2026:01:34:35 +0530] "GET /register HTTP/1.1" 200 36032 "https://www.google.com/search?q=your+site" "Mozilla/5.0 (Windows NT 10.0; Win64; x64) AppleWebKit/537.36 (KHTML, like Gecko) Chrome/120.0.0.0 Safari/537.36"
203.192.45.23 - - [26/May/2026:01:52:31 +0530] "HEAD /register HTTP/1.1" 301 497 "https://github.com" "Mozilla/5.0 (X11; Linux x86_64; rv:109.0) Gecko/20100101 Firefox/121.0"
27.96.78.12 - - [26/May/2026:02:36:33 +0530] "HEAD /blog/post-3 HTTP/1.1" 304 334 "https://github.com" "Mozilla/5.0 (X11; Linux x86_64; rv:109.0) Gecko/20100101 Firefox/121.0"
49.36.78.145 - - [26/May/2026:03:18:28 +0530] "OPTIONS /api/v1/settings HTTP/1.1" 200 32553 "https://github.com" "Mozilla/5.0 (Windows NT 10.0; Win64; x64) AppleWebKit/537.36 (KHTML, like Gecko) Chrome/120.0.0.0 Safari/537.36"
203.192.45.23 - - [26/May/2026:03:32:22 +0530] "GET /blog/post-1 HTTP/1.1" 200 71247 "https://www.google.com/search?q=your+site" "Mozilla/5.0 (Macintosh; Intel Mac OS X 14_2) AppleWebKit/605.1.15 (KHTML, like Gecko) Version/17.2 Safari/605.1.15"
14.139.123.45 - - [26/May/2026:07:22:40 +0530] "GET /backups/latest.tar.gz HTTP/1.1" 200 58995994 "https://www.reddit.com/r/programming" "Mozilla/5.0 (Macintosh; Intel Mac OS X 14_2) AppleWebKit/605.1.15 (KHTML, like Gecko) Version/17.2 Safari/605.1.15"
106.51.23.89 - - [26/May/2026:09:11:20 +0530] "GET /dashboard HTTP/1.1" 200 2215 "https://t.co/abc123" "Mozilla/5.0 (Macintosh; Intel Mac OS X 14_2) AppleWebKit/605.1.15 (KHTML, like Gecko) Version/17.2 Safari/605.1.15"
198.54.117.200 - - [26/May/2026:11:00:54 +0530] "POST /.git/config HTTP/1.1" 200 2574 "-" "Mozilla/5.0 (Windows NT 10.0; Win64; x64) AppleWebKit/537.36 (KHTML, like Gecko) Chrome/120.0.0.0 Safari/537.36"
198.54.117.200 - - [26/May/2026:11:00:58 +0530] "GET /search?q=<svg onload=alert(document.cookie)> HTTP/1.1" 200 3747 "-" "sqlmap/1.7.9#stable (https://sqlmap.org)"
198.54.117.200 - - [26/May/2026:11:01:07 +0530] "POST /login?username=admin'--&password=x HTTP/1.1" 404 896 "-" "Nikto/2.1.6"
198.54.117.200 - - [26/May/2026:11:01:46 +0530] "GET /api/v1/users?id=1' OR '1'='1 HTTP/1.1" 403 4560 "-" "Mozilla/5.0 (Windows NT 10.0; Win64; x64) AppleWebKit/537.36 (KHTML, like Gecko) Chrome/120.0.0.0 Safari/537.36"
198.54.117.200 - - [26/May/2026:11:02:00 +0530] "POST /api/v1/data?id=1 AND 1=1 HTTP/1.1" 200 4803 "-" "Nikto/2.1.6"
198.54.117.200 - - [26/May/2026:11:02:04 +0530] "GET /api/v1/data?id=1 AND 1=1 HTTP/1.1" 404 641 "-" "Nikto/2.1.6"
198.54.117.200 - - [26/May/2026:11:02:12 +0530] "GET /wp-admin/ HTTP/1.1" 400 2806 "-" "Nikto/2.1.6"
198.54.117.200 - - [26/May/2026:11:02:37 +0530] "GET /phpmyadmin/ HTTP/1.1" 200 4985 "-" "Nikto/2.1.6"
198.54.117.200 - - [26/May/2026:11:02:38 +0530] "GET /search?q=<svg onload=alert(document.cookie)> HTTP/1.1" 400 1933 "-" "sqlmap/1.7.9#stable (https://sqlmap.org)"
198.54.117.200 - - [26/May/2026:11:02:47 +0530] "POST /api/v1/exec?cmd=ls%20-la HTTP/1.1" 200 841 "-" "sqlmap/1.7.9#stable (https://sqlmap.org)"
198.54.117.200 - - [26/May/2026:11:02:50 +0530] "POST /../../../etc/passwd HTTP/1.1" 200 3914 "-" "Mozilla/5.0 (Windows NT 10.0; Win64; x64) AppleWebKit/537.36 (KHTML, like Gecko) Chrome/120.0.0.0 Safari/537.36"
198.54.117.200 - - [26/May/2026:11:02:59 +0530] "GET /api/v1/exec?cmd=ls%20-la HTTP/1.1" 400 2412 "-" "Nikto/2.1.6"
198.54.117.200 - - [26/May/2026:11:03:38 +0530] "GET /phpmyadmin/ HTTP/1.1" 404 3013 "-" "Nikto/2.1.6"
198.54.117.200 - - [26/May/2026:11:03:52 +0530] "GET /api/v1/exec?cmd=ls%20-la HTTP/1.1" 200 3993 "-" "sqlmap/1.7.9#stable (https://sqlmap.org)"
198.54.117.200 - - [26/May/2026:11:03:56 +0530] "POST /phpmyadmin/ HTTP/1.1" 404 2054 "-" "Mozilla/5.0 (Windows NT 10.0; Win64; x64) AppleWebKit/537.36 (KHTML, like Gecko) Chrome/120.0.0.0 Safari/537.36"
198.54.117.200 - - [26/May/2026:11:04:54 +0530] "POST /search?q=<script>alert('xss')</script> HTTP/1.1" 200 3423 "-" "Mozilla/5.0 (Windows NT 10.0; Win64; x64) AppleWebKit/537.36 (KHTML, like Gecko) Chrome/120.0.0.0 Safari/537.36"
203.192.45.23 - - [26/May/2026:11:49:59 +0530] "POST /blog/post-2 HTTP/1.1" 200 69212 "https://github.com" "Mozilla/5.0 (iPhone; CPU iPhone OS 17_2 like Mac OS X) AppleWebKit/605.1.15 (KHTML, like Gecko) Version/17.2 Mobile/15E148 Safari/604.1"
59.90.12.34 - - [26/May/2026:11:51:29 +0530] "GET /api/v1/settings HTTP/1.1" 200 15453 "https://github.com" "Mozilla/5.0 (Windows NT 10.0; Win64; x64) AppleWebKit/537.36 (KHTML, like Gecko) Chrome/120.0.0.0 Safari/537.36"
103.55.44.67 - dev-user [26/May/2026:11:56:20 +0530] "GET /static/js/jquery.min.js HTTP/1.1" 200 46590 "https://www.reddit.com/r/programming" "Mozilla/5.0 (Windows NT 10.0; Win64; x64) AppleWebKit/537.36 (KHTML, like Gecko) Chrome/120.0.0.0 Safari/537.36"
45.123.67.89 - - [26/May/2026:12:07:55 +0530] "GET /profile HTTP/1.1" 200 38252 "https://t.co/abc123" "Mozilla/5.0 (X11; Linux x86_64; rv:109.0) Gecko/20100101 Firefox/121.0"
106.51.23.89 - - [26/May/2026:13:02:57 +0530] "GET /images/logo.png HTTP/1.1" 304 638 "https://t.co/abc123" "Mozilla/5.0 (Windows NT 10.0; Win64; x64) AppleWebKit/537.36 (KHTML, like Gecko) Chrome/120.0.0.0 Safari/537.36"
202.131.4.78 - - [26/May/2026:13:22:03 +0530] "GET /dashboard HTTP/1.1" 200 53050 "https://github.com" "Mozilla/5.0 (Windows NT 10.0; Win64; x64) AppleWebKit/537.36 (KHTML, like Gecko) Chrome/120.0.0.0 Safari/537.36"
103.55.44.67 - - [26/May/2026:14:59:12 +0530] "OPTIONS /api/v1/settings HTTP/1.1" 200 18504 "-" "Mozilla/5.0 (Macintosh; Intel Mac OS X 14_2) AppleWebKit/605.1.15 (KHTML, like Gecko) Version/17.2 Safari/605.1.15"
89.248.167.131 - - [26/May/2026:15:51:36 +0530] "GET /actuator HTTP/1.1" 301 472 "-" "sqlmap/1.7.9#stable (https://sqlmap.org)"
89.248.167.131 - - [26/May/2026:17:18:00 +0530] "GET /setup.php HTTP/1.1" 404 833 "-" "python-requests/2.28.2"
27.96.78.12 - - [26/May/2026:19:55:28 +0530] "OPTIONS /static/js/jquery.min.js HTTP/1.1" 200 69839 "https://t.co/abc123" "Mozilla/5.0 (Windows NT 10.0; Win64; x64) AppleWebKit/537.36 (KHTML, like Gecko) Chrome/120.0.0.0 Safari/537.36"
89.248.167.131 - - [26/May/2026:21:02:56 +0530] "GET /console HTTP/1.1" 404 359 "-" "sqlmap/1.7.9#stable (https://sqlmap.org)"
27.96.78.12 - - [26/May/2026:22:25:46 +0530] "POST /static/js/vendor.js HTTP/1.1" 200 86913 "https://www.google.com/search?q=your+site" "Mozilla/5.0 (X11; Linux x86_64; rv:109.0) Gecko/20100101 Firefox/121.0"
14.139.123.45 - - [26/May/2026:23:33:50 +0530] "GET /api/v1/export HTTP/1.1" 200 13603226 "-" "Mozilla/5.0 (Linux; Android 13; Pixel 7) AppleWebKit/537.36 (KHTML, like Gecko) Chrome/120.0.6099.144 Mobile Safari/537.36"
45.123.67.89 - dev-user [27/May/2026:01:10:32 +0530] "GET /api/v1/orders HTTP/1.1" 200 78715 "https://www.google.com/search?q=your+site" "Mozilla/5.0 (iPhone; CPU iPhone OS 17_2 like Mac OS X) AppleWebKit/605.1.15 (KHTML, like Gecko) Version/17.2 Mobile/15E148 Safari/604.1"
182.73.106.45 - - [27/May/2026:01:47:54 +0530] "HEAD /blog/post-4 HTTP/1.1" 304 294 "https://t.co/abc123" "Mozilla/5.0 (iPhone; CPU iPhone OS 17_2 like Mac OS X) AppleWebKit/605.1.15 (KHTML, like Gecko) Version/17.2 Mobile/15E148 Safari/604.1"
14.139.123.45 - - [27/May/2026:02:04:40 +0530] "POST /api/v1/data/bulk HTTP/1.1" 200 50075149 "https://github.com" "Mozilla/5.0 (Windows NT 10.0; Win64; x64) AppleWebKit/537.36 (KHTML, like Gecko) Chrome/120.0.0.0 Safari/537.36"
103.21.244.10 - - [27/May/2026:02:39:32 +0530] "GET /dashboard HTTP/1.1" 301 181 "https://www.google.com/search?q=your+site" "Mozilla/5.0 (iPhone; CPU iPhone OS 17_2 like Mac OS X) AppleWebKit/605.1.15 (KHTML, like Gecko) Version/17.2 Mobile/15E148 Safari/604.1"
59.90.12.34 - dev-user [27/May/2026:04:03:53 +0530] "OPTIONS /about HTTP/1.1" 200 38619 "https://t.co/abc123" "Mozilla/5.0 (X11; Linux x86_64; rv:109.0) Gecko/20100101 Firefox/121.0"
89.248.167.131 - - [27/May/2026:04:27:42 +0530] "GET /config.php HTTP/1.1" 403 189 "-" "sqlmap/1.7.9#stable (https://sqlmap.org)"
117.55.34.78 - - [27/May/2026:04:31:31 +0530] "GET /profile HTTP/1.1" 301 490 "https://www.reddit.com/r/programming" "Mozilla/5.0 (iPhone; CPU iPhone OS 17_2 like Mac OS X) AppleWebKit/605.1.15 (KHTML, like Gecko) Version/17.2 Mobile/15E148 Safari/604.1"
106.51.23.89 - - [27/May/2026:05:06:55 +0530] "GET /api/v1/search HTTP/1.1" 301 317 "https://github.com" "Mozilla/5.0 (X11; Linux x86_64; rv:109.0) Gecko/20100101 Firefox/121.0"
202.131.4.78 - - [27/May/2026:05:41:15 +0530] "GET /api/v1/orders HTTP/1.1" 200 23914 "https://www.google.com/" "Mozilla/5.0 (Windows NT 10.0; Win64; x64) AppleWebKit/537.36 (KHTML, like Gecko) Chrome/120.0.0.0 Safari/537.36"
182.73.106.45 - dev-user [27/May/2026:06:04:28 +0530] "GET /api/v1/users/me HTTP/1.1" 304 665 "-" "Mozilla/5.0 (Linux; Android 13; Pixel 7) AppleWebKit/537.36 (KHTML, like Gecko) Chrome/120.0.6099.144 Mobile Safari/537.36"
202.131.4.78 - - [27/May/2026:07:25:52 +0530] "OPTIONS /blog/post-3 HTTP/1.1" 200 55016 "https://www.reddit.com/r/programming" "Mozilla/5.0 (iPhone; CPU iPhone OS 17_2 like Mac OS X) AppleWebKit/605.1.15 (KHTML, like Gecko) Version/17.2 Mobile/15E148 Safari/604.1"
14.139.123.45 - - [27/May/2026:12:47:59 +0530] "GET /fonts/roboto.woff2 HTTP/1.1" 200 63335 "-" "Mozilla/5.0 (Macintosh; Intel Mac OS X 14_2) AppleWebKit/605.1.15 (KHTML, like Gecko) Version/17.2 Safari/605.1.15"
61.12.45.200 - - [27/May/2026:13:02:29 +0530] "GET /static/js/app.js HTTP/1.1" 200 2307 "https://www.google.com/" "Mozilla/5.0 (Linux; Android 13; Pixel 7) AppleWebKit/537.36 (KHTML, like Gecko) Chrome/120.0.6099.144 Mobile Safari/537.36"
182.73.106.45 - dev-user [27/May/2026:14:24:30 +0530] "GET /blog/post-1 HTTP/1.1" 301 231 "https://t.co/abc123" "Mozilla/5.0 (iPhone; CPU iPhone OS 17_2 like Mac OS X) AppleWebKit/605.1.15 (KHTML, like Gecko) Version/17.2 Mobile/15E148 Safari/604.1"
115.240.89.12 - - [27/May/2026:14:26:59 +0530] "GET /login HTTP/1.1" 304 264 "https://www.reddit.com/r/programming" "Mozilla/5.0 (Windows NT 10.0; Win64; x64) AppleWebKit/537.36 (KHTML, like Gecko) Chrome/120.0.0.0 Safari/537.36"
202.131.4.78 - - [27/May/2026:15:26:15 +0530] "HEAD /images/logo.png HTTP/1.1" 200 34040 "https://github.com" "Mozilla/5.0 (Macintosh; Intel Mac OS X 14_2) AppleWebKit/605.1.15 (KHTML, like Gecko) Version/17.2 Safari/605.1.15"
103.21.244.10 - - [27/May/2026:17:08:56 +0530] "PUT /backups/latest.tar.gz HTTP/1.1" 200 58199304 "https://www.google.com/" "Mozilla/5.0 (X11; Linux x86_64; rv:109.0) Gecko/20100101 Firefox/121.0"
89.248.167.131 - - [27/May/2026:17:30:34 +0530] "GET /actuator HTTP/1.1" 404 743 "-" "masscan/1.3 (https://github.com/robertdavidgraham/masscan)"
61.12.45.200 - dev-user [27/May/2026:17:37:11 +0530] "GET /profile HTTP/1.1" 200 82424 "https://www.reddit.com/r/programming" "Mozilla/5.0 (X11; Linux x86_64; rv:109.0) Gecko/20100101 Firefox/121.0"
157.32.18.201 - - [27/May/2026:18:48:04 +0530] "GET /blog/post-3 HTTP/1.1" 200 13767 "https://www.reddit.com/r/programming" "Mozilla/5.0 (Macintosh; Intel Mac OS X 14_2) AppleWebKit/605.1.15 (KHTML, like Gecko) Version/17.2 Safari/605.1.15"
115.240.89.12 - - [27/May/2026:19:26:40 +0530] "HEAD /static/css/main.css HTTP/1.1" 200 80955 "https://www.reddit.com/r/programming" "Mozilla/5.0 (Windows NT 10.0; Win64; x64) AppleWebKit/537.36 (KHTML, like Gecko) Chrome/120.0.0.0 Safari/537.36"
202.131.4.78 - - [27/May/2026:19:37:49 +0530] "GET /api/v1/settings HTTP/1.1" 200 45000 "-" "Mozilla/5.0 (Macintosh; Intel Mac OS X 14_2) AppleWebKit/605.1.15 (KHTML, like Gecko) Version/17.2 Safari/605.1.15"
106.51.23.89 - - [27/May/2026:20:17:09 +0530] "GET /static/js/vendor.js HTTP/1.1" 200 68213 "https://t.co/abc123" "Mozilla/5.0 (iPhone; CPU iPhone OS 17_2 like Mac OS X) AppleWebKit/605.1.15 (KHTML, like Gecko) Version/17.2 Mobile/15E148 Safari/604.1"
182.73.106.45 - - [27/May/2026:21:28:00 +0530] "OPTIONS /images/hero.jpg HTTP/1.1" 200 7845 "https://github.com" "Mozilla/5.0 (Linux; Android 13; Pixel 7) AppleWebKit/537.36 (KHTML, like Gecko) Chrome/120.0.6099.144 Mobile Safari/537.36"
125.16.234.78 - - [27/May/2026:21:29:52 +0530] "HEAD /static/css/main.css HTTP/1.1" 200 86160 "https://www.google.com/search?q=your+site" "Mozilla/5.0 (Linux; Android 13; Pixel 7) AppleWebKit/537.36 (KHTML, like Gecko) Chrome/120.0.6099.144 Mobile Safari/537.36"
125.16.234.78 - - [27/May/2026:21:34:26 +0530] "OPTIONS /robots.txt HTTP/1.1" 304 424 "https://www.reddit.com/r/programming" "Mozilla/5.0 (X11; Linux x86_64; rv:109.0) Gecko/20100101 Firefox/121.0"
106.51.23.89 - - [27/May/2026:23:25:39 +0530] "GET /index.html HTTP/1.1" 200 46370 "https://t.co/abc123" "Mozilla/5.0 (Macintosh; Intel Mac OS X 14_2) AppleWebKit/605.1.15 (KHTML, like Gecko) Version/17.2 Safari/605.1.15"
103.21.244.10 - - [27/May/2026:23:34:52 +0530] "GET /products HTTP/1.1" 304 828 "https://t.co/abc123" "Mozilla/5.0 (Macintosh; Intel Mac OS X 14_2) AppleWebKit/605.1.15 (KHTML, like Gecko) Version/17.2 Safari/605.1.15"
45.95.168.189 - - [28/May/2026:00:00:00 +0530] "GET /actuator/health HTTP/1.1" 200 421 "-" "zgrab/0.x"
45.95.168.189 - - [28/May/2026:00:00:05 +0530] "GET / HTTP/1.1" 403 431 "-" "masscan/1.3 (https://github.com/robertdavidgraham/masscan)"
45.95.168.189 - - [28/May/2026:00:00:13 +0530] "GET /admin HTTP/1.1" 403 327 "-" "masscan/1.3 (https://github.com/robertdavidgraham/masscan)"
45.95.168.189 - - [28/May/2026:00:00:34 +0530] "GET /phpmyadmin/ HTTP/1.1" 200 451 "-" "zgrab/0.x"
45.95.168.189 - - [28/May/2026:00:00:46 +0530] "GET /actuator/health HTTP/1.1" 404 392 "-" "masscan/1.3 (https://github.com/robertdavidgraham/masscan)"
45.95.168.189 - - [28/May/2026:00:01:03 +0530] "GET /server-status HTTP/1.1" 403 493 "-" "masscan/1.3 (https://github.com/robertdavidgraham/masscan)"
45.95.168.189 - - [28/May/2026:00:01:12 +0530] "GET /wp-login.php HTTP/1.1" 200 312 "-" "zgrab/0.x"
45.95.168.189 - - [28/May/2026:00:01:20 +0530] "GET /crossdomain.xml HTTP/1.1" 200 156 "-" "masscan/1.3 (https://github.com/robertdavidgraham/masscan)"
45.95.168.189 - - [28/May/2026:00:02:20 +0530] "GET /config.php HTTP/1.1" 404 455 "-" "masscan/1.3 (https://github.com/robertdavidgraham/masscan)"
45.95.168.189 - - [28/May/2026:00:02:32 +0530] "GET /actuator/health HTTP/1.1" 404 331 "-" "zgrab/0.x"
59.90.12.34 - - [28/May/2026:00:20:10 +0530] "GET /api/v1/settings HTTP/1.1" 304 760 "https://www.reddit.com/r/programming" "Mozilla/5.0 (Linux; Android 13; Pixel 7) AppleWebKit/537.36 (KHTML, like Gecko) Chrome/120.0.6099.144 Mobile Safari/537.36"
49.36.78.145 - - [28/May/2026:01:48:21 +0530] "HEAD /api/v1/products HTTP/1.1" 200 61015 "https://www.google.com/search?q=your+site" "Mozilla/5.0 (Macintosh; Intel Mac OS X 14_2) AppleWebKit/605.1.15 (KHTML, like Gecko) Version/17.2 Safari/605.1.15"
106.51.23.89 - dev-user [28/May/2026:02:09:24 +0530] "GET /blog/post-4 HTTP/1.1" 200 4015 "https://www.google.com/" "Mozilla/5.0 (Linux; Android 13; Pixel 7) AppleWebKit/537.36 (KHTML, like Gecko) Chrome/120.0.6099.144 Mobile Safari/537.36"
106.51.23.89 - - [28/May/2026:03:07:27 +0530] "GET /blog/post-3 HTTP/1.1" 304 892 "https://www.google.com/" "Mozilla/5.0 (Macintosh; Intel Mac OS X 14_2) AppleWebKit/605.1.15 (KHTML, like Gecko) Version/17.2 Safari/605.1.15"
103.21.244.10 - - [28/May/2026:03:47:36 +0530] "HEAD /blog/post-2 HTTP/1.1" 200 70322 "https://www.google.com/" "Mozilla/5.0 (Macintosh; Intel Mac OS X 14_2) AppleWebKit/605.1.15 (KHTML, like Gecko) Version/17.2 Safari/605.1.15"
115.240.89.12 - dev-user [28/May/2026:03:51:22 +0530] "HEAD /favicon.ico HTTP/1.1" 304 874 "https://www.google.com/" "Mozilla/5.0 (iPhone; CPU iPhone OS 17_2 like Mac OS X) AppleWebKit/605.1.15 (KHTML, like Gecko) Version/17.2 Mobile/15E148 Safari/604.1"
59.90.12.34 - dev-user [28/May/2026:05:10:45 +0530] "GET /images/hero.jpg HTTP/1.1" 304 461 "https://github.com" "Mozilla/5.0 (X11; Linux x86_64; rv:109.0) Gecko/20100101 Firefox/121.0"
111.221.45.10 - - [28/May/2026:05:17:27 +0530] "POST /api/v1/products HTTP/1.1" 200 4405 "https://www.google.com/" "Mozilla/5.0 (Windows NT 10.0; Win64; x64) AppleWebKit/537.36 (KHTML, like Gecko) Chrome/120.0.0.0 Safari/537.36"
27.96.78.12 - dev-user [28/May/2026:05:20:33 +0530] "GET /api/v1/settings HTTP/1.1" 200 31556 "https://t.co/abc123" "Mozilla/5.0 (Macintosh; Intel Mac OS X 14_2) AppleWebKit/605.1.15 (KHTML, like Gecko) Version/17.2 Safari/605.1.15"
45.123.67.89 - - [28/May/2026:06:35:49 +0530] "GET /profile HTTP/1.1" 301 218 "https://www.reddit.com/r/programming" "Mozilla/5.0 (X11; Linux x86_64; rv:109.0) Gecko/20100101 Firefox/121.0"
89.248.167.131 - - [28/May/2026:09:42:27 +0530] "GET /wp-admin/ HTTP/1.1" 404 412 "-" "masscan/1.3 (https://github.com/robertdavidgraham/masscan)"
103.21.244.10 - - [28/May/2026:10:17:04 +0530] "OPTIONS /contact HTTP/1.1" 200 57106 "https://t.co/abc123" "Mozilla/5.0 (Windows NT 10.0; Win64; x64) AppleWebKit/537.36 (KHTML, like Gecko) Chrome/120.0.0.0 Safari/537.36"
61.12.45.200 - - [28/May/2026:10:18:18 +0530] "GET /favicon.ico HTTP/1.1" 304 441 "https://t.co/abc123" "Mozilla/5.0 (Linux; Android 13; Pixel 7) AppleWebKit/537.36 (KHTML, like Gecko) Chrome/120.0.6099.144 Mobile Safari/537.36"
49.36.78.145 - - [28/May/2026:10:24:12 +0530] "GET /static/css/main.css HTTP/1.1" 200 88617 "https://www.reddit.com/r/programming" "Mozilla/5.0 (Linux; Android 13; Pixel 7) AppleWebKit/537.36 (KHTML, like Gecko) Chrome/120.0.6099.144 Mobile Safari/537.36"
49.36.78.145 - - [28/May/2026:10:54:19 +0530] "HEAD /blog/post-3 HTTP/1.1" 200 49808 "https://github.com" "Mozilla/5.0 (X11; Linux x86_64; rv:109.0) Gecko/20100101 Firefox/121.0"
117.55.34.78 - - [28/May/2026:11:09:46 +0530] "OPTIONS /api/v1/orders HTTP/1.1" 301 225 "https://github.com" "Mozilla/5.0 (Windows NT 10.0; Win64; x64) AppleWebKit/537.36 (KHTML, like Gecko) Chrome/120.0.0.0 Safari/537.36"
182.73.106.45 - - [28/May/2026:12:48:14 +0530] "OPTIONS /images/hero.jpg HTTP/1.1" 200 88684 "https://www.google.com/" "Mozilla/5.0 (Linux; Android 13; Pixel 7) AppleWebKit/537.36 (KHTML, like Gecko) Chrome/120.0.6099.144 Mobile Safari/537.36"
14.139.123.45 - - [28/May/2026:12:56:09 +0530] "GET /api/v1/users/me HTTP/1.1" 304 665 "https://www.google.com/search?q=your+site" "Mozilla/5.0 (X11; Linux x86_64; rv:109.0) Gecko/20100101 Firefox/121.0"
89.248.167.131 - - [28/May/2026:15:28:47 +0530] "GET /setup.php HTTP/1.1" 301 619 "-" "masscan/1.3 (https://github.com/robertdavidgraham/masscan)"
103.21.244.10 - - [28/May/2026:15:47:50 +0530] "GET /images/hero.jpg HTTP/1.1" 200 82673 "https://www.google.com/" "Mozilla/5.0 (Windows NT 10.0; Win64; x64) AppleWebKit/537.36 (KHTML, like Gecko) Chrome/120.0.0.0 Safari/537.36"
117.55.34.78 - - [28/May/2026:16:47:37 +0530] "GET /sitemap.xml HTTP/1.1" 304 984 "https://github.com" "Mozilla/5.0 (iPhone; CPU iPhone OS 17_2 like Mac OS X) AppleWebKit/605.1.15 (KHTML, like Gecko) Version/17.2 Mobile/15E148 Safari/604.1"
115.240.89.12 - - [28/May/2026:17:31:20 +0530] "OPTIONS /static/css/main.css HTTP/1.1" 200 787 "-" "Mozilla/5.0 (Linux; Android 13; Pixel 7) AppleWebKit/537.36 (KHTML, like Gecko) Chrome/120.0.6099.144 Mobile Safari/537.36"
14.139.123.45 - dev-user [28/May/2026:17:48:43 +0530] "GET /dashboard HTTP/1.1" 200 45142 "https://www.reddit.com/r/programming" "Mozilla/5.0 (iPhone; CPU iPhone OS 17_2 like Mac OS X) AppleWebKit/605.1.15 (KHTML, like Gecko) Version/17.2 Mobile/15E148 Safari/604.1"
14.139.123.45 - - [28/May/2026:20:00:46 +0530] "HEAD /fonts/roboto.woff2 HTTP/1.1" 200 2634 "https://www.google.com/" "Mozilla/5.0 (Windows NT 10.0; Win64; x64) AppleWebKit/537.36 (KHTML, like Gecko) Chrome/120.0.0.0 Safari/537.36"
182.73.106.45 - - [28/May/2026:20:55:59 +0530] "OPTIONS /api/v1/settings HTTP/1.1" 200 13569 "https://github.com" "Mozilla/5.0 (iPhone; CPU iPhone OS 17_2 like Mac OS X) AppleWebKit/605.1.15 (KHTML, like Gecko) Version/17.2 Mobile/15E148 Safari/604.1"
157.32.18.201 - - [28/May/2026:21:07:17 +0530] "OPTIONS /register HTTP/1.1" 200 30316 "https://www.google.com/" "Mozilla/5.0 (Linux; Android 13; Pixel 7) AppleWebKit/537.36 (KHTML, like Gecko) Chrome/120.0.6099.144 Mobile Safari/537.36"
61.12.45.200 - - [28/May/2026:23:31:23 +0530] "OPTIONS /index.html HTTP/1.1" 200 62024 "https://github.com" "Mozilla/5.0 (X11; Linux x86_64; rv:109.0) Gecko/20100101 Firefox/121.0"
49.36.78.145 - - [28/May/2026:23:35:17 +0530] "GET /api/v1/products HTTP/1.1" 200 73524 "https://www.google.com/search?q=your+site" "Mozilla/5.0 (iPhone; CPU iPhone OS 17_2 like Mac OS X) AppleWebKit/605.1.15 (KHTML, like Gecko) Version/17.2 Mobile/15E148 Safari/604.1"
203.192.45.23 - - [28/May/2026:23:46:33 +0530] "GET /profile HTTP/1.1" 200 23240 "https://www.google.com/" "Mozilla/5.0 (iPhone; CPU iPhone OS 17_2 like Mac OS X) AppleWebKit/605.1.15 (KHTML, like Gecko) Version/17.2 Mobile/15E148 Safari/604.1"
115.240.89.12 - - [29/May/2026:00:14:18 +0530] "GET /favicon.ico HTTP/1.1" 200 18473 "https://www.google.com/" "Mozilla/5.0 (X11; Linux x86_64; rv:109.0) Gecko/20100101 Firefox/121.0"
103.55.44.67 - dev-user [29/May/2026:00:20:41 +0530] "GET /contact HTTP/1.1" 301 667 "https://www.reddit.com/r/programming" "Mozilla/5.0 (Windows NT 10.0; Win64; x64) AppleWebKit/537.36 (KHTML, like Gecko) Chrome/120.0.0.0 Safari/537.36"
103.55.44.67 - - [29/May/2026:01:05:00 +0530] "GET /blog/post-4 HTTP/1.1" 304 762 "https://t.co/abc123" "Mozilla/5.0 (Windows NT 10.0; Win64; x64) AppleWebKit/537.36 (KHTML, like Gecko) Chrome/120.0.0.0 Safari/537.36"
103.55.44.67 - - [29/May/2026:02:14:02 +0530] "POST /images/logo.png HTTP/1.1" 200 37554 "https://www.google.com/search?q=your+site" "Mozilla/5.0 (Windows NT 10.0; Win64; x64) AppleWebKit/537.36 (KHTML, like Gecko) Chrome/120.0.0.0 Safari/537.36"
103.55.44.67 - - [29/May/2026:02:55:58 +0530] "OPTIONS /static/js/vendor.js HTTP/1.1" 301 790 "https://t.co/abc123" "Mozilla/5.0 (X11; Linux x86_64; rv:109.0) Gecko/20100101 Firefox/121.0"
115.240.89.12 - - [29/May/2026:03:04:24 +0530] "POST /images/hero.jpg HTTP/1.1" 200 37998 "-" "Mozilla/5.0 (iPhone; CPU iPhone OS 17_2 like Mac OS X) AppleWebKit/605.1.15 (KHTML, like Gecko) Version/17.2 Mobile/15E148 Safari/604.1"
117.55.34.78 - dev-user [29/May/2026:03:06:00 +0530] "GET /blog/post-1 HTTP/1.1" 200 41660 "https://www.google.com/search?q=your+site" "Mozilla/5.0 (X11; Linux x86_64; rv:109.0) Gecko/20100101 Firefox/121.0"
111.221.45.10 - - [29/May/2026:03:42:47 +0530] "GET /dashboard HTTP/1.1" 200 16559 "https://github.com" "Mozilla/5.0 (Linux; Android 13; Pixel 7) AppleWebKit/537.36 (KHTML, like Gecko) Chrome/120.0.6099.144 Mobile Safari/537.36"
202.131.4.78 - - [29/May/2026:03:58:39 +0530] "OPTIONS /static/js/vendor.js HTTP/1.1" 200 84248 "https://www.reddit.com/r/programming" "Mozilla/5.0 (iPhone; CPU iPhone OS 17_2 like Mac OS X) AppleWebKit/605.1.15 (KHTML, like Gecko) Version/17.2 Mobile/15E148 Safari/604.1"
103.55.44.67 - - [29/May/2026:04:37:09 +0530] "GET /static/js/jquery.min.js HTTP/1.1" 200 25081 "https://github.com" "Mozilla/5.0 (Windows NT 10.0; Win64; x64) AppleWebKit/537.36 (KHTML, like Gecko) Chrome/120.0.0.0 Safari/537.36"
14.139.123.45 - - [29/May/2026:05:52:18 +0530] "GET /api/v1/data/bulk HTTP/1.1" 200 37839144 "https://www.google.com/" "Mozilla/5.0 (X11; Linux x86_64; rv:109.0) Gecko/20100101 Firefox/121.0"
157.32.18.201 - - [29/May/2026:05:57:03 +0530] "GET /contact HTTP/1.1" 301 383 "-" "Mozilla/5.0 (Linux; Android 13; Pixel 7) AppleWebKit/537.36 (KHTML, like Gecko) Chrome/120.0.6099.144 Mobile Safari/537.36"
14.139.123.45 - dev-user [29/May/2026:06:17:53 +0530] "POST /api/v1/products HTTP/1.1" 301 846 "https://github.com" "Mozilla/5.0 (Linux; Android 13; Pixel 7) AppleWebKit/537.36 (KHTML, like Gecko) Chrome/120.0.6099.144 Mobile Safari/537.36"
182.73.106.45 - - [29/May/2026:07:18:27 +0530] "GET /register HTTP/1.1" 200 70792 "https://www.google.com/" "Mozilla/5.0 (X11; Linux x86_64; rv:109.0) Gecko/20100101 Firefox/121.0"
103.21.244.10 - dev-user [29/May/2026:07:25:28 +0530] "OPTIONS /dashboard HTTP/1.1" 301 270 "https://www.google.com/search?q=your+site" "Mozilla/5.0 (iPhone; CPU iPhone OS 17_2 like Mac OS X) AppleWebKit/605.1.15 (KHTML, like Gecko) Version/17.2 Mobile/15E148 Safari/604.1"
45.95.168.189 - - [29/May/2026:08:18:50 +0530] "GET /private HTTP/1.1" 404 342 "-" "python-requests/2.28.2"
157.32.18.201 - - [29/May/2026:08:34:28 +0530] "HEAD /blog/post-1 HTTP/1.1" 200 36169 "https://github.com" "Mozilla/5.0 (iPhone; CPU iPhone OS 17_2 like Mac OS X) AppleWebKit/605.1.15 (KHTML, like Gecko) Version/17.2 Mobile/15E148 Safari/604.1"
117.55.34.78 - - [29/May/2026:09:13:54 +0530] "OPTIONS /blog/post-3 HTTP/1.1" 301 174 "https://t.co/abc123" "Mozilla/5.0 (Linux; Android 13; Pixel 7) AppleWebKit/537.36 (KHTML, like Gecko) Chrome/120.0.6099.144 Mobile Safari/537.36"
80.82.77.33 - - [29/May/2026:10:09:56 +0530] "GET /.env HTTP/1.1" 404 595 "-" "python-requests/2.28.2"
80.82.77.33 - - [29/May/2026:10:31:05 +0530] "GET /phpmyadmin/ HTTP/1.1" 404 995 "-" "masscan/1.3 (https://github.com/robertdavidgraham/masscan)"
125.16.234.78 - - [29/May/2026:11:21:21 +0530] "GET /blog/post-2 HTTP/1.1" 200 69743 "-" "Mozilla/5.0 (Windows NT 10.0; Win64; x64) AppleWebKit/537.36 (KHTML, like Gecko) Chrome/120.0.0.0 Safari/537.36"
27.96.78.12 - - [29/May/2026:12:41:20 +0530] "POST /register HTTP/1.1" 200 89853 "https://www.google.com/search?q=your+site" "Mozilla/5.0 (iPhone; CPU iPhone OS 17_2 like Mac OS X) AppleWebKit/605.1.15 (KHTML, like Gecko) Version/17.2 Mobile/15E148 Safari/604.1"
61.12.45.200 - dev-user [29/May/2026:13:16:24 +0530] "POST /register HTTP/1.1" 200 34086 "https://www.google.com/" "Mozilla/5.0 (Linux; Android 13; Pixel 7) AppleWebKit/537.36 (KHTML, like Gecko) Chrome/120.0.6099.144 Mobile Safari/537.36"
182.73.106.45 - - [29/May/2026:14:10:56 +0530] "GET /contact HTTP/1.1" 200 30071 "https://www.reddit.com/r/programming" "Mozilla/5.0 (X11; Linux x86_64; rv:109.0) Gecko/20100101 Firefox/121.0"
202.131.4.78 - - [29/May/2026:14:44:13 +0530] "GET /api/v1/reports HTTP/1.1" 200 33886 "https://t.co/abc123" "Mozilla/5.0 (Windows NT 10.0; Win64; x64) AppleWebKit/537.36 (KHTML, like Gecko) Chrome/120.0.0.0 Safari/537.36"
103.55.44.67 - - [29/May/2026:15:02:04 +0530] "GET /api/v1/settings HTTP/1.1" 200 1767 "https://t.co/abc123" "Mozilla/5.0 (Macintosh; Intel Mac OS X 14_2) AppleWebKit/605.1.15 (KHTML, like Gecko) Version/17.2 Safari/605.1.15"
103.55.44.67 - - [29/May/2026:15:56:14 +0530] "GET /about HTTP/1.1" 200 40393 "https://www.google.com/search?q=your+site" "Mozilla/5.0 (X11; Linux x86_64; rv:109.0) Gecko/20100101 Firefox/121.0"
182.73.106.45 - - [29/May/2026:16:19:31 +0530] "OPTIONS /blog/post-3 HTTP/1.1" 200 71004 "-" "Mozilla/5.0 (iPhone; CPU iPhone OS 17_2 like Mac OS X) AppleWebKit/605.1.15 (KHTML, like Gecko) Version/17.2 Mobile/15E148 Safari/604.1"
89.248.167.131 - - [29/May/2026:18:10:31 +0530] "GET /.git/config HTTP/1.1" 404 810 "-" "masscan/1.3 (https://github.com/robertdavidgraham/masscan)"
202.131.4.78 - - [29/May/2026:19:03:26 +0530] "GET /about HTTP/1.1" 304 385 "-" "Mozilla/5.0 (iPhone; CPU iPhone OS 17_2 like Mac OS X) AppleWebKit/605.1.15 (KHTML, like Gecko) Version/17.2 Mobile/15E148 Safari/604.1"
45.95.168.189 - - [29/May/2026:19:03:29 +0530] "GET /api/v1/internal HTTP/1.1" 404 168 "-" "zgrab/0.x"
117.55.34.78 - - [29/May/2026:20:08:18 +0530] "OPTIONS /blog/post-1 HTTP/1.1" 200 22410 "https://www.google.com/" "Mozilla/5.0 (Macintosh; Intel Mac OS X 14_2) AppleWebKit/605.1.15 (KHTML, like Gecko) Version/17.2 Safari/605.1.15"
203.192.45.23 - - [29/May/2026:21:23:51 +0530] "GET /fonts/roboto.woff2 HTTP/1.1" 200 31529 "https://www.google.com/search?q=your+site" "Mozilla/5.0 (X11; Linux x86_64; rv:109.0) Gecko/20100101 Firefox/121.0"
182.73.106.45 - - [30/May/2026:01:11:56 +0530] "HEAD /api/v1/reports HTTP/1.1" 200 66969 "https://t.co/abc123" "Mozilla/5.0 (Linux; Android 13; Pixel 7) AppleWebKit/537.36 (KHTML, like Gecko) Chrome/120.0.6099.144 Mobile Safari/537.36"
115.240.89.12 - - [30/May/2026:02:35:58 +0530] "GET /dashboard HTTP/1.1" 301 671 "https://github.com" "Mozilla/5.0 (Linux; Android 13; Pixel 7) AppleWebKit/537.36 (KHTML, like Gecko) Chrome/120.0.6099.144 Mobile Safari/537.36"
14.139.123.45 - - [30/May/2026:03:04:07 +0530] "GET /dashboard HTTP/1.1" 301 470 "https://www.reddit.com/r/programming" "Mozilla/5.0 (X11; Linux x86_64; rv:109.0) Gecko/20100101 Firefox/121.0"
59.90.12.34 - dev-user [30/May/2026:05:34:32 +0530] "GET /api/v1/users/me HTTP/1.1" 301 616 "https://github.com" "Mozilla/5.0 (X11; Linux x86_64; rv:109.0) Gecko/20100101 Firefox/121.0"
115.240.89.12 - - [30/May/2026:05:54:13 +0530] "GET /api/v1/users/me HTTP/1.1" 301 913 "https://www.reddit.com/r/programming" "Mozilla/5.0 (Linux; Android 13; Pixel 7) AppleWebKit/537.36 (KHTML, like Gecko) Chrome/120.0.6099.144 Mobile Safari/537.36"
59.90.12.34 - - [30/May/2026:06:20:03 +0530] "GET /blog/post-3 HTTP/1.1" 200 16774 "https://www.google.com/" "Mozilla/5.0 (iPhone; CPU iPhone OS 17_2 like Mac OS X) AppleWebKit/605.1.15 (KHTML, like Gecko) Version/17.2 Mobile/15E148 Safari/604.1"
61.12.45.200 - - [30/May/2026:07:50:38 +0530] "POST /blog/post-4 HTTP/1.1" 200 89440 "https://www.reddit.com/r/programming" "Mozilla/5.0 (X11; Linux x86_64; rv:109.0) Gecko/20100101 Firefox/121.0"
49.36.78.145 - - [30/May/2026:08:13:28 +0530] "GET /api/v1/search HTTP/1.1" 200 15302 "https://github.com" "Mozilla/5.0 (X11; Linux x86_64; rv:109.0) Gecko/20100101 Firefox/121.0"
103.55.44.67 - - [30/May/2026:08:17:10 +0530] "GET /sitemap.xml HTTP/1.1" 200 41788 "https://t.co/abc123" "Mozilla/5.0 (X11; Linux x86_64; rv:109.0) Gecko/20100101 Firefox/121.0"
49.36.78.145 - - [30/May/2026:09:33:42 +0530] "GET /favicon.ico HTTP/1.1" 200 77682 "https://www.google.com/search?q=your+site" "Mozilla/5.0 (Linux; Android 13; Pixel 7) AppleWebKit/537.36 (KHTML, like Gecko) Chrome/120.0.6099.144 Mobile Safari/537.36"
45.123.67.89 - - [30/May/2026:09:43:34 +0530] "POST /api/v1/products HTTP/1.1" 200 74412 "https://www.reddit.com/r/programming" "Mozilla/5.0 (Windows NT 10.0; Win64; x64) AppleWebKit/537.36 (KHTML, like Gecko) Chrome/120.0.0.0 Safari/537.36"
89.248.167.131 - - [30/May/2026:09:44:16 +0530] "GET /secret HTTP/1.1" 404 366 "-" "masscan/1.3 (https://github.com/robertdavidgraham/masscan)"
117.55.34.78 - - [30/May/2026:10:00:41 +0530] "GET /contact HTTP/1.1" 200 75399 "https://www.reddit.com/r/programming" "Mozilla/5.0 (Windows NT 10.0; Win64; x64) AppleWebKit/537.36 (KHTML, like Gecko) Chrome/120.0.0.0 Safari/537.36"
115.240.89.12 - dev-user [30/May/2026:10:22:54 +0530] "GET /login HTTP/1.1" 304 559 "https://www.reddit.com/r/programming" "Mozilla/5.0 (iPhone; CPU iPhone OS 17_2 like Mac OS X) AppleWebKit/605.1.15 (KHTML, like Gecko) Version/17.2 Mobile/15E148 Safari/604.1"
115.240.89.12 - dev-user [30/May/2026:10:23:13 +0530] "HEAD /images/logo.png HTTP/1.1" 200 21392 "https://github.com" "Mozilla/5.0 (Windows NT 10.0; Win64; x64) AppleWebKit/537.36 (KHTML, like Gecko) Chrome/120.0.0.0 Safari/537.36"
117.55.34.78 - - [30/May/2026:10:35:45 +0530] "GET /products HTTP/1.1" 301 948 "https://t.co/abc123" "Mozilla/5.0 (Macintosh; Intel Mac OS X 14_2) AppleWebKit/605.1.15 (KHTML, like Gecko) Version/17.2 Safari/605.1.15"
103.21.244.10 - - [30/May/2026:10:36:23 +0530] "POST /dashboard HTTP/1.1" 200 1717 "https://t.co/abc123" "Mozilla/5.0 (Windows NT 10.0; Win64; x64) AppleWebKit/537.36 (KHTML, like Gecko) Chrome/120.0.0.0 Safari/537.36"
45.123.67.89 - dev-user [30/May/2026:11:21:04 +0530] "OPTIONS /blog/post-1 HTTP/1.1" 301 873 "https://www.reddit.com/r/programming" "Mozilla/5.0 (X11; Linux x86_64; rv:109.0) Gecko/20100101 Firefox/121.0"
202.131.4.78 - - [30/May/2026:11:33:17 +0530] "HEAD /api/v1/orders HTTP/1.1" 304 176 "https://www.reddit.com/r/programming" "Mozilla/5.0 (iPhone; CPU iPhone OS 17_2 like Mac OS X) AppleWebKit/605.1.15 (KHTML, like Gecko) Version/17.2 Mobile/15E148 Safari/604.1"
202.131.4.78 - - [30/May/2026:12:13:45 +0530] "GET /dashboard HTTP/1.1" 200 27151 "https://t.co/abc123" "Mozilla/5.0 (Linux; Android 13; Pixel 7) AppleWebKit/537.36 (KHTML, like Gecko) Chrome/120.0.6099.144 Mobile Safari/537.36"
61.12.45.200 - - [30/May/2026:12:40:15 +0530] "OPTIONS /static/js/vendor.js HTTP/1.1" 301 904 "-" "Mozilla/5.0 (X11; Linux x86_64; rv:109.0) Gecko/20100101 Firefox/121.0"
80.82.77.33 - - [30/May/2026:13:51:57 +0530] "GET /setup.php HTTP/1.1" 404 379 "-" "Nikto/2.1.6"
115.240.89.12 - - [30/May/2026:16:09:38 +0530] "GET /blog/post-4 HTTP/1.1" 200 53834 "https://github.com" "Mozilla/5.0 (X11; Linux x86_64; rv:109.0) Gecko/20100101 Firefox/121.0"
125.16.234.78 - - [30/May/2026:16:51:41 +0530] "OPTIONS /api/v1/settings HTTP/1.1" 200 30616 "https://t.co/abc123" "Mozilla/5.0 (X11; Linux x86_64; rv:109.0) Gecko/20100101 Firefox/121.0"
14.139.123.45 - - [30/May/2026:16:52:39 +0530] "POST /register HTTP/1.1" 301 778 "https://www.reddit.com/r/programming" "Mozilla/5.0 (X11; Linux x86_64; rv:109.0) Gecko/20100101 Firefox/121.0"
45.95.168.189 - - [30/May/2026:18:26:23 +0530] "GET /api/v1/hidden HTTP/1.1" 404 125 "-" "python-requests/2.28.2"
59.90.12.34 - - [30/May/2026:19:03:48 +0530] "HEAD /blog/post-4 HTTP/1.1" 200 24623 "https://t.co/abc123" "Mozilla/5.0 (iPhone; CPU iPhone OS 17_2 like Mac OS X) AppleWebKit/605.1.15 (KHTML, like Gecko) Version/17.2 Mobile/15E148 Safari/604.1"
115.240.89.12 - - [30/May/2026:21:03:48 +0530] "GET /sitemap.xml HTTP/1.1" 301 566 "https://www.reddit.com/r/programming" "Mozilla/5.0 (Macintosh; Intel Mac OS X 14_2) AppleWebKit/605.1.15 (KHTML, like Gecko) Version/17.2 Safari/605.1.15"
61.12.45.200 - - [30/May/2026:21:38:31 +0530] "POST /static/js/vendor.js HTTP/1.1" 200 82788 "https://github.com" "Mozilla/5.0 (X11; Linux x86_64; rv:109.0) Gecko/20100101 Firefox/121.0"
202.131.4.78 - - [30/May/2026:21:58:20 +0530] "GET /login HTTP/1.1" 200 81356 "https://www.google.com/" "Mozilla/5.0 (Linux; Android 13; Pixel 7) AppleWebKit/537.36 (KHTML, like Gecko) Chrome/120.0.6099.144 Mobile Safari/537.36"
45.123.67.89 - - [30/May/2026:22:52:05 +0530] "GET /api/v1/settings HTTP/1.1" 200 11092 "-" "Mozilla/5.0 (X11; Linux x86_64; rv:109.0) Gecko/20100101 Firefox/121.0"
203.192.45.23 - dev-user [30/May/2026:23:16:44 +0530] "GET /api/v1/products HTTP/1.1" 200 81084 "https://www.google.com/" "Mozilla/5.0 (Linux; Android 13; Pixel 7) AppleWebKit/537.36 (KHTML, like Gecko) Chrome/120.0.6099.144 Mobile Safari/537.36"
157.32.18.201 - dev-user [31/May/2026:00:10:55 +0530] "OPTIONS /blog/post-1 HTTP/1.1" 200 74213 "https://github.com" "Mozilla/5.0 (X11; Linux x86_64; rv:109.0) Gecko/20100101 Firefox/121.0"
80.82.77.33 - - [31/May/2026:01:23:04 +0530] "GET /manager/html HTTP/1.1" 200 104 "-" "zgrab/0.x"
89.248.167.131 - - [31/May/2026:03:21:52 +0530] "GET /manager/html HTTP/1.1" 404 215 "-" "python-requests/2.28.2"
61.12.45.200 - - [31/May/2026:05:10:11 +0530] "GET /api/v1/users/me HTTP/1.1" 200 77780 "https://www.google.com/" "Mozilla/5.0 (Linux; Android 13; Pixel 7) AppleWebKit/537.36 (KHTML, like Gecko) Chrome/120.0.6099.144 Mobile Safari/537.36"
125.16.234.78 - - [31/May/2026:05:11:41 +0530] "OPTIONS /api/v1/orders HTTP/1.1" 200 2026 "https://www.reddit.com/r/programming" "Mozilla/5.0 (Macintosh; Intel Mac OS X 14_2) AppleWebKit/605.1.15 (KHTML, like Gecko) Version/17.2 Safari/605.1.15"
202.131.4.78 - - [31/May/2026:05:28:41 +0530] "GET /register HTTP/1.1" 200 46957 "https://github.com" "Mozilla/5.0 (Linux; Android 13; Pixel 7) AppleWebKit/537.36 (KHTML, like Gecko) Chrome/120.0.6099.144 Mobile Safari/537.36"
103.55.44.67 - - [31/May/2026:05:51:04 +0530] "GET /api/v1/users/me HTTP/1.1" 200 71007 "https://www.google.com/" "Mozilla/5.0 (X11; Linux x86_64; rv:109.0) Gecko/20100101 Firefox/121.0"
125.16.234.78 - - [31/May/2026:06:51:40 +0530] "GET /api/v1/search HTTP/1.1" 200 72965 "https://www.google.com/" "Mozilla/5.0 (X11; Linux x86_64; rv:109.0) Gecko/20100101 Firefox/121.0"
122.161.45.67 - - [31/May/2026:07:02:33 +0530] "GET /login HTTP/1.1" 301 716 "https://t.co/abc123" "Mozilla/5.0 (Windows NT 10.0; Win64; x64) AppleWebKit/537.36 (KHTML, like Gecko) Chrome/120.0.0.0 Safari/537.36"
