14.139.123.45 - - [06/Jun/2026:22:14:19 +0530] "OPTIONS /blog/post-2 HTTP/1.1" 200 61987 "https://www.reddit.com/r/programming" "Mozilla/5.0 (X11; Linux x86_64; rv:109.0) Gecko/20100101 Firefox/121.0"
14.139.123.45 - - [06/Jun/2026:22:25:52 +0530] "GET /api/v1/data/bulk HTTP/1.1" 200 51094052 "https://www.google.com/" "Mozilla/5.0 (iPhone; CPU iPhone OS 17_2 like Mac OS X) AppleWebKit/605.1.15 (KHTML, like Gecko) Version/17.2 Mobile/15E148 Safari/604.1"
45.123.67.89 - dev-user [06/Jun/2026:23:06:54 +0530] "HEAD /blog/post-4 HTTP/1.1" 200 10181 "-" "Mozilla/5.0 (X11; Linux x86_64; rv:109.0) Gecko/20100101 Firefox/121.0"
45.95.168.189 - - [06/Jun/2026:23:10:55 +0530] "GET /server-status HTTP/1.1" 404 804 "-" "masscan/1.3 (https://github.com/robertdavidgraham/masscan)"
115.240.89.12 - dev-user [06/Jun/2026:23:39:45 +0530] "GET /sitemap.xml HTTP/1.1" 200 6758 "https://github.com" "Mozilla/5.0 (Macintosh; Intel Mac OS X 14_2) AppleWebKit/605.1.15 (KHTML, like Gecko) Version/17.2 Safari/605.1.15"
111.221.45.10 - dev-user [07/Jun/2026:00:14:43 +0530] "GET /api/v1/users/me HTTP/1.1" 200 72570 "https://www.reddit.com/r/programming" "Mozilla/5.0 (Linux; Android 13; Pixel 7) AppleWebKit/537.36 (KHTML, like Gecko) Chrome/120.0.6099.144 Mobile Safari/537.36"
111.221.45.10 - dev-user [07/Jun/2026:00:19:31 +0530] "GET /images/hero.jpg HTTP/1.1" 200 74640 "https://www.reddit.com/r/programming" "Mozilla/5.0 (X11; Linux x86_64; rv:109.0) Gecko/20100101 Firefox/121.0"
45.95.168.189 - - [07/Jun/2026:01:00:03 +0530] "GET /server-status HTTP/1.1" 404 495 "-" "zgrab/0.x"
45.95.168.189 - - [07/Jun/2026:01:00:12 +0530] "GET /actuator/health HTTP/1.1" 403 319 "-" "zgrab/0.x"
45.95.168.189 - - [07/Jun/2026:01:00:22 +0530] "GET /.git/HEAD HTTP/1.1" 200 234 "-" "masscan/1.3 (https://github.com/robertdavidgraham/masscan)"
45.95.168.189 - - [07/Jun/2026:01:00:37 +0530] "GET / HTTP/1.1" 404 234 "-" "masscan/1.3 (https://github.com/robertdavidgraham/masscan)"
45.95.168.189 - - [07/Jun/2026:01:00:38 +0530] "GET /.env HTTP/1.1" 404 187 "-" "masscan/1.3 (https://github.com/robertdavidgraham/masscan)"
45.95.168.189 - - [07/Jun/2026:01:00:48 +0530] "GET /phpmyadmin/ HTTP/1.1" 404 482 "-" "zgrab/0.x"
202.131.4.78 - - [07/Jun/2026:01:00:58 +0530] "GET /api/v1/orders HTTP/1.1" 301 691 "https://t.co/abc123" "Mozilla/5.0 (iPhone; CPU iPhone OS 17_2 like Mac OS X) AppleWebKit/605.1.15 (KHTML, like Gecko) Version/17.2 Mobile/15E148 Safari/604.1"
45.95.168.189 - - [07/Jun/2026:01:01:12 +0530] "GET /wp-login.php HTTP/1.1" 404 192 "-" "zgrab/0.x"
45.95.168.189 - - [07/Jun/2026:01:01:37 +0530] "GET /admin HTTP/1.1" 404 205 "-" "masscan/1.3 (https://github.com/robertdavidgraham/masscan)"
45.95.168.189 - - [07/Jun/2026:01:02:38 +0530] "GET /.git/HEAD HTTP/1.1" 200 289 "-" "zgrab/0.x"
45.95.168.189 - - [07/Jun/2026:01:02:52 +0530] "GET /.git/HEAD HTTP/1.1" 200 214 "-" "masscan/1.3 (https://github.com/robertdavidgraham/masscan)"
157.32.18.201 - - [07/Jun/2026:01:05:51 +0530] "POST /profile HTTP/1.1" 200 18271 "https://www.google.com/search?q=your+site" "Mozilla/5.0 (X11; Linux x86_64; rv:109.0) Gecko/20100101 Firefox/121.0"
61.12.45.200 - - [07/Jun/2026:03:20:30 +0530] "GET /dashboard HTTP/1.1" 200 37556 "https://www.google.com/search?q=your+site" "Mozilla/5.0 (X11; Linux x86_64; rv:109.0) Gecko/20100101 Firefox/121.0"
61.12.45.200 - - [07/Jun/2026:04:02:36 +0530] "POST /static/css/bootstrap.min.css HTTP/1.1" 200 54959 "https://github.com" "Mozilla/5.0 (X11; Linux x86_64; rv:109.0) Gecko/20100101 Firefox/121.0"
115.240.89.12 - - [07/Jun/2026:05:57:08 +0530] "GET /login HTTP/1.1" 200 925 "https://www.reddit.com/r/programming" "Mozilla/5.0 (Linux; Android 13; Pixel 7) AppleWebKit/537.36 (KHTML, like Gecko) Chrome/120.0.6099.144 Mobile Safari/537.36"
157.32.18.201 - - [07/Jun/2026:07:08:14 +0530] "GET /login HTTP/1.1" 200 75582 "https://www.reddit.com/r/programming" "Mozilla/5.0 (X11; Linux x86_64; rv:109.0) Gecko/20100101 Firefox/121.0"
111.221.45.10 - dev-user [07/Jun/2026:07:22:02 +0530] "POST /static/css/bootstrap.min.css HTTP/1.1" 200 25374 "https://www.google.com/" "Mozilla/5.0 (iPhone; CPU iPhone OS 17_2 like Mac OS X) AppleWebKit/605.1.15 (KHTML, like Gecko) Version/17.2 Mobile/15E148 Safari/604.1"
103.21.244.10 - dev-user [07/Jun/2026:07:49:42 +0530] "GET /images/logo.png HTTP/1.1" 304 279 "https://www.google.com/" "Mozilla/5.0 (Macintosh; Intel Mac OS X 14_2) AppleWebKit/605.1.15 (KHTML, like Gecko) Version/17.2 Safari/605.1.15"
157.32.18.201 - - [07/Jun/2026:11:50:33 +0530] "OPTIONS /static/js/app.js HTTP/1.1" 200 19976 "https://www.reddit.com/r/programming" "Mozilla/5.0 (X11; Linux x86_64; rv:109.0) Gecko/20100101 Firefox/121.0"
61.12.45.200 - dev-user [07/Jun/2026:12:11:16 +0530] "GET /api/v1/users/me HTTP/1.1" 200 66311 "https://www.reddit.com/r/programming" "Mozilla/5.0 (iPhone; CPU iPhone OS 17_2 like Mac OS X) AppleWebKit/605.1.15 (KHTML, like Gecko) Version/17.2 Mobile/15E148 Safari/604.1"
202.131.4.78 - - [07/Jun/2026:12:15:32 +0530] "OPTIONS /static/css/bootstrap.min.css HTTP/1.1" 301 828 "https://t.co/abc123" "Mozilla/5.0 (iPhone; CPU iPhone OS 17_2 like Mac OS X) AppleWebKit/605.1.15 (KHTML, like Gecko) Version/17.2 Mobile/15E148 Safari/604.1"
14.139.123.45 - - [07/Jun/2026:14:33:36 +0530] "GET /api/v1/reports/download HTTP/1.1" 200 24959713 "https://www.google.com/" "Mozilla/5.0 (Macintosh; Intel Mac OS X 14_2) AppleWebKit/605.1.15 (KHTML, like Gecko) Version/17.2 Safari/605.1.15"
89.248.167.131 - - [07/Jun/2026:14:46:28 +0530] "GET /api/v1/internal HTTP/1.1" 404 804 "-" "Nikto/2.1.6"
45.95.168.189 - - [07/Jun/2026:15:26:34 +0530] "GET /wp-admin/ HTTP/1.1" 200 716 "-" "masscan/1.3 (https://github.com/robertdavidgraham/masscan)"
203.192.45.23 - - [07/Jun/2026:15:34:51 +0530] "GET /static/css/main.css HTTP/1.1" 200 54706 "-" "Mozilla/5.0 (Linux; Android 13; Pixel 7) AppleWebKit/537.36 (KHTML, like Gecko) Chrome/120.0.6099.144 Mobile Safari/537.36"
157.32.18.201 - - [07/Jun/2026:15:57:54 +0530] "GET /dashboard HTTP/1.1" 304 404 "https://www.google.com/search?q=your+site" "Mozilla/5.0 (X11; Linux x86_64; rv:109.0) Gecko/20100101 Firefox/121.0"
111.221.45.10 - - [07/Jun/2026:16:27:28 +0530] "POST /fonts/roboto.woff2 HTTP/1.1" 200 88038 "-" "Mozilla/5.0 (iPhone; CPU iPhone OS 17_2 like Mac OS X) AppleWebKit/605.1.15 (KHTML, like Gecko) Version/17.2 Mobile/15E148 Safari/604.1"
45.95.168.189 - - [07/Jun/2026:17:17:23 +0530] "GET /console HTTP/1.1" 301 443 "-" "sqlmap/1.7.9#stable (https://sqlmap.org)"
115.240.89.12 - dev-user [07/Jun/2026:23:15:27 +0530] "OPTIONS /api/v1/users/me HTTP/1.1" 200 64606 "https://www.google.com/search?q=your+site" "Mozilla/5.0 (Linux; Android 13; Pixel 7) AppleWebKit/537.36 (KHTML, like Gecko) Chrome/120.0.6099.144 Mobile Safari/537.36"
14.139.123.45 - - [07/Jun/2026:23:55:58 +0530] "OPTIONS /blog/post-1 HTTP/1.1" 200 76465 "https://t.co/abc123" "Mozilla/5.0 (Linux; Android 13; Pixel 7) AppleWebKit/537.36 (KHTML, like Gecko) Chrome/120.0.6099.144 Mobile Safari/537.36"
14.139.123.45 - - [08/Jun/2026:00:20:56 +0530] "HEAD /images/logo.png HTTP/1.1" 200 16155 "https://t.co/abc123" "Mozilla/5.0 (Windows NT 10.0; Win64; x64) AppleWebKit/537.36 (KHTML, like Gecko) Chrome/120.0.0.0 Safari/537.36"
27.96.78.12 - - [08/Jun/2026:01:26:46 +0530] "HEAD /static/css/bootstrap.min.css HTTP/1.1" 304 232 "https://t.co/abc123" "Mozilla/5.0 (iPhone; CPU iPhone OS 17_2 like Mac OS X) AppleWebKit/605.1.15 (KHTML, like Gecko) Version/17.2 Mobile/15E148 Safari/604.1"
103.21.244.10 - - [08/Jun/2026:03:37:20 +0530] "PUT /api/v1/export HTTP/1.1" 200 51170312 "-" "Mozilla/5.0 (Windows NT 10.0; Win64; x64) AppleWebKit/537.36 (KHTML, like Gecko) Chrome/120.0.0.0 Safari/537.36"
115.240.89.12 - - [08/Jun/2026:04:08:42 +0530] "GET /robots.txt HTTP/1.1" 200 49560 "https://t.co/abc123" "Mozilla/5.0 (Macintosh; Intel Mac OS X 14_2) AppleWebKit/605.1.15 (KHTML, like Gecko) Version/17.2 Safari/605.1.15"
49.36.78.145 - - [08/Jun/2026:04:55:18 +0530] "GET /fonts/roboto.woff2 HTTP/1.1" 200 84495 "-" "Mozilla/5.0 (X11; Linux x86_64; rv:109.0) Gecko/20100101 Firefox/121.0"
61.12.45.200 - dev-user [08/Jun/2026:09:22:45 +0530] "GET /favicon.ico HTTP/1.1" 200 38221 "https://www.reddit.com/r/programming" "Mozilla/5.0 (Windows NT 10.0; Win64; x64) AppleWebKit/537.36 (KHTML, like Gecko) Chrome/120.0.0.0 Safari/537.36"
182.73.106.45 - dev-user [08/Jun/2026:12:01:50 +0530] "HEAD /api/v1/settings HTTP/1.1" 301 508 "-" "Mozilla/5.0 (Macintosh; Intel Mac OS X 14_2) AppleWebKit/605.1.15 (KHTML, like Gecko) Version/17.2 Safari/605.1.15"
61.12.45.200 - - [08/Jun/2026:13:05:55 +0530] "GET /favicon.ico HTTP/1.1" 301 523 "https://www.reddit.com/r/programming" "Mozilla/5.0 (Windows NT 10.0; Win64; x64) AppleWebKit/537.36 (KHTML, like Gecko) Chrome/120.0.0.0 Safari/537.36"
157.32.18.201 - dev-user [08/Jun/2026:14:11:14 +0530] "GET /static/js/vendor.js HTTP/1.1" 200 12225 "https://www.google.com/" "Mozilla/5.0 (iPhone; CPU iPhone OS 17_2 like Mac OS X) AppleWebKit/605.1.15 (KHTML, like Gecko) Version/17.2 Mobile/15E148 Safari/604.1"
49.36.78.145 - - [08/Jun/2026:15:24:19 +0530] "OPTIONS /api/v1/orders HTTP/1.1" 200 2848 "https://t.co/abc123" "Mozilla/5.0 (Windows NT 10.0; Win64; x64) AppleWebKit/537.36 (KHTML, like Gecko) Chrome/120.0.0.0 Safari/537.36"
106.51.23.89 - - [08/Jun/2026:15:30:43 +0530] "OPTIONS /dashboard HTTP/1.1" 200 37059 "https://www.google.com/" "Mozilla/5.0 (X11; Linux x86_64; rv:109.0) Gecko/20100101 Firefox/121.0"
27.96.78.12 - - [08/Jun/2026:17:06:55 +0530] "HEAD /blog/post-1 HTTP/1.1" 200 78970 "https://www.google.com/" "Mozilla/5.0 (iPhone; CPU iPhone OS 17_2 like Mac OS X) AppleWebKit/605.1.15 (KHTML, like Gecko) Version/17.2 Mobile/15E148 Safari/604.1"
14.139.123.45 - dev-user [08/Jun/2026:17:34:12 +0530] "GET /static/css/bootstrap.min.css HTTP/1.1" 200 35013 "https://www.reddit.com/r/programming" "Mozilla/5.0 (iPhone; CPU iPhone OS 17_2 like Mac OS X) AppleWebKit/605.1.15 (KHTML, like Gecko) Version/17.2 Mobile/15E148 Safari/604.1"
115.240.89.12 - - [08/Jun/2026:19:09:38 +0530] "GET /static/js/jquery.min.js HTTP/1.1" 200 25030 "-" "Mozilla/5.0 (iPhone; CPU iPhone OS 17_2 like Mac OS X) AppleWebKit/605.1.15 (KHTML, like Gecko) Version/17.2 Mobile/15E148 Safari/604.1"
125.16.234.78 - - [08/Jun/2026:20:15:22 +0530] "GET /static/js/vendor.js HTTP/1.1" 200 59554 "https://www.google.com/" "Mozilla/5.0 (X11; Linux x86_64; rv:109.0) Gecko/20100101 Firefox/121.0"
45.95.168.189 - - [08/Jun/2026:21:19:38 +0530] "GET /server-status HTTP/1.1" 404 705 "-" "masscan/1.3 (https://github.com/robertdavidgraham/masscan)"
157.32.18.201 - - [08/Jun/2026:21:19:59 +0530] "GET /blog/post-4 HTTP/1.1" 200 1544 "https://www.google.com/" "Mozilla/5.0 (Linux; Android 13; Pixel 7) AppleWebKit/537.36 (KHTML, like Gecko) Chrome/120.0.6099.144 Mobile Safari/537.36"
125.16.234.78 - - [08/Jun/2026:21:23:36 +0530] "GET /blog/post-1 HTTP/1.1" 301 445 "-" "Mozilla/5.0 (X11; Linux x86_64; rv:109.0) Gecko/20100101 Firefox/121.0"
59.90.12.34 - dev-user [08/Jun/2026:21:29:25 +0530] "POST /images/logo.png HTTP/1.1" 301 294 "https://github.com" "Mozilla/5.0 (Macintosh; Intel Mac OS X 14_2) AppleWebKit/605.1.15 (KHTML, like Gecko) Version/17.2 Safari/605.1.15"
157.32.18.201 - - [08/Jun/2026:22:17:24 +0530] "GET /index.html HTTP/1.1" 200 56946 "https://www.google.com/" "Mozilla/5.0 (Macintosh; Intel Mac OS X 14_2) AppleWebKit/605.1.15 (KHTML, like Gecko) Version/17.2 Safari/605.1.15"
125.16.234.78 - dev-user [08/Jun/2026:22:27:10 +0530] "GET /api/v1/settings HTTP/1.1" 200 37085 "https://t.co/abc123" "Mozilla/5.0 (Linux; Android 13; Pixel 7) AppleWebKit/537.36 (KHTML, like Gecko) Chrome/120.0.6099.144 Mobile Safari/537.36"
125.16.234.78 - - [08/Jun/2026:23:56:38 +0530] "GET /robots.txt HTTP/1.1" 304 935 "https://www.google.com/" "Mozilla/5.0 (iPhone; CPU iPhone OS 17_2 like Mac OS X) AppleWebKit/605.1.15 (KHTML, like Gecko) Version/17.2 Mobile/15E148 Safari/604.1"
59.90.12.34 - - [09/Jun/2026:00:14:56 +0530] "GET /static/css/bootstrap.min.css HTTP/1.1" 200 38277 "https://www.reddit.com/r/programming" "Mozilla/5.0 (X11; Linux x86_64; rv:109.0) Gecko/20100101 Firefox/121.0"
103.55.44.67 - - [09/Jun/2026:00:44:23 +0530] "HEAD /blog HTTP/1.1" 200 89003 "https://github.com" "Mozilla/5.0 (X11; Linux x86_64; rv:109.0) Gecko/20100101 Firefox/121.0"
117.55.34.78 - - [09/Jun/2026:01:50:21 +0530] "HEAD /contact HTTP/1.1" 200 45957 "https://www.google.com/" "Mozilla/5.0 (Linux; Android 13; Pixel 7) AppleWebKit/537.36 (KHTML, like Gecko) Chrome/120.0.6099.144 Mobile Safari/537.36"
89.248.167.131 - - [09/Jun/2026:01:58:11 +0530] "GET /secret HTTP/1.1" 404 396 "-" "zgrab/0.x"
117.55.34.78 - dev-user [09/Jun/2026:02:17:55 +0530] "GET /blog/post-1 HTTP/1.1" 200 47520 "https://github.com" "Mozilla/5.0 (Linux; Android 13; Pixel 7) AppleWebKit/537.36 (KHTML, like Gecko) Chrome/120.0.6099.144 Mobile Safari/537.36"
125.16.234.78 - - [09/Jun/2026:02:20:17 +0530] "OPTIONS /api/v1/products HTTP/1.1" 200 1882 "-" "Mozilla/5.0 (Windows NT 10.0; Win64; x64) AppleWebKit/537.36 (KHTML, like Gecko) Chrome/120.0.0.0 Safari/537.36"
111.221.45.10 - - [09/Jun/2026:02:29:35 +0530] "GET /images/hero.jpg HTTP/1.1" 200 10779 "https://t.co/abc123" "Mozilla/5.0 (iPhone; CPU iPhone OS 17_2 like Mac OS X) AppleWebKit/605.1.15 (KHTML, like Gecko) Version/17.2 Mobile/15E148 Safari/604.1"
45.123.67.89 - - [09/Jun/2026:02:46:34 +0530] "POST /images/hero.jpg HTTP/1.1" 200 86636 "https://t.co/abc123" "Mozilla/5.0 (Linux; Android 13; Pixel 7) AppleWebKit/537.36 (KHTML, like Gecko) Chrome/120.0.6099.144 Mobile Safari/537.36"
27.96.78.12 - - [09/Jun/2026:03:19:14 +0530] "POST /images/hero.jpg HTTP/1.1" 304 566 "https://www.google.com/" "Mozilla/5.0 (Linux; Android 13; Pixel 7) AppleWebKit/537.36 (KHTML, like Gecko) Chrome/120.0.6099.144 Mobile Safari/537.36"
117.55.34.78 - - [09/Jun/2026:04:01:13 +0530] "OPTIONS /blog/post-2 HTTP/1.1" 200 20021 "https://www.reddit.com/r/programming" "Mozilla/5.0 (iPhone; CPU iPhone OS 17_2 like Mac OS X) AppleWebKit/605.1.15 (KHTML, like Gecko) Version/17.2 Mobile/15E148 Safari/604.1"
45.95.168.189 - - [09/Jun/2026:06:13:16 +0530] "GET /.git/config HTTP/1.1" 404 764 "-" "python-requests/2.28.2"
49.36.78.145 - - [09/Jun/2026:06:19:24 +0530] "GET /images/hero.jpg HTTP/1.1" 304 969 "https://www.google.com/search?q=your+site" "Mozilla/5.0 (Linux; Android 13; Pixel 7) AppleWebKit/537.36 (KHTML, like Gecko) Chrome/120.0.6099.144 Mobile Safari/537.36"
89.248.167.131 - - [09/Jun/2026:07:19:31 +0530] "GET /server-status HTTP/1.1" 404 771 "-" "Nikto/2.1.6"
125.16.234.78 - - [09/Jun/2026:07:55:49 +0530] "GET /blog/post-2 HTTP/1.1" 301 286 "https://www.google.com/" "Mozilla/5.0 (X11; Linux x86_64; rv:109.0) Gecko/20100101 Firefox/121.0"
115.240.89.12 - - [09/Jun/2026:08:07:19 +0530] "GET /robots.txt HTTP/1.1" 200 21144 "https://t.co/abc123" "Mozilla/5.0 (X11; Linux x86_64; rv:109.0) Gecko/20100101 Firefox/121.0"
103.21.244.10 - - [09/Jun/2026:09:19:32 +0530] "GET /api/v1/export HTTP/1.1" 200 41132540 "https://www.google.com/search?q=your+site" "Mozilla/5.0 (Linux; Android 13; Pixel 7) AppleWebKit/537.36 (KHTML, like Gecko) Chrome/120.0.6099.144 Mobile Safari/537.36"
202.131.4.78 - - [09/Jun/2026:09:36:23 +0530] "GET /api/v1/reports HTTP/1.1" 200 45422 "-" "Mozilla/5.0 (X11; Linux x86_64; rv:109.0) Gecko/20100101 Firefox/121.0"
203.192.45.23 - - [09/Jun/2026:10:08:55 +0530] "POST /blog/post-3 HTTP/1.1" 200 57234 "https://github.com" "Mozilla/5.0 (Macintosh; Intel Mac OS X 14_2) AppleWebKit/605.1.15 (KHTML, like Gecko) Version/17.2 Safari/605.1.15"
106.51.23.89 - - [09/Jun/2026:12:31:24 +0530] "GET /api/v1/reports HTTP/1.1" 200 73348 "https://www.reddit.com/r/programming" "Mozilla/5.0 (Windows NT 10.0; Win64; x64) AppleWebKit/537.36 (KHTML, like Gecko) Chrome/120.0.0.0 Safari/537.36"
117.55.34.78 - dev-user [09/Jun/2026:13:00:47 +0530] "HEAD /login HTTP/1.1" 301 160 "https://www.google.com/" "Mozilla/5.0 (Windows NT 10.0; Win64; x64) AppleWebKit/537.36 (KHTML, like Gecko) Chrome/120.0.0.0 Safari/537.36"
122.161.45.67 - - [09/Jun/2026:14:21:26 +0530] "GET /sitemap.xml HTTP/1.1" 200 49179 "https://t.co/abc123" "Mozilla/5.0 (X11; Linux x86_64; rv:109.0) Gecko/20100101 Firefox/121.0"
125.16.234.78 - - [09/Jun/2026:14:27:02 +0530] "GET /blog/post-4 HTTP/1.1" 200 62963 "-" "Mozilla/5.0 (Linux; Android 13; Pixel 7) AppleWebKit/537.36 (KHTML, like Gecko) Chrome/120.0.6099.144 Mobile Safari/537.36"
122.161.45.67 - - [09/Jun/2026:15:29:04 +0530] "GET /static/css/main.css HTTP/1.1" 200 66744 "-" "Mozilla/5.0 (X11; Linux x86_64; rv:109.0) Gecko/20100101 Firefox/121.0"
61.12.45.200 - - [09/Jun/2026:16:49:43 +0530] "POST /blog/post-3 HTTP/1.1" 301 497 "https://www.google.com/" "Mozilla/5.0 (Linux; Android 13; Pixel 7) AppleWebKit/537.36 (KHTML, like Gecko) Chrome/120.0.6099.144 Mobile Safari/537.36"
203.192.45.23 - - [09/Jun/2026:17:11:47 +0530] "GET /products HTTP/1.1" 200 50772 "https://www.reddit.com/r/programming" "Mozilla/5.0 (iPhone; CPU iPhone OS 17_2 like Mac OS X) AppleWebKit/605.1.15 (KHTML, like Gecko) Version/17.2 Mobile/15E148 Safari/604.1"
14.139.123.45 - - [09/Jun/2026:17:16:20 +0530] "HEAD /static/css/main.css HTTP/1.1" 304 904 "-" "Mozilla/5.0 (iPhone; CPU iPhone OS 17_2 like Mac OS X) AppleWebKit/605.1.15 (KHTML, like Gecko) Version/17.2 Mobile/15E148 Safari/604.1"
103.55.44.67 - - [09/Jun/2026:17:24:18 +0530] "HEAD /contact HTTP/1.1" 200 9546 "https://www.google.com/search?q=your+site" "Mozilla/5.0 (X11; Linux x86_64; rv:109.0) Gecko/20100101 Firefox/121.0"
27.96.78.12 - - [09/Jun/2026:20:50:16 +0530] "OPTIONS /profile HTTP/1.1" 200 79977 "https://github.com" "Mozilla/5.0 (Macintosh; Intel Mac OS X 14_2) AppleWebKit/605.1.15 (KHTML, like Gecko) Version/17.2 Safari/605.1.15"
182.73.106.45 - dev-user [09/Jun/2026:21:22:05 +0530] "OPTIONS /api/v1/products HTTP/1.1" 304 988 "https://www.google.com/" "Mozilla/5.0 (Windows NT 10.0; Win64; x64) AppleWebKit/537.36 (KHTML, like Gecko) Chrome/120.0.0.0 Safari/537.36"
80.82.77.33 - - [09/Jun/2026:21:41:38 +0530] "GET /secret HTTP/1.1" 404 242 "-" "python-requests/2.28.2"
117.55.34.78 - - [09/Jun/2026:22:37:29 +0530] "GET /api/v1/reports HTTP/1.1" 200 48934 "https://www.google.com/" "Mozilla/5.0 (Linux; Android 13; Pixel 7) AppleWebKit/537.36 (KHTML, like Gecko) Chrome/120.0.6099.144 Mobile Safari/537.36"
103.21.244.10 - - [09/Jun/2026:23:05:02 +0530] "GET /api/v1/reports HTTP/1.1" 200 87444 "-" "Mozilla/5.0 (Linux; Android 13; Pixel 7) AppleWebKit/537.36 (KHTML, like Gecko) Chrome/120.0.6099.144 Mobile Safari/537.36"
182.73.106.45 - - [10/Jun/2026:00:58:18 +0530] "GET /login HTTP/1.1" 200 74728 "https://www.google.com/search?q=your+site" "Mozilla/5.0 (X11; Linux x86_64; rv:109.0) Gecko/20100101 Firefox/121.0"
125.16.234.78 - - [10/Jun/2026:01:12:50 +0530] "POST /api/v1/users/me HTTP/1.1" 200 63347 "https://t.co/abc123" "Mozilla/5.0 (iPhone; CPU iPhone OS 17_2 like Mac OS X) AppleWebKit/605.1.15 (KHTML, like Gecko) Version/17.2 Mobile/15E148 Safari/604.1"
14.139.123.45 - - [10/Jun/2026:02:45:40 +0530] "POST /api/v1/products HTTP/1.1" 200 84316 "https://www.google.com/search?q=your+site" "Mozilla/5.0 (Windows NT 10.0; Win64; x64) AppleWebKit/537.36 (KHTML, like Gecko) Chrome/120.0.0.0 Safari/537.36"
115.240.89.12 - - [10/Jun/2026:04:03:55 +0530] "OPTIONS /blog/post-4 HTTP/1.1" 304 735 "https://www.google.com/" "Mozilla/5.0 (Macintosh; Intel Mac OS X 14_2) AppleWebKit/605.1.15 (KHTML, like Gecko) Version/17.2 Safari/605.1.15"
59.90.12.34 - - [10/Jun/2026:04:22:25 +0530] "GET /api/v1/search HTTP/1.1" 200 36542 "https://github.com" "Mozilla/5.0 (Linux; Android 13; Pixel 7) AppleWebKit/537.36 (KHTML, like Gecko) Chrome/120.0.6099.144 Mobile Safari/537.36"
157.32.18.201 - - [10/Jun/2026:07:54:18 +0530] "OPTIONS /images/hero.jpg HTTP/1.1" 200 86448 "-" "Mozilla/5.0 (Linux; Android 13; Pixel 7) AppleWebKit/537.36 (KHTML, like Gecko) Chrome/120.0.6099.144 Mobile Safari/537.36"
106.51.23.89 - - [10/Jun/2026:08:00:00 +0530] "" 400 0 "-" "-"
182.73.106.45 - - [10/Jun/2026:08:32:58 +0530] "GET /static/js/jquery.min.js HTTP/1.1" 200 12683 "-" "Mozilla/5.0 (Linux; Android 13; Pixel 7) AppleWebKit/537.36 (KHTML, like Gecko) Chrome/120.0.6099.144 Mobile Safari/537.36"
157.32.18.201 - dev-user [10/Jun/2026:09:38:24 +0530] "GET /api/v1/products HTTP/1.1" 200 32507 "https://github.com" "Mozilla/5.0 (iPhone; CPU iPhone OS 17_2 like Mac OS X) AppleWebKit/605.1.15 (KHTML, like Gecko) Version/17.2 Mobile/15E148 Safari/604.1"
61.12.45.200 - - [10/Jun/2026:09:40:45 +0530] "POST /sitemap.xml HTTP/1.1" 200 86694 "https://www.google.com/" "Mozilla/5.0 (iPhone; CPU iPhone OS 17_2 like Mac OS X) AppleWebKit/605.1.15 (KHTML, like Gecko) Version/17.2 Mobile/15E148 Safari/604.1"
89.248.167.131 - - [10/Jun/2026:09:47:16 +0530] "GET /api/v1/internal HTTP/1.1" 404 230 "-" "sqlmap/1.7.9#stable (https://sqlmap.org)"
111.221.45.10 - - [10/Jun/2026:09:53:07 +0530] "GET /api/v1/users/me HTTP/1.1" 200 25378 "https://github.com" "Mozilla/5.0 (Windows NT 10.0; Win64; x64) AppleWebKit/537.36 (KHTML, like Gecko) Chrome/120.0.0.0 Safari/537.36"
182.73.106.45 - dev-user [10/Jun/2026:10:00:45 +0530] "POST /index.html HTTP/1.1" 301 681 "https://www.google.com/" "Mozilla/5.0 (iPhone; CPU iPhone OS 17_2 like Mac OS X) AppleWebKit/605.1.15 (KHTML, like Gecko) Version/17.2 Mobile/15E148 Safari/604.1"
61.12.45.200 - - [10/Jun/2026:10:01:37 +0530] "GET /dashboard HTTP/1.1" 200 30875 "-" "Mozilla/5.0 (Windows NT 10.0; Win64; x64) AppleWebKit/537.36 (KHTML, like Gecko) Chrome/120.0.0.0 Safari/537.36"
14.139.123.45 - dev-user [10/Jun/2026:10:18:39 +0530] "GET /blog/post-2 HTTP/1.1" 200 26075 "https://www.reddit.com/r/programming" "Mozilla/5.0 (X11; Linux x86_64; rv:109.0) Gecko/20100101 Firefox/121.0"
111.221.45.10 - - [10/Jun/2026:10:34:03 +0530] "GET /profile HTTP/1.1" 301 625 "https://github.com" "Mozilla/5.0 (X11; Linux x86_64; rv:109.0) Gecko/20100101 Firefox/121.0"
103.21.244.10 - - [10/Jun/2026:11:56:15 +0530] "GET /contact HTTP/1.1" 301 780 "https://www.google.com/search?q=your+site" "Mozilla/5.0 (Macintosh; Intel Mac OS X 14_2) AppleWebKit/605.1.15 (KHTML, like Gecko) Version/17.2 Safari/605.1.15"
182.73.106.45 - - [10/Jun/2026:12:14:46 +0530] "GET /contact HTTP/1.1" 200 40905 "-" "Mozilla/5.0 (X11; Linux x86_64; rv:109.0) Gecko/20100101 Firefox/121.0"
89.248.167.131 - - [10/Jun/2026:13:28:49 +0530] "GET /console HTTP/1.1" 404 989 "-" "Nikto/2.1.6"
45.123.67.89 - - [10/Jun/2026:13:35:20 +0530] "GET /api/v1/products HTTP/1.1" 200 32391 "https://www.reddit.com/r/programming" "Mozilla/5.0 (X11; Linux x86_64; rv:109.0) Gecko/20100101 Firefox/121.0"
115.240.89.12 - dev-user [10/Jun/2026:14:54:11 +0530] "OPTIONS /fonts/roboto.woff2 HTTP/1.1" 200 31885 "https://www.google.com/" "Mozilla/5.0 (Windows NT 10.0; Win64; x64) AppleWebKit/537.36 (KHTML, like Gecko) Chrome/120.0.0.0 Safari/537.36"
45.95.168.189 - - [10/Jun/2026:16:18:56 +0530] "GET /secret HTTP/1.1" 404 357 "-" "Nikto/2.1.6"
103.21.244.10 - - [10/Jun/2026:16:24:38 +0530] "POST /api/v1/reports/download HTTP/1.1" 200 21131222 "https://t.co/abc123" "Mozilla/5.0 (Macintosh; Intel Mac OS X 14_2) AppleWebKit/605.1.15 (KHTML, like Gecko) Version/17.2 Safari/605.1.15"
104.244.72.115 - - [10/Jun/2026:16:45:45 +0530] "GET /api/v1/users?name=<img src=x onerror=alert(1)> HTTP/1.1" 200 4517 "-" "Mozilla/5.0 (Windows NT 10.0; Win64; x64) AppleWebKit/537.36 (KHTML, like Gecko) Chrome/120.0.0.0 Safari/537.36"
104.244.72.115 - - [10/Jun/2026:16:45:57 +0530] "POST /api/v1/exec?cmd=ls%20-la HTTP/1.1" 200 1263 "-" "Mozilla/5.0 (Windows NT 10.0; Win64; x64) AppleWebKit/537.36 (KHTML, like Gecko) Chrome/120.0.0.0 Safari/537.36"
104.244.72.115 - - [10/Jun/2026:16:45:57 +0530] "POST /api/v1/data?id=1 AND 1=1 HTTP/1.1" 400 3758 "-" "Nikto/2.1.6"
104.244.72.115 - - [10/Jun/2026:16:46:07 +0530] "GET /index.php?page=../../../../etc/shadow HTTP/1.1" 403 216 "-" "Mozilla/5.0 (Windows NT 10.0; Win64; x64) AppleWebKit/537.36 (KHTML, like Gecko) Chrome/120.0.0.0 Safari/537.36"
104.244.72.115 - - [10/Jun/2026:16:46:18 +0530] "GET /api/v1/exec?cmd=ls%20-la HTTP/1.1" 404 2049 "-" "Mozilla/5.0 (Windows NT 10.0; Win64; x64) AppleWebKit/537.36 (KHTML, like Gecko) Chrome/120.0.0.0 Safari/537.36"
104.244.72.115 - - [10/Jun/2026:16:46:29 +0530] "POST /index.php?page=../../../../etc/shadow HTTP/1.1" 400 4072 "-" "sqlmap/1.7.9#stable (https://sqlmap.org)"
104.244.72.115 - - [10/Jun/2026:16:47:15 +0530] "GET /products?category=1; DROP TABLE products-- HTTP/1.1" 400 3901 "-" "Nikto/2.1.6"
104.244.72.115 - - [10/Jun/2026:16:47:30 +0530] "GET /.env HTTP/1.1" 200 4995 "-" "Mozilla/5.0 (Windows NT 10.0; Win64; x64) AppleWebKit/537.36 (KHTML, like Gecko) Chrome/120.0.0.0 Safari/537.36"
104.244.72.115 - - [10/Jun/2026:16:47:35 +0530] "GET /index.php?page=../../../../etc/shadow HTTP/1.1" 404 4836 "-" "sqlmap/1.7.9#stable (https://sqlmap.org)"
104.244.72.115 - - [10/Jun/2026:16:47:39 +0530] "GET /api/v1/users?id=1 UNION SELECT * FROM users-- HTTP/1.1" 200 3940 "-" "Nikto/2.1.6"
104.244.72.115 - - [10/Jun/2026:16:48:45 +0530] "GET /api/v1/data?id=1 AND 1=1 HTTP/1.1" 403 545 "-" "Mozilla/5.0 (Windows NT 10.0; Win64; x64) AppleWebKit/537.36 (KHTML, like Gecko) Chrome/120.0.0.0 Safari/537.36"
104.244.72.115 - - [10/Jun/2026:16:49:08 +0530] "GET /login?username=admin'--&password=x HTTP/1.1" 200 2376 "-" "Nikto/2.1.6"
104.244.72.115 - - [10/Jun/2026:16:49:22 +0530] "POST /api/v1/exec?cmd=ls%20-la HTTP/1.1" 403 3548 "-" "Nikto/2.1.6"
104.244.72.115 - - [10/Jun/2026:16:49:29 +0530] "GET /index.php?page=../../../../etc/shadow HTTP/1.1" 200 4387 "-" "Mozilla/5.0 (Windows NT 10.0; Win64; x64) AppleWebKit/537.36 (KHTML, like Gecko) Chrome/120.0.0.0 Safari/537.36"
104.244.72.115 - - [10/Jun/2026:16:49:30 +0530] "GET /api/v1/users?id=1 UNION SELECT * FROM users-- HTTP/1.1" 200 1288 "-" "Mozilla/5.0 (Windows NT 10.0; Win64; x64) AppleWebKit/537.36 (KHTML, like Gecko) Chrome/120.0.0.0 Safari/537.36"
104.244.72.115 - - [10/Jun/2026:16:49:53 +0530] "POST /api/v1/users?id=1 UNION SELECT * FROM users-- HTTP/1.1" 403 323 "-" "Nikto/2.1.6"
125.16.234.78 - - [10/Jun/2026:18:20:52 +0530] "GET /api/v1/users/me HTTP/1.1" 200 75247 "https://www.google.com/" "Mozilla/5.0 (iPhone; CPU iPhone OS 17_2 like Mac OS X) AppleWebKit/605.1.15 (KHTML, like Gecko) Version/17.2 Mobile/15E148 Safari/604.1"
61.12.45.200 - - [10/Jun/2026:19:59:24 +0530] "OPTIONS /blog/post-3 HTTP/1.1" 200 11328 "https://www.google.com/search?q=your+site" "Mozilla/5.0 (X11; Linux x86_64; rv:109.0) Gecko/20100101 Firefox/121.0"
14.139.123.45 - - [10/Jun/2026:20:26:50 +0530] "GET /api/v1/export HTTP/1.1" 200 48311898 "https://www.google.com/search?q=your+site" "Mozilla/5.0 (iPhone; CPU iPhone OS 17_2 like Mac OS X) AppleWebKit/605.1.15 (KHTML, like Gecko) Version/17.2 Mobile/15E148 Safari/604.1"
14.139.123.45 - dev-user [10/Jun/2026:21:36:37 +0530] "OPTIONS /sitemap.xml HTTP/1.1" 200 84997 "https://www.reddit.com/r/programming" "Mozilla/5.0 (Windows NT 10.0; Win64; x64) AppleWebKit/537.36 (KHTML, like Gecko) Chrome/120.0.0.0 Safari/537.36"
59.90.12.34 - - [10/Jun/2026:23:08:35 +0530] "GET /images/logo.png HTTP/1.1" 301 895 "https://www.reddit.com/r/programming" "Mozilla/5.0 (iPhone; CPU iPhone OS 17_2 like Mac OS X) AppleWebKit/605.1.15 (KHTML, like Gecko) Version/17.2 Mobile/15E148 Safari/604.1"
45.123.67.89 - dev-user [11/Jun/2026:00:20:11 +0530] "GET /blog/post-4 HTTP/1.1" 200 7255 "https://github.com" "Mozilla/5.0 (Linux; Android 13; Pixel 7) AppleWebKit/537.36 (KHTML, like Gecko) Chrome/120.0.6099.144 Mobile Safari/537.36"
61.12.45.200 - - [11/Jun/2026:00:28:31 +0530] "POST /robots.txt HTTP/1.1" 200 75803 "https://github.com" "Mozilla/5.0 (Linux; Android 13; Pixel 7) AppleWebKit/537.36 (KHTML, like Gecko) Chrome/120.0.6099.144 Mobile Safari/537.36"
61.12.45.200 - - [11/Jun/2026:00:29:36 +0530] "POST /api/v1/search HTTP/1.1" 200 68121 "-" "Mozilla/5.0 (Windows NT 10.0; Win64; x64) AppleWebKit/537.36 (KHTML, like Gecko) Chrome/120.0.0.0 Safari/537.36"
117.55.34.78 - dev-user [11/Jun/2026:00:42:38 +0530] "OPTIONS /contact HTTP/1.1" 200 21169 "https://www.google.com/search?q=your+site" "Mozilla/5.0 (X11; Linux x86_64; rv:109.0) Gecko/20100101 Firefox/121.0"
80.82.77.33 - - [11/Jun/2026:01:17:51 +0530] "GET /secret HTTP/1.1" 200 251 "-" "Nikto/2.1.6"
103.55.44.67 - dev-user [11/Jun/2026:01:46:19 +0530] "GET /api/v1/settings HTTP/1.1" 304 386 "https://www.google.com/" "Mozilla/5.0 (X11; Linux x86_64; rv:109.0) Gecko/20100101 Firefox/121.0"
80.82.77.33 - - [11/Jun/2026:02:35:34 +0530] "GET /console HTTP/1.1" 404 266 "-" "sqlmap/1.7.9#stable (https://sqlmap.org)"
157.32.18.201 - dev-user [11/Jun/2026:02:43:42 +0530] "GET /blog/post-4 HTTP/1.1" 200 16652 "https://www.google.com/search?q=your+site" "Mozilla/5.0 (Windows NT 10.0; Win64; x64) AppleWebKit/537.36 (KHTML, like Gecko) Chrome/120.0.0.0 Safari/537.36"
117.55.34.78 - - [11/Jun/2026:03:38:28 +0530] "OPTIONS /login HTTP/1.1" 200 79004 "https://github.com" "Mozilla/5.0 (Linux; Android 13; Pixel 7) AppleWebKit/537.36 (KHTML, like Gecko) Chrome/120.0.6099.144 Mobile Safari/537.36"
103.21.244.10 - - [11/Jun/2026:04:48:17 +0530] "GET /index.html HTTP/1.1" 301 201 "https://www.google.com/" "Mozilla/5.0 (Linux; Android 13; Pixel 7) AppleWebKit/537.36 (KHTML, like Gecko) Chrome/120.0.6099.144 Mobile Safari/537.36"
122.161.45.67 - - [11/Jun/2026:04:58:48 +0530] "OPTIONS /blog/post-4 HTTP/1.1" 200 47687 "https://github.com" "Mozilla/5.0 (X11; Linux x86_64; rv:109.0) Gecko/20100101 Firefox/121.0"
111.221.45.10 - - [11/Jun/2026:05:24:14 +0530] "GET /login HTTP/1.1" 304 187 "-" "Mozilla/5.0 (iPhone; CPU iPhone OS 17_2 like Mac OS X) AppleWebKit/605.1.15 (KHTML, like Gecko) Version/17.2 Mobile/15E148 Safari/604.1"
45.95.168.189 - - [11/Jun/2026:05:31:36 +0530] "GET /.git/config HTTP/1.1" 404 699 "-" "python-requests/2.28.2"
89.248.167.131 - - [11/Jun/2026:05:48:23 +0530] "GET /.env HTTP/1.1" 404 754 "-" "Nikto/2.1.6"
59.90.12.34 - - [11/Jun/2026:06:50:24 +0530] "HEAD /api/v1/users/me HTTP/1.1" 301 701 "https://www.reddit.com/r/programming" "Mozilla/5.0 (Windows NT 10.0; Win64; x64) AppleWebKit/537.36 (KHTML, like Gecko) Chrome/120.0.0.0 Safari/537.36"
49.36.78.145 - - [11/Jun/2026:08:07:57 +0530] "GET /images/logo.png HTTP/1.1" 200 33359 "https://github.com" "Mozilla/5.0 (Windows NT 10.0; Win64; x64) AppleWebKit/537.36 (KHTML, like Gecko) Chrome/120.0.0.0 Safari/537.36"
202.131.4.78 - - [11/Jun/2026:09:37:03 +0530] "HEAD /login HTTP/1.1" 200 81729 "https://www.reddit.com/r/programming" "Mozilla/5.0 (Linux; Android 13; Pixel 7) AppleWebKit/537.36 (KHTML, like Gecko) Chrome/120.0.6099.144 Mobile Safari/537.36"
203.192.45.23 - - [11/Jun/2026:10:32:43 +0530] "POST /api/v1/orders HTTP/1.1" 200 65944 "https://t.co/abc123" "Mozilla/5.0 (iPhone; CPU iPhone OS 17_2 like Mac OS X) AppleWebKit/605.1.15 (KHTML, like Gecko) Version/17.2 Mobile/15E148 Safari/604.1"
202.131.4.78 - - [11/Jun/2026:11:10:21 +0530] "GET /api/v1/search HTTP/1.1" 200 39474 "https://github.com" "Mozilla/5.0 (iPhone; CPU iPhone OS 17_2 like Mac OS X) AppleWebKit/605.1.15 (KHTML, like Gecko) Version/17.2 Mobile/15E148 Safari/604.1"
14.139.123.45 - - [11/Jun/2026:12:34:33 +0530] "GET /api/v1/products HTTP/1.1" 301 665 "https://www.google.com/search?q=your+site" "Mozilla/5.0 (Windows NT 10.0; Win64; x64) AppleWebKit/537.36 (KHTML, like Gecko) Chrome/120.0.0.0 Safari/537.36"
45.95.168.189 - - [11/Jun/2026:14:10:29 +0530] "GET /setup.php HTTP/1.1" 404 141 "-" "Nikto/2.1.6"
106.51.23.89 - - [11/Jun/2026:14:16:40 +0530] "HEAD /blog/post-2 HTTP/1.1" 200 5410 "-" "Mozilla/5.0 (Macintosh; Intel Mac OS X 14_2) AppleWebKit/605.1.15 (KHTML, like Gecko) Version/17.2 Safari/605.1.15"
122.161.45.67 - - [11/Jun/2026:15:22:02 +0530] "GET /api/v1/users/me HTTP/1.1" 200 19842 "https://www.google.com/search?q=your+site" "Mozilla/5.0 (Windows NT 10.0; Win64; x64) AppleWebKit/537.36 (KHTML, like Gecko) Chrome/120.0.0.0 Safari/537.36"
202.131.4.78 - - [11/Jun/2026:15:57:16 +0530] "GET /static/js/app.js HTTP/1.1" 200 59447 "https://t.co/abc123" "Mozilla/5.0 (iPhone; CPU iPhone OS 17_2 like Mac OS X) AppleWebKit/605.1.15 (KHTML, like Gecko) Version/17.2 Mobile/15E148 Safari/604.1"
182.73.106.45 - dev-user [11/Jun/2026:16:50:04 +0530] "GET /sitemap.xml HTTP/1.1" 304 497 "https://t.co/abc123" "Mozilla/5.0 (Windows NT 10.0; Win64; x64) AppleWebKit/537.36 (KHTML, like Gecko) Chrome/120.0.0.0 Safari/537.36"
125.16.234.78 - dev-user [11/Jun/2026:17:48:51 +0530] "HEAD /fonts/roboto.woff2 HTTP/1.1" 200 65423 "https://www.google.com/" "Mozilla/5.0 (Windows NT 10.0; Win64; x64) AppleWebKit/537.36 (KHTML, like Gecko) Chrome/120.0.0.0 Safari/537.36"
80.82.77.33 - - [11/Jun/2026:17:51:13 +0530] "GET /setup.php HTTP/1.1" 404 453 "-" "Nikto/2.1.6"
117.55.34.78 - - [11/Jun/2026:18:41:57 +0530] "OPTIONS /api/v1/orders HTTP/1.1" 304 474 "https://t.co/abc123" "Mozilla/5.0 (iPhone; CPU iPhone OS 17_2 like Mac OS X) AppleWebKit/605.1.15 (KHTML, like Gecko) Version/17.2 Mobile/15E148 Safari/604.1"
14.139.123.45 - - [11/Jun/2026:19:00:40 +0530] "OPTIONS /blog/post-3 HTTP/1.1" 304 648 "https://www.reddit.com/r/programming" "Mozilla/5.0 (X11; Linux x86_64; rv:109.0) Gecko/20100101 Firefox/121.0"
45.95.168.189 - - [11/Jun/2026:19:16:21 +0530] "GET /setup.php HTTP/1.1" 404 837 "-" "masscan/1.3 (https://github.com/robertdavidgraham/masscan)"
59.90.12.34 - - [11/Jun/2026:21:20:19 +0530] "HEAD /index.html HTTP/1.1" 200 19548 "https://www.reddit.com/r/programming" "Mozilla/5.0 (X11; Linux x86_64; rv:109.0) Gecko/20100101 Firefox/121.0"
103.21.244.10 - - [11/Jun/2026:22:12:13 +0530] "GET /dashboard HTTP/1.1" 200 37747 "https://t.co/abc123" "Mozilla/5.0 (X11; Linux x86_64; rv:109.0) Gecko/20100101 Firefox/121.0"
111.221.45.10 - - [12/Jun/2026:01:56:47 +0530] "POST /products HTTP/1.1" 200 955 "-" "Mozilla/5.0 (Windows NT 10.0; Win64; x64) AppleWebKit/537.36 (KHTML, like Gecko) Chrome/120.0.0.0 Safari/537.36"
89.248.167.131 - - [12/Jun/2026:03:32:12 +0530] "GET /config.php HTTP/1.1" 404 717 "-" "zgrab/0.x"
125.16.234.78 - - [12/Jun/2026:03:39:49 +0530] "OPTIONS /favicon.ico HTTP/1.1" 200 38570 "-" "Mozilla/5.0 (Windows NT 10.0; Win64; x64) AppleWebKit/537.36 (KHTML, like Gecko) Chrome/120.0.0.0 Safari/537.36"
103.21.244.10 - - [12/Jun/2026:03:42:45 +0530] "GET /profile HTTP/1.1" 200 60109 "https://t.co/abc123" "Mozilla/5.0 (Linux; Android 13; Pixel 7) AppleWebKit/537.36 (KHTML, like Gecko) Chrome/120.0.6099.144 Mobile Safari/537.36"
49.36.78.145 - - [12/Jun/2026:05:08:49 +0530] "GET /index.html HTTP/1.1" 200 79982 "-" "Mozilla/5.0 (X11; Linux x86_64; rv:109.0) Gecko/20100101 Firefox/121.0"
115.240.89.12 - - [12/Jun/2026:05:09:00 +0530] "OPTIONS /dashboard HTTP/1.1" 200 6004 "https://t.co/abc123" "Mozilla/5.0 (iPhone; CPU iPhone OS 17_2 like Mac OS X) AppleWebKit/605.1.15 (KHTML, like Gecko) Version/17.2 Mobile/15E148 Safari/604.1"
27.96.78.12 - - [12/Jun/2026:05:39:29 +0530] "POST /about HTTP/1.1" 200 34600 "https://www.google.com/search?q=your+site" "Mozilla/5.0 (Macintosh; Intel Mac OS X 14_2) AppleWebKit/605.1.15 (KHTML, like Gecko) Version/17.2 Safari/605.1.15"
103.21.244.10 - - [12/Jun/2026:05:48:15 +0530] "POST /api/v1/export HTTP/1.1" 200 13000574 "https://github.com" "Mozilla/5.0 (Macintosh; Intel Mac OS X 14_2) AppleWebKit/605.1.15 (KHTML, like Gecko) Version/17.2 Safari/605.1.15"
122.161.45.67 - - [12/Jun/2026:06:06:35 +0530] "GET /blog/post-4 HTTP/1.1" 301 894 "https://github.com" "Mozilla/5.0 (Linux; Android 13; Pixel 7) AppleWebKit/537.36 (KHTML, like Gecko) Chrome/120.0.6099.144 Mobile Safari/537.36"
14.139.123.45 - dev-user [12/Jun/2026:07:40:28 +0530] "POST /sitemap.xml HTTP/1.1" 304 533 "https://www.google.com/search?q=your+site" "Mozilla/5.0 (X11; Linux x86_64; rv:109.0) Gecko/20100101 Firefox/121.0"
27.96.78.12 - - [12/Jun/2026:07:44:35 +0530] "GET /static/js/vendor.js HTTP/1.1" 200 33217 "https://www.google.com/search?q=your+site" "Mozilla/5.0 (Windows NT 10.0; Win64; x64) AppleWebKit/537.36 (KHTML, like Gecko) Chrome/120.0.0.0 Safari/537.36"
202.131.4.78 - - [12/Jun/2026:07:57:52 +0530] "OPTIONS /blog/post-4 HTTP/1.1" 200 33702 "https://t.co/abc123" "Mozilla/5.0 (Windows NT 10.0; Win64; x64) AppleWebKit/537.36 (KHTML, like Gecko) Chrome/120.0.0.0 Safari/537.36"
117.55.34.78 - - [12/Jun/2026:08:02:54 +0530] "GET /sitemap.xml HTTP/1.1" 200 74419 "https://www.reddit.com/r/programming" "Mozilla/5.0 (Macintosh; Intel Mac OS X 14_2) AppleWebKit/605.1.15 (KHTML, like Gecko) Version/17.2 Safari/605.1.15"
157.32.18.201 - - [12/Jun/2026:08:51:34 +0530] "HEAD /static/js/vendor.js HTTP/1.1" 301 548 "https://github.com" "Mozilla/5.0 (iPhone; CPU iPhone OS 17_2 like Mac OS X) AppleWebKit/605.1.15 (KHTML, like Gecko) Version/17.2 Mobile/15E148 Safari/604.1"
115.240.89.12 - - [12/Jun/2026:10:56:22 +0530] "GET /blog/post-1 HTTP/1.1" 200 51056 "https://github.com" "Mozilla/5.0 (X11; Linux x86_64; rv:109.0) Gecko/20100101 Firefox/121.0"
103.21.244.10 - - [12/Jun/2026:11:00:16 +0530] "HEAD /blog HTTP/1.1" 200 18930 "-" "Mozilla/5.0 (X11; Linux x86_64; rv:109.0) Gecko/20100101 Firefox/121.0"
122.161.45.67 - - [12/Jun/2026:11:14:44 +0530] "GET /login HTTP/1.1" 304 102 "-" "Mozilla/5.0 (X11; Linux x86_64; rv:109.0) Gecko/20100101 Firefox/121.0"
182.73.106.45 - - [12/Jun/2026:12:49:49 +0530] "HEAD /sitemap.xml HTTP/1.1" 200 25644 "https://t.co/abc123" "Mozilla/5.0 (X11; Linux x86_64; rv:109.0) Gecko/20100101 Firefox/121.0"
202.131.4.78 - - [12/Jun/2026:13:58:39 +0530] "GET /images/hero.jpg HTTP/1.1" 200 23272 "https://www.google.com/" "Mozilla/5.0 (Macintosh; Intel Mac OS X 14_2) AppleWebKit/605.1.15 (KHTML, like Gecko) Version/17.2 Safari/605.1.15"
59.90.12.34 - - [12/Jun/2026:13:59:07 +0530] "GET /dashboard HTTP/1.1" 200 17697 "https://t.co/abc123" "Mozilla/5.0 (Macintosh; Intel Mac OS X 14_2) AppleWebKit/605.1.15 (KHTML, like Gecko) Version/17.2 Safari/605.1.15"
89.248.167.131 - - [12/Jun/2026:16:16:44 +0530] "GET /backup.zip HTTP/1.1" 403 741 "-" "python-requests/2.28.2"
59.90.12.34 - dev-user [12/Jun/2026:16:20:40 +0530] "HEAD /blog/post-3 HTTP/1.1" 200 15889 "-" "Mozilla/5.0 (Linux; Android 13; Pixel 7) AppleWebKit/537.36 (KHTML, like Gecko) Chrome/120.0.6099.144 Mobile Safari/537.36"
202.131.4.78 - - [12/Jun/2026:16:23:27 +0530] "POST /static/js/app.js HTTP/1.1" 200 87236 "https://www.google.com/search?q=your+site" "Mozilla/5.0 (Linux; Android 13; Pixel 7) AppleWebKit/537.36 (KHTML, like Gecko) Chrome/120.0.6099.144 Mobile Safari/537.36"
27.96.78.12 - - [12/Jun/2026:17:03:22 +0530] "GET /static/js/app.js HTTP/1.1" 200 30103 "https://t.co/abc123" "Mozilla/5.0 (Linux; Android 13; Pixel 7) AppleWebKit/537.36 (KHTML, like Gecko) Chrome/120.0.6099.144 Mobile Safari/537.36"
89.248.167.131 - - [12/Jun/2026:17:44:39 +0530] "GET /config.php HTTP/1.1" 404 402 "-" "masscan/1.3 (https://github.com/robertdavidgraham/masscan)"
103.21.244.10 - - [12/Jun/2026:18:51:45 +0530] "GET /api/v1/data/bulk HTTP/1.1" 200 13295689 "https://www.google.com/search?q=your+site" "Mozilla/5.0 (X11; Linux x86_64; rv:109.0) Gecko/20100101 Firefox/121.0"
111.221.45.10 - - [12/Jun/2026:19:20:36 +0530] "GET /dashboard HTTP/1.1" 200 60982 "https://t.co/abc123" "Mozilla/5.0 (Windows NT 10.0; Win64; x64) AppleWebKit/537.36 (KHTML, like Gecko) Chrome/120.0.0.0 Safari/537.36"
111.221.45.10 - - [12/Jun/2026:20:06:28 +0530] "GET /register HTTP/1.1" 200 1432 "https://www.reddit.com/r/programming" "Mozilla/5.0 (iPhone; CPU iPhone OS 17_2 like Mac OS X) AppleWebKit/605.1.15 (KHTML, like Gecko) Version/17.2 Mobile/15E148 Safari/604.1"
61.12.45.200 - - [12/Jun/2026:20:40:33 +0530] "HEAD /blog/post-2 HTTP/1.1" 304 827 "https://github.com" "Mozilla/5.0 (X11; Linux x86_64; rv:109.0) Gecko/20100101 Firefox/121.0"
106.51.23.89 - - [12/Jun/2026:21:06:37 +0530] "POST /index.html HTTP/1.1" 200 62640 "https://t.co/abc123" "Mozilla/5.0 (Macintosh; Intel Mac OS X 14_2) AppleWebKit/605.1.15 (KHTML, like Gecko) Version/17.2 Safari/605.1.15"
117.55.34.78 - - [12/Jun/2026:21:39:34 +0530] "OPTIONS /static/js/vendor.js HTTP/1.1" 200 10307 "-" "Mozilla/5.0 (X11; Linux x86_64; rv:109.0) Gecko/20100101 Firefox/121.0"
185.220.101.45 - - [12/Jun/2026:22:10:02 +0530] "POST /login HTTP/1.1" 401 537 "-" "Mozilla/5.0 (Windows NT 10.0; Win64; x64) AppleWebKit/537.36 (KHTML, like Gecko) Chrome/120.0.0.0 Safari/537.36"
185.220.101.45 - - [12/Jun/2026:22:10:03 +0530] "POST /login HTTP/1.1" 401 313 "-" "Mozilla/5.0 (Macintosh; Intel Mac OS X 14_2) AppleWebKit/605.1.15 (KHTML, like Gecko) Version/17.2 Safari/605.1.15"
185.220.101.45 - - [12/Jun/2026:22:10:09 +0530] "POST /login HTTP/1.1" 401 434 "-" "Mozilla/5.0 (Linux; Android 13; Pixel 7) AppleWebKit/537.36 (KHTML, like Gecko) Chrome/120.0.6099.144 Mobile Safari/537.36"
185.220.101.45 - - [12/Jun/2026:22:10:10 +0530] "POST /login HTTP/1.1" 401 412 "-" "python-requests/2.28.2"
185.220.101.45 - - [12/Jun/2026:22:10:11 +0530] "POST /login HTTP/1.1" 403 483 "-" "Mozilla/5.0 (iPhone; CPU iPhone OS 17_2 like Mac OS X) AppleWebKit/605.1.15 (KHTML, like Gecko) Version/17.2 Mobile/15E148 Safari/604.1"
185.220.101.45 - - [12/Jun/2026:22:10:13 +0530] "POST /login HTTP/1.1" 200 437 "-" "Mozilla/5.0 (X11; Linux x86_64; rv:109.0) Gecko/20100101 Firefox/121.0"
185.220.101.45 - - [12/Jun/2026:22:10:13 +0530] "POST /login HTTP/1.1" 200 129 "-" "Mozilla/5.0 (Windows NT 10.0; Win64; x64) AppleWebKit/537.36 (KHTML, like Gecko) Chrome/120.0.0.0 Safari/537.36"
185.220.101.45 - - [12/Jun/2026:22:10:16 +0530] "POST /login HTTP/1.1" 200 394 "-" "Mozilla/5.0 (iPhone; CPU iPhone OS 17_2 like Mac OS X) AppleWebKit/605.1.15 (KHTML, like Gecko) Version/17.2 Mobile/15E148 Safari/604.1"
185.220.101.45 - - [12/Jun/2026:22:10:18 +0530] "POST /login HTTP/1.1" 403 411 "-" "Mozilla/5.0 (Linux; Android 13; Pixel 7) AppleWebKit/537.36 (KHTML, like Gecko) Chrome/120.0.6099.144 Mobile Safari/537.36"
185.220.101.45 - - [12/Jun/2026:22:10:19 +0530] "POST /login HTTP/1.1" 401 571 "-" "Mozilla/5.0 (Windows NT 10.0; Win64; x64) AppleWebKit/537.36 (KHTML, like Gecko) Chrome/120.0.0.0 Safari/537.36"
185.220.101.45 - - [12/Jun/2026:22:10:20 +0530] "POST /login HTTP/1.1" 401 559 "-" "Mozilla/5.0 (X11; Linux x86_64; rv:109.0) Gecko/20100101 Firefox/121.0"
185.220.101.45 - - [12/Jun/2026:22:10:22 +0530] "POST /login HTTP/1.1" 401 414 "-" "Mozilla/5.0 (iPhone; CPU iPhone OS 17_2 like Mac OS X) AppleWebKit/605.1.15 (KHTML, like Gecko) Version/17.2 Mobile/15E148 Safari/604.1"
185.220.101.45 - - [12/Jun/2026:22:10:23 +0530] "POST /login HTTP/1.1" 401 147 "-" "Mozilla/5.0 (Linux; Android 13; Pixel 7) AppleWebKit/537.36 (KHTML, like Gecko) Chrome/120.0.6099.144 Mobile Safari/537.36"
185.220.101.45 - - [12/Jun/2026:22:10:26 +0530] "POST /login HTTP/1.1" 200 207 "-" "python-requests/2.28.2"
185.220.101.45 - - [12/Jun/2026:22:10:29 +0530] "POST /login HTTP/1.1" 403 326 "-" "Mozilla/5.0 (Windows NT 10.0; Win64; x64) AppleWebKit/537.36 (KHTML, like Gecko) Chrome/120.0.0.0 Safari/537.36"
185.220.101.45 - - [12/Jun/2026:22:10:30 +0530] "POST /login HTTP/1.1" 401 162 "-" "python-requests/2.28.2"
185.220.101.45 - - [12/Jun/2026:22:10:31 +0530] "POST /login HTTP/1.1" 200 473 "-" "python-requests/2.28.2"
185.220.101.45 - - [12/Jun/2026:22:10:31 +0530] "POST /login HTTP/1.1" 403 513 "-" "Mozilla/5.0 (Macintosh; Intel Mac OS X 14_2) AppleWebKit/605.1.15 (KHTML, like Gecko) Version/17.2 Safari/605.1.15"
185.220.101.45 - - [12/Jun/2026:22:10:35 +0530] "POST /login HTTP/1.1" 401 417 "-" "python-requests/2.28.2"
185.220.101.45 - - [12/Jun/2026:22:10:35 +0530] "POST /login HTTP/1.1" 401 125 "-" "Mozilla/5.0 (Macintosh; Intel Mac OS X 14_2) AppleWebKit/605.1.15 (KHTML, like Gecko) Version/17.2 Safari/605.1.15"
185.220.101.45 - - [12/Jun/2026:22:10:36 +0530] "POST /login HTTP/1.1" 200 144 "-" "Mozilla/5.0 (X11; Linux x86_64; rv:109.0) Gecko/20100101 Firefox/121.0"
185.220.101.45 - - [12/Jun/2026:22:10:38 +0530] "POST /login HTTP/1.1" 200 103 "-" "Mozilla/5.0 (Macintosh; Intel Mac OS X 14_2) AppleWebKit/605.1.15 (KHTML, like Gecko) Version/17.2 Safari/605.1.15"
185.220.101.45 - - [12/Jun/2026:22:10:42 +0530] "POST /login HTTP/1.1" 200 529 "-" "Mozilla/5.0 (iPhone; CPU iPhone OS 17_2 like Mac OS X) AppleWebKit/605.1.15 (KHTML, like Gecko) Version/17.2 Mobile/15E148 Safari/604.1"
185.220.101.45 - - [12/Jun/2026:22:10:44 +0530] "POST /login HTTP/1.1" 200 393 "-" "Mozilla/5.0 (iPhone; CPU iPhone OS 17_2 like Mac OS X) AppleWebKit/605.1.15 (KHTML, like Gecko) Version/17.2 Mobile/15E148 Safari/604.1"
185.220.101.45 - - [12/Jun/2026:22:10:46 +0530] "POST /login HTTP/1.1" 200 578 "-" "python-requests/2.28.2"
185.220.101.45 - - [12/Jun/2026:22:10:52 +0530] "POST /login HTTP/1.1" 401 488 "-" "Mozilla/5.0 (X11; Linux x86_64; rv:109.0) Gecko/20100101 Firefox/121.0"
185.220.101.45 - - [12/Jun/2026:22:10:53 +0530] "POST /login HTTP/1.1" 200 133 "-" "Mozilla/5.0 (Linux; Android 13; Pixel 7) AppleWebKit/537.36 (KHTML, like Gecko) Chrome/120.0.6099.144 Mobile Safari/537.36"
185.220.101.45 - - [12/Jun/2026:22:10:55 +0530] "POST /login HTTP/1.1" 401 268 "-" "Mozilla/5.0 (iPhone; CPU iPhone OS 17_2 like Mac OS X) AppleWebKit/605.1.15 (KHTML, like Gecko) Version/17.2 Mobile/15E148 Safari/604.1"
59.90.12.34 - - [12/Jun/2026:22:43:56 +0530] "GET /dashboard HTTP/1.1" 200 17262 "https://www.reddit.com/r/programming" "Mozilla/5.0 (iPhone; CPU iPhone OS 17_2 like Mac OS X) AppleWebKit/605.1.15 (KHTML, like Gecko) Version/17.2 Mobile/15E148 Safari/604.1"
45.95.168.189 - - [12/Jun/2026:23:39:38 +0530] "GET /actuator HTTP/1.1" 404 321 "-" "zgrab/0.x"
117.55.34.78 - - [12/Jun/2026:23:40:36 +0530] "POST /static/css/main.css HTTP/1.1" 200 28974 "https://www.google.com/search?q=your+site" "Mozilla/5.0 (Windows NT 10.0; Win64; x64) AppleWebKit/537.36 (KHTML, like Gecko) Chrome/120.0.0.0 Safari/537.36"
14.139.123.45 - - [12/Jun/2026:23:55:57 +0530] "GET /api/v1/export HTTP/1.1" 200 49375065 "https://www.google.com/" "Mozilla/5.0 (Macintosh; Intel Mac OS X 14_2) AppleWebKit/605.1.15 (KHTML, like Gecko) Version/17.2 Safari/605.1.15"
59.90.12.34 - - [13/Jun/2026:00:21:28 +0530] "GET /login HTTP/1.1" 301 901 "https://t.co/abc123" "Mozilla/5.0 (X11; Linux x86_64; rv:109.0) Gecko/20100101 Firefox/121.0"
182.73.106.45 - - [13/Jun/2026:00:30:39 +0530] "GET /blog/post-3 HTTP/1.1" 200 35017 "-" "Mozilla/5.0 (Macintosh; Intel Mac OS X 14_2) AppleWebKit/605.1.15 (KHTML, like Gecko) Version/17.2 Safari/605.1.15"
89.248.167.131 - - [13/Jun/2026:02:34:14 +0530] "GET /phpmyadmin/ HTTP/1.1" 301 188 "-" "masscan/1.3 (https://github.com/robertdavidgraham/masscan)"
103.21.244.10 - - [13/Jun/2026:02:42:39 +0530] "POST /api/v1/data/bulk HTTP/1.1" 200 46940615 "https://github.com" "Mozilla/5.0 (iPhone; CPU iPhone OS 17_2 like Mac OS X) AppleWebKit/605.1.15 (KHTML, like Gecko) Version/17.2 Mobile/15E148 Safari/604.1"
117.55.34.78 - - [13/Jun/2026:03:22:31 +0530] "HEAD /blog HTTP/1.1" 200 81194 "-" "Mozilla/5.0 (X11; Linux x86_64; rv:109.0) Gecko/20100101 Firefox/121.0"
89.248.167.131 - - [13/Jun/2026:04:13:13 +0530] "GET /manager/html HTTP/1.1" 404 925 "-" "python-requests/2.28.2"
203.192.45.23 - - [13/Jun/2026:04:58:26 +0530] "HEAD /robots.txt HTTP/1.1" 200 10708 "-" "Mozilla/5.0 (iPhone; CPU iPhone OS 17_2 like Mac OS X) AppleWebKit/605.1.15 (KHTML, like Gecko) Version/17.2 Mobile/15E148 Safari/604.1"
115.240.89.12 - dev-user [13/Jun/2026:05:18:16 +0530] "POST /sitemap.xml HTTP/1.1" 200 78738 "-" "Mozilla/5.0 (X11; Linux x86_64; rv:109.0) Gecko/20100101 Firefox/121.0"
125.16.234.78 - dev-user [13/Jun/2026:06:38:55 +0530] "GET /blog HTTP/1.1" 304 121 "https://www.google.com/" "Mozilla/5.0 (Linux; Android 13; Pixel 7) AppleWebKit/537.36 (KHTML, like Gecko) Chrome/120.0.6099.144 Mobile Safari/537.36"
80.82.77.33 - - [13/Jun/2026:07:15:57 +0530] "GET /backup.zip HTTP/1.1" 200 402 "-" "zgrab/0.x"
202.131.4.78 - - [13/Jun/2026:07:46:30 +0530] "GET /api/v1/orders HTTP/1.1" 200 79754 "-" "Mozilla/5.0 (Macintosh; Intel Mac OS X 14_2) AppleWebKit/605.1.15 (KHTML, like Gecko) Version/17.2 Safari/605.1.15"
157.32.18.201 - - [13/Jun/2026:10:21:02 +0530] "HEAD /blog HTTP/1.1" 200 82131 "https://t.co/abc123" "Mozilla/5.0 (iPhone; CPU iPhone OS 17_2 like Mac OS X) AppleWebKit/605.1.15 (KHTML, like Gecko) Version/17.2 Mobile/15E148 Safari/604.1"
59.90.12.34 - dev-user [13/Jun/2026:11:51:07 +0530] "POST /contact HTTP/1.1" 304 490 "https://github.com" "Mozilla/5.0 (iPhone; CPU iPhone OS 17_2 like Mac OS X) AppleWebKit/605.1.15 (KHTML, like Gecko) Version/17.2 Mobile/15E148 Safari/604.1"
115.240.89.12 - - [13/Jun/2026:12:01:53 +0530] "HEAD /products HTTP/1.1" 200 9783 "https://github.com" "Mozilla/5.0 (Macintosh; Intel Mac OS X 14_2) AppleWebKit/605.1.15 (KHTML, like Gecko) Version/17.2 Safari/605.1.15"
14.139.123.45 - - [13/Jun/2026:12:13:00 +0530] "PUT /backups/latest.tar.gz HTTP/1.1" 200 22892490 "https://t.co/abc123" "Mozilla/5.0 (Windows NT 10.0; Win64; x64) AppleWebKit/537.36 (KHTML, like Gecko) Chrome/120.0.0.0 Safari/537.36"
157.32.18.201 - - [13/Jun/2026:12:50:21 +0530] "HEAD /images/logo.png HTTP/1.1" 200 20789 "-" "Mozilla/5.0 (Macintosh; Intel Mac OS X 14_2) AppleWebKit/605.1.15 (KHTML, like Gecko) Version/17.2 Safari/605.1.15"
14.139.123.45 - - [13/Jun/2026:13:16:03 +0530] "GET /static/css/main.css HTTP/1.1" 304 306 "https://www.reddit.com/r/programming" "Mozilla/5.0 (Macintosh; Intel Mac OS X 14_2) AppleWebKit/605.1.15 (KHTML, like Gecko) Version/17.2 Safari/605.1.15"
103.21.244.10 - - [13/Jun/2026:13:18:15 +0530] "POST /favicon.ico HTTP/1.1" 200 48026 "https://www.google.com/" "Mozilla/5.0 (Linux; Android 13; Pixel 7) AppleWebKit/537.36 (KHTML, like Gecko) Chrome/120.0.6099.144 Mobile Safari/537.36"
103.55.44.67 - - [13/Jun/2026:13:27:38 +0530] "GET /favicon.ico HTTP/1.1" 200 42539 "https://www.reddit.com/r/programming" "Mozilla/5.0 (Linux; Android 13; Pixel 7) AppleWebKit/537.36 (KHTML, like Gecko) Chrome/120.0.6099.144 Mobile Safari/537.36"
27.96.78.12 - - [13/Jun/2026:13:30:17 +0530] "GET /blog/post-1 HTTP/1.1" 200 88759 "https://www.google.com/search?q=your+site" "Mozilla/5.0 (Windows NT 10.0; Win64; x64) AppleWebKit/537.36 (KHTML, like Gecko) Chrome/120.0.0.0 Safari/537.36"
