203.192.45.23 - - [31/May/2026:07:25:21 +0530] "GET /api/v1/search HTTP/1.1" 304 124 "https://www.reddit.com/r/programming" "Mozilla/5.0 (Macintosh; Intel Mac OS X 14_2) AppleWebKit/605.1.15 (KHTML, like Gecko) Version/17.2 Safari/605.1.15"
202.131.4.78 - - [31/May/2026:07:37:50 +0530] "GET /index.html HTTP/1.1" 200 14203 "https://github.com" "Mozilla/5.0 (Linux; Android 13; Pixel 7) AppleWebKit/537.36 (KHTML, like Gecko) Chrome/120.0.6099.144 Mobile Safari/537.36"
103.55.44.67 - - [31/May/2026:08:25:48 +0530] "GET /static/css/bootstrap.min.css HTTP/1.1" 200 54288 "https://www.reddit.com/r/programming" "Mozilla/5.0 (iPhone; CPU iPhone OS 17_2 like Mac OS X) AppleWebKit/605.1.15 (KHTML, like Gecko) Version/17.2 Mobile/15E148 Safari/604.1"
14.139.123.45 - - [31/May/2026:11:04:38 +0530] "GET /static/js/jquery.min.js HTTP/1.1" 200 82468 "https://t.co/abc123" "Mozilla/5.0 (iPhone; CPU iPhone OS 17_2 like Mac OS X) AppleWebKit/605.1.15 (KHTML, like Gecko) Version/17.2 Mobile/15E148 Safari/604.1"
111.221.45.10 - - [31/May/2026:11:34:34 +0530] "POST /sitemap.xml HTTP/1.1" 301 519 "https://www.google.com/search?q=your+site" "Mozilla/5.0 (Linux; Android 13; Pixel 7) AppleWebKit/537.36 (KHTML, like Gecko) Chrome/120.0.6099.144 Mobile Safari/537.36"
125.16.234.78 - - [31/May/2026:11:43:02 +0530] "GET /login HTTP/1.1" 200 57866 "https://github.com" "Mozilla/5.0 (Windows NT 10.0; Win64; x64) AppleWebKit/537.36 (KHTML, like Gecko) Chrome/120.0.0.0 Safari/537.36"
45.95.168.189 - - [31/May/2026:12:04:10 +0530] "GET /actuator HTTP/1.1" 404 292 "-" "zgrab/0.x"
122.161.45.67 - - [31/May/2026:12:16:25 +0530] "HEAD /blog/post-2 HTTP/1.1" 200 14684 "https://www.reddit.com/r/programming" "Mozilla/5.0 (Linux; Android 13; Pixel 7) AppleWebKit/537.36 (KHTML, like Gecko) Chrome/120.0.6099.144 Mobile Safari/537.36"
202.131.4.78 - - [31/May/2026:12:37:03 +0530] "GET /sitemap.xml HTTP/1.1" 200 71489 "https://github.com" "Mozilla/5.0 (Linux; Android 13; Pixel 7) AppleWebKit/537.36 (KHTML, like Gecko) Chrome/120.0.6099.144 Mobile Safari/537.36"
14.139.123.45 - - [31/May/2026:13:15:49 +0530] "GET /images/hero.jpg HTTP/1.1" 200 88838 "-" "Mozilla/5.0 (Windows NT 10.0; Win64; x64) AppleWebKit/537.36 (KHTML, like Gecko) Chrome/120.0.0.0 Safari/537.36"
106.51.23.89 - - [31/May/2026:13:25:26 +0530] "GET /index.html HTTP/1.1" 200 69092 "-" "Mozilla/5.0 (Macintosh; Intel Mac OS X 14_2) AppleWebKit/605.1.15 (KHTML, like Gecko) Version/17.2 Safari/605.1.15"
61.12.45.200 - - [31/May/2026:14:07:48 +0530] "POST /dashboard HTTP/1.1" 200 51748 "-" "Mozilla/5.0 (iPhone; CPU iPhone OS 17_2 like Mac OS X) AppleWebKit/605.1.15 (KHTML, like Gecko) Version/17.2 Mobile/15E148 Safari/604.1"
185.220.101.45 - - [31/May/2026:14:15:01 +0530] "POST /login HTTP/1.1" 401 140 "-" "python-requests/2.28.2"
185.220.101.45 - - [31/May/2026:14:15:06 +0530] "POST /login HTTP/1.1" 401 194 "-" "Mozilla/5.0 (Windows NT 10.0; Win64; x64) AppleWebKit/537.36 (KHTML, like Gecko) Chrome/120.0.0.0 Safari/537.36"
185.220.101.45 - - [31/May/2026:14:15:10 +0530] "POST /login HTTP/1.1" 401 134 "-" "Mozilla/5.0 (iPhone; CPU iPhone OS 17_2 like Mac OS X) AppleWebKit/605.1.15 (KHTML, like Gecko) Version/17.2 Mobile/15E148 Safari/604.1"
185.220.101.45 - - [31/May/2026:14:15:12 +0530] "POST /login HTTP/1.1" 401 116 "-" "Mozilla/5.0 (X11; Linux x86_64; rv:109.0) Gecko/20100101 Firefox/121.0"
185.220.101.45 - - [31/May/2026:14:15:12 +0530] "POST /login HTTP/1.1" 401 133 "-" "Mozilla/5.0 (Macintosh; Intel Mac OS X 14_2) AppleWebKit/605.1.15 (KHTML, like Gecko) Version/17.2 Safari/605.1.15"
185.220.101.45 - - [31/May/2026:14:15:19 +0530] "POST /login HTTP/1.1" 200 565 "-" "Mozilla/5.0 (Macintosh; Intel Mac OS X 14_2) AppleWebKit/605.1.15 (KHTML, like Gecko) Version/17.2 Safari/605.1.15"
185.220.101.45 - - [31/May/2026:14:15:20 +0530] "POST /login HTTP/1.1" 403 554 "-" "Mozilla/5.0 (Macintosh; Intel Mac OS X 14_2) AppleWebKit/605.1.15 (KHTML, like Gecko) Version/17.2 Safari/605.1.15"
185.220.101.45 - - [31/May/2026:14:15:25 +0530] "POST /login HTTP/1.1" 200 580 "-" "python-requests/2.28.2"
185.220.101.45 - - [31/May/2026:14:15:26 +0530] "POST /login HTTP/1.1" 401 326 "-" "python-requests/2.28.2"
185.220.101.45 - - [31/May/2026:14:15:26 +0530] "POST /login HTTP/1.1" 401 480 "-" "python-requests/2.28.2"
185.220.101.45 - - [31/May/2026:14:15:27 +0530] "POST /login HTTP/1.1" 401 435 "-" "Mozilla/5.0 (iPhone; CPU iPhone OS 17_2 like Mac OS X) AppleWebKit/605.1.15 (KHTML, like Gecko) Version/17.2 Mobile/15E148 Safari/604.1"
185.220.101.45 - - [31/May/2026:14:15:27 +0530] "POST /login HTTP/1.1" 403 497 "-" "Mozilla/5.0 (Windows NT 10.0; Win64; x64) AppleWebKit/537.36 (KHTML, like Gecko) Chrome/120.0.0.0 Safari/537.36"
185.220.101.45 - - [31/May/2026:14:15:28 +0530] "POST /login HTTP/1.1" 200 350 "-" "python-requests/2.28.2"
185.220.101.45 - - [31/May/2026:14:15:31 +0530] "POST /login HTTP/1.1" 403 170 "-" "Mozilla/5.0 (Macintosh; Intel Mac OS X 14_2) AppleWebKit/605.1.15 (KHTML, like Gecko) Version/17.2 Safari/605.1.15"
185.220.101.45 - - [31/May/2026:14:15:34 +0530] "POST /login HTTP/1.1" 401 194 "-" "Mozilla/5.0 (Linux; Android 13; Pixel 7) AppleWebKit/537.36 (KHTML, like Gecko) Chrome/120.0.6099.144 Mobile Safari/537.36"
185.220.101.45 - - [31/May/2026:14:15:36 +0530] "POST /login HTTP/1.1" 200 374 "-" "Mozilla/5.0 (iPhone; CPU iPhone OS 17_2 like Mac OS X) AppleWebKit/605.1.15 (KHTML, like Gecko) Version/17.2 Mobile/15E148 Safari/604.1"
185.220.101.45 - - [31/May/2026:14:15:38 +0530] "POST /login HTTP/1.1" 200 413 "-" "Mozilla/5.0 (Macintosh; Intel Mac OS X 14_2) AppleWebKit/605.1.15 (KHTML, like Gecko) Version/17.2 Safari/605.1.15"
185.220.101.45 - - [31/May/2026:14:15:38 +0530] "POST /login HTTP/1.1" 401 218 "-" "python-requests/2.28.2"
185.220.101.45 - - [31/May/2026:14:15:38 +0530] "POST /login HTTP/1.1" 403 468 "-" "Mozilla/5.0 (Linux; Android 13; Pixel 7) AppleWebKit/537.36 (KHTML, like Gecko) Chrome/120.0.6099.144 Mobile Safari/537.36"
185.220.101.45 - - [31/May/2026:14:15:41 +0530] "POST /login HTTP/1.1" 401 194 "-" "Mozilla/5.0 (X11; Linux x86_64; rv:109.0) Gecko/20100101 Firefox/121.0"
185.220.101.45 - - [31/May/2026:14:15:41 +0530] "POST /login HTTP/1.1" 401 366 "-" "Mozilla/5.0 (Windows NT 10.0; Win64; x64) AppleWebKit/537.36 (KHTML, like Gecko) Chrome/120.0.0.0 Safari/537.36"
185.220.101.45 - - [31/May/2026:14:15:48 +0530] "POST /login HTTP/1.1" 401 550 "-" "Mozilla/5.0 (X11; Linux x86_64; rv:109.0) Gecko/20100101 Firefox/121.0"
185.220.101.45 - - [31/May/2026:14:15:48 +0530] "POST /login HTTP/1.1" 200 415 "-" "Mozilla/5.0 (Linux; Android 13; Pixel 7) AppleWebKit/537.36 (KHTML, like Gecko) Chrome/120.0.6099.144 Mobile Safari/537.36"
185.220.101.45 - - [31/May/2026:14:15:48 +0530] "POST /login HTTP/1.1" 401 573 "-" "Mozilla/5.0 (Linux; Android 13; Pixel 7) AppleWebKit/537.36 (KHTML, like Gecko) Chrome/120.0.6099.144 Mobile Safari/537.36"
185.220.101.45 - - [31/May/2026:14:15:49 +0530] "POST /login HTTP/1.1" 403 168 "-" "Mozilla/5.0 (iPhone; CPU iPhone OS 17_2 like Mac OS X) AppleWebKit/605.1.15 (KHTML, like Gecko) Version/17.2 Mobile/15E148 Safari/604.1"
185.220.101.45 - - [31/May/2026:14:15:52 +0530] "POST /login HTTP/1.1" 401 177 "-" "Mozilla/5.0 (Macintosh; Intel Mac OS X 14_2) AppleWebKit/605.1.15 (KHTML, like Gecko) Version/17.2 Safari/605.1.15"
185.220.101.45 - - [31/May/2026:14:15:53 +0530] "POST /login HTTP/1.1" 401 472 "-" "Mozilla/5.0 (Windows NT 10.0; Win64; x64) AppleWebKit/537.36 (KHTML, like Gecko) Chrome/120.0.0.0 Safari/537.36"
185.220.101.45 - - [31/May/2026:14:15:54 +0530] "POST /login HTTP/1.1" 200 340 "-" "python-requests/2.28.2"
103.55.44.67 - dev-user [31/May/2026:15:02:21 +0530] "GET /blog HTTP/1.1" 301 310 "https://github.com" "Mozilla/5.0 (Macintosh; Intel Mac OS X 14_2) AppleWebKit/605.1.15 (KHTML, like Gecko) Version/17.2 Safari/605.1.15"
27.96.78.12 - dev-user [31/May/2026:15:16:45 +0530] "GET /images/hero.jpg HTTP/1.1" 200 75723 "https://www.google.com/" "Mozilla/5.0 (Windows NT 10.0; Win64; x64) AppleWebKit/537.36 (KHTML, like Gecko) Chrome/120.0.0.0 Safari/537.36"
45.95.168.189 - - [31/May/2026:16:08:11 +0530] "GET /wp-admin/ HTTP/1.1" 404 218 "-" "sqlmap/1.7.9#stable (https://sqlmap.org)"
106.51.23.89 - - [31/May/2026:17:28:44 +0530] "OPTIONS /static/css/bootstrap.min.css HTTP/1.1" 200 50640 "https://github.com" "Mozilla/5.0 (Windows NT 10.0; Win64; x64) AppleWebKit/537.36 (KHTML, like Gecko) Chrome/120.0.0.0 Safari/537.36"
203.192.45.23 - - [31/May/2026:17:58:34 +0530] "GET /dashboard HTTP/1.1" 200 35434 "https://t.co/abc123" "Mozilla/5.0 (iPhone; CPU iPhone OS 17_2 like Mac OS X) AppleWebKit/605.1.15 (KHTML, like Gecko) Version/17.2 Mobile/15E148 Safari/604.1"
157.32.18.201 - - [31/May/2026:18:50:55 +0530] "GET /blog/post-4 HTTP/1.1" 200 27722 "-" "Mozilla/5.0 (X11; Linux x86_64; rv:109.0) Gecko/20100101 Firefox/121.0"
106.51.23.89 - - [31/May/2026:20:15:23 +0530] "HEAD /blog/post-1 HTTP/1.1" 304 674 "https://www.google.com/search?q=your+site" "Mozilla/5.0 (Windows NT 10.0; Win64; x64) AppleWebKit/537.36 (KHTML, like Gecko) Chrome/120.0.0.0 Safari/537.36"
59.90.12.34 - - [31/May/2026:20:42:18 +0530] "GET /api/v1/search HTTP/1.1" 200 45853 "-" "Mozilla/5.0 (iPhone; CPU iPhone OS 17_2 like Mac OS X) AppleWebKit/605.1.15 (KHTML, like Gecko) Version/17.2 Mobile/15E148 Safari/604.1"
89.248.167.131 - - [31/May/2026:21:26:23 +0530] "GET /api/v1/hidden HTTP/1.1" 404 125 "-" "python-requests/2.28.2"
115.240.89.12 - - [31/May/2026:22:48:03 +0530] "GET /blog HTTP/1.1" 200 41388 "https://t.co/abc123" "Mozilla/5.0 (iPhone; CPU iPhone OS 17_2 like Mac OS X) AppleWebKit/605.1.15 (KHTML, like Gecko) Version/17.2 Mobile/15E148 Safari/604.1"
49.36.78.145 - - [31/May/2026:22:52:43 +0530] "GET /favicon.ico HTTP/1.1" 200 22384 "https://www.google.com/" "Mozilla/5.0 (Linux; Android 13; Pixel 7) AppleWebKit/537.36 (KHTML, like Gecko) Chrome/120.0.6099.144 Mobile Safari/537.36"
14.139.123.45 - - [31/May/2026:23:14:30 +0530] "POST /backups/latest.tar.gz HTTP/1.1" 200 14025353 "https://t.co/abc123" "Mozilla/5.0 (Linux; Android 13; Pixel 7) AppleWebKit/537.36 (KHTML, like Gecko) Chrome/120.0.6099.144 Mobile Safari/537.36"
125.16.234.78 - - [01/Jun/2026:00:17:27 +0530] "OPTIONS /blog/post-1 HTTP/1.1" 200 82060 "https://www.google.com/search?q=your+site" "Mozilla/5.0 (iPhone; CPU iPhone OS 17_2 like Mac OS X) AppleWebKit/605.1.15 (KHTML, like Gecko) Version/17.2 Mobile/15E148 Safari/604.1"
111.221.45.10 - - [01/Jun/2026:00:23:12 +0530] "GET /blog/post-3 HTTP/1.1" 304 316 "https://t.co/abc123" "Mozilla/5.0 (iPhone; CPU iPhone OS 17_2 like Mac OS X) AppleWebKit/605.1.15 (KHTML, like Gecko) Version/17.2 Mobile/15E148 Safari/604.1"
61.12.45.200 - - [01/Jun/2026:00:42:34 +0530] "GET /images/hero.jpg HTTP/1.1" 200 42526 "-" "Mozilla/5.0 (Macintosh; Intel Mac OS X 14_2) AppleWebKit/605.1.15 (KHTML, like Gecko) Version/17.2 Safari/605.1.15"
115.240.89.12 - - [01/Jun/2026:02:20:48 +0530] "OPTIONS /login HTTP/1.1" 304 616 "https://t.co/abc123" "Mozilla/5.0 (Linux; Android 13; Pixel 7) AppleWebKit/537.36 (KHTML, like Gecko) Chrome/120.0.6099.144 Mobile Safari/537.36"
111.221.45.10 - dev-user [01/Jun/2026:02:24:44 +0530] "GET /sitemap.xml HTTP/1.1" 200 25023 "https://github.com" "Mozilla/5.0 (Linux; Android 13; Pixel 7) AppleWebKit/537.36 (KHTML, like Gecko) Chrome/120.0.6099.144 Mobile Safari/537.36"
103.55.44.67 - - [01/Jun/2026:02:56:23 +0530] "GET /api/v1/settings HTTP/1.1" 200 16889 "https://t.co/abc123" "Mozilla/5.0 (Macintosh; Intel Mac OS X 14_2) AppleWebKit/605.1.15 (KHTML, like Gecko) Version/17.2 Safari/605.1.15"
202.131.4.78 - dev-user [01/Jun/2026:04:52:53 +0530] "GET /favicon.ico HTTP/1.1" 200 49677 "https://www.reddit.com/r/programming" "Mozilla/5.0 (Linux; Android 13; Pixel 7) AppleWebKit/537.36 (KHTML, like Gecko) Chrome/120.0.6099.144 Mobile Safari/537.36"
157.32.18.201 - - [01/Jun/2026:05:11:48 +0530] "GET /static/js/jquery.min.js HTTP/1.1" 200 82181 "https://github.com" "Mozilla/5.0 (Macintosh; Intel Mac OS X 14_2) AppleWebKit/605.1.15 (KHTML, like Gecko) Version/17.2 Safari/605.1.15"
59.90.12.34 - dev-user [01/Jun/2026:06:02:43 +0530] "GET /contact HTTP/1.1" 304 734 "https://github.com" "Mozilla/5.0 (Macintosh; Intel Mac OS X 14_2) AppleWebKit/605.1.15 (KHTML, like Gecko) Version/17.2 Safari/605.1.15"
45.123.67.89 - - [01/Jun/2026:09:09:33 +0530] "HEAD /blog/post-1 HTTP/1.1" 200 89881 "https://t.co/abc123" "Mozilla/5.0 (Linux; Android 13; Pixel 7) AppleWebKit/537.36 (KHTML, like Gecko) Chrome/120.0.6099.144 Mobile Safari/537.36"
182.73.106.45 - - [01/Jun/2026:09:46:19 +0530] "GET /api/v1/search HTTP/1.1" 301 659 "https://t.co/abc123" "Mozilla/5.0 (Linux; Android 13; Pixel 7) AppleWebKit/537.36 (KHTML, like Gecko) Chrome/120.0.6099.144 Mobile Safari/537.36"
182.73.106.45 - - [01/Jun/2026:10:57:38 +0530] "HEAD /blog/post-4 HTTP/1.1" 301 328 "https://www.google.com/" "Mozilla/5.0 (iPhone; CPU iPhone OS 17_2 like Mac OS X) AppleWebKit/605.1.15 (KHTML, like Gecko) Version/17.2 Mobile/15E148 Safari/604.1"
202.131.4.78 - - [01/Jun/2026:11:15:09 +0530] "POST /login HTTP/1.1" 301 673 "https://github.com" "Mozilla/5.0 (X11; Linux x86_64; rv:109.0) Gecko/20100101 Firefox/121.0"
80.82.77.33 - - [01/Jun/2026:11:45:54 +0530] "GET /api/v1/hidden HTTP/1.1" 404 681 "-" "masscan/1.3 (https://github.com/robertdavidgraham/masscan)"
14.139.123.45 - - [01/Jun/2026:11:57:54 +0530] "GET /api/v1/reports HTTP/1.1" 200 5263 "https://github.com" "Mozilla/5.0 (X11; Linux x86_64; rv:109.0) Gecko/20100101 Firefox/121.0"
182.73.106.45 - - [01/Jun/2026:11:59:37 +0530] "OPTIONS /images/hero.jpg HTTP/1.1" 200 63222 "https://www.google.com/" "Mozilla/5.0 (Macintosh; Intel Mac OS X 14_2) AppleWebKit/605.1.15 (KHTML, like Gecko) Version/17.2 Safari/605.1.15"
103.21.244.10 - - [01/Jun/2026:12:00:00 +0530] "GET /dashboard HT
103.21.244.10 - - [01/Jun/2026:12:04:10 +0530] "GET /api/v1/data/bulk HTTP/1.1" 200 34492695 "-" "Mozilla/5.0 (X11; Linux x86_64; rv:109.0) Gecko/20100101 Firefox/121.0"
80.82.77.33 - - [01/Jun/2026:12:12:04 +0530] "GET /api/v1/hidden HTTP/1.1" 404 674 "-" "masscan/1.3 (https://github.com/robertdavidgraham/masscan)"
122.161.45.67 - - [01/Jun/2026:12:27:59 +0530] "POST /api/v1/settings HTTP/1.1" 304 946 "https://www.reddit.com/r/programming" "Mozilla/5.0 (X11; Linux x86_64; rv:109.0) Gecko/20100101 Firefox/121.0"
115.240.89.12 - - [01/Jun/2026:12:47:13 +0530] "HEAD /static/js/jquery.min.js HTTP/1.1" 200 37280 "https://www.reddit.com/r/programming" "Mozilla/5.0 (Macintosh; Intel Mac OS X 14_2) AppleWebKit/605.1.15 (KHTML, like Gecko) Version/17.2 Safari/605.1.15"
203.192.45.23 - - [01/Jun/2026:12:55:22 +0530] "OPTIONS /static/css/bootstrap.min.css HTTP/1.1" 200 7082 "https://www.google.com/" "Mozilla/5.0 (iPhone; CPU iPhone OS 17_2 like Mac OS X) AppleWebKit/605.1.15 (KHTML, like Gecko) Version/17.2 Mobile/15E148 Safari/604.1"
80.82.77.33 - - [01/Jun/2026:16:19:51 +0530] "GET /secret HTTP/1.1" 200 211 "-" "masscan/1.3 (https://github.com/robertdavidgraham/masscan)"
103.21.244.10 - - [01/Jun/2026:16:39:41 +0530] "POST /api/v1/data/bulk HTTP/1.1" 200 15249983 "https://www.reddit.com/r/programming" "Mozilla/5.0 (Linux; Android 13; Pixel 7) AppleWebKit/537.36 (KHTML, like Gecko) Chrome/120.0.6099.144 Mobile Safari/537.36"
103.55.44.67 - - [01/Jun/2026:17:41:36 +0530] "OPTIONS /products HTTP/1.1" 304 483 "https://github.com" "Mozilla/5.0 (X11; Linux x86_64; rv:109.0) Gecko/20100101 Firefox/121.0"
103.21.244.10 - - [01/Jun/2026:18:42:13 +0530] "GET /backups/latest.tar.gz HTTP/1.1" 200 33460322 "https://www.reddit.com/r/programming" "Mozilla/5.0 (Macintosh; Intel Mac OS X 14_2) AppleWebKit/605.1.15 (KHTML, like Gecko) Version/17.2 Safari/605.1.15"
80.82.77.33 - - [01/Jun/2026:20:22:19 +0530] "GET /backup.zip HTTP/1.1" 301 782 "-" "masscan/1.3 (https://github.com/robertdavidgraham/masscan)"
106.51.23.89 - - [01/Jun/2026:20:57:33 +0530] "HEAD /static/css/main.css HTTP/1.1" 200 65904 "https://www.google.com/" "Mozilla/5.0 (Macintosh; Intel Mac OS X 14_2) AppleWebKit/605.1.15 (KHTML, like Gecko) Version/17.2 Safari/605.1.15"
115.240.89.12 - dev-user [01/Jun/2026:21:15:44 +0530] "GET /static/css/bootstrap.min.css HTTP/1.1" 200 67454 "https://github.com" "Mozilla/5.0 (X11; Linux x86_64; rv:109.0) Gecko/20100101 Firefox/121.0"
125.16.234.78 - - [01/Jun/2026:23:24:08 +0530] "GET /api/v1/reports HTTP/1.1" 304 478 "https://github.com" "Mozilla/5.0 (Macintosh; Intel Mac OS X 14_2) AppleWebKit/605.1.15 (KHTML, like Gecko) Version/17.2 Safari/605.1.15"
111.221.45.10 - dev-user [01/Jun/2026:23:42:54 +0530] "GET /register HTTP/1.1" 200 36741 "https://www.reddit.com/r/programming" "Mozilla/5.0 (iPhone; CPU iPhone OS 17_2 like Mac OS X) AppleWebKit/605.1.15 (KHTML, like Gecko) Version/17.2 Mobile/15E148 Safari/604.1"
45.95.168.189 - - [02/Jun/2026:00:42:47 +0530] "GET /.htaccess HTTP/1.1" 404 602 "-" "sqlmap/1.7.9#stable (https://sqlmap.org)"
103.55.44.67 - dev-user [02/Jun/2026:02:14:11 +0530] "HEAD /static/css/main.css HTTP/1.1" 200 69114 "https://www.google.com/search?q=your+site" "Mozilla/5.0 (Linux; Android 13; Pixel 7) AppleWebKit/537.36 (KHTML, like Gecko) Chrome/120.0.6099.144 Mobile Safari/537.36"
157.32.18.201 - - [02/Jun/2026:03:27:19 +0530] "GET /blog/post-3 HTTP/1.1" 200 7941 "https://github.com" "Mozilla/5.0 (iPhone; CPU iPhone OS 17_2 like Mac OS X) AppleWebKit/605.1.15 (KHTML, like Gecko) Version/17.2 Mobile/15E148 Safari/604.1"
106.51.23.89 - - [02/Jun/2026:03:35:44 +0530] "HEAD /images/hero.jpg HTTP/1.1" 200 4722 "https://www.reddit.com/r/programming" "Mozilla/5.0 (X11; Linux x86_64; rv:109.0) Gecko/20100101 Firefox/121.0"
202.131.4.78 - - [02/Jun/2026:03:47:20 +0530] "HEAD /api/v1/users/me HTTP/1.1" 200 85194 "https://www.google.com/" "Mozilla/5.0 (Windows NT 10.0; Win64; x64) AppleWebKit/537.36 (KHTML, like Gecko) Chrome/120.0.0.0 Safari/537.36"
80.82.77.33 - - [02/Jun/2026:04:16:17 +0530] "GET /.env HTTP/1.1" 404 921 "-" "masscan/1.3 (https://github.com/robertdavidgraham/masscan)"
45.123.67.89 - dev-user [02/Jun/2026:06:02:25 +0530] "HEAD /robots.txt HTTP/1.1" 200 54825 "https://t.co/abc123" "Mozilla/5.0 (Windows NT 10.0; Win64; x64) AppleWebKit/537.36 (KHTML, like Gecko) Chrome/120.0.0.0 Safari/537.36"
61.12.45.200 - dev-user [02/Jun/2026:07:14:58 +0530] "GET /about HTTP/1.1" 304 773 "https://www.reddit.com/r/programming" "Mozilla/5.0 (X11; Linux x86_64; rv:109.0) Gecko/20100101 Firefox/121.0"
61.12.45.200 - - [02/Jun/2026:08:00:14 +0530] "GET /profile HTTP/1.1" 200 29973 "-" "Mozilla/5.0 (Linux; Android 13; Pixel 7) AppleWebKit/537.36 (KHTML, like Gecko) Chrome/120.0.6099.144 Mobile Safari/537.36"
122.161.45.67 - dev-user [02/Jun/2026:09:00:01 +0530] "POST /static/css/main.css HTTP/1.1" 200 75214 "https://www.reddit.com/r/programming" "Mozilla/5.0 (Macintosh; Intel Mac OS X 14_2) AppleWebKit/605.1.15 (KHTML, like Gecko) Version/17.2 Safari/605.1.15"
122.161.45.67 - - [02/Jun/2026:09:26:28 +0530] "GET /blog/post-1 HTTP/1.1" 200 89977 "https://www.google.com/" "Mozilla/5.0 (Windows NT 10.0; Win64; x64) AppleWebKit/537.36 (KHTML, like Gecko) Chrome/120.0.0.0 Safari/537.36"
61.12.45.200 - dev-user [02/Jun/2026:10:02:42 +0530] "GET /static/css/main.css HTTP/1.1" 200 61013 "https://github.com" "Mozilla/5.0 (Linux; Android 13; Pixel 7) AppleWebKit/537.36 (KHTML, like Gecko) Chrome/120.0.6099.144 Mobile Safari/537.36"
89.248.167.131 - - [02/Jun/2026:11:21:57 +0530] "GET /actuator HTTP/1.1" 404 885 "-" "Nikto/2.1.6"
125.16.234.78 - - [02/Jun/2026:12:25:48 +0530] "GET /fonts/roboto.woff2 HTTP/1.1" 200 62495 "https://www.google.com/" "Mozilla/5.0 (Windows NT 10.0; Win64; x64) AppleWebKit/537.36 (KHTML, like Gecko) Chrome/120.0.0.0 Safari/537.36"
106.51.23.89 - dev-user [02/Jun/2026:12:42:29 +0530] "HEAD /blog/post-4 HTTP/1.1" 200 16906 "https://www.reddit.com/r/programming" "Mozilla/5.0 (Linux; Android 13; Pixel 7) AppleWebKit/537.36 (KHTML, like Gecko) Chrome/120.0.6099.144 Mobile Safari/537.36"
45.95.168.189 - - [02/Jun/2026:12:45:55 +0530] "GET /admin HTTP/1.1" 404 775 "-" "zgrab/0.x"
111.221.45.10 - dev-user [02/Jun/2026:14:48:47 +0530] "GET /api/v1/users/me HTTP/1.1" 200 74053 "https://t.co/abc123" "Mozilla/5.0 (iPhone; CPU iPhone OS 17_2 like Mac OS X) AppleWebKit/605.1.15 (KHTML, like Gecko) Version/17.2 Mobile/15E148 Safari/604.1"
125.16.234.78 - dev-user [02/Jun/2026:15:04:15 +0530] "GET /static/js/app.js HTTP/1.1" 200 13856 "https://t.co/abc123" "Mozilla/5.0 (Linux; Android 13; Pixel 7) AppleWebKit/537.36 (KHTML, like Gecko) Chrome/120.0.6099.144 Mobile Safari/537.36"
117.55.34.78 - - [02/Jun/2026:15:55:09 +0530] "POST /blog/post-3 HTTP/1.1" 304 612 "https://www.google.com/search?q=your+site" "Mozilla/5.0 (Windows NT 10.0; Win64; x64) AppleWebKit/537.36 (KHTML, like Gecko) Chrome/120.0.0.0 Safari/537.36"
61.12.45.200 - - [02/Jun/2026:16:38:16 +0530] "GET /index.html HTTP/1.1" 200 22891 "https://www.google.com/search?q=your+site" "Mozilla/5.0 (Linux; Android 13; Pixel 7) AppleWebKit/537.36 (KHTML, like Gecko) Chrome/120.0.6099.144 Mobile Safari/537.36"
203.192.45.23 - - [02/Jun/2026:16:39:00 +0530] "HEAD /favicon.ico HTTP/1.1" 200 11747 "https://t.co/abc123" "Mozilla/5.0 (Windows NT 10.0; Win64; x64) AppleWebKit/537.36 (KHTML, like Gecko) Chrome/120.0.0.0 Safari/537.36"
89.248.167.131 - - [02/Jun/2026:17:02:43 +0530] "GET /backup.zip HTTP/1.1" 404 129 "-" "sqlmap/1.7.9#stable (https://sqlmap.org)"
14.139.123.45 - - [02/Jun/2026:17:19:25 +0530] "PUT /backups/latest.tar.gz HTTP/1.1" 200 13238429 "https://github.com" "Mozilla/5.0 (Macintosh; Intel Mac OS X 14_2) AppleWebKit/605.1.15 (KHTML, like Gecko) Version/17.2 Safari/605.1.15"
14.139.123.45 - - [02/Jun/2026:19:03:57 +0530] "POST /api/v1/export HTTP/1.1" 200 40959212 "-" "Mozilla/5.0 (Macintosh; Intel Mac OS X 14_2) AppleWebKit/605.1.15 (KHTML, like Gecko) Version/17.2 Safari/605.1.15"
202.131.4.78 - - [02/Jun/2026:19:31:46 +0530] "POST /blog/post-4 HTTP/1.1" 200 22066 "https://www.reddit.com/r/programming" "Mozilla/5.0 (Linux; Android 13; Pixel 7) AppleWebKit/537.36 (KHTML, like Gecko) Chrome/120.0.6099.144 Mobile Safari/537.36"
157.32.18.201 - dev-user [02/Jun/2026:21:40:41 +0530] "OPTIONS /blog/post-4 HTTP/1.1" 200 47513 "https://www.google.com/search?q=your+site" "Mozilla/5.0 (X11; Linux x86_64; rv:109.0) Gecko/20100101 Firefox/121.0"
115.240.89.12 - - [02/Jun/2026:23:18:36 +0530] "HEAD /static/js/app.js HTTP/1.1" 200 12419 "https://github.com" "Mozilla/5.0 (iPhone; CPU iPhone OS 17_2 like Mac OS X) AppleWebKit/605.1.15 (KHTML, like Gecko) Version/17.2 Mobile/15E148 Safari/604.1"
203.192.45.23 - - [03/Jun/2026:00:06:08 +0530] "GET /blog HTTP/1.1" 200 59015 "https://t.co/abc123" "Mozilla/5.0 (iPhone; CPU iPhone OS 17_2 like Mac OS X) AppleWebKit/605.1.15 (KHTML, like Gecko) Version/17.2 Mobile/15E148 Safari/604.1"
106.51.23.89 - - [03/Jun/2026:00:54:52 +0530] "GET /register HTTP/1.1" 200 81580 "https://www.google.com/" "Mozilla/5.0 (Linux; Android 13; Pixel 7) AppleWebKit/537.36 (KHTML, like Gecko) Chrome/120.0.6099.144 Mobile Safari/537.36"
14.139.123.45 - - [03/Jun/2026:00:58:46 +0530] "OPTIONS /api/v1/products HTTP/1.1" 304 888 "https://t.co/abc123" "Mozilla/5.0 (iPhone; CPU iPhone OS 17_2 like Mac OS X) AppleWebKit/605.1.15 (KHTML, like Gecko) Version/17.2 Mobile/15E148 Safari/604.1"
27.96.78.12 - - [03/Jun/2026:01:54:49 +0530] "GET /sitemap.xml HTTP/1.1" 200 35235 "https://www.google.com/search?q=your+site" "Mozilla/5.0 (Windows NT 10.0; Win64; x64) AppleWebKit/537.36 (KHTML, like Gecko) Chrome/120.0.0.0 Safari/537.36"
202.131.4.78 - - [03/Jun/2026:02:51:30 +0530] "GET /api/v1/users/me HTTP/1.1" 200 42844 "https://t.co/abc123" "Mozilla/5.0 (Macintosh; Intel Mac OS X 14_2) AppleWebKit/605.1.15 (KHTML, like Gecko) Version/17.2 Safari/605.1.15"
122.161.45.67 - - [03/Jun/2026:04:19:58 +0530] "POST /static/css/bootstrap.min.css HTTP/1.1" 200 45758 "https://t.co/abc123" "Mozilla/5.0 (Macintosh; Intel Mac OS X 14_2) AppleWebKit/605.1.15 (KHTML, like Gecko) Version/17.2 Safari/605.1.15"
103.21.244.10 - dev-user [03/Jun/2026:05:20:00 +0530] "GET /api/v1/users/me HTTP/1.1" 200 13024 "https://github.com" "Mozilla/5.0 (Windows NT 10.0; Win64; x64) AppleWebKit/537.36 (KHTML, like Gecko) Chrome/120.0.0.0 Safari/537.36"
106.51.23.89 - dev-user [03/Jun/2026:05:36:34 +0530] "OPTIONS /static/js/app.js HTTP/1.1" 304 732 "https://github.com" "Mozilla/5.0 (Windows NT 10.0; Win64; x64) AppleWebKit/537.36 (KHTML, like Gecko) Chrome/120.0.0.0 Safari/537.36"
49.36.78.145 - dev-user [03/Jun/2026:06:46:26 +0530] "GET /images/logo.png HTTP/1.1" 200 63273 "https://t.co/abc123" "Mozilla/5.0 (Macintosh; Intel Mac OS X 14_2) AppleWebKit/605.1.15 (KHTML, like Gecko) Version/17.2 Safari/605.1.15"
117.55.34.78 - - [03/Jun/2026:09:16:23 +0530] "GET /api/v1/products HTTP/1.1" 304 438 "https://github.com" "Mozilla/5.0 (iPhone; CPU iPhone OS 17_2 like Mac OS X) AppleWebKit/605.1.15 (KHTML, like Gecko) Version/17.2 Mobile/15E148 Safari/604.1"
198.54.117.200 - - [03/Jun/2026:09:30:00 +0530] "GET /wp-admin/ HTTP/1.1" 403 355 "-" "sqlmap/1.7.9#stable (https://sqlmap.org)"
198.54.117.200 - - [03/Jun/2026:09:30:03 +0530] "POST /api/v1/exec?cmd=ls%20-la HTTP/1.1" 400 4210 "-" "Nikto/2.1.6"
198.54.117.200 - - [03/Jun/2026:09:30:36 +0530] "GET /search?q=' OR '1'='1 HTTP/1.1" 404 3677 "-" "sqlmap/1.7.9#stable (https://sqlmap.org)"
198.54.117.200 - - [03/Jun/2026:09:30:43 +0530] "POST /search?q=<script>alert('xss')</script> HTTP/1.1" 404 3835 "-" "Mozilla/5.0 (Windows NT 10.0; Win64; x64) AppleWebKit/537.36 (KHTML, like Gecko) Chrome/120.0.0.0 Safari/537.36"
198.54.117.200 - - [03/Jun/2026:09:31:05 +0530] "GET /.env HTTP/1.1" 403 4596 "-" "sqlmap/1.7.9#stable (https://sqlmap.org)"
198.54.117.200 - - [03/Jun/2026:09:31:11 +0530] "POST /../../../etc/passwd HTTP/1.1" 404 3051 "-" "Nikto/2.1.6"
198.54.117.200 - - [03/Jun/2026:09:31:18 +0530] "POST /.env HTTP/1.1" 400 1200 "-" "sqlmap/1.7.9#stable (https://sqlmap.org)"
198.54.117.200 - - [03/Jun/2026:09:32:29 +0530] "POST /phpmyadmin/ HTTP/1.1" 404 1702 "-" "sqlmap/1.7.9#stable (https://sqlmap.org)"
198.54.117.200 - - [03/Jun/2026:09:32:42 +0530] "POST /.env HTTP/1.1" 403 3661 "-" "Mozilla/5.0 (Windows NT 10.0; Win64; x64) AppleWebKit/537.36 (KHTML, like Gecko) Chrome/120.0.0.0 Safari/537.36"
198.54.117.200 - - [03/Jun/2026:09:32:56 +0530] "POST /login?username=admin'--&password=x HTTP/1.1" 200 4281 "-" "Nikto/2.1.6"
198.54.117.200 - - [03/Jun/2026:09:33:15 +0530] "POST /api/v1/users?id=1' OR '1'='1 HTTP/1.1" 400 1520 "-" "Nikto/2.1.6"
198.54.117.200 - - [03/Jun/2026:09:33:16 +0530] "GET /wp-admin/ HTTP/1.1" 400 3579 "-" "Mozilla/5.0 (Windows NT 10.0; Win64; x64) AppleWebKit/537.36 (KHTML, like Gecko) Chrome/120.0.0.0 Safari/537.36"
198.54.117.200 - - [03/Jun/2026:09:33:30 +0530] "GET /wp-admin/ HTTP/1.1" 200 4754 "-" "Nikto/2.1.6"
198.54.117.200 - - [03/Jun/2026:09:33:37 +0530] "GET /api/v1/data?id=1 AND 1=1 HTTP/1.1" 404 4622 "-" "Nikto/2.1.6"
198.54.117.200 - - [03/Jun/2026:09:33:41 +0530] "POST /phpmyadmin/ HTTP/1.1" 403 3235 "-" "Nikto/2.1.6"
198.54.117.200 - - [03/Jun/2026:09:34:57 +0530] "GET /search?q=' OR '1'='1 HTTP/1.1" 400 3810 "-" "Mozilla/5.0 (Windows NT 10.0; Win64; x64) AppleWebKit/537.36 (KHTML, like Gecko) Chrome/120.0.0.0 Safari/537.36"
115.240.89.12 - - [03/Jun/2026:09:51:42 +0530] "POST /api/v1/users/me HTTP/1.1" 301 920 "https://www.reddit.com/r/programming" "Mozilla/5.0 (iPhone; CPU iPhone OS 17_2 like Mac OS X) AppleWebKit/605.1.15 (KHTML, like Gecko) Version/17.2 Mobile/15E148 Safari/604.1"
203.192.45.23 - dev-user [03/Jun/2026:10:39:41 +0530] "POST /favicon.ico HTTP/1.1" 200 7124 "https://github.com" "Mozilla/5.0 (Linux; Android 13; Pixel 7) AppleWebKit/537.36 (KHTML, like Gecko) Chrome/120.0.6099.144 Mobile Safari/537.36"
117.55.34.78 - - [03/Jun/2026:10:51:31 +0530] "OPTIONS /robots.txt HTTP/1.1" 200 12656 "https://www.google.com/search?q=your+site" "Mozilla/5.0 (X11; Linux x86_64; rv:109.0) Gecko/20100101 Firefox/121.0"
27.96.78.12 - - [03/Jun/2026:13:08:15 +0530] "GET /blog/post-1 HTTP/1.1" 200 48037 "https://t.co/abc123" "Mozilla/5.0 (Windows NT 10.0; Win64; x64) AppleWebKit/537.36 (KHTML, like Gecko) Chrome/120.0.0.0 Safari/537.36"
14.139.123.45 - - [03/Jun/2026:13:44:30 +0530] "GET /dashboard HTTP/1.1" 304 432 "https://www.google.com/" "Mozilla/5.0 (Windows NT 10.0; Win64; x64) AppleWebKit/537.36 (KHTML, like Gecko) Chrome/120.0.0.0 Safari/537.36"
157.32.18.201 - - [03/Jun/2026:14:30:25 +0530] "OPTIONS /static/js/jquery.min.js HTTP/1.1" 200 74075 "https://www.google.com/search?q=your+site" "Mozilla/5.0 (Windows NT 10.0; Win64; x64) AppleWebKit/537.36 (KHTML, like Gecko) Chrome/120.0.0.0 Safari/537.36"
111.221.45.10 - - [03/Jun/2026:14:37:11 +0530] "GET /blog HTTP/1.1" 200 39521 "https://github.com" "Mozilla/5.0 (Windows NT 10.0; Win64; x64) AppleWebKit/537.36 (KHTML, like Gecko) Chrome/120.0.0.0 Safari/537.36"
27.96.78.12 - - [03/Jun/2026:15:09:31 +0530] "HEAD /register HTTP/1.1" 200 89335 "https://t.co/abc123" "Mozilla/5.0 (Macintosh; Intel Mac OS X 14_2) AppleWebKit/605.1.15 (KHTML, like Gecko) Version/17.2 Safari/605.1.15"
203.192.45.23 - - [03/Jun/2026:15:18:11 +0530] "GET /blog/post-2 HTTP/1.1" 200 60134 "-" "Mozilla/5.0 (iPhone; CPU iPhone OS 17_2 like Mac OS X) AppleWebKit/605.1.15 (KHTML, like Gecko) Version/17.2 Mobile/15E148 Safari/604.1"
27.96.78.12 - - [03/Jun/2026:15:31:37 +0530] "GET /blog/post-3 HTTP/1.1" 200 12415 "https://www.google.com/search?q=your+site" "Mozilla/5.0 (Windows NT 10.0; Win64; x64) AppleWebKit/537.36 (KHTML, like Gecko) Chrome/120.0.0.0 Safari/537.36"
111.221.45.10 - - [03/Jun/2026:15:52:12 +0530] "HEAD /robots.txt HTTP/1.1" 200 30521 "-" "Mozilla/5.0 (Windows NT 10.0; Win64; x64) AppleWebKit/537.36 (KHTML, like Gecko) Chrome/120.0.0.0 Safari/537.36"
89.248.167.131 - - [03/Jun/2026:16:44:36 +0530] "GET /manager/html HTTP/1.1" 404 434 "-" "sqlmap/1.7.9#stable (https://sqlmap.org)"
157.32.18.201 - dev-user [03/Jun/2026:18:31:00 +0530] "GET /api/v1/settings HTTP/1.1" 301 122 "https://www.reddit.com/r/programming" "Mozilla/5.0 (Linux; Android 13; Pixel 7) AppleWebKit/537.36 (KHTML, like Gecko) Chrome/120.0.6099.144 Mobile Safari/537.36"
103.21.244.10 - - [03/Jun/2026:18:56:38 +0530] "GET /dashboard HTTP/1.1" 200 55612 "-" "Mozilla/5.0 (Linux; Android 13; Pixel 7) AppleWebKit/537.36 (KHTML, like Gecko) Chrome/120.0.6099.144 Mobile Safari/537.36"
125.16.234.78 - - [03/Jun/2026:19:41:47 +0530] "POST /api/v1/users/me HTTP/1.1" 301 936 "https://github.com" "Mozilla/5.0 (Linux; Android 13; Pixel 7) AppleWebKit/537.36 (KHTML, like Gecko) Chrome/120.0.6099.144 Mobile Safari/537.36"
49.36.78.145 - - [03/Jun/2026:20:42:39 +0530] "GET /static/js/jquery.min.js HTTP/1.1" 200 84745 "https://github.com" "Mozilla/5.0 (Linux; Android 13; Pixel 7) AppleWebKit/537.36 (KHTML, like Gecko) Chrome/120.0.6099.144 Mobile Safari/537.36"
111.221.45.10 - - [03/Jun/2026:21:20:13 +0530] "HEAD /static/js/vendor.js HTTP/1.1" 304 343 "https://t.co/abc123" "Mozilla/5.0 (iPhone; CPU iPhone OS 17_2 like Mac OS X) AppleWebKit/605.1.15 (KHTML, like Gecko) Version/17.2 Mobile/15E148 Safari/604.1"
203.192.45.23 - dev-user [03/Jun/2026:21:47:28 +0530] "GET /robots.txt HTTP/1.1" 200 77610 "https://www.google.com/" "Mozilla/5.0 (iPhone; CPU iPhone OS 17_2 like Mac OS X) AppleWebKit/605.1.15 (KHTML, like Gecko) Version/17.2 Mobile/15E148 Safari/604.1"
89.248.167.131 - - [03/Jun/2026:23:58:42 +0530] "GET /secret HTTP/1.1" 404 233 "-" "sqlmap/1.7.9#stable (https://sqlmap.org)"
14.139.123.45 - - [04/Jun/2026:01:31:14 +0530] "OPTIONS /sitemap.xml HTTP/1.1" 200 31012 "https://github.com" "Mozilla/5.0 (Windows NT 10.0; Win64; x64) AppleWebKit/537.36 (KHTML, like Gecko) Chrome/120.0.0.0 Safari/537.36"
182.73.106.45 - - [04/Jun/2026:01:53:35 +0530] "GET /robots.txt HTTP/1.1" 200 35558 "https://t.co/abc123" "Mozilla/5.0 (iPhone; CPU iPhone OS 17_2 like Mac OS X) AppleWebKit/605.1.15 (KHTML, like Gecko) Version/17.2 Mobile/15E148 Safari/604.1"
111.221.45.10 - - [04/Jun/2026:04:05:54 +0530] "POST /blog/post-4 HTTP/1.1" 301 173 "https://t.co/abc123" "Mozilla/5.0 (X11; Linux x86_64; rv:109.0) Gecko/20100101 Firefox/121.0"
202.131.4.78 - - [04/Jun/2026:05:54:58 +0530] "POST /login HTTP/1.1" 200 47651 "https://t.co/abc123" "Mozilla/5.0 (Macintosh; Intel Mac OS X 14_2) AppleWebKit/605.1.15 (KHTML, like Gecko) Version/17.2 Safari/605.1.15"
117.55.34.78 - - [04/Jun/2026:06:31:08 +0530] "GET /static/js/vendor.js HTTP/1.1" 200 60736 "https://t.co/abc123" "Mozilla/5.0 (Linux; Android 13; Pixel 7) AppleWebKit/537.36 (KHTML, like Gecko) Chrome/120.0.6099.144 Mobile Safari/537.36"
125.16.234.78 - - [04/Jun/2026:08:07:11 +0530] "OPTIONS /images/hero.jpg HTTP/1.1" 304 144 "https://t.co/abc123" "Mozilla/5.0 (Linux; Android 13; Pixel 7) AppleWebKit/537.36 (KHTML, like Gecko) Chrome/120.0.6099.144 Mobile Safari/537.36"
157.32.18.201 - - [04/Jun/2026:08:47:50 +0530] "GET /static/js/vendor.js HTTP/1.1" 200 12975 "https://www.google.com/" "Mozilla/5.0 (Windows NT 10.0; Win64; x64) AppleWebKit/537.36 (KHTML, like Gecko) Chrome/120.0.0.0 Safari/537.36"
103.21.244.10 - - [04/Jun/2026:09:31:37 +0530] "HEAD /static/css/main.css HTTP/1.1" 200 30317 "https://github.com" "Mozilla/5.0 (Windows NT 10.0; Win64; x64) AppleWebKit/537.36 (KHTML, like Gecko) Chrome/120.0.0.0 Safari/537.36"
103.21.244.10 - - [04/Jun/2026:11:00:28 +0530] "GET /api/v1/export HTTP/1.1" 200 40027978 "https://www.reddit.com/r/programming" "Mozilla/5.0 (iPhone; CPU iPhone OS 17_2 like Mac OS X) AppleWebKit/605.1.15 (KHTML, like Gecko) Version/17.2 Mobile/15E148 Safari/604.1"
115.240.89.12 - - [04/Jun/2026:12:21:52 +0530] "GET /static/js/app.js HTTP/1.1" 301 688 "https://t.co/abc123" "Mozilla/5.0 (Linux; Android 13; Pixel 7) AppleWebKit/537.36 (KHTML, like Gecko) Chrome/120.0.6099.144 Mobile Safari/537.36"
45.95.168.189 - - [04/Jun/2026:13:10:47 +0530] "GET /admin HTTP/1.1" 404 424 "-" "zgrab/0.x"
202.131.4.78 - - [04/Jun/2026:13:29:07 +0530] "GET /blog/post-2 HTTP/1.1" 200 19161 "https://www.google.com/search?q=your+site" "Mozilla/5.0 (Linux; Android 13; Pixel 7) AppleWebKit/537.36 (KHTML, like Gecko) Chrome/120.0.6099.144 Mobile Safari/537.36"
14.139.123.45 - - [04/Jun/2026:13:51:11 +0530] "GET /api/v1/reports/download HTTP/1.1" 200 17879265 "https://www.google.com/" "Mozilla/5.0 (Windows NT 10.0; Win64; x64) AppleWebKit/537.36 (KHTML, like Gecko) Chrome/120.0.0.0 Safari/537.36"
103.21.244.10 - - [04/Jun/2026:15:14:33 +0530] "GET /backups/latest.tar.gz HTTP/1.1" 200 25754657 "https://t.co/abc123" "Mozilla/5.0 (Linux; Android 13; Pixel 7) AppleWebKit/537.36 (KHTML, like Gecko) Chrome/120.0.6099.144 Mobile Safari/537.36"
59.90.12.34 - - [04/Jun/2026:15:27:47 +0530] "GET /blog/post-4 HTTP/1.1" 200 21017 "https://github.com" "Mozilla/5.0 (Windows NT 10.0; Win64; x64) AppleWebKit/537.36 (KHTML, like Gecko) Chrome/120.0.0.0 Safari/537.36"
45.123.67.89 - - [04/Jun/2026:16:01:32 +0530] "HEAD /static/js/jquery.min.js HTTP/1.1" 200 5726 "https://github.com" "Mozilla/5.0 (Linux; Android 13; Pixel 7) AppleWebKit/537.36 (KHTML, like Gecko) Chrome/120.0.6099.144 Mobile Safari/537.36"
103.21.244.10 - - [04/Jun/2026:17:12:00 +0530] "HEAD /api/v1/products HTTP/1.1" 200 73268 "https://t.co/abc123" "Mozilla/5.0 (Macintosh; Intel Mac OS X 14_2) AppleWebKit/605.1.15 (KHTML, like Gecko) Version/17.2 Safari/605.1.15"
203.192.45.23 - - [04/Jun/2026:18:19:03 +0530] "GET /profile HTTP/1.1" 304 431 "https://www.google.com/search?q=your+site" "Mozilla/5.0 (iPhone; CPU iPhone OS 17_2 like Mac OS X) AppleWebKit/605.1.15 (KHTML, like Gecko) Version/17.2 Mobile/15E148 Safari/604.1"
61.12.45.200 - - [04/Jun/2026:19:06:44 +0530] "OPTIONS /blog/post-2 HTTP/1.1" 304 294 "https://www.google.com/search?q=your+site" "Mozilla/5.0 (Windows NT 10.0; Win64; x64) AppleWebKit/537.36 (KHTML, like Gecko) Chrome/120.0.0.0 Safari/537.36"
14.139.123.45 - dev-user [04/Jun/2026:20:50:22 +0530] "GET /api/v1/search HTTP/1.1" 304 218 "https://www.reddit.com/r/programming" "Mozilla/5.0 (X11; Linux x86_64; rv:109.0) Gecko/20100101 Firefox/121.0"
103.21.244.10 - - [05/Jun/2026:01:09:48 +0530] "GET /blog/post-4 HTTP/1.1" 304 720 "https://www.reddit.com/r/programming" "Mozilla/5.0 (iPhone; CPU iPhone OS 17_2 like Mac OS X) AppleWebKit/605.1.15 (KHTML, like Gecko) Version/17.2 Mobile/15E148 Safari/604.1"
202.131.4.78 - dev-user [05/Jun/2026:02:16:41 +0530] "HEAD /fonts/roboto.woff2 HTTP/1.1" 200 50634 "https://github.com" "Mozilla/5.0 (Linux; Android 13; Pixel 7) AppleWebKit/537.36 (KHTML, like Gecko) Chrome/120.0.6099.144 Mobile Safari/537.36"
194.165.16.78 - - [05/Jun/2026:03:45:00 +0530] "POST /login HTTP/1.1" 403 354 "-" "Mozilla/5.0 (X11; Linux x86_64; rv:109.0) Gecko/20100101 Firefox/121.0"
194.165.16.78 - - [05/Jun/2026:03:45:02 +0530] "POST /login HTTP/1.1" 200 298 "-" "Mozilla/5.0 (iPhone; CPU iPhone OS 17_2 like Mac OS X) AppleWebKit/605.1.15 (KHTML, like Gecko) Version/17.2 Mobile/15E148 Safari/604.1"
194.165.16.78 - - [05/Jun/2026:03:45:07 +0530] "POST /login HTTP/1.1" 401 158 "-" "python-requests/2.28.2"
194.165.16.78 - - [05/Jun/2026:03:45:11 +0530] "POST /login HTTP/1.1" 403 402 "-" "python-requests/2.28.2"
194.165.16.78 - - [05/Jun/2026:03:45:11 +0530] "POST /login HTTP/1.1" 401 314 "-" "Mozilla/5.0 (Linux; Android 13; Pixel 7) AppleWebKit/537.36 (KHTML, like Gecko) Chrome/120.0.6099.144 Mobile Safari/537.36"
194.165.16.78 - - [05/Jun/2026:03:45:11 +0530] "POST /login HTTP/1.1" 401 560 "-" "Mozilla/5.0 (Macintosh; Intel Mac OS X 14_2) AppleWebKit/605.1.15 (KHTML, like Gecko) Version/17.2 Safari/605.1.15"
194.165.16.78 - - [05/Jun/2026:03:45:12 +0530] "POST /login HTTP/1.1" 403 146 "-" "Mozilla/5.0 (Linux; Android 13; Pixel 7) AppleWebKit/537.36 (KHTML, like Gecko) Chrome/120.0.6099.144 Mobile Safari/537.36"
194.165.16.78 - - [05/Jun/2026:03:45:12 +0530] "POST /login HTTP/1.1" 401 418 "-" "Mozilla/5.0 (Linux; Android 13; Pixel 7) AppleWebKit/537.36 (KHTML, like Gecko) Chrome/120.0.6099.144 Mobile Safari/537.36"
194.165.16.78 - - [05/Jun/2026:03:45:19 +0530] "POST /login HTTP/1.1" 403 247 "-" "python-requests/2.28.2"
194.165.16.78 - - [05/Jun/2026:03:45:20 +0530] "POST /login HTTP/1.1" 401 467 "-" "python-requests/2.28.2"
194.165.16.78 - - [05/Jun/2026:03:45:21 +0530] "POST /login HTTP/1.1" 200 546 "-" "python-requests/2.28.2"
194.165.16.78 - - [05/Jun/2026:03:45:24 +0530] "POST /login HTTP/1.1" 401 493 "-" "Mozilla/5.0 (Macintosh; Intel Mac OS X 14_2) AppleWebKit/605.1.15 (KHTML, like Gecko) Version/17.2 Safari/605.1.15"
194.165.16.78 - - [05/Jun/2026:03:45:26 +0530] "POST /login HTTP/1.1" 401 330 "-" "Mozilla/5.0 (Windows NT 10.0; Win64; x64) AppleWebKit/537.36 (KHTML, like Gecko) Chrome/120.0.0.0 Safari/537.36"
194.165.16.78 - - [05/Jun/2026:03:45:27 +0530] "POST /login HTTP/1.1" 401 413 "-" "Mozilla/5.0 (Windows NT 10.0; Win64; x64) AppleWebKit/537.36 (KHTML, like Gecko) Chrome/120.0.0.0 Safari/537.36"
194.165.16.78 - - [05/Jun/2026:03:45:28 +0530] "POST /login HTTP/1.1" 403 552 "-" "Mozilla/5.0 (Linux; Android 13; Pixel 7) AppleWebKit/537.36 (KHTML, like Gecko) Chrome/120.0.6099.144 Mobile Safari/537.36"
194.165.16.78 - - [05/Jun/2026:03:45:28 +0530] "POST /login HTTP/1.1" 401 143 "-" "Mozilla/5.0 (iPhone; CPU iPhone OS 17_2 like Mac OS X) AppleWebKit/605.1.15 (KHTML, like Gecko) Version/17.2 Mobile/15E148 Safari/604.1"
194.165.16.78 - - [05/Jun/2026:03:45:29 +0530] "POST /login HTTP/1.1" 401 549 "-" "Mozilla/5.0 (Macintosh; Intel Mac OS X 14_2) AppleWebKit/605.1.15 (KHTML, like Gecko) Version/17.2 Safari/605.1.15"
194.165.16.78 - - [05/Jun/2026:03:45:29 +0530] "POST /login HTTP/1.1" 403 146 "-" "python-requests/2.28.2"
194.165.16.78 - - [05/Jun/2026:03:45:32 +0530] "POST /login HTTP/1.1" 401 192 "-" "Mozilla/5.0 (iPhone; CPU iPhone OS 17_2 like Mac OS X) AppleWebKit/605.1.15 (KHTML, like Gecko) Version/17.2 Mobile/15E148 Safari/604.1"
194.165.16.78 - - [05/Jun/2026:03:45:33 +0530] "POST /login HTTP/1.1" 200 302 "-" "python-requests/2.28.2"
194.165.16.78 - - [05/Jun/2026:03:45:34 +0530] "POST /login HTTP/1.1" 401 411 "-" "Mozilla/5.0 (X11; Linux x86_64; rv:109.0) Gecko/20100101 Firefox/121.0"
194.165.16.78 - - [05/Jun/2026:03:45:39 +0530] "POST /login HTTP/1.1" 401 293 "-" "Mozilla/5.0 (iPhone; CPU iPhone OS 17_2 like Mac OS X) AppleWebKit/605.1.15 (KHTML, like Gecko) Version/17.2 Mobile/15E148 Safari/604.1"
194.165.16.78 - - [05/Jun/2026:03:45:44 +0530] "POST /login HTTP/1.1" 200 562 "-" "Mozilla/5.0 (Macintosh; Intel Mac OS X 14_2) AppleWebKit/605.1.15 (KHTML, like Gecko) Version/17.2 Safari/605.1.15"
194.165.16.78 - - [05/Jun/2026:03:45:44 +0530] "POST /login HTTP/1.1" 200 169 "-" "Mozilla/5.0 (X11; Linux x86_64; rv:109.0) Gecko/20100101 Firefox/121.0"
194.165.16.78 - - [05/Jun/2026:03:45:45 +0530] "POST /login HTTP/1.1" 403 472 "-" "Mozilla/5.0 (iPhone; CPU iPhone OS 17_2 like Mac OS X) AppleWebKit/605.1.15 (KHTML, like Gecko) Version/17.2 Mobile/15E148 Safari/604.1"
194.165.16.78 - - [05/Jun/2026:03:45:48 +0530] "POST /login HTTP/1.1" 401 197 "-" "Mozilla/5.0 (Linux; Android 13; Pixel 7) AppleWebKit/537.36 (KHTML, like Gecko) Chrome/120.0.6099.144 Mobile Safari/537.36"
194.165.16.78 - - [05/Jun/2026:03:45:49 +0530] "POST /login HTTP/1.1" 401 336 "-" "Mozilla/5.0 (Macintosh; Intel Mac OS X 14_2) AppleWebKit/605.1.15 (KHTML, like Gecko) Version/17.2 Safari/605.1.15"
194.165.16.78 - - [05/Jun/2026:03:45:55 +0530] "POST /login HTTP/1.1" 401 183 "-" "Mozilla/5.0 (Macintosh; Intel Mac OS X 14_2) AppleWebKit/605.1.15 (KHTML, like Gecko) Version/17.2 Safari/605.1.15"
103.21.244.10 - - [05/Jun/2026:04:04:20 +0530] "GET /register HTTP/1.1" 200 43865 "https://www.google.com/" "Mozilla/5.0 (Linux; Android 13; Pixel 7) AppleWebKit/537.36 (KHTML, like Gecko) Chrome/120.0.6099.144 Mobile Safari/537.36"
157.32.18.201 - - [05/Jun/2026:05:35:46 +0530] "HEAD /api/v1/settings HTTP/1.1" 200 44194 "https://www.reddit.com/r/programming" "Mozilla/5.0 (Windows NT 10.0; Win64; x64) AppleWebKit/537.36 (KHTML, like Gecko) Chrome/120.0.0.0 Safari/537.36"
203.192.45.23 - - [05/Jun/2026:06:23:43 +0530] "HEAD /products HTTP/1.1" 304 908 "https://www.google.com/search?q=your+site" "Mozilla/5.0 (X11; Linux x86_64; rv:109.0) Gecko/20100101 Firefox/121.0"
27.96.78.12 - - [05/Jun/2026:07:31:26 +0530] "HEAD /index.html HTTP/1.1" 301 907 "-" "Mozilla/5.0 (Windows NT 10.0; Win64; x64) AppleWebKit/537.36 (KHTML, like Gecko) Chrome/120.0.0.0 Safari/537.36"
125.16.234.78 - dev-user [05/Jun/2026:10:56:58 +0530] "POST /images/logo.png HTTP/1.1" 200 3738 "-" "Mozilla/5.0 (iPhone; CPU iPhone OS 17_2 like Mac OS X) AppleWebKit/605.1.15 (KHTML, like Gecko) Version/17.2 Mobile/15E148 Safari/604.1"
111.221.45.10 - dev-user [05/Jun/2026:12:15:34 +0530] "GET /index.html HTTP/1.1" 304 224 "https://t.co/abc123" "Mozilla/5.0 (Linux; Android 13; Pixel 7) AppleWebKit/537.36 (KHTML, like Gecko) Chrome/120.0.6099.144 Mobile Safari/537.36"
59.90.12.34 - - [05/Jun/2026:13:21:38 +0530] "HEAD /api/v1/orders HTTP/1.1" 200 37864 "https://github.com" "Mozilla/5.0 (Windows NT 10.0; Win64; x64) AppleWebKit/537.36 (KHTML, like Gecko) Chrome/120.0.0.0 Safari/537.36"
45.95.168.189 - - [05/Jun/2026:14:22:57 +0530] "GET /backup.zip HTTP/1.1" 404 249 "-" "Nikto/2.1.6"
49.36.78.145 - - [05/Jun/2026:15:30:00 +0530]
49.36.78.145 - dev-user [05/Jun/2026:15:50:12 +0530] "GET /dashboard HTTP/1.1" 200 35495 "-" "Mozilla/5.0 (Linux; Android 13; Pixel 7) AppleWebKit/537.36 (KHTML, like Gecko) Chrome/120.0.6099.144 Mobile Safari/537.36"
103.21.244.10 - - [05/Jun/2026:16:03:07 +0530] "PUT /api/v1/export HTTP/1.1" 200 28612679 "https://www.reddit.com/r/programming" "Mozilla/5.0 (X11; Linux x86_64; rv:109.0) Gecko/20100101 Firefox/121.0"
49.36.78.145 - - [05/Jun/2026:16:12:44 +0530] "GET /api/v1/products HTTP/1.1" 200 73720 "https://www.reddit.com/r/programming" "Mozilla/5.0 (Windows NT 10.0; Win64; x64) AppleWebKit/537.36 (KHTML, like Gecko) Chrome/120.0.0.0 Safari/537.36"
49.36.78.145 - - [05/Jun/2026:16:43:53 +0530] "HEAD /favicon.ico HTTP/1.1" 200 8642 "https://github.com" "Mozilla/5.0 (Windows NT 10.0; Win64; x64) AppleWebKit/537.36 (KHTML, like Gecko) Chrome/120.0.0.0 Safari/537.36"
103.21.244.10 - dev-user [05/Jun/2026:16:48:03 +0530] "HEAD /robots.txt HTTP/1.1" 200 89357 "https://t.co/abc123" "Mozilla/5.0 (iPhone; CPU iPhone OS 17_2 like Mac OS X) AppleWebKit/605.1.15 (KHTML, like Gecko) Version/17.2 Mobile/15E148 Safari/604.1"
115.240.89.12 - - [05/Jun/2026:17:39:49 +0530] "HEAD /api/v1/settings HTTP/1.1" 200 69668 "https://www.reddit.com/r/programming" "Mozilla/5.0 (Linux; Android 13; Pixel 7) AppleWebKit/537.36 (KHTML, like Gecko) Chrome/120.0.6099.144 Mobile Safari/537.36"
117.55.34.78 - - [05/Jun/2026:20:07:30 +0530] "GET /api/v1/reports HTTP/1.1" 200 73012 "-" "Mozilla/5.0 (Macintosh; Intel Mac OS X 14_2) AppleWebKit/605.1.15 (KHTML, like Gecko) Version/17.2 Safari/605.1.15"
117.55.34.78 - - [05/Jun/2026:20:36:27 +0530] "GET /dashboard HTTP/1.1" 200 77122 "https://www.reddit.com/r/programming" "Mozilla/5.0 (X11; Linux x86_64; rv:109.0) Gecko/20100101 Firefox/121.0"
117.55.34.78 - - [05/Jun/2026:20:44:00 +0530] "GET /api/v1/reports HTTP/1.1" 200 31039 "-" "Mozilla/5.0 (Linux; Android 13; Pixel 7) AppleWebKit/537.36 (KHTML, like Gecko) Chrome/120.0.6099.144 Mobile Safari/537.36"
111.221.45.10 - - [05/Jun/2026:21:03:21 +0530] "HEAD /sitemap.xml HTTP/1.1" 200 31635 "https://www.google.com/search?q=your+site" "Mozilla/5.0 (Windows NT 10.0; Win64; x64) AppleWebKit/537.36 (KHTML, like Gecko) Chrome/120.0.0.0 Safari/537.36"
203.192.45.23 - - [05/Jun/2026:21:27:48 +0530] "GET /products HTTP/1.1" 200 60429 "https://www.google.com/search?q=your+site" "Mozilla/5.0 (Linux; Android 13; Pixel 7) AppleWebKit/537.36 (KHTML, like Gecko) Chrome/120.0.6099.144 Mobile Safari/537.36"
117.55.34.78 - dev-user [05/Jun/2026:21:29:03 +0530] "OPTIONS /products HTTP/1.1" 200 8316 "-" "Mozilla/5.0 (Macintosh; Intel Mac OS X 14_2) AppleWebKit/605.1.15 (KHTML, like Gecko) Version/17.2 Safari/605.1.15"
122.161.45.67 - - [05/Jun/2026:23:03:08 +0530] "OPTIONS /fonts/roboto.woff2 HTTP/1.1" 200 38067 "https://www.google.com/" "Mozilla/5.0 (Linux; Android 13; Pixel 7) AppleWebKit/537.36 (KHTML, like Gecko) Chrome/120.0.6099.144 Mobile Safari/537.36"
14.139.123.45 - - [06/Jun/2026:00:10:04 +0530] "PUT /backups/latest.tar.gz HTTP/1.1" 200 42991431 "https://www.reddit.com/r/programming" "Mozilla/5.0 (Windows NT 10.0; Win64; x64) AppleWebKit/537.36 (KHTML, like Gecko) Chrome/120.0.0.0 Safari/537.36"
182.73.106.45 - - [06/Jun/2026:01:53:49 +0530] "HEAD /api/v1/products HTTP/1.1" 200 25133 "https://www.google.com/" "Mozilla/5.0 (X11; Linux x86_64; rv:109.0) Gecko/20100101 Firefox/121.0"
45.123.67.89 - - [06/Jun/2026:03:38:25 +0530] "GET /profile HTTP/1.1" 200 16314 "-" "Mozilla/5.0 (Macintosh; Intel Mac OS X 14_2) AppleWebKit/605.1.15 (KHTML, like Gecko) Version/17.2 Safari/605.1.15"
111.221.45.10 - dev-user [06/Jun/2026:04:27:43 +0530] "GET /blog HTTP/1.1" 200 32279 "https://t.co/abc123" "Mozilla/5.0 (Windows NT 10.0; Win64; x64) AppleWebKit/537.36 (KHTML, like Gecko) Chrome/120.0.0.0 Safari/537.36"
203.192.45.23 - - [06/Jun/2026:04:34:15 +0530] "GET /robots.txt HTTP/1.1" 200 18636 "https://www.google.com/" "Mozilla/5.0 (Macintosh; Intel Mac OS X 14_2) AppleWebKit/605.1.15 (KHTML, like Gecko) Version/17.2 Safari/605.1.15"
103.21.244.10 - - [06/Jun/2026:05:43:56 +0530] "GET /api/v1/export HTTP/1.1" 200 22340718 "https://t.co/abc123" "Mozilla/5.0 (Linux; Android 13; Pixel 7) AppleWebKit/537.36 (KHTML, like Gecko) Chrome/120.0.6099.144 Mobile Safari/537.36"
59.90.12.34 - - [06/Jun/2026:05:49:29 +0530] "GET /api/v1/reports HTTP/1.1" 200 57840 "https://www.google.com/" "Mozilla/5.0 (Windows NT 10.0; Win64; x64) AppleWebKit/537.36 (KHTML, like Gecko) Chrome/120.0.0.0 Safari/537.36"
203.192.45.23 - - [06/Jun/2026:06:45:44 +0530] "GET /robots.txt HTTP/1.1" 200 59855 "https://www.google.com/" "Mozilla/5.0 (Macintosh; Intel Mac OS X 14_2) AppleWebKit/605.1.15 (KHTML, like Gecko) Version/17.2 Safari/605.1.15"
103.21.244.10 - - [06/Jun/2026:09:51:05 +0530] "OPTIONS /fonts/roboto.woff2 HTTP/1.1" 304 448 "-" "Mozilla/5.0 (iPhone; CPU iPhone OS 17_2 like Mac OS X) AppleWebKit/605.1.15 (KHTML, like Gecko) Version/17.2 Mobile/15E148 Safari/604.1"
49.36.78.145 - - [06/Jun/2026:11:02:54 +0530] "OPTIONS /products HTTP/1.1" 200 71307 "https://www.google.com/" "Mozilla/5.0 (Linux; Android 13; Pixel 7) AppleWebKit/537.36 (KHTML, like Gecko) Chrome/120.0.6099.144 Mobile Safari/537.36"
45.95.168.189 - - [06/Jun/2026:11:09:57 +0530] "GET /setup.php HTTP/1.1" 404 975 "-" "zgrab/0.x"
14.139.123.45 - - [06/Jun/2026:12:29:50 +0530] "PUT /api/v1/data/bulk HTTP/1.1" 200 55754631 "-" "Mozilla/5.0 (X11; Linux x86_64; rv:109.0) Gecko/20100101 Firefox/121.0"
59.90.12.34 - - [06/Jun/2026:12:31:43 +0530] "GET /dashboard HTTP/1.1" 200 58582 "https://www.google.com/search?q=your+site" "Mozilla/5.0 (iPhone; CPU iPhone OS 17_2 like Mac OS X) AppleWebKit/605.1.15 (KHTML, like Gecko) Version/17.2 Mobile/15E148 Safari/604.1"
115.240.89.12 - dev-user [06/Jun/2026:12:33:19 +0530] "POST /dashboard HTTP/1.1" 304 965 "https://www.reddit.com/r/programming" "Mozilla/5.0 (iPhone; CPU iPhone OS 17_2 like Mac OS X) AppleWebKit/605.1.15 (KHTML, like Gecko) Version/17.2 Mobile/15E148 Safari/604.1"
202.131.4.78 - - [06/Jun/2026:14:32:03 +0530] "GET /dashboard HTTP/1.1" 200 7597 "https://github.com" "Mozilla/5.0 (iPhone; CPU iPhone OS 17_2 like Mac OS X) AppleWebKit/605.1.15 (KHTML, like Gecko) Version/17.2 Mobile/15E148 Safari/604.1"
182.73.106.45 - - [06/Jun/2026:18:24:35 +0530] "GET /blog/post-4 HTTP/1.1" 200 74705 "-" "Mozilla/5.0 (X11; Linux x86_64; rv:109.0) Gecko/20100101 Firefox/121.0"
115.240.89.12 - - [06/Jun/2026:20:12:31 +0530] "POST /contact HTTP/1.1" 200 42152 "https://github.com" "Mozilla/5.0 (X11; Linux x86_64; rv:109.0) Gecko/20100101 Firefox/121.0"
61.12.45.200 - - [06/Jun/2026:20:55:15 +0530] "POST /index.html HTTP/1.1" 200 56982 "-" "Mozilla/5.0 (Macintosh; Intel Mac OS X 14_2) AppleWebKit/605.1.15 (KHTML, like Gecko) Version/17.2 Safari/605.1.15"
