111.221.45.10 - - [13/Jun/2026:14:08:41 +0530] "POST /api/v1/users/me HTTP/1.1" 200 32941 "-" "Mozilla/5.0 (X11; Linux x86_64; rv:109.0) Gecko/20100101 Firefox/121.0"
157.32.18.201 - - [13/Jun/2026:14:21:20 +0530] "HEAD /profile HTTP/1.1" 200 40099 "https://github.com" "Mozilla/5.0 (Macintosh; Intel Mac OS X 14_2) AppleWebKit/605.1.15 (KHTML, like Gecko) Version/17.2 Safari/605.1.15"
115.240.89.12 - dev-user [13/Jun/2026:15:43:51 +0530] "GET /profile HTTP/1.1" 200 30975 "-" "Mozilla/5.0 (Windows NT 10.0; Win64; x64) AppleWebKit/537.36 (KHTML, like Gecko) Chrome/120.0.0.0 Safari/537.36"
45.95.168.189 - - [13/Jun/2026:15:58:25 +0530] "GET /actuator HTTP/1.1" 404 929 "-" "sqlmap/1.7.9#stable (https://sqlmap.org)"
117.55.34.78 - dev-user [13/Jun/2026:16:24:33 +0530] "HEAD /static/js/app.js HTTP/1.1" 200 34749 "https://github.com" "Mozilla/5.0 (iPhone; CPU iPhone OS 17_2 like Mac OS X) AppleWebKit/605.1.15 (KHTML, like Gecko) Version/17.2 Mobile/15E148 Safari/604.1"
14.139.123.45 - - [13/Jun/2026:17:36:51 +0530] "GET /api/v1/data/bulk HTTP/1.1" 200 58395285 "https://t.co/abc123" "Mozilla/5.0 (Windows NT 10.0; Win64; x64) AppleWebKit/537.36 (KHTML, like Gecko) Chrome/120.0.0.0 Safari/537.36"
125.16.234.78 - - [13/Jun/2026:19:51:03 +0530] "GET /api/v1/users/me HTTP/1.1" 200 5444 "https://www.google.com/" "Mozilla/5.0 (iPhone; CPU iPhone OS 17_2 like Mac OS X) AppleWebKit/605.1.15 (KHTML, like Gecko) Version/17.2 Mobile/15E148 Safari/604.1"
122.161.45.67 - - [13/Jun/2026:20:51:21 +0530] "OPTIONS /static/js/app.js HTTP/1.1" 301 576 "https://github.com" "Mozilla/5.0 (X11; Linux x86_64; rv:109.0) Gecko/20100101 Firefox/121.0"
27.96.78.12 - - [13/Jun/2026:20:53:08 +0530] "GET /sitemap.xml HTTP/1.1" 200 69566 "https://www.google.com/search?q=your+site" "Mozilla/5.0 (Linux; Android 13; Pixel 7) AppleWebKit/537.36 (KHTML, like Gecko) Chrome/120.0.6099.144 Mobile Safari/537.36"
111.221.45.10 - dev-user [14/Jun/2026:00:15:38 +0530] "OPTIONS /static/js/app.js HTTP/1.1" 200 67128 "https://t.co/abc123" "Mozilla/5.0 (Macintosh; Intel Mac OS X 14_2) AppleWebKit/605.1.15 (KHTML, like Gecko) Version/17.2 Safari/605.1.15"
125.16.234.78 - - [14/Jun/2026:00:30:38 +0530] "GET /index.html HTTP/1.1" 304 789 "https://www.reddit.com/r/programming" "Mozilla/5.0 (Windows NT 10.0; Win64; x64) AppleWebKit/537.36 (KHTML, like Gecko) Chrome/120.0.0.0 Safari/537.36"
14.139.123.45 - - [14/Jun/2026:03:15:52 +0530] "POST /api/v1/data/bulk HTTP/1.1" 200 9323658 "https://github.com" "Mozilla/5.0 (Macintosh; Intel Mac OS X 14_2) AppleWebKit/605.1.15 (KHTML, like Gecko) Version/17.2 Safari/605.1.15"
45.95.168.189 - - [14/Jun/2026:03:49:10 +0530] "GET /phpmyadmin/ HTTP/1.1" 404 724 "-" "python-requests/2.28.2"
27.96.78.12 - - [14/Jun/2026:05:05:06 +0530] "GET /images/logo.png HTTP/1.1" 200 51178 "https://www.google.com/" "Mozilla/5.0 (Linux; Android 13; Pixel 7) AppleWebKit/537.36 (KHTML, like Gecko) Chrome/120.0.6099.144 Mobile Safari/537.36"
111.221.45.10 - - [14/Jun/2026:05:15:56 +0530] "GET /dashboard HTTP/1.1" 200 85171 "https://github.com" "Mozilla/5.0 (X11; Linux x86_64; rv:109.0) Gecko/20100101 Firefox/121.0"
61.12.45.200 - - [14/Jun/2026:06:01:33 +0530] "GET /static/js/jquery.min.js HTTP/1.1" 200 57126 "https://www.reddit.com/r/programming" "Mozilla/5.0 (Linux; Android 13; Pixel 7) AppleWebKit/537.36 (KHTML, like Gecko) Chrome/120.0.6099.144 Mobile Safari/537.36"
117.55.34.78 - - [14/Jun/2026:06:47:32 +0530] "HEAD /index.html HTTP/1.1" 200 12322 "https://www.google.com/search?q=your+site" "Mozilla/5.0 (Macintosh; Intel Mac OS X 14_2) AppleWebKit/605.1.15 (KHTML, like Gecko) Version/17.2 Safari/605.1.15"
122.161.45.67 - - [14/Jun/2026:06:50:13 +0530] "OPTIONS /sitemap.xml HTTP/1.1" 200 54127 "https://www.google.com/" "Mozilla/5.0 (X11; Linux x86_64; rv:109.0) Gecko/20100101 Firefox/121.0"
157.32.18.201 - dev-user [14/Jun/2026:07:39:03 +0530] "GET /blog/post-1 HTTP/1.1" 200 53257 "https://www.reddit.com/r/programming" "Mozilla/5.0 (Linux; Android 13; Pixel 7) AppleWebKit/537.36 (KHTML, like Gecko) Chrome/120.0.6099.144 Mobile Safari/537.36"
59.90.12.34 - - [14/Jun/2026:08:10:39 +0530] "GET /blog/post-2 HTTP/1.1" 200 27241 "https://www.reddit.com/r/programming" "Mozilla/5.0 (Linux; Android 13; Pixel 7) AppleWebKit/537.36 (KHTML, like Gecko) Chrome/120.0.6099.144 Mobile Safari/537.36"
106.51.23.89 - - [14/Jun/2026:08:20:05 +0530] "GET /profile HTTP/1.1" 200 35700 "https://www.google.com/search?q=your+site" "Mozilla/5.0 (iPhone; CPU iPhone OS 17_2 like Mac OS X) AppleWebKit/605.1.15 (KHTML, like Gecko) Version/17.2 Mobile/15E148 Safari/604.1"
45.95.168.189 - - [14/Jun/2026:09:40:20 +0530] "GET /api/v1/internal HTTP/1.1" 404 310 "-" "zgrab/0.x"
27.96.78.12 - - [14/Jun/2026:11:24:19 +0530] "HEAD /profile HTTP/1.1" 200 28547 "https://www.reddit.com/r/programming" "Mozilla/5.0 (Macintosh; Intel Mac OS X 14_2) AppleWebKit/605.1.15 (KHTML, like Gecko) Version/17.2 Safari/605.1.15"
14.139.123.45 - - [14/Jun/2026:11:36:55 +0530] "POST /api/v1/export HTTP/1.1" 200 7205183 "https://www.reddit.com/r/programming" "Mozilla/5.0 (Macintosh; Intel Mac OS X 14_2) AppleWebKit/605.1.15 (KHTML, like Gecko) Version/17.2 Safari/605.1.15"
125.16.234.78 - - [14/Jun/2026:12:05:12 +0530] "GET /images/logo.png HTTP/1.1" 200 26606 "https://t.co/abc123" "Mozilla/5.0 (X11; Linux x86_64; rv:109.0) Gecko/20100101 Firefox/121.0"
115.240.89.12 - - [14/Jun/2026:12:55:22 +0530] "GET /static/css/bootstrap.min.css HTTP/1.1" 200 4294 "-" "Mozilla/5.0 (Windows NT 10.0; Win64; x64) AppleWebKit/537.36 (KHTML, like Gecko) Chrome/120.0.0.0 Safari/537.36"
14.139.123.45 - - [14/Jun/2026:13:14:45 +0530] "GET /backups/latest.tar.gz HTTP/1.1" 200 24501119 "https://www.google.com/" "Mozilla/5.0 (X11; Linux x86_64; rv:109.0) Gecko/20100101 Firefox/121.0"
203.192.45.23 - - [14/Jun/2026:13:31:44 +0530] "POST /sitemap.xml HTTP/1.1" 200 31171 "https://www.google.com/" "Mozilla/5.0 (iPhone; CPU iPhone OS 17_2 like Mac OS X) AppleWebKit/605.1.15 (KHTML, like Gecko) Version/17.2 Mobile/15E148 Safari/604.1"
103.55.44.67 - - [14/Jun/2026:13:39:49 +0530] "GET /blog HTTP/1.1" 200 62680 "https://www.google.com/" "Mozilla/5.0 (Macintosh; Intel Mac OS X 14_2) AppleWebKit/605.1.15 (KHTML, like Gecko) Version/17.2 Safari/605.1.15"
45.95.168.189 - - [14/Jun/2026:14:15:14 +0530] "GET /private HTTP/1.1" 404 865 "-" "Nikto/2.1.6"
106.51.23.89 - - [14/Jun/2026:14:20:39 +0530] "OPTIONS /api/v1/settings HTTP/1.1" 301 865 "https://www.reddit.com/r/programming" "Mozilla/5.0 (iPhone; CPU iPhone OS 17_2 like Mac OS X) AppleWebKit/605.1.15 (KHTML, like Gecko) Version/17.2 Mobile/15E148 Safari/604.1"
202.131.4.78 - dev-user [14/Jun/2026:15:06:41 +0530] "GET /about HTTP/1.1" 200 85897 "-" "Mozilla/5.0 (Macintosh; Intel Mac OS X 14_2) AppleWebKit/605.1.15 (KHTML, like Gecko) Version/17.2 Safari/605.1.15"
80.82.77.33 - - [14/Jun/2026:15:08:01 +0530] "GET /api/v1/hidden HTTP/1.1" 404 845 "-" "python-requests/2.28.2"
125.16.234.78 - - [14/Jun/2026:15:10:49 +0530] "OPTIONS /static/js/jquery.min.js HTTP/1.1" 200 29609 "-" "Mozilla/5.0 (X11; Linux x86_64; rv:109.0) Gecko/20100101 Firefox/121.0"
157.32.18.201 - - [14/Jun/2026:15:31:46 +0530] "POST /static/css/bootstrap.min.css HTTP/1.1" 304 270 "-" "Mozilla/5.0 (X11; Linux x86_64; rv:109.0) Gecko/20100101 Firefox/121.0"
182.73.106.45 - - [14/Jun/2026:16:21:41 +0530] "GET /profile HTTP/1.1" 200 33207 "-" "Mozilla/5.0 (Windows NT 10.0; Win64; x64) AppleWebKit/537.36 (KHTML, like Gecko) Chrome/120.0.0.0 Safari/537.36"
61.12.45.200 - - [14/Jun/2026:16:42:40 +0530] "GET /api/v1/users/me HTTP/1.1" 200 61284 "https://www.google.com/" "Mozilla/5.0 (Macintosh; Intel Mac OS X 14_2) AppleWebKit/605.1.15 (KHTML, like Gecko) Version/17.2 Safari/605.1.15"
61.12.45.200 - - [14/Jun/2026:18:09:40 +0530] "OPTIONS /index.html HTTP/1.1" 200 39066 "https://github.com" "Mozilla/5.0 (Macintosh; Intel Mac OS X 14_2) AppleWebKit/605.1.15 (KHTML, like Gecko) Version/17.2 Safari/605.1.15"
61.12.45.200 - dev-user [14/Jun/2026:18:16:42 +0530] "OPTIONS /favicon.ico HTTP/1.1" 200 59745 "https://www.google.com/" "Mozilla/5.0 (iPhone; CPU iPhone OS 17_2 like Mac OS X) AppleWebKit/605.1.15 (KHTML, like Gecko) Version/17.2 Mobile/15E148 Safari/604.1"
122.161.45.67 - - [14/Jun/2026:19:47:34 +0530] "POST /api/v1/products HTTP/1.1" 304 104 "https://www.google.com/" "Mozilla/5.0 (Macintosh; Intel Mac OS X 14_2) AppleWebKit/605.1.15 (KHTML, like Gecko) Version/17.2 Safari/605.1.15"
117.55.34.78 - dev-user [14/Jun/2026:20:11:52 +0530] "GET /favicon.ico HTTP/1.1" 200 10577 "https://www.google.com/" "Mozilla/5.0 (iPhone; CPU iPhone OS 17_2 like Mac OS X) AppleWebKit/605.1.15 (KHTML, like Gecko) Version/17.2 Mobile/15E148 Safari/604.1"
157.32.18.201 - - [14/Jun/2026:20:21:35 +0530] "GET /index.html HTTP/1.1" 301 314 "https://www.google.com/" "Mozilla/5.0 (iPhone; CPU iPhone OS 17_2 like Mac OS X) AppleWebKit/605.1.15 (KHTML, like Gecko) Version/17.2 Mobile/15E148 Safari/604.1"
115.240.89.12 - - [14/Jun/2026:20:52:33 +0530] "GET /static/css/main.css HTTP/1.1" 200 65882 "https://www.reddit.com/r/programming" "Mozilla/5.0 (Windows NT 10.0; Win64; x64) AppleWebKit/537.36 (KHTML, like Gecko) Chrome/120.0.0.0 Safari/537.36"
59.90.12.34 - - [14/Jun/2026:21:47:16 +0530] "GET /fonts/roboto.woff2 HTTP/1.1" 200 39154 "-" "Mozilla/5.0 (Windows NT 10.0; Win64; x64) AppleWebKit/537.36 (KHTML, like Gecko) Chrome/120.0.0.0 Safari/537.36"
103.55.44.67 - - [14/Jun/2026:22:05:58 +0530] "GET /api/v1/products HTTP/1.1" 301 947 "https://github.com" "Mozilla/5.0 (X11; Linux x86_64; rv:109.0) Gecko/20100101 Firefox/121.0"
80.82.77.33 - - [14/Jun/2026:23:05:47 +0530] "GET /console HTTP/1.1" 404 949 "-" "sqlmap/1.7.9#stable (https://sqlmap.org)"
182.73.106.45 - - [14/Jun/2026:23:30:04 +0530] "GET /dashboard HTTP/1.1" 200 27069 "https://www.reddit.com/r/programming" "Mozilla/5.0 (Macintosh; Intel Mac OS X 14_2) AppleWebKit/605.1.15 (KHTML, like Gecko) Version/17.2 Safari/605.1.15"
89.248.167.131 - - [14/Jun/2026:23:57:18 +0530] "GET /wp-login.php HTTP/1.1" 404 153 "-" "zgrab/0.x"
182.73.106.45 - - [15/Jun/2026:00:19:51 +0530] "POST /static/js/app.js HTTP/1.1" 200 30622 "https://github.com" "Mozilla/5.0 (X11; Linux x86_64; rv:109.0) Gecko/20100101 Firefox/121.0"
27.96.78.12 - - [15/Jun/2026:01:45:31 +0530] "GET /robots.txt HTTP/1.1" 200 12708 "https://t.co/abc123" "Mozilla/5.0 (X11; Linux x86_64; rv:109.0) Gecko/20100101 Firefox/121.0"
80.82.77.33 - - [15/Jun/2026:03:11:34 +0530] "GET /backup.zip HTTP/1.1" 404 264 "-" "zgrab/0.x"
122.161.45.67 - dev-user [15/Jun/2026:05:26:50 +0530] "GET /products HTTP/1.1" 200 1387 "-" "Mozilla/5.0 (X11; Linux x86_64; rv:109.0) Gecko/20100101 Firefox/121.0"
59.90.12.34 - dev-user [15/Jun/2026:06:40:26 +0530] "HEAD /profile HTTP/1.1" 200 2346 "-" "Mozilla/5.0 (Linux; Android 13; Pixel 7) AppleWebKit/537.36 (KHTML, like Gecko) Chrome/120.0.6099.144 Mobile Safari/537.36"
27.96.78.12 - - [15/Jun/2026:06:46:17 +0530] "GET /register HTTP/1.1" 200 40102 "https://www.reddit.com/r/programming" "Mozilla/5.0 (iPhone; CPU iPhone OS 17_2 like Mac OS X) AppleWebKit/605.1.15 (KHTML, like Gecko) Version/17.2 Mobile/15E148 Safari/604.1"
49.36.78.145 - - [15/Jun/2026:07:02:10 +0530] "HEAD /robots.txt HTTP/1.1" 200 11971 "https://www.google.com/search?q=your+site" "Mozilla/5.0 (Windows NT 10.0; Win64; x64) AppleWebKit/537.36 (KHTML, like Gecko) Chrome/120.0.0.0 Safari/537.36"
89.248.167.131 - - [15/Jun/2026:07:06:11 +0530] "GET /wp-admin/ HTTP/1.1" 403 890 "-" "masscan/1.3 (https://github.com/robertdavidgraham/masscan)"
202.131.4.78 - dev-user [15/Jun/2026:08:01:15 +0530] "GET /static/css/bootstrap.min.css HTTP/1.1" 200 2049 "https://github.com" "Mozilla/5.0 (Macintosh; Intel Mac OS X 14_2) AppleWebKit/605.1.15 (KHTML, like Gecko) Version/17.2 Safari/605.1.15"
122.161.45.67 - - [15/Jun/2026:08:17:31 +0530] "GET /sitemap.xml HTTP/1.1" 200 29719 "https://t.co/abc123" "Mozilla/5.0 (Windows NT 10.0; Win64; x64) AppleWebKit/537.36 (KHTML, like Gecko) Chrome/120.0.0.0 Safari/537.36"
80.82.77.33 - - [15/Jun/2026:08:30:40 +0530] "GET /.env HTTP/1.1" 404 234 "-" "sqlmap/1.7.9#stable (https://sqlmap.org)"
this is not a log line at all
111.221.45.10 - - [15/Jun/2026:10:14:29 +0530] "GET /about HTTP/1.1" 200 68452 "https://www.reddit.com/r/programming" "Mozilla/5.0 (Linux; Android 13; Pixel 7) AppleWebKit/537.36 (KHTML, like Gecko) Chrome/120.0.6099.144 Mobile Safari/537.36"
80.82.77.33 - - [15/Jun/2026:11:09:28 +0530] "GET /api/v1/internal HTTP/1.1" 404 538 "-" "masscan/1.3 (https://github.com/robertdavidgraham/masscan)"
157.32.18.201 - dev-user [15/Jun/2026:12:19:13 +0530] "OPTIONS /blog HTTP/1.1" 200 7535 "https://www.reddit.com/r/programming" "Mozilla/5.0 (iPhone; CPU iPhone OS 17_2 like Mac OS X) AppleWebKit/605.1.15 (KHTML, like Gecko) Version/17.2 Mobile/15E148 Safari/604.1"
14.139.123.45 - - [15/Jun/2026:12:47:06 +0530] "POST /backups/latest.tar.gz HTTP/1.1" 200 33321224 "https://www.google.com/" "Mozilla/5.0 (Windows NT 10.0; Win64; x64) AppleWebKit/537.36 (KHTML, like Gecko) Chrome/120.0.0.0 Safari/537.36"
106.51.23.89 - - [15/Jun/2026:12:55:20 +0530] "GET /blog HTTP/1.1" 200 5670 "-" "Mozilla/5.0 (Linux; Android 13; Pixel 7) AppleWebKit/537.36 (KHTML, like Gecko) Chrome/120.0.6099.144 Mobile Safari/537.36"
103.21.244.10 - - [15/Jun/2026:17:19:42 +0530] "OPTIONS /static/js/vendor.js HTTP/1.1" 200 47807 "https://t.co/abc123" "Mozilla/5.0 (iPhone; CPU iPhone OS 17_2 like Mac OS X) AppleWebKit/605.1.15 (KHTML, like Gecko) Version/17.2 Mobile/15E148 Safari/604.1"
111.221.45.10 - - [15/Jun/2026:19:45:38 +0530] "GET /register HTTP/1.1" 200 50514 "https://www.google.com/search?q=your+site" "Mozilla/5.0 (Windows NT 10.0; Win64; x64) AppleWebKit/537.36 (KHTML, like Gecko) Chrome/120.0.0.0 Safari/537.36"
59.90.12.34 - - [15/Jun/2026:20:10:23 +0530] "POST /static/js/vendor.js HTTP/1.1" 200 36958 "https://www.reddit.com/r/programming" "Mozilla/5.0 (Macintosh; Intel Mac OS X 14_2) AppleWebKit/605.1.15 (KHTML, like Gecko) Version/17.2 Safari/605.1.15"
115.240.89.12 - - [15/Jun/2026:20:29:58 +0530] "GET /images/logo.png HTTP/1.1" 200 73773 "https://t.co/abc123" "Mozilla/5.0 (Macintosh; Intel Mac OS X 14_2) AppleWebKit/605.1.15 (KHTML, like Gecko) Version/17.2 Safari/605.1.15"
111.221.45.10 - dev-user [15/Jun/2026:20:33:16 +0530] "OPTIONS /blog/post-4 HTTP/1.1" 200 32935 "https://www.google.com/search?q=your+site" "Mozilla/5.0 (iPhone; CPU iPhone OS 17_2 like Mac OS X) AppleWebKit/605.1.15 (KHTML, like Gecko) Version/17.2 Mobile/15E148 Safari/604.1"
106.51.23.89 - - [15/Jun/2026:21:09:25 +0530] "POST /robots.txt HTTP/1.1" 301 288 "https://github.com" "Mozilla/5.0 (X11; Linux x86_64; rv:109.0) Gecko/20100101 Firefox/121.0"
103.21.244.10 - - [15/Jun/2026:22:10:32 +0530] "GET /blog/post-3 HTTP/1.1" 200 89720 "https://www.reddit.com/r/programming" "Mozilla/5.0 (X11; Linux x86_64; rv:109.0) Gecko/20100101 Firefox/121.0"
104.244.72.115 - - [15/Jun/2026:23:00:05 +0530] "GET /search?q=' OR '1'='1 HTTP/1.1" 200 3468 "-" "sqlmap/1.7.9#stable (https://sqlmap.org)"
104.244.72.115 - - [15/Jun/2026:23:00:06 +0530] "GET /.env HTTP/1.1" 404 2686 "-" "Mozilla/5.0 (Windows NT 10.0; Win64; x64) AppleWebKit/537.36 (KHTML, like Gecko) Chrome/120.0.0.0 Safari/537.36"
104.244.72.115 - - [15/Jun/2026:23:00:21 +0530] "POST /products?category=1; DROP TABLE products-- HTTP/1.1" 403 3637 "-" "Mozilla/5.0 (Windows NT 10.0; Win64; x64) AppleWebKit/537.36 (KHTML, like Gecko) Chrome/120.0.0.0 Safari/537.36"
104.244.72.115 - - [15/Jun/2026:23:00:47 +0530] "POST /api/v1/users?id=1 UNION SELECT * FROM users-- HTTP/1.1" 400 1097 "-" "Mozilla/5.0 (Windows NT 10.0; Win64; x64) AppleWebKit/537.36 (KHTML, like Gecko) Chrome/120.0.0.0 Safari/537.36"
104.244.72.115 - - [15/Jun/2026:23:01:01 +0530] "POST /login?username=admin'--&password=x HTTP/1.1" 400 3179 "-" "Mozilla/5.0 (Windows NT 10.0; Win64; x64) AppleWebKit/537.36 (KHTML, like Gecko) Chrome/120.0.0.0 Safari/537.36"
104.244.72.115 - - [15/Jun/2026:23:02:19 +0530] "GET /.git/config HTTP/1.1" 403 905 "-" "Nikto/2.1.6"
104.244.72.115 - - [15/Jun/2026:23:02:25 +0530] "GET /index.php?page=../../../../etc/shadow HTTP/1.1" 200 294 "-" "Mozilla/5.0 (Windows NT 10.0; Win64; x64) AppleWebKit/537.36 (KHTML, like Gecko) Chrome/120.0.0.0 Safari/537.36"
104.244.72.115 - - [15/Jun/2026:23:02:34 +0530] "POST /api/v1/exec?cmd=ls%20-la HTTP/1.1" 400 3211 "-" "Mozilla/5.0 (Windows NT 10.0; Win64; x64) AppleWebKit/537.36 (KHTML, like Gecko) Chrome/120.0.0.0 Safari/537.36"
104.244.72.115 - - [15/Jun/2026:23:02:45 +0530] "GET /index.php?page=../../../../etc/shadow HTTP/1.1" 200 2371 "-" "sqlmap/1.7.9#stable (https://sqlmap.org)"
104.244.72.115 - - [15/Jun/2026:23:03:15 +0530] "GET /phpmyadmin/ HTTP/1.1" 200 2215 "-" "Nikto/2.1.6"
104.244.72.115 - - [15/Jun/2026:23:03:19 +0530] "GET /api/v1/exec?cmd=ls%20-la HTTP/1.1" 400 4445 "-" "Nikto/2.1.6"
104.244.72.115 - - [15/Jun/2026:23:03:59 +0530] "POST /login?username=admin'--&password=x HTTP/1.1" 404 2364 "-" "Nikto/2.1.6"
104.244.72.115 - - [15/Jun/2026:23:04:26 +0530] "POST /.git/config HTTP/1.1" 400 2666 "-" "Mozilla/5.0 (Windows NT 10.0; Win64; x64) AppleWebKit/537.36 (KHTML, like Gecko) Chrome/120.0.0.0 Safari/537.36"
104.244.72.115 - - [15/Jun/2026:23:04:28 +0530] "POST /products?category=1; DROP TABLE products-- HTTP/1.1" 404 2979 "-" "sqlmap/1.7.9#stable (https://sqlmap.org)"
104.244.72.115 - - [15/Jun/2026:23:04:49 +0530] "GET /api/v1/data?id=1 AND 1=1 HTTP/1.1" 400 2175 "-" "Nikto/2.1.6"
104.244.72.115 - - [15/Jun/2026:23:04:59 +0530] "GET /phpmyadmin/ HTTP/1.1" 400 4922 "-" "sqlmap/1.7.9#stable (https://sqlmap.org)"
202.131.4.78 - dev-user [15/Jun/2026:23:18:06 +0530] "OPTIONS /api/v1/reports HTTP/1.1" 200 86856 "-" "Mozilla/5.0 (Windows NT 10.0; Win64; x64) AppleWebKit/537.36 (KHTML, like Gecko) Chrome/120.0.0.0 Safari/537.36"
45.95.168.189 - - [16/Jun/2026:00:08:21 +0530] "GET /setup.php HTTP/1.1" 404 855 "-" "sqlmap/1.7.9#stable (https://sqlmap.org)"
45.95.168.189 - - [16/Jun/2026:00:43:51 +0530] "GET /console HTTP/1.1" 404 786 "-" "sqlmap/1.7.9#stable (https://sqlmap.org)"
89.248.167.131 - - [16/Jun/2026:01:05:01 +0530] "GET /setup.php HTTP/1.1" 404 289 "-" "python-requests/2.28.2"
14.139.123.45 - - [16/Jun/2026:01:14:42 +0530] "GET /api/v1/data/bulk HTTP/1.1" 200 57631686 "-" "Mozilla/5.0 (Macintosh; Intel Mac OS X 14_2) AppleWebKit/605.1.15 (KHTML, like Gecko) Version/17.2 Safari/605.1.15"
14.139.123.45 - - [16/Jun/2026:01:40:09 +0530] "GET /api/v1/reports HTTP/1.1" 301 120 "-" "Mozilla/5.0 (Linux; Android 13; Pixel 7) AppleWebKit/537.36 (KHTML, like Gecko) Chrome/120.0.6099.144 Mobile Safari/537.36"
103.21.244.10 - - [16/Jun/2026:02:12:13 +0530] "GET /api/v1/reports/download HTTP/1.1" 200 5858043 "https://t.co/abc123" "Mozilla/5.0 (X11; Linux x86_64; rv:109.0) Gecko/20100101 Firefox/121.0"
59.90.12.34 - - [16/Jun/2026:02:25:40 +0530] "POST /static/js/jquery.min.js HTTP/1.1" 200 70155 "https://www.google.com/search?q=your+site" "Mozilla/5.0 (iPhone; CPU iPhone OS 17_2 like Mac OS X) AppleWebKit/605.1.15 (KHTML, like Gecko) Version/17.2 Mobile/15E148 Safari/604.1"
14.139.123.45 - - [16/Jun/2026:02:28:35 +0530] "PUT /api/v1/reports/download HTTP/1.1" 200 39003058 "https://github.com" "Mozilla/5.0 (Windows NT 10.0; Win64; x64) AppleWebKit/537.36 (KHTML, like Gecko) Chrome/120.0.0.0 Safari/537.36"
89.248.167.131 - - [16/Jun/2026:02:37:39 +0530] "GET /admin HTTP/1.1" 404 850 "-" "zgrab/0.x"
27.96.78.12 - - [16/Jun/2026:02:46:10 +0530] "GET /blog/post-1 HTTP/1.1" 200 42300 "-" "Mozilla/5.0 (Windows NT 10.0; Win64; x64) AppleWebKit/537.36 (KHTML, like Gecko) Chrome/120.0.0.0 Safari/537.36"
125.16.234.78 - dev-user [16/Jun/2026:03:43:18 +0530] "GET /favicon.ico HTTP/1.1" 200 51616 "https://www.reddit.com/r/programming" "Mozilla/5.0 (X11; Linux x86_64; rv:109.0) Gecko/20100101 Firefox/121.0"
125.16.234.78 - - [16/Jun/2026:05:41:06 +0530] "POST /api/v1/products HTTP/1.1" 304 943 "https://www.google.com/search?q=your+site" "Mozilla/5.0 (iPhone; CPU iPhone OS 17_2 like Mac OS X) AppleWebKit/605.1.15 (KHTML, like Gecko) Version/17.2 Mobile/15E148 Safari/604.1"
111.221.45.10 - - [16/Jun/2026:06:06:41 +0530] "GET /contact HTTP/1.1" 200 50702 "https://github.com" "Mozilla/5.0 (Macintosh; Intel Mac OS X 14_2) AppleWebKit/605.1.15 (KHTML, like Gecko) Version/17.2 Safari/605.1.15"
49.36.78.145 - - [16/Jun/2026:09:32:09 +0530] "GET /profile HTTP/1.1" 200 50657 "https://t.co/abc123" "Mozilla/5.0 (Macintosh; Intel Mac OS X 14_2) AppleWebKit/605.1.15 (KHTML, like Gecko) Version/17.2 Safari/605.1.15"
111.221.45.10 - - [16/Jun/2026:10:06:56 +0530] "GET /favicon.ico HTTP/1.1" 200 33763 "https://www.reddit.com/r/programming" "Mozilla/5.0 (Linux; Android 13; Pixel 7) AppleWebKit/537.36 (KHTML, like Gecko) Chrome/120.0.6099.144 Mobile Safari/537.36"
103.55.44.67 - - [16/Jun/2026:13:50:12 +0530] "POST /blog/post-1 HTTP/1.1" 304 379 "https://www.reddit.com/r/programming" "Mozilla/5.0 (Macintosh; Intel Mac OS X 14_2) AppleWebKit/605.1.15 (KHTML, like Gecko) Version/17.2 Safari/605.1.15"
182.73.106.45 - - [16/Jun/2026:14:32:48 +0530] "GET /dashboard HTTP/1.1" 200 20808 "-" "Mozilla/5.0 (Windows NT 10.0; Win64; x64) AppleWebKit/537.36 (KHTML, like Gecko) Chrome/120.0.0.0 Safari/537.36"
14.139.123.45 - - [16/Jun/2026:15:55:34 +0530] "GET /backups/latest.tar.gz HTTP/1.1" 200 49297124 "https://t.co/abc123" "Mozilla/5.0 (iPhone; CPU iPhone OS 17_2 like Mac OS X) AppleWebKit/605.1.15 (KHTML, like Gecko) Version/17.2 Mobile/15E148 Safari/604.1"
203.192.45.23 - - [16/Jun/2026:16:49:42 +0530] "GET /profile HTTP/1.1" 304 597 "https://github.com" "Mozilla/5.0 (Windows NT 10.0; Win64; x64) AppleWebKit/537.36 (KHTML, like Gecko) Chrome/120.0.0.0 Safari/537.36"
106.51.23.89 - - [16/Jun/2026:17:17:05 +0530] "HEAD /static/js/vendor.js HTTP/1.1" 200 60901 "https://t.co/abc123" "Mozilla/5.0 (Macintosh; Intel Mac OS X 14_2) AppleWebKit/605.1.15 (KHTML, like Gecko) Version/17.2 Safari/605.1.15"
59.90.12.34 - - [16/Jun/2026:18:23:55 +0530] "OPTIONS /images/hero.jpg HTTP/1.1" 200 17461 "https://github.com" "Mozilla/5.0 (iPhone; CPU iPhone OS 17_2 like Mac OS X) AppleWebKit/605.1.15 (KHTML, like Gecko) Version/17.2 Mobile/15E148 Safari/604.1"
115.240.89.12 - dev-user [16/Jun/2026:19:12:16 +0530] "HEAD /api/v1/search HTTP/1.1" 200 10132 "-" "Mozilla/5.0 (Windows NT 10.0; Win64; x64) AppleWebKit/537.36 (KHTML, like Gecko) Chrome/120.0.0.0 Safari/537.36"
103.21.244.10 - - [16/Jun/2026:19:18:32 +0530] "PUT /api/v1/data/bulk HTTP/1.1" 200 51950550 "-" "Mozilla/5.0 (Windows NT 10.0; Win64; x64) AppleWebKit/537.36 (KHTML, like Gecko) Chrome/120.0.0.0 Safari/537.36"
111.221.45.10 - - [16/Jun/2026:19:59:46 +0530] "GET /about HTTP/1.1" 301 103 "https://www.google.com/search?q=your+site" "Mozilla/5.0 (X11; Linux x86_64; rv:109.0) Gecko/20100101 Firefox/121.0"
106.51.23.89 - - [16/Jun/2026:20:46:40 +0530] "OPTIONS /static/css/bootstrap.min.css HTTP/1.1" 200 30378 "-" "Mozilla/5.0 (Macintosh; Intel Mac OS X 14_2) AppleWebKit/605.1.15 (KHTML, like Gecko) Version/17.2 Safari/605.1.15"
103.21.244.10 - - [16/Jun/2026:20:51:45 +0530] "POST /backups/latest.tar.gz HTTP/1.1" 200 27328609 "https://www.google.com/search?q=your+site" "Mozilla/5.0 (X11; Linux x86_64; rv:109.0) Gecko/20100101 Firefox/121.0"
122.161.45.67 - - [16/Jun/2026:21:29:08 +0530] "POST /sitemap.xml HTTP/1.1" 200 64782 "https://www.google.com/search?q=your+site" "Mozilla/5.0 (Windows NT 10.0; Win64; x64) AppleWebKit/537.36 (KHTML, like Gecko) Chrome/120.0.0.0 Safari/537.36"
106.51.23.89 - - [16/Jun/2026:22:31:51 +0530] "GET /contact HTTP/1.1" 200 57473 "https://github.com" "Mozilla/5.0 (Linux; Android 13; Pixel 7) AppleWebKit/537.36 (KHTML, like Gecko) Chrome/120.0.6099.144 Mobile Safari/537.36"
14.139.123.45 - - [16/Jun/2026:23:13:01 +0530] "GET /backups/latest.tar.gz HTTP/1.1" 200 24032841 "https://www.reddit.com/r/programming" "Mozilla/5.0 (X11; Linux x86_64; rv:109.0) Gecko/20100101 Firefox/121.0"
202.131.4.78 - - [16/Jun/2026:23:26:58 +0530] "GET /api/v1/settings HTTP/1.1" 200 36261 "https://www.google.com/search?q=your+site" "Mozilla/5.0 (Macintosh; Intel Mac OS X 14_2) AppleWebKit/605.1.15 (KHTML, like Gecko) Version/17.2 Safari/605.1.15"
14.139.123.45 - - [17/Jun/2026:00:21:24 +0530] "PUT /backups/latest.tar.gz HTTP/1.1" 200 46402120 "-" "Mozilla/5.0 (Linux; Android 13; Pixel 7) AppleWebKit/537.36 (KHTML, like Gecko) Chrome/120.0.6099.144 Mobile Safari/537.36"
80.82.77.33 - - [17/Jun/2026:01:02:56 +0530] "GET /.git/config HTTP/1.1" 404 871 "-" "sqlmap/1.7.9#stable (https://sqlmap.org)"
103.21.244.10 - - [17/Jun/2026:01:40:03 +0530] "GET /api/v1/data/bulk HTTP/1.1" 200 42388503 "https://www.google.com/search?q=your+site" "Mozilla/5.0 (Windows NT 10.0; Win64; x64) AppleWebKit/537.36 (KHTML, like Gecko) Chrome/120.0.0.0 Safari/537.36"
45.95.168.189 - - [17/Jun/2026:02:00:01 +0530] "GET /phpmyadmin/ HTTP/1.1" 403 417 "-" "zgrab/0.x"
45.95.168.189 - - [17/Jun/2026:02:00:21 +0530] "GET / HTTP/1.1" 404 168 "-" "zgrab/0.x"
45.95.168.189 - - [17/Jun/2026:02:00:33 +0530] "GET /.env HTTP/1.1" 404 463 "-" "zgrab/0.x"
45.95.168.189 - - [17/Jun/2026:02:00:43 +0530] "GET /server-status HTTP/1.1" 404 273 "-" "zgrab/0.x"
45.95.168.189 - - [17/Jun/2026:02:01:17 +0530] "GET /actuator/health HTTP/1.1" 403 289 "-" "masscan/1.3 (https://github.com/robertdavidgraham/masscan)"
45.95.168.189 - - [17/Jun/2026:02:01:48 +0530] "GET /crossdomain.xml HTTP/1.1" 404 137 "-" "masscan/1.3 (https://github.com/robertdavidgraham/masscan)"
45.95.168.189 - - [17/Jun/2026:02:02:00 +0530] "GET /config.php HTTP/1.1" 403 443 "-" "masscan/1.3 (https://github.com/robertdavidgraham/masscan)"
45.95.168.189 - - [17/Jun/2026:02:02:22 +0530] "GET / HTTP/1.1" 200 270 "-" "masscan/1.3 (https://github.com/robertdavidgraham/masscan)"
45.95.168.189 - - [17/Jun/2026:02:02:23 +0530] "GET / HTTP/1.1" 403 191 "-" "zgrab/0.x"
45.95.168.189 - - [17/Jun/2026:02:02:57 +0530] "GET /actuator/health HTTP/1.1" 403 208 "-" "zgrab/0.x"
103.21.244.10 - - [17/Jun/2026:02:03:13 +0530] "GET /blog/post-3 HTTP/1.1" 301 156 "https://www.reddit.com/r/programming" "Mozilla/5.0 (X11; Linux x86_64; rv:109.0) Gecko/20100101 Firefox/121.0"
14.139.123.45 - - [17/Jun/2026:02:24:26 +0530] "GET /api/v1/reports/download HTTP/1.1" 200 45253327 "-" "Mozilla/5.0 (Windows NT 10.0; Win64; x64) AppleWebKit/537.36 (KHTML, like Gecko) Chrome/120.0.0.0 Safari/537.36"
14.139.123.45 - - [17/Jun/2026:04:05:39 +0530] "POST /api/v1/data/bulk HTTP/1.1" 200 41402405 "https://www.reddit.com/r/programming" "Mozilla/5.0 (Linux; Android 13; Pixel 7) AppleWebKit/537.36 (KHTML, like Gecko) Chrome/120.0.6099.144 Mobile Safari/537.36"
45.123.67.89 - - [17/Jun/2026:05:05:49 +0530] "GET /blog/post-2 HTTP/1.1" 200 12302 "https://www.reddit.com/r/programming" "Mozilla/5.0 (X11; Linux x86_64; rv:109.0) Gecko/20100101 Firefox/121.0"
49.36.78.145 - - [17/Jun/2026:08:40:56 +0530] "GET /blog/post-1 HTTP/1.1" 200 30645 "https://www.reddit.com/r/programming" "Mozilla/5.0 (Windows NT 10.0; Win64; x64) AppleWebKit/537.36 (KHTML, like Gecko) Chrome/120.0.0.0 Safari/537.36"
49.36.78.145 - - [17/Jun/2026:09:07:26 +0530] "OPTIONS /static/css/bootstrap.min.css HTTP/1.1" 304 925 "https://www.google.com/search?q=your+site" "Mozilla/5.0 (Macintosh; Intel Mac OS X 14_2) AppleWebKit/605.1.15 (KHTML, like Gecko) Version/17.2 Safari/605.1.15"
103.21.244.10 - dev-user [17/Jun/2026:09:32:24 +0530] "HEAD /login HTTP/1.1" 200 22939 "https://t.co/abc123" "Mozilla/5.0 (iPhone; CPU iPhone OS 17_2 like Mac OS X) AppleWebKit/605.1.15 (KHTML, like Gecko) Version/17.2 Mobile/15E148 Safari/604.1"
14.139.123.45 - - [17/Jun/2026:09:46:04 +0530] "GET /api/v1/reports/download HTTP/1.1" 200 46260400 "-" "Mozilla/5.0 (Linux; Android 13; Pixel 7) AppleWebKit/537.36 (KHTML, like Gecko) Chrome/120.0.6099.144 Mobile Safari/537.36"
61.12.45.200 - - [17/Jun/2026:09:51:47 +0530] "OPTIONS /blog/post-3 HTTP/1.1" 200 7955 "https://www.google.com/search?q=your+site" "Mozilla/5.0 (iPhone; CPU iPhone OS 17_2 like Mac OS X) AppleWebKit/605.1.15 (KHTML, like Gecko) Version/17.2 Mobile/15E148 Safari/604.1"
80.82.77.33 - - [17/Jun/2026:10:41:48 +0530] "GET /server-status HTTP/1.1" 404 164 "-" "Nikto/2.1.6"
103.21.244.10 - dev-user [17/Jun/2026:11:50:31 +0530] "HEAD /login HTTP/1.1" 200 32972 "https://github.com" "Mozilla/5.0 (X11; Linux x86_64; rv:109.0) Gecko/20100101 Firefox/121.0"
14.139.123.45 - - [17/Jun/2026:11:56:51 +0530] "GET /backups/latest.tar.gz HTTP/1.1" 200 49523825 "-" "Mozilla/5.0 (iPhone; CPU iPhone OS 17_2 like Mac OS X) AppleWebKit/605.1.15 (KHTML, like Gecko) Version/17.2 Mobile/15E148 Safari/604.1"
45.123.67.89 - - [17/Jun/2026:12:30:53 +0530] "GET /static/js/vendor.js HTTP/1.1" 200 89782 "https://www.google.com/" "Mozilla/5.0 (Windows NT 10.0; Win64; x64) AppleWebKit/537.36 (KHTML, like Gecko) Chrome/120.0.0.0 Safari/537.36"
45.123.67.89 - - [17/Jun/2026:13:00:34 +0530] "POST /api/v1/products HTTP/1.1" 200 15496 "https://t.co/abc123" "Mozilla/5.0 (iPhone; CPU iPhone OS 17_2 like Mac OS X) AppleWebKit/605.1.15 (KHTML, like Gecko) Version/17.2 Mobile/15E148 Safari/604.1"
103.21.244.10 - - [17/Jun/2026:13:29:13 +0530] "HEAD /robots.txt HTTP/1.1" 200 55557 "https://www.google.com/search?q=your+site" "Mozilla/5.0 (X11; Linux x86_64; rv:109.0) Gecko/20100101 Firefox/121.0"
14.139.123.45 - - [17/Jun/2026:14:36:55 +0530] "GET /blog/post-4 HTTP/1.1" 304 512 "https://www.google.com/search?q=your+site" "Mozilla/5.0 (Macintosh; Intel Mac OS X 14_2) AppleWebKit/605.1.15 (KHTML, like Gecko) Version/17.2 Safari/605.1.15"
111.221.45.10 - - [17/Jun/2026:15:04:46 +0530] "OPTIONS /blog/post-3 HTTP/1.1" 200 51677 "https://www.google.com/search?q=your+site" "Mozilla/5.0 (X11; Linux x86_64; rv:109.0) Gecko/20100101 Firefox/121.0"
157.32.18.201 - - [17/Jun/2026:16:15:23 +0530] "POST /register HTTP/1.1" 200 45176 "https://www.google.com/search?q=your+site" "Mozilla/5.0 (Linux; Android 13; Pixel 7) AppleWebKit/537.36 (KHTML, like Gecko) Chrome/120.0.6099.144 Mobile Safari/537.36"
202.131.4.78 - - [17/Jun/2026:17:51:35 +0530] "POST /blog/post-2 HTTP/1.1" 200 62745 "-" "Mozilla/5.0 (Windows NT 10.0; Win64; x64) AppleWebKit/537.36 (KHTML, like Gecko) Chrome/120.0.0.0 Safari/537.36"
202.131.4.78 - - [17/Jun/2026:18:40:23 +0530] "GET /api/v1/users/me HTTP/1.1" 301 614 "https://t.co/abc123" "Mozilla/5.0 (Windows NT 10.0; Win64; x64) AppleWebKit/537.36 (KHTML, like Gecko) Chrome/120.0.0.0 Safari/537.36"
103.21.244.10 - - [17/Jun/2026:18:45:22 +0530] "HEAD /blog HTTP/1.1" 200 46293 "https://t.co/abc123" "Mozilla/5.0 (Linux; Android 13; Pixel 7) AppleWebKit/537.36 (KHTML, like Gecko) Chrome/120.0.6099.144 Mobile Safari/537.36"
27.96.78.12 - - [17/Jun/2026:21:47:18 +0530] "OPTIONS /images/logo.png HTTP/1.1" 200 4581 "https://www.reddit.com/r/programming" "Mozilla/5.0 (Macintosh; Intel Mac OS X 14_2) AppleWebKit/605.1.15 (KHTML, like Gecko) Version/17.2 Safari/605.1.15"
59.90.12.34 - - [17/Jun/2026:23:00:45 +0530] "GET /blog/post-1 HTTP/1.1" 200 23980 "https://www.reddit.com/r/programming" "Mozilla/5.0 (iPhone; CPU iPhone OS 17_2 like Mac OS X) AppleWebKit/605.1.15 (KHTML, like Gecko) Version/17.2 Mobile/15E148 Safari/604.1"
103.21.244.10 - dev-user [17/Jun/2026:23:02:07 +0530] "GET /profile HTTP/1.1" 200 28580 "https://www.google.com/" "Mozilla/5.0 (iPhone; CPU iPhone OS 17_2 like Mac OS X) AppleWebKit/605.1.15 (KHTML, like Gecko) Version/17.2 Mobile/15E148 Safari/604.1"
61.12.45.200 - - [18/Jun/2026:01:46:03 +0530] "OPTIONS /favicon.ico HTTP/1.1" 200 68037 "https://www.google.com/search?q=your+site" "Mozilla/5.0 (Macintosh; Intel Mac OS X 14_2) AppleWebKit/605.1.15 (KHTML, like Gecko) Version/17.2 Safari/605.1.15"
122.161.45.67 - dev-user [18/Jun/2026:03:12:50 +0530] "GET /images/logo.png HTTP/1.1" 200 12318 "-" "Mozilla/5.0 (iPhone; CPU iPhone OS 17_2 like Mac OS X) AppleWebKit/605.1.15 (KHTML, like Gecko) Version/17.2 Mobile/15E148 Safari/604.1"
61.12.45.200 - - [18/Jun/2026:03:13:01 +0530] "GET /api/v1/search HTTP/1.1" 200 34811 "https://t.co/abc123" "Mozilla/5.0 (Linux; Android 13; Pixel 7) AppleWebKit/537.36 (KHTML, like Gecko) Chrome/120.0.6099.144 Mobile Safari/537.36"
91.240.118.88 - - [18/Jun/2026:04:00:02 +0530] "POST /login HTTP/1.1" 401 279 "-" "Mozilla/5.0 (iPhone; CPU iPhone OS 17_2 like Mac OS X) AppleWebKit/605.1.15 (KHTML, like Gecko) Version/17.2 Mobile/15E148 Safari/604.1"
91.240.118.88 - - [18/Jun/2026:04:00:07 +0530] "POST /login HTTP/1.1" 401 338 "-" "python-requests/2.28.2"
91.240.118.88 - - [18/Jun/2026:04:00:12 +0530] "POST /login HTTP/1.1" 401 230 "-" "Mozilla/5.0 (Windows NT 10.0; Win64; x64) AppleWebKit/537.36 (KHTML, like Gecko) Chrome/120.0.0.0 Safari/537.36"
91.240.118.88 - - [18/Jun/2026:04:00:13 +0530] "POST /login HTTP/1.1" 200 450 "-" "Mozilla/5.0 (Linux; Android 13; Pixel 7) AppleWebKit/537.36 (KHTML, like Gecko) Chrome/120.0.6099.144 Mobile Safari/537.36"
91.240.118.88 - - [18/Jun/2026:04:00:14 +0530] "POST /login HTTP/1.1" 401 199 "-" "Mozilla/5.0 (Windows NT 10.0; Win64; x64) AppleWebKit/537.36 (KHTML, like Gecko) Chrome/120.0.0.0 Safari/537.36"
91.240.118.88 - - [18/Jun/2026:04:00:17 +0530] "POST /login HTTP/1.1" 401 273 "-" "Mozilla/5.0 (X11; Linux x86_64; rv:109.0) Gecko/20100101 Firefox/121.0"
91.240.118.88 - - [18/Jun/2026:04:00:17 +0530] "POST /login HTTP/1.1" 403 144 "-" "Mozilla/5.0 (X11; Linux x86_64; rv:109.0) Gecko/20100101 Firefox/121.0"
91.240.118.88 - - [18/Jun/2026:04:00:19 +0530] "POST /login HTTP/1.1" 401 359 "-" "Mozilla/5.0 (iPhone; CPU iPhone OS 17_2 like Mac OS X) AppleWebKit/605.1.15 (KHTML, like Gecko) Version/17.2 Mobile/15E148 Safari/604.1"
91.240.118.88 - - [18/Jun/2026:04:00:19 +0530] "POST /login HTTP/1.1" 200 471 "-" "python-requests/2.28.2"
91.240.118.88 - - [18/Jun/2026:04:00:20 +0530] "POST /login HTTP/1.1" 401 158 "-" "python-requests/2.28.2"
91.240.118.88 - - [18/Jun/2026:04:00:20 +0530] "POST /login HTTP/1.1" 200 374 "-" "Mozilla/5.0 (Windows NT 10.0; Win64; x64) AppleWebKit/537.36 (KHTML, like Gecko) Chrome/120.0.0.0 Safari/537.36"
91.240.118.88 - - [18/Jun/2026:04:00:21 +0530] "POST /login HTTP/1.1" 401 302 "-" "python-requests/2.28.2"
91.240.118.88 - - [18/Jun/2026:04:00:21 +0530] "POST /login HTTP/1.1" 403 501 "-" "Mozilla/5.0 (X11; Linux x86_64; rv:109.0) Gecko/20100101 Firefox/121.0"
91.240.118.88 - - [18/Jun/2026:04:00:30 +0530] "POST /login HTTP/1.1" 403 508 "-" "Mozilla/5.0 (Windows NT 10.0; Win64; x64) AppleWebKit/537.36 (KHTML, like Gecko) Chrome/120.0.0.0 Safari/537.36"
91.240.118.88 - - [18/Jun/2026:04:00:36 +0530] "POST /login HTTP/1.1" 200 591 "-" "Mozilla/5.0 (Windows NT 10.0; Win64; x64) AppleWebKit/537.36 (KHTML, like Gecko) Chrome/120.0.0.0 Safari/537.36"
91.240.118.88 - - [18/Jun/2026:04:00:36 +0530] "POST /login HTTP/1.1" 200 299 "-" "Mozilla/5.0 (Macintosh; Intel Mac OS X 14_2) AppleWebKit/605.1.15 (KHTML, like Gecko) Version/17.2 Safari/605.1.15"
91.240.118.88 - - [18/Jun/2026:04:00:38 +0530] "POST /login HTTP/1.1" 401 542 "-" "Mozilla/5.0 (Linux; Android 13; Pixel 7) AppleWebKit/537.36 (KHTML, like Gecko) Chrome/120.0.6099.144 Mobile Safari/537.36"
91.240.118.88 - - [18/Jun/2026:04:00:40 +0530] "POST /login HTTP/1.1" 403 556 "-" "Mozilla/5.0 (iPhone; CPU iPhone OS 17_2 like Mac OS X) AppleWebKit/605.1.15 (KHTML, like Gecko) Version/17.2 Mobile/15E148 Safari/604.1"
91.240.118.88 - - [18/Jun/2026:04:00:40 +0530] "POST /login HTTP/1.1" 200 531 "-" "Mozilla/5.0 (Macintosh; Intel Mac OS X 14_2) AppleWebKit/605.1.15 (KHTML, like Gecko) Version/17.2 Safari/605.1.15"
91.240.118.88 - - [18/Jun/2026:04:00:41 +0530] "POST /login HTTP/1.1" 401 346 "-" "Mozilla/5.0 (Macintosh; Intel Mac OS X 14_2) AppleWebKit/605.1.15 (KHTML, like Gecko) Version/17.2 Safari/605.1.15"
91.240.118.88 - - [18/Jun/2026:04:00:45 +0530] "POST /login HTTP/1.1" 401 463 "-" "Mozilla/5.0 (Windows NT 10.0; Win64; x64) AppleWebKit/537.36 (KHTML, like Gecko) Chrome/120.0.0.0 Safari/537.36"
91.240.118.88 - - [18/Jun/2026:04:00:47 +0530] "POST /login HTTP/1.1" 401 527 "-" "Mozilla/5.0 (iPhone; CPU iPhone OS 17_2 like Mac OS X) AppleWebKit/605.1.15 (KHTML, like Gecko) Version/17.2 Mobile/15E148 Safari/604.1"
91.240.118.88 - - [18/Jun/2026:04:00:50 +0530] "POST /login HTTP/1.1" 401 477 "-" "Mozilla/5.0 (Macintosh; Intel Mac OS X 14_2) AppleWebKit/605.1.15 (KHTML, like Gecko) Version/17.2 Safari/605.1.15"
91.240.118.88 - - [18/Jun/2026:04:00:51 +0530] "POST /login HTTP/1.1" 200 312 "-" "Mozilla/5.0 (X11; Linux x86_64; rv:109.0) Gecko/20100101 Firefox/121.0"
91.240.118.88 - - [18/Jun/2026:04:00:51 +0530] "POST /login HTTP/1.1" 401 105 "-" "python-requests/2.28.2"
91.240.118.88 - - [18/Jun/2026:04:00:51 +0530] "POST /login HTTP/1.1" 401 133 "-" "Mozilla/5.0 (Macintosh; Intel Mac OS X 14_2) AppleWebKit/605.1.15 (KHTML, like Gecko) Version/17.2 Safari/605.1.15"
91.240.118.88 - - [18/Jun/2026:04:00:53 +0530] "POST /login HTTP/1.1" 401 199 "-" "Mozilla/5.0 (Linux; Android 13; Pixel 7) AppleWebKit/537.36 (KHTML, like Gecko) Chrome/120.0.6099.144 Mobile Safari/537.36"
91.240.118.88 - - [18/Jun/2026:04:00:53 +0530] "POST /login HTTP/1.1" 401 572 "-" "python-requests/2.28.2"
202.131.4.78 - - [18/Jun/2026:04:26:35 +0530] "POST /static/js/app.js HTTP/1.1" 200 58929 "https://github.com" "Mozilla/5.0 (Linux; Android 13; Pixel 7) AppleWebKit/537.36 (KHTML, like Gecko) Chrome/120.0.6099.144 Mobile Safari/537.36"
203.192.45.23 - - [18/Jun/2026:05:33:48 +0530] "GET /static/css/bootstrap.min.css HTTP/1.1" 301 569 "https://www.reddit.com/r/programming" "Mozilla/5.0 (Windows NT 10.0; Win64; x64) AppleWebKit/537.36 (KHTML, like Gecko) Chrome/120.0.0.0 Safari/537.36"
49.36.78.145 - - [18/Jun/2026:05:45:03 +0530] "OPTIONS /blog/post-4 HTTP/1.1" 200 48239 "https://www.google.com/search?q=your+site" "Mozilla/5.0 (X11; Linux x86_64; rv:109.0) Gecko/20100101 Firefox/121.0"
111.221.45.10 - - [18/Jun/2026:06:55:23 +0530] "GET /profile HTTP/1.1" 200 84192 "https://www.google.com/" "Mozilla/5.0 (Linux; Android 13; Pixel 7) AppleWebKit/537.36 (KHTML, like Gecko) Chrome/120.0.6099.144 Mobile Safari/537.36"
106.51.23.89 - - [18/Jun/2026:07:21:29 +0530] "GET /static/js/vendor.js HTTP/1.1" 200 36492 "https://www.google.com/search?q=your+site" "Mozilla/5.0 (X11; Linux x86_64; rv:109.0) Gecko/20100101 Firefox/121.0"
14.139.123.45 - - [18/Jun/2026:07:32:04 +0530] "GET /blog/post-1 HTTP/1.1" 200 8472 "https://github.com" "Mozilla/5.0 (X11; Linux x86_64; rv:109.0) Gecko/20100101 Firefox/121.0"
111.221.45.10 - - [18/Jun/2026:08:09:24 +0530] "GET /static/css/bootstrap.min.css HTTP/1.1" 200 6500 "https://github.com" "Mozilla/5.0 (Macintosh; Intel Mac OS X 14_2) AppleWebKit/605.1.15 (KHTML, like Gecko) Version/17.2 Safari/605.1.15"
49.36.78.145 - - [18/Jun/2026:09:01:28 +0530] "GET /index.html HTTP/1.1" 304 248 "https://t.co/abc123" "Mozilla/5.0 (Windows NT 10.0; Win64; x64) AppleWebKit/537.36 (KHTML, like Gecko) Chrome/120.0.0.0 Safari/537.36"
89.248.167.131 - - [18/Jun/2026:09:28:48 +0530] "GET /private HTTP/1.1" 404 411 "-" "sqlmap/1.7.9#stable (https://sqlmap.org)"
89.248.167.131 - - [18/Jun/2026:12:25:47 +0530] "GET /api/v1/hidden HTTP/1.1" 404 819 "-" "sqlmap/1.7.9#stable (https://sqlmap.org)"
117.55.34.78 - - [18/Jun/2026:13:41:57 +0530] "OPTIONS /login HTTP/1.1" 200 5107 "-" "Mozilla/5.0 (Linux; Android 13; Pixel 7) AppleWebKit/537.36 (KHTML, like Gecko) Chrome/120.0.6099.144 Mobile Safari/537.36"
45.123.67.89 - dev-user [18/Jun/2026:15:21:58 +0530] "HEAD /favicon.ico HTTP/1.1" 200 74446 "https://www.google.com/search?q=your+site" "Mozilla/5.0 (Windows NT 10.0; Win64; x64) AppleWebKit/537.36 (KHTML, like Gecko) Chrome/120.0.0.0 Safari/537.36"
103.21.244.10 - - [18/Jun/2026:18:05:12 +0530] "POST /index.html HTTP/1.1" 200 58184 "https://t.co/abc123" "Mozilla/5.0 (Linux; Android 13; Pixel 7) AppleWebKit/537.36 (KHTML, like Gecko) Chrome/120.0.6099.144 Mobile Safari/537.36"
27.96.78.12 - - [18/Jun/2026:18:29:16 +0530] "POST /api/v1/search HTTP/1.1" 200 22067 "https://github.com" "Mozilla/5.0 (Linux; Android 13; Pixel 7) AppleWebKit/537.36 (KHTML, like Gecko) Chrome/120.0.6099.144 Mobile Safari/537.36"
80.82.77.33 - - [18/Jun/2026:19:42:49 +0530] "GET /api/v1/hidden HTTP/1.1" 403 735 "-" "Nikto/2.1.6"
157.32.18.201 - - [18/Jun/2026:19:45:35 +0530] "OPTIONS /profile HTTP/1.1" 304 292 "https://www.google.com/" "Mozilla/5.0 (Windows NT 10.0; Win64; x64) AppleWebKit/537.36 (KHTML, like Gecko) Chrome/120.0.0.0 Safari/537.36"
49.36.78.145 - - [18/Jun/2026:22:18:44 +0530] "GET /profile HTTP/1.1" 200 7646 "-" "Mozilla/5.0 (iPhone; CPU iPhone OS 17_2 like Mac OS X) AppleWebKit/605.1.15 (KHTML, like Gecko) Version/17.2 Mobile/15E148 Safari/604.1"
45.95.168.189 - - [18/Jun/2026:22:38:41 +0530] "GET /setup.php HTTP/1.1" 200 240 "-" "zgrab/0.x"
103.21.244.10 - - [18/Jun/2026:22:38:58 +0530] "GET /register HTTP/1.1" 304 944 "https://github.com" "Mozilla/5.0 (Macintosh; Intel Mac OS X 14_2) AppleWebKit/605.1.15 (KHTML, like Gecko) Version/17.2 Safari/605.1.15"
103.21.244.10 - - [18/Jun/2026:23:12:58 +0530] "GET /backups/latest.tar.gz HTTP/1.1" 200 31069848 "https://github.com" "Mozilla/5.0 (Windows NT 10.0; Win64; x64) AppleWebKit/537.36 (KHTML, like Gecko) Chrome/120.0.0.0 Safari/537.36"
61.12.45.200 - - [18/Jun/2026:23:26:07 +0530] "GET /static/css/bootstrap.min.css HTTP/1.1" 200 63030 "https://www.google.com/search?q=your+site" "Mozilla/5.0 (Linux; Android 13; Pixel 7) AppleWebKit/537.36 (KHTML, like Gecko) Chrome/120.0.6099.144 Mobile Safari/537.36"
125.16.234.78 - - [19/Jun/2026:00:44:11 +0530] "GET /index.html HTTP/1.1" 200 34737 "https://www.reddit.com/r/programming" "Mozilla/5.0 (Macintosh; Intel Mac OS X 14_2) AppleWebKit/605.1.15 (KHTML, like Gecko) Version/17.2 Safari/605.1.15"
117.55.34.78 - - [19/Jun/2026:00:56:23 +0530] "GET /api/v1/users/me HTTP/1.1" 200 41154 "https://t.co/abc123" "Mozilla/5.0 (X11; Linux x86_64; rv:109.0) Gecko/20100101 Firefox/121.0"
45.95.168.189 - - [19/Jun/2026:01:47:51 +0530] "GET /wp-admin/ HTTP/1.1" 200 319 "-" "zgrab/0.x"
125.16.234.78 - - [19/Jun/2026:01:49:38 +0530] "POST /contact HTTP/1.1" 200 28032 "https://www.google.com/" "Mozilla/5.0 (Linux; Android 13; Pixel 7) AppleWebKit/537.36 (KHTML, like Gecko) Chrome/120.0.6099.144 Mobile Safari/537.36"
203.192.45.23 - dev-user [19/Jun/2026:02:17:13 +0530] "GET /api/v1/users/me HTTP/1.1" 200 49129 "https://github.com" "Mozilla/5.0 (iPhone; CPU iPhone OS 17_2 like Mac OS X) AppleWebKit/605.1.15 (KHTML, like Gecko) Version/17.2 Mobile/15E148 Safari/604.1"
61.12.45.200 - - [19/Jun/2026:04:45:32 +0530] "GET /fonts/roboto.woff2 HTTP/1.1" 200 58415 "-" "Mozilla/5.0 (Linux; Android 13; Pixel 7) AppleWebKit/537.36 (KHTML, like Gecko) Chrome/120.0.6099.144 Mobile Safari/537.36"
202.131.4.78 - - [19/Jun/2026:04:52:42 +0530] "OPTIONS /images/logo.png HTTP/1.1" 200 87260 "https://www.reddit.com/r/programming" "Mozilla/5.0 (Linux; Android 13; Pixel 7) AppleWebKit/537.36 (KHTML, like Gecko) Chrome/120.0.6099.144 Mobile Safari/537.36"
182.73.106.45 - - [19/Jun/2026:05:03:49 +0530] "POST /products HTTP/1.1" 301 614 "https://www.google.com/" "Mozilla/5.0 (Macintosh; Intel Mac OS X 14_2) AppleWebKit/605.1.15 (KHTML, like Gecko) Version/17.2 Safari/605.1.15"
45.123.67.89 - dev-user [19/Jun/2026:05:49:34 +0530] "GET /blog/post-4 HTTP/1.1" 200 18209 "https://www.google.com/" "Mozilla/5.0 (iPhone; CPU iPhone OS 17_2 like Mac OS X) AppleWebKit/605.1.15 (KHTML, like Gecko) Version/17.2 Mobile/15E148 Safari/604.1"
202.131.4.78 - dev-user [19/Jun/2026:08:02:54 +0530] "HEAD /static/js/vendor.js HTTP/1.1" 301 827 "-" "Mozilla/5.0 (Windows NT 10.0; Win64; x64) AppleWebKit/537.36 (KHTML, like Gecko) Chrome/120.0.0.0 Safari/537.36"
59.90.12.34 - - [19/Jun/2026:11:31:25 +0530] "GET /robots.txt HTTP/1.1" 200 10994 "https://t.co/abc123" "Mozilla/5.0 (Linux; Android 13; Pixel 7) AppleWebKit/537.36 (KHTML, like Gecko) Chrome/120.0.6099.144 Mobile Safari/537.36"
117.55.34.78 - - [19/Jun/2026:11:39:31 +0530] "GET /api/v1/orders HTTP/1.1" 301 696 "https://www.google.com/" "Mozilla/5.0 (iPhone; CPU iPhone OS 17_2 like Mac OS X) AppleWebKit/605.1.15 (KHTML, like Gecko) Version/17.2 Mobile/15E148 Safari/604.1"
103.55.44.67 - - [19/Jun/2026:14:19:01 +0530] "GET /api/v1/reports HTTP/1.1" 200 62716 "-" "Mozilla/5.0 (X11; Linux x86_64; rv:109.0) Gecko/20100101 Firefox/121.0"
103.21.244.10 - dev-user [19/Jun/2026:16:47:35 +0530] "POST /sitemap.xml HTTP/1.1" 200 21144 "-" "Mozilla/5.0 (Macintosh; Intel Mac OS X 14_2) AppleWebKit/605.1.15 (KHTML, like Gecko) Version/17.2 Safari/605.1.15"
45.123.67.89 - - [19/Jun/2026:18:16:13 +0530] "GET /api/v1/users/me HTTP/1.1" 200 79061 "https://t.co/abc123" "Mozilla/5.0 (iPhone; CPU iPhone OS 17_2 like Mac OS X) AppleWebKit/605.1.15 (KHTML, like Gecko) Version/17.2 Mobile/15E148 Safari/604.1"
111.221.45.10 - - [19/Jun/2026:18:42:40 +0530] "GET /index.html HTTP/1.1" 200 69891 "https://www.reddit.com/r/programming" "Mozilla/5.0 (Linux; Android 13; Pixel 7) AppleWebKit/537.36 (KHTML, like Gecko) Chrome/120.0.6099.144 Mobile Safari/537.36"
103.21.244.10 - - [19/Jun/2026:19:10:26 +0530] "GET /api/v1/orders HTTP/1.1" 301 691 "https://t.co/abc123" "Mozilla/5.0 (Macintosh; Intel Mac OS X 14_2) AppleWebKit/605.1.15 (KHTML, like Gecko) Version/17.2 Safari/605.1.15"
106.51.23.89 - - [19/Jun/2026:20:33:17 +0530] "OPTIONS /index.html HTTP/1.1" 200 89853 "-" "Mozilla/5.0 (iPhone; CPU iPhone OS 17_2 like Mac OS X) AppleWebKit/605.1.15 (KHTML, like Gecko) Version/17.2 Mobile/15E148 Safari/604.1"
103.21.244.10 - dev-user [19/Jun/2026:21:41:55 +0530] "GET /static/js/app.js HTTP/1.1" 200 31039 "https://www.google.com/" "Mozilla/5.0 (Linux; Android 13; Pixel 7) AppleWebKit/537.36 (KHTML, like Gecko) Chrome/120.0.6099.144 Mobile Safari/537.36"
45.123.67.89 - - [19/Jun/2026:23:43:59 +0530] "HEAD /blog/post-4 HTTP/1.1" 200 12915 "https://www.google.com/search?q=your+site" "Mozilla/5.0 (X11; Linux x86_64; rv:109.0) Gecko/20100101 Firefox/121.0"
117.55.34.78 - - [20/Jun/2026:00:13:08 +0530] "GET /static/js/app.js HTTP/1.1" 301 786 "https://github.com" "Mozilla/5.0 (Windows NT 10.0; Win64; x64) AppleWebKit/537.36 (KHTML, like Gecko) Chrome/120.0.0.0 Safari/537.36"
106.51.23.89 - - [20/Jun/2026:02:12:54 +0530] "GET /static/js/app.js HTTP/1.1" 200 34401 "https://github.com" "Mozilla/5.0 (X11; Linux x86_64; rv:109.0) Gecko/20100101 Firefox/121.0"
157.32.18.201 - dev-user [20/Jun/2026:03:11:29 +0530] "GET /static/js/vendor.js HTTP/1.1" 301 932 "https://t.co/abc123" "Mozilla/5.0 (Macintosh; Intel Mac OS X 14_2) AppleWebKit/605.1.15 (KHTML, like Gecko) Version/17.2 Safari/605.1.15"
198.54.117.200 - - [20/Jun/2026:08:00:01 +0530] "GET /api/v1/exec?cmd=ls%20-la HTTP/1.1" 404 3408 "-" "Mozilla/5.0 (Windows NT 10.0; Win64; x64) AppleWebKit/537.36 (KHTML, like Gecko) Chrome/120.0.0.0 Safari/537.36"
198.54.117.200 - - [20/Jun/2026:08:00:18 +0530] "GET /../../../etc/passwd HTTP/1.1" 400 4107 "-" "Nikto/2.1.6"
198.54.117.200 - - [20/Jun/2026:08:00:32 +0530] "GET /.env HTTP/1.1" 404 234 "-" "sqlmap/1.7.9#stable (https://sqlmap.org)"
198.54.117.200 - - [20/Jun/2026:08:00:35 +0530] "GET /api/v1/users?name=<img src=x onerror=alert(1)> HTTP/1.1" 404 4049 "-" "sqlmap/1.7.9#stable (https://sqlmap.org)"
198.54.117.200 - - [20/Jun/2026:08:00:37 +0530] "POST /login?username=admin'--&password=x HTTP/1.1" 403 3752 "-" "sqlmap/1.7.9#stable (https://sqlmap.org)"
198.54.117.200 - - [20/Jun/2026:08:00:46 +0530] "POST /wp-admin/ HTTP/1.1" 403 759 "-" "Nikto/2.1.6"
198.54.117.200 - - [20/Jun/2026:08:00:54 +0530] "POST /search?q=<svg onload=alert(document.cookie)> HTTP/1.1" 403 946 "-" "sqlmap/1.7.9#stable (https://sqlmap.org)"
198.54.117.200 - - [20/Jun/2026:08:01:37 +0530] "POST /.env HTTP/1.1" 404 974 "-" "Mozilla/5.0 (Windows NT 10.0; Win64; x64) AppleWebKit/537.36 (KHTML, like Gecko) Chrome/120.0.0.0 Safari/537.36"
198.54.117.200 - - [20/Jun/2026:08:02:28 +0530] "GET /../../../etc/passwd HTTP/1.1" 200 3247 "-" "Mozilla/5.0 (Windows NT 10.0; Win64; x64) AppleWebKit/537.36 (KHTML, like Gecko) Chrome/120.0.0.0 Safari/537.36"
198.54.117.200 - - [20/Jun/2026:08:02:53 +0530] "GET /api/v1/users?id=1 UNION SELECT * FROM users-- HTTP/1.1" 200 3421 "-" "sqlmap/1.7.9#stable (https://sqlmap.org)"
198.54.117.200 - - [20/Jun/2026:08:03:03 +0530] "GET /api/v1/exec?cmd=ls%20-la HTTP/1.1" 404 1652 "-" "sqlmap/1.7.9#stable (https://sqlmap.org)"
198.54.117.200 - - [20/Jun/2026:08:03:19 +0530] "GET /index.php?page=../../../../etc/shadow HTTP/1.1" 403 3305 "-" "Mozilla/5.0 (Windows NT 10.0; Win64; x64) AppleWebKit/537.36 (KHTML, like Gecko) Chrome/120.0.0.0 Safari/537.36"
198.54.117.200 - - [20/Jun/2026:08:03:45 +0530] "GET /login?username=admin'--&password=x HTTP/1.1" 400 3316 "-" "sqlmap/1.7.9#stable (https://sqlmap.org)"
198.54.117.200 - - [20/Jun/2026:08:04:11 +0530] "GET /products?category=1; DROP TABLE products-- HTTP/1.1" 404 1889 "-" "Mozilla/5.0 (Windows NT 10.0; Win64; x64) AppleWebKit/537.36 (KHTML, like Gecko) Chrome/120.0.0.0 Safari/537.36"
198.54.117.200 - - [20/Jun/2026:08:04:14 +0530] "POST /search?q=<script>alert('xss')</script> HTTP/1.1" 200 409 "-" "Mozilla/5.0 (Windows NT 10.0; Win64; x64) AppleWebKit/537.36 (KHTML, like Gecko) Chrome/120.0.0.0 Safari/537.36"
198.54.117.200 - - [20/Jun/2026:08:04:50 +0530] "GET /wp-admin/ HTTP/1.1" 403 3381 "-" "sqlmap/1.7.9#stable (https://sqlmap.org)"
125.16.234.78 - - [20/Jun/2026:08:08:20 +0530] "GET /images/hero.jpg HTTP/1.1" 200 45020 "https://t.co/abc123" "Mozilla/5.0 (X11; Linux x86_64; rv:109.0) Gecko/20100101 Firefox/121.0"
111.221.45.10 - dev-user [20/Jun/2026:08:32:11 +0530] "HEAD /about HTTP/1.1" 200 41720 "https://www.google.com/" "Mozilla/5.0 (Windows NT 10.0; Win64; x64) AppleWebKit/537.36 (KHTML, like Gecko) Chrome/120.0.0.0 Safari/537.36"
182.73.106.45 - dev-user [20/Jun/2026:08:39:45 +0530] "GET /api/v1/orders HTTP/1.1" 200 11146 "https://t.co/abc123" "Mozilla/5.0 (Windows NT 10.0; Win64; x64) AppleWebKit/537.36 (KHTML, like Gecko) Chrome/120.0.0.0 Safari/537.36"
103.21.244.10 - - [20/Jun/2026:10:44:10 +0530] "GET /fonts/roboto.woff2 HTTP/1.1" 200 38784 "-" "Mozilla/5.0 (Windows NT 10.0; Win64; x64) AppleWebKit/537.36 (KHTML, like Gecko) Chrome/120.0.0.0 Safari/537.36"
